0
1
0
Assembly-1
1
PART-1-1
PART-1
1
PART-1-1
14
-2147483647
0
48 1 16 5 0 1 0 -1 -1 23661 1 -1879048189 1 23661 
0
1
PART-1-1
14
-2147483647
0
48 1 16 5 0 1 0 -1 -1 44683 1 -1879048189 1 44683 
0
0
1
PART-1-1
1
FULLMESH
0
1
14
-2147483647
48 1 16 5 0 1 0 -1 -1 44683 1 -1879048189 1 44683 
0
0
0
0
1
PART-1-1
4
BOTTOM
0
1
16
1124 1125 23193 23271 23302 23312 23332 23387 23388 23394 23411 23415 23417 23420 23640 23655 
0
0
LEFT
0
1
17
961 962 18399 18452 18486 18509 18518 18521 18529 18531 18537 18543 18546 20018 20019 21283 21290 
0
0
RIGHT
0
1
15
1287 1288 21799 21806 22075 22087 22111 22124 22132 22136 22140 22157 22158 22162 22378 
0
0
TOP
0
1
15
798 799 22607 22642 22651 22897 22904 22915 22921 22933 23002 23018 23034 23046 23050 
0
0
0
0
0
