0
1
0
Assembly-1
1
PART-1-1
PART-1
1
PART-1-1
14
-2147483647
0
48 1 16 5 0 1 0 -1 -1 19396 1 -1879048189 1 19396 
0
1
PART-1-1
14
-2147483647
0
48 1 16 5 0 1 0 -1 -1 36073 1 -1879048189 1 36073 
0
0
1
PART-1-1
1
FULLMESH
0
1
14
-2147483647
48 1 16 5 0 1 0 -1 -1 36073 1 -1879048189 1 36073 
0
0
0
0
1
PART-1-1
4
BOTTOM
0
1
8
1124 1125 17468 17474 17490 17499 17502 19015 
0
0
LEFT
0
1
9
961 962 19339 19367 19370 19371 19376 19378 19384 
0
0
RIGHT
0
1
8
1287 1288 18326 18346 18349 18350 18373 18380 
0
0
TOP
0
1
8
798 799 18929 18975 18990 18993 18998 19008 
0
0
0
0
0
