0
1
0
Assembly-1
1
PART-1-1
PART-1
1
PART-1-1
14
-2147483647
0
48 1 16 5 0 1 0 -1 -1 15701 1 -1879048189 1 15701 
0
1
PART-1-1
14
-2147483647
0
48 1 16 5 0 1 0 -1 -1 29127 1 -1879048189 1 29127 
0
0
1
PART-1-1
1
FULLMESH
0
1
14
-2147483647
48 1 16 5 0 1 0 -1 -1 29127 1 -1879048189 1 29127 
0
0
0
0
1
PART-1-1
4
BOTTOM
0
1
16
1124 1125 12243 12534 12685 12809 12817 12819 12932 12935 12938 13088 13101 13104 13110 13326 
0
0
LEFT
0
1
17
961 962 13770 13823 13829 13954 14077 14111 14114 14118 14146 14156 14157 14161 14182 14304 14310 
0
0
RIGHT
0
1
17
1287 1288 11502 11541 11868 11870 11880 11881 11885 11889 11893 11902 11940 11947 11956 12347 12697 
0
0
TOP
0
1
17
798 799 14025 14054 14345 14396 14412 14426 14437 14441 14498 14499 14505 14509 14513 14524 14535 
0
0
0
0
0
