0
1
0
Assembly-1
1
PART-1-1
PART-1
1
PART-1-1
14
-2147483647
0
48 1 16 5 0 1 0 -1 -1 17567 1 -1879048189 1 17567 
0
1
PART-1-1
14
-2147483647
0
48 1 16 5 0 1 0 -1 -1 32844 1 -1879048189 1 32844 
0
0
1
PART-1-1
1
FULLMESH
0
1
14
-2147483647
48 1 16 5 0 1 0 -1 -1 32844 1 -1879048189 1 32844 
0
0
0
0
1
PART-1-1
4
BOTTOM
0
1
16
1124 1125 16457 16917 16945 16951 16952 17089 17091 17161 17180 17231 17236 17344 17412 17421 
0
0
LEFT
0
1
16
961 962 15880 16196 16198 16224 16225 16230 16236 16242 16248 16295 16605 16608 16612 16754 
0
0
RIGHT
0
1
14
1287 1288 14963 15007 15015 15346 15355 15648 15652 15654 15660 15679 16093 17538 
0
0
TOP
0
1
16
798 799 17035 17120 17135 17138 17144 17145 17148 17307 17312 17369 17371 17372 17380 17383 
0
0
0
0
0
