0
1
0
Assembly-1
1
PART-1-1
PART-1
1
PART-1-1
14
-2147483647
0
48 1 16 5 0 1 0 -1 -1 10770 1 -1879048189 1 10770 
0
1
PART-1-1
14
-2147483647
0
48 1 16 5 0 1 0 -1 -1 19581 1 -1879048189 1 19581 
0
0
1
PART-1-1
1
FULLMESH
0
1
14
-2147483647
48 1 16 5 0 1 0 -1 -1 19581 1 -1879048189 1 19581 
0
0
0
0
1
PART-1-1
4
BOTTOM
0
1
17
1124 1125 10006 10057 10071 10282 10283 10287 10288 10324 10325 10373 10457 10462 10684 10689 10693 
0
0
LEFT
0
1
15
961 962 9195 9197 9225 9259 9283 9309 9363 9369 9370 9376 9429 9440 10108 
0
0
RIGHT
0
1
17
1287 1288 10199 10468 10497 10508 10509 10514 10516 10536 10544 10546 10695 10698 10700 10714 10763 
0
0
TOP
0
1
16
798 799 8126 8180 8190 8200 8213 8216 8218 8221 8222 8226 8240 8249 8569 8581 
0
0
0
0
0
