0
1
0
Assembly-1
1
PART-1-1
PART-1
1
PART-1-1
14
-2147483647
0
48 1 16 5 0 1 0 -1 -1 14515 1 -1879048189 1 14515 
0
1
PART-1-1
14
-2147483647
0
48 1 16 5 0 1 0 -1 -1 27014 1 -1879048189 1 27014 
0
0
1
PART-1-1
1
FULLMESH
0
1
14
-2147483647
48 1 16 5 0 1 0 -1 -1 27014 1 -1879048189 1 27014 
0
0
0
0
1
PART-1-1
4
BOTTOM
0
1
16
1124 1125 12355 12529 12589 12593 12594 12611 12618 12621 12634 12641 12651 12655 12695 12697 
0
0
LEFT
0
1
14
961 962 12016 12043 12059 12089 12091 12319 12327 12333 12417 12421 12489 12684 
0
0
RIGHT
0
1
16
1287 1288 11916 11952 11954 12262 12271 12274 12284 12292 12381 12387 12389 12397 12399 12729 
0
0
TOP
0
1
14
798 799 13928 14157 14160 14164 14166 14218 14225 14227 14228 14230 14239 14254 
0
0
0
0
0
