0
1
0
Assembly-1
1
PART-1-1
PART-1
1
PART-1-1
14
-2147483647
0
48 1 16 5 0 1 0 -1 -1 8797 1 -1879048189 1 8797 
0
1
PART-1-1
14
-2147483647
0
48 1 16 5 0 1 0 -1 -1 15342 1 -1879048189 1 15342 
0
0
1
PART-1-1
1
FULLMESH
0
1
14
-2147483647
48 1 16 5 0 1 0 -1 -1 15342 1 -1879048189 1 15342 
0
0
0
0
1
PART-1-1
4
BOTTOM
0
1
8
1124 1125 8279 8281 8285 8356 8365 8366 
0
0
LEFT
0
1
8
961 962 6772 6776 6797 6800 6814 6819 
0
0
RIGHT
0
1
8
1287 1288 6091 6105 6107 6189 6258 6261 
0
0
TOP
0
1
9
798 799 6284 6328 6339 6344 6345 6389 6452 
0
0
0
0
0
