0
1
0
Assembly-1
1
PART-1-1
PART-1
1
PART-1-1
14
-2147483647
0
48 1 16 5 0 1 0 -1 -1 13387 1 -1879048189 1 13387 
0
1
PART-1-1
14
-2147483647
0
48 1 16 5 0 1 0 -1 -1 24324 1 -1879048189 1 24324 
0
0
1
PART-1-1
1
FULLMESH
0
1
14
-2147483647
48 1 16 5 0 1 0 -1 -1 24324 1 -1879048189 1 24324 
0
0
0
0
1
PART-1-1
4
BOTTOM
0
1
7
1124 1125 12152 12160 12217 12222 12227 
0
0
LEFT
0
1
9
961 962 9977 10005 10009 10018 10019 10053 10058 
0
0
RIGHT
0
1
8
1287 1288 13201 13208 13231 13248 13279 13283 
0
0
TOP
0
1
9
798 799 11060 11126 11129 11134 11140 11144 11148 
0
0
0
0
0
