0
1
0
Assembly-1
1
PART-1-1
PART-1
1
PART-1-1
14
-2147483647
0
48 1 16 5 0 1 0 -1 -1 13267 1 -1879048189 1 13267 
0
1
PART-1-1
14
-2147483647
0
48 1 16 5 0 1 0 -1 -1 24473 1 -1879048189 1 24473 
0
0
1
PART-1-1
1
FULLMESH
0
1
14
-2147483647
48 1 16 5 0 1 0 -1 -1 24473 1 -1879048189 1 24473 
0
0
0
0
1
PART-1-1
4
BOTTOM
0
1
9
1124 1125 12944 12969 13043 13048 13098 13100 13121 
0
0
LEFT
0
1
9
961 962 12683 12754 12756 12759 12774 12781 12902 
0
0
RIGHT
0
1
10
1287 1288 12224 12244 12252 12258 12262 12291 12298 12304 
0
0
TOP
0
1
9
798 799 12450 12454 12462 12493 12498 12506 12508 
0
0
0
0
0
