0
1
0
Assembly-1
1
PART-1-1
PART-1
1
PART-1-1
14
-2147483647
0
48 1 16 5 0 1 0 -1 -1 10546 1 -1879048189 1 10546 
0
1
PART-1-1
14
-2147483647
0
48 1 16 5 0 1 0 -1 -1 19097 1 -1879048189 1 19097 
0
0
1
PART-1-1
1
FULLMESH
0
1
14
-2147483647
48 1 16 5 0 1 0 -1 -1 19097 1 -1879048189 1 19097 
0
0
0
0
1
PART-1-1
4
BOTTOM
0
1
5
1124 1125 10427 10429 10432 
0
0
LEFT
0
1
7
961 962 10121 10140 10144 10462 10469 
0
0
RIGHT
0
1
5
1287 1288 9290 9295 9301 
0
0
TOP
0
1
7
798 799 10510 10513 10530 10533 10542 
0
0
0
0
0
