0
1
0
Assembly-1
1
PART-1-1
PART-1
1
PART-1-1
14
-2147483647
0
48 1 16 5 0 1 0 -1 -1 13664 1 -1879048189 1 13664 
0
1
PART-1-1
14
-2147483647
0
48 1 16 5 0 1 0 -1 -1 25247 1 -1879048189 1 25247 
0
0
1
PART-1-1
1
FULLMESH
0
1
14
-2147483647
48 1 16 5 0 1 0 -1 -1 25247 1 -1879048189 1 25247 
0
0
0
0
1
PART-1-1
4
BOTTOM
0
1
8
1124 1125 13193 13236 13243 13244 13249 13257 
0
0
LEFT
0
1
9
961 962 12368 12386 12389 12399 12404 12555 12561 
0
0
RIGHT
0
1
7
1287 1288 13567 13581 13589 13592 13599 
0
0
TOP
0
1
9
798 799 12906 13620 13629 13631 13641 13642 13646 
0
0
0
0
0
