0
1
0
Assembly-1
1
PART-1-1
PART-1
1
PART-1-1
14
-2147483647
0
48 1 16 5 0 1 0 -1 -1 10864 1 -1879048189 1 10864 
0
1
PART-1-1
14
-2147483647
0
48 1 16 5 0 1 0 -1 -1 19746 1 -1879048189 1 19746 
0
0
1
PART-1-1
1
FULLMESH
0
1
14
-2147483647
48 1 16 5 0 1 0 -1 -1 19746 1 -1879048189 1 19746 
0
0
0
0
1
PART-1-1
4
BOTTOM
0
1
9
1124 1125 8506 8507 8557 8671 8686 8691 8696 
0
0
LEFT
0
1
9
961 962 9084 9103 9137 9150 9165 9174 9182 
0
0
RIGHT
0
1
9
1287 1288 10190 10212 10226 10228 10231 10236 10243 
0
0
TOP
0
1
10
798 799 10690 10709 10724 10737 10745 10803 10830 10863 
0
0
0
0
0
