0
1
0
Assembly-1
1
PART-1-1
PART-1
1
PART-1-1
14
-2147483647
0
48 1 16 5 0 1 0 -1 -1 15038 1 -1879048189 1 15038 
0
1
PART-1-1
14
-2147483647
0
48 1 16 5 0 1 0 -1 -1 27396 1 -1879048189 1 27396 
0
0
1
PART-1-1
1
FULLMESH
0
1
14
-2147483647
48 1 16 5 0 1 0 -1 -1 27396 1 -1879048189 1 27396 
0
0
0
0
1
PART-1-1
4
BOTTOM
0
1
9
1124 1125 13596 13759 13760 13778 13782 13828 14978 
0
0
LEFT
0
1
9
961 962 11379 11386 11410 11424 11425 11428 11788 
0
0
RIGHT
0
1
9
1287 1288 14520 14572 14592 14598 14607 14995 15008 
0
0
TOP
0
1
9
798 799 14237 14387 14394 14399 14406 14412 14544 
0
0
0
0
0
