0
1
0
Assembly-1
1
PART-1-1
PART-1
1
PART-1-1
14
-2147483647
0
48 1 16 5 0 1 0 -1 -1 16208 1 -1879048189 1 16208 
0
1
PART-1-1
14
-2147483647
0
48 1 16 5 0 1 0 -1 -1 30239 1 -1879048189 1 30239 
0
0
1
PART-1-1
1
FULLMESH
0
1
14
-2147483647
48 1 16 5 0 1 0 -1 -1 30239 1 -1879048189 1 30239 
0
0
0
0
1
PART-1-1
4
BOTTOM
0
1
14
1124 1125 12975 13042 13538 13576 13588 13589 13594 13599 13618 13640 13645 16155 
0
0
LEFT
0
1
17
961 962 13163 13731 13742 13745 14091 14096 14100 14126 14266 14267 14272 14278 14877 14882 14887 
0
0
RIGHT
0
1
16
1287 1288 14923 14941 15316 15321 15322 15324 15423 15425 15441 15445 15466 15467 15607 15625 
0
0
TOP
0
1
16
798 799 15177 15581 15585 15648 15655 15657 15660 15662 15664 15672 15680 15711 15718 15730 
0
0
0
0
0
