0
1
0
Assembly-1
1
PART-1-1
PART-1
1
PART-1-1
14
-2147483647
0
48 1 16 5 0 1 0 -1 -1 14708 1 -1879048189 1 14708 
0
1
PART-1-1
14
-2147483647
0
48 1 16 5 0 1 0 -1 -1 27520 1 -1879048189 1 27520 
0
0
1
PART-1-1
1
FULLMESH
0
1
14
-2147483647
48 1 16 5 0 1 0 -1 -1 27520 1 -1879048189 1 27520 
0
0
0
0
1
PART-1-1
4
BOTTOM
0
1
17
1124 1125 11751 12524 12526 12877 12900 12910 12915 12924 12926 12933 12937 12948 12964 13231 14695 
0
0
LEFT
0
1
17
961 962 13845 13891 13926 13952 13958 13999 14000 14015 14338 14349 14361 14473 14478 14483 14564 
0
0
RIGHT
0
1
17
1287 1288 13480 13543 13548 13556 13599 13605 13606 13614 13616 13636 13652 13653 13665 13670 14390 
0
0
TOP
0
1
17
798 799 12775 12790 13423 13431 13439 13442 14044 14063 14087 14092 14104 14109 14118 14145 14510 
0
0
0
0
0
