0
1
0
Assembly-1
1
PART-1-1
PART-1
1
PART-1-1
14
-2147483647
0
48 1 16 5 0 1 0 -1 -1 16014 1 -1879048189 1 16014 
0
1
PART-1-1
14
-2147483647
0
48 1 16 5 0 1 0 -1 -1 29745 1 -1879048189 1 29745 
0
0
1
PART-1-1
1
FULLMESH
0
1
14
-2147483647
48 1 16 5 0 1 0 -1 -1 29745 1 -1879048189 1 29745 
0
0
0
0
1
PART-1-1
4
BOTTOM
0
1
9
1124 1125 14920 14934 14935 14950 15007 15638 15927 
0
0
LEFT
0
1
9
961 962 15950 15961 15976 15983 15984 15991 15999 
0
0
RIGHT
0
1
8
1287 1288 15863 15901 15908 15909 15918 15921 
0
0
TOP
0
1
8
798 799 14802 14810 14825 14830 14987 14990 
0
0
0
0
0
