0
1
0
Assembly-1
1
PART-1-1
PART-1
1
PART-1-1
14
-2147483647
0
48 1 16 5 0 1 0 -1 -1 17107 1 -1879048189 1 17107 
0
1
PART-1-1
14
-2147483647
0
48 1 16 5 0 1 0 -1 -1 31948 1 -1879048189 1 31948 
0
0
1
PART-1-1
1
FULLMESH
0
1
14
-2147483647
48 1 16 5 0 1 0 -1 -1 31948 1 -1879048189 1 31948 
0
0
0
0
1
PART-1-1
4
BOTTOM
0
1
17
1124 1125 16532 16618 16653 16754 16755 16757 16763 16771 16797 16845 16853 16883 16887 16910 16915 
0
0
LEFT
0
1
14
961 962 15187 15233 15264 15277 15290 15305 15522 15573 15690 15696 17062 17066 
0
0
RIGHT
0
1
16
1287 1288 13896 13962 13971 13985 13995 13996 14008 14016 14027 14033 14135 14136 14139 17044 
0
0
TOP
0
1
16
798 799 15982 15983 16272 16282 16285 16288 16289 16290 16295 16312 16320 16327 16351 16453 
0
0
0
0
0
