0
1
0
Assembly-1
1
PART-1-1
PART-1
1
PART-1-1
14
-2147483647
0
48 1 16 5 0 1 0 -1 -1 14910 1 -1879048189 1 14910 
0
1
PART-1-1
14
-2147483647
0
48 1 16 5 0 1 0 -1 -1 27601 1 -1879048189 1 27601 
0
0
1
PART-1-1
1
FULLMESH
0
1
14
-2147483647
48 1 16 5 0 1 0 -1 -1 27601 1 -1879048189 1 27601 
0
0
0
0
1
PART-1-1
4
BOTTOM
0
1
17
1124 1125 11997 13064 13508 13521 13525 13535 13754 13755 13784 13994 14008 14012 14158 14284 14327 
0
0
LEFT
0
1
17
961 962 12614 13252 13661 13667 13668 13824 13837 13842 13843 14194 14212 14229 14240 14242 14287 
0
0
RIGHT
0
1
17
1287 1288 11686 12729 12771 12777 12779 12797 12816 12831 12833 12858 12859 12861 12877 12884 13684 
0
0
TOP
0
1
17
798 799 11798 13845 13859 13870 13879 13907 13926 13930 13940 13962 13967 13977 13981 14270 14318 
0
0
0
0
0
