0
1
0
Assembly-1
1
PART-1-1
PART-1
1
PART-1-1
14
-2147483647
0
48 1 16 5 0 1 0 -1 -1 23639 1 -1879048189 1 23639 
0
1
PART-1-1
14
-2147483647
0
48 1 16 5 0 1 0 -1 -1 44611 1 -1879048189 1 44611 
0
0
1
PART-1-1
1
FULLMESH
0
1
14
-2147483647
48 1 16 5 0 1 0 -1 -1 44611 1 -1879048189 1 44611 
0
0
0
0
1
PART-1-1
4
BOTTOM
0
1
17
1124 1125 22830 23173 23175 23184 23188 23199 23221 23230 23236 23246 23278 23287 23290 23321 23638 
0
0
LEFT
0
1
17
961 962 21157 21227 21267 21278 21289 21294 21573 21579 21586 21608 21813 21830 21834 22003 22010 
0
0
RIGHT
0
1
17
1287 1288 22474 22475 22524 22556 22560 22571 22589 22610 22616 22626 22628 22640 22665 22925 23602 
0
0
TOP
0
1
17
798 799 20041 20104 20106 20119 20127 20132 20894 20898 20901 21681 21686 21691 21717 21945 21947 
0
0
0
0
0
