0
1
0
Assembly-1
1
PART-1-1
PART-1
1
PART-1-1
14
-2147483647
0
48 1 16 5 0 1 0 -1 -1 13454 1 -1879048189 1 13454 
0
1
PART-1-1
14
-2147483647
0
48 1 16 5 0 1 0 -1 -1 25059 1 -1879048189 1 25059 
0
0
1
PART-1-1
1
FULLMESH
0
1
14
-2147483647
48 1 16 5 0 1 0 -1 -1 25059 1 -1879048189 1 25059 
0
0
0
0
1
PART-1-1
4
BOTTOM
0
1
9
1124 1125 12774 12849 12860 12872 12880 12884 13076 
0
0
LEFT
0
1
9
961 962 12319 12492 12504 12505 12609 12834 13023 
0
0
RIGHT
0
1
9
1287 1288 13269 13299 13327 13344 13346 13355 13385 
0
0
TOP
0
1
10
798 799 11991 11994 11999 12153 12156 12328 12401 13443 
0
0
0
0
0
