0
1
0
Assembly-1
1
PART-1-1
PART-1
1
PART-1-1
14
-2147483647
0
48 1 16 5 0 1 0 -1 -1 13481 1 -1879048189 1 13481 
0
1
PART-1-1
14
-2147483647
0
48 1 16 5 0 1 0 -1 -1 24413 1 -1879048189 1 24413 
0
0
1
PART-1-1
1
FULLMESH
0
1
14
-2147483647
48 1 16 5 0 1 0 -1 -1 24413 1 -1879048189 1 24413 
0
0
0
0
1
PART-1-1
4
BOTTOM
0
1
17
1124 1125 10291 10505 10508 10543 10545 10735 10738 10740 10744 10989 11004 11009 11012 11016 12159 
0
0
LEFT
0
1
15
961 962 11245 11433 11448 11450 11460 11465 11468 11477 11478 11481 11620 12169 12170 
0
0
RIGHT
0
1
15
1287 1288 10659 10873 10906 10915 10918 10928 10931 10938 10959 11312 11318 11319 11572 
0
0
TOP
0
1
15
798 799 7135 7148 7631 7651 7662 7663 7666 8009 8017 8033 8034 8048 8052 
0
0
0
0
0
