0
1
0
Assembly-1
1
PART-1-1
PART-1
1
PART-1-1
14
-2147483647
0
48 1 16 5 0 1 0 -1 -1 13672 1 -1879048189 1 13672 
0
1
PART-1-1
14
-2147483647
0
48 1 16 5 0 1 0 -1 -1 24704 1 -1879048189 1 24704 
0
0
1
PART-1-1
1
FULLMESH
0
1
14
-2147483647
48 1 16 5 0 1 0 -1 -1 24704 1 -1879048189 1 24704 
0
0
0
0
1
PART-1-1
4
BOTTOM
0
1
9
1124 1125 11244 11270 11275 11280 11297 11298 11307 
0
0
LEFT
0
1
9
961 962 9057 9374 9390 9393 9394 9398 9520 
0
0
RIGHT
0
1
9
1287 1288 10079 10116 10120 10130 10131 10199 10200 
0
0
TOP
0
1
8
798 799 12864 12870 12914 12915 12963 13635 
0
0
0
0
0
