0
1
0
Assembly-1
1
PART-1-1
PART-1
1
PART-1-1
14
-2147483647
0
48 1 16 5 0 1 0 -1 -1 12586 1 -1879048189 1 12586 
0
1
PART-1-1
14
-2147483647
0
48 1 16 5 0 1 0 -1 -1 23246 1 -1879048189 1 23246 
0
0
1
PART-1-1
1
FULLMESH
0
1
14
-2147483647
48 1 16 5 0 1 0 -1 -1 23246 1 -1879048189 1 23246 
0
0
0
0
1
PART-1-1
4
BOTTOM
0
1
9
1124 1125 10920 11040 11059 11081 11083 11084 11095 
0
0
LEFT
0
1
9
961 962 12078 12224 12226 12230 12231 12247 12376 
0
0
RIGHT
0
1
9
1287 1288 11607 11795 11802 11862 11865 11969 11978 
0
0
TOP
0
1
9
798 799 12323 12324 12342 12478 12483 12488 12500 
0
0
0
0
0
