0
1
0
Assembly-1
1
PART-1-1
PART-1
1
PART-1-1
14
-2147483647
0
48 1 16 5 0 1 0 -1 -1 12519 1 -1879048189 1 12519 
0
1
PART-1-1
14
-2147483647
0
48 1 16 5 0 1 0 -1 -1 22732 1 -1879048189 1 22732 
0
0
1
PART-1-1
1
FULLMESH
0
1
14
-2147483647
48 1 16 5 0 1 0 -1 -1 22732 1 -1879048189 1 22732 
0
0
0
0
1
PART-1-1
4
BOTTOM
0
1
15
1124 1125 7727 7760 7787 7790 7811 7926 7988 8143 8144 8150 8152 8156 8274 
0
0
LEFT
0
1
11
961 962 9329 9401 9414 9419 9420 9426 9429 9434 9449 
0
0
RIGHT
0
1
13
1287 1288 11158 11293 11311 11317 11322 11337 11357 11369 11370 11376 11383 
0
0
TOP
0
1
13
798 799 8609 8726 8729 8853 8860 8923 8938 8943 8945 8947 9172 
0
0
0
0
0
