0
1
0
Assembly-1
1
PART-1-1
PART-1
1
PART-1-1
14
-2147483647
0
48 1 16 5 0 1 0 -1 -1 14800 1 -1879048189 1 14800 
0
1
PART-1-1
14
-2147483647
0
48 1 16 5 0 1 0 -1 -1 27425 1 -1879048189 1 27425 
0
0
1
PART-1-1
1
FULLMESH
0
1
14
-2147483647
48 1 16 5 0 1 0 -1 -1 27425 1 -1879048189 1 27425 
0
0
0
0
1
PART-1-1
4
BOTTOM
0
1
9
1124 1125 13420 13456 13468 13469 13476 13486 13835 
0
0
LEFT
0
1
9
961 962 13190 13634 13636 13640 13641 13662 13663 
0
0
RIGHT
0
1
9
1287 1288 14684 14695 14727 14742 14751 14780 14786 
0
0
TOP
0
1
9
798 799 14086 14097 14119 14135 14140 14159 14165 
0
0
0
0
0
