0
1
0
Assembly-1
1
PART-1-1
PART-1
1
PART-1-1
14
-2147483647
0
48 1 16 5 0 1 0 -1 -1 16916 1 -1879048189 1 16916 
0
1
PART-1-1
14
-2147483647
0
48 1 16 5 0 1 0 -1 -1 31909 1 -1879048189 1 31909 
0
0
1
PART-1-1
1
FULLMESH
0
1
14
-2147483647
48 1 16 5 0 1 0 -1 -1 31909 1 -1879048189 1 31909 
0
0
0
0
1
PART-1-1
4
BOTTOM
0
1
12
1124 1125 15138 15188 15199 15207 15218 15249 15266 15267 15269 16014 
0
0
LEFT
0
1
15
961 962 14098 14689 14704 14712 14714 14722 14728 14778 14779 14789 14790 14808 16880 
0
0
RIGHT
0
1
17
1287 1288 16510 16523 16549 16579 16585 16590 16592 16595 16599 16601 16652 16663 16681 16687 16787 
0
0
TOP
0
1
15
798 799 16706 16713 16749 16750 16751 16752 16760 16762 16765 16781 16804 16888 16898 
0
0
0
0
0
