0
1
0
Assembly-1
1
PART-1-1
PART-1
1
PART-1-1
14
-2147483647
0
48 1 16 5 0 1 0 -1 -1 21524 1 -1879048189 1 21524 
0
1
PART-1-1
14
-2147483647
0
48 1 16 5 0 1 0 -1 -1 40381 1 -1879048189 1 40381 
0
0
1
PART-1-1
1
FULLMESH
0
1
14
-2147483647
48 1 16 5 0 1 0 -1 -1 40381 1 -1879048189 1 40381 
0
0
0
0
1
PART-1-1
4
BOTTOM
0
1
17
1124 1125 18813 18822 18876 18878 18883 18886 18897 18899 18900 18907 18912 20764 20766 20769 21018 
0
0
LEFT
0
1
17
961 962 19139 19317 19322 19326 19332 19341 19342 19353 19359 19362 19363 19393 20828 21093 21496 
0
0
RIGHT
0
1
17
1287 1288 20261 20792 20806 21079 21083 21159 21161 21169 21221 21223 21239 21245 21246 21251 21257 
0
0
TOP
0
1
17
798 799 20623 20658 20686 20712 20722 20727 20735 20739 20930 20963 20967 21139 21184 21216 21227 
0
0
0
0
0
