0
1
0
Assembly-1
1
PART-1-1
PART-1
1
PART-1-1
14
-2147483647
0
48 1 16 5 0 1 0 -1 -1 15195 1 -1879048189 1 15195 
0
1
PART-1-1
14
-2147483647
0
48 1 16 5 0 1 0 -1 -1 27938 1 -1879048189 1 27938 
0
0
1
PART-1-1
1
FULLMESH
0
1
14
-2147483647
48 1 16 5 0 1 0 -1 -1 27938 1 -1879048189 1 27938 
0
0
0
0
1
PART-1-1
4
BOTTOM
0
1
16
1124 1125 13319 13333 13364 13394 13528 13561 13565 13574 13580 13583 13622 13634 13673 13677 
0
0
LEFT
0
1
16
961 962 11433 12241 12248 12296 12836 12847 12860 12863 12866 12870 12881 12916 13247 13273 
0
0
RIGHT
0
1
16
1287 1288 12018 12775 12783 13190 13211 13215 13216 13229 13499 13505 13510 13609 13660 15052 
0
0
TOP
0
1
17
798 799 13882 13915 13964 13985 13987 13991 14048 14053 14056 14077 14111 14113 14135 14136 14146 
0
0
0
0
0
