0
1
0
Assembly-1
1
PART-1-1
PART-1
1
PART-1-1
14
-2147483647
0
48 1 16 5 0 1 0 -1 -1 12662 1 -1879048189 1 12662 
0
1
PART-1-1
14
-2147483647
0
48 1 16 5 0 1 0 -1 -1 23002 1 -1879048189 1 23002 
0
0
1
PART-1-1
1
FULLMESH
0
1
14
-2147483647
48 1 16 5 0 1 0 -1 -1 23002 1 -1879048189 1 23002 
0
0
0
0
1
PART-1-1
4
BOTTOM
0
1
7
1124 1125 10989 11007 11014 11017 11018 
0
0
LEFT
0
1
6
961 962 11984 12014 12018 12026 
0
0
RIGHT
0
1
5
1287 1288 12609 12620 12622 
0
0
TOP
0
1
7
798 799 10825 10831 10839 10841 10843 
0
0
0
0
0
