0
1
0
Assembly-1
1
PART-1-1
PART-1
1
PART-1-1
14
-2147483647
0
48 1 16 5 0 1 0 -1 -1 13758 1 -1879048189 1 13758 
0
1
PART-1-1
14
-2147483647
0
48 1 16 5 0 1 0 -1 -1 25513 1 -1879048189 1 25513 
0
0
1
PART-1-1
1
FULLMESH
0
1
14
-2147483647
48 1 16 5 0 1 0 -1 -1 25513 1 -1879048189 1 25513 
0
0
0
0
1
PART-1-1
4
BOTTOM
0
1
6
1124 1125 12974 12977 12980 12987 
0
0
LEFT
0
1
8
961 962 13316 13321 13330 13331 13334 13370 
0
0
RIGHT
0
1
6
1287 1288 12579 12580 12631 12636 
0
0
TOP
0
1
6
798 799 13700 13711 13730 13735 
0
0
0
0
0
