0
1
0
Assembly-1
1
PART-1-1
PART-1
1
PART-1-1
14
-2147483647
0
48 1 16 5 0 1 0 -1 -1 12582 1 -1879048189 1 12582 
0
1
PART-1-1
14
-2147483647
0
48 1 16 5 0 1 0 -1 -1 23140 1 -1879048189 1 23140 
0
0
1
PART-1-1
1
FULLMESH
0
1
14
-2147483647
48 1 16 5 0 1 0 -1 -1 23140 1 -1879048189 1 23140 
0
0
0
0
1
PART-1-1
4
BOTTOM
0
1
9
1124 1125 12368 12378 12380 12388 12393 12405 12406 
0
0
LEFT
0
1
7
961 962 12521 12543 12558 12574 12581 
0
0
RIGHT
0
1
8
1287 1288 11235 11275 11287 11293 11299 11305 
0
0
TOP
0
1
8
798 799 10559 10573 10584 10585 10593 10606 
0
0
0
0
0
