0
1
0
Assembly-1
1
PART-1-1
PART-1
1
PART-1-1
14
-2147483647
0
48 1 16 5 0 1 0 -1 -1 11302 1 -1879048189 1 11302 
0
1
PART-1-1
14
-2147483647
0
48 1 16 5 0 1 0 -1 -1 20585 1 -1879048189 1 20585 
0
0
1
PART-1-1
1
FULLMESH
0
1
14
-2147483647
48 1 16 5 0 1 0 -1 -1 20585 1 -1879048189 1 20585 
0
0
0
0
1
PART-1-1
4
BOTTOM
0
1
15
1124 1125 10718 10802 10803 10807 10819 10823 10835 10845 10847 10850 10876 10877 10879 
0
0
LEFT
0
1
16
961 962 9053 9061 9091 9094 9099 9104 9107 9110 9151 9153 9177 9178 11284 11288 
0
0
RIGHT
0
1
14
1287 1288 8834 8850 8861 8943 8946 8958 8966 8980 8983 8995 8999 9012 
0
0
TOP
0
1
15
798 799 8327 8349 8501 8512 8520 8523 8543 8551 8613 8619 8623 8689 8777 
0
0
0
0
0
