0
1
0
Assembly-1
1
PART-1-1
PART-1
1
PART-1-1
14
-2147483647
0
48 1 16 5 0 1 0 -1 -1 20433 1 -1879048189 1 20433 
0
1
PART-1-1
14
-2147483647
0
48 1 16 5 0 1 0 -1 -1 37991 1 -1879048189 1 37991 
0
0
1
PART-1-1
1
FULLMESH
0
1
14
-2147483647
48 1 16 5 0 1 0 -1 -1 37991 1 -1879048189 1 37991 
0
0
0
0
1
PART-1-1
4
BOTTOM
0
1
14
1124 1125 19594 19607 19624 19630 19640 19800 19831 19833 19834 19835 19851 19937 
0
0
LEFT
0
1
16
961 962 16164 16709 16711 16724 16725 16726 18086 18091 18093 18099 18113 18603 19196 19713 
0
0
RIGHT
0
1
16
1287 1288 17437 18128 18141 18147 18156 18158 18169 18171 18624 18629 18858 19220 19222 19226 
0
0
TOP
0
1
16
798 799 20043 20131 20139 20144 20175 20188 20193 20196 20213 20239 20243 20248 20250 20254 
0
0
0
0
0
