0
1
0
Assembly-1
1
PART-1-1
PART-1
1
PART-1-1
14
-2147483647
0
48 1 16 5 0 1 0 -1 -1 13242 1 -1879048189 1 13242 
0
1
PART-1-1
14
-2147483647
0
48 1 16 5 0 1 0 -1 -1 24466 1 -1879048189 1 24466 
0
0
1
PART-1-1
1
FULLMESH
0
1
14
-2147483647
48 1 16 5 0 1 0 -1 -1 24466 1 -1879048189 1 24466 
0
0
0
0
1
PART-1-1
4
BOTTOM
0
1
15
1124 1125 11771 11828 11861 11869 11877 11880 11893 11894 11898 11905 12093 12237 12244 
0
0
LEFT
0
1
16
961 962 8529 8624 8992 8997 9007 9009 9011 9322 10942 10945 10946 10954 10964 13181 
0
0
RIGHT
0
1
15
1287 1288 11634 11698 12320 12461 12493 12551 12556 12576 12581 12662 12663 13219 13222 
0
0
TOP
0
1
15
798 799 12857 12914 12918 12977 12981 12993 12994 12998 13005 13008 13054 13057 13226 
0
0
0
0
0
