0
1
0
Assembly-1
1
PART-1-1
PART-1
1
PART-1-1
14
-2147483647
0
48 1 16 5 0 1 0 -1 -1 18140 1 -1879048189 1 18140 
0
1
PART-1-1
14
-2147483647
0
48 1 16 5 0 1 0 -1 -1 33826 1 -1879048189 1 33826 
0
0
1
PART-1-1
1
FULLMESH
0
1
14
-2147483647
48 1 16 5 0 1 0 -1 -1 33826 1 -1879048189 1 33826 
0
0
0
0
1
PART-1-1
4
BOTTOM
0
1
17
1124 1125 16327 16620 16638 16641 16645 16650 16793 16795 16806 16812 16818 16819 17270 17281 17288 
0
0
LEFT
0
1
15
961 962 13298 14581 14601 14614 14619 14625 14626 14635 14869 14986 15342 15343 15484 
0
0
RIGHT
0
1
16
1287 1288 16252 16269 16498 16501 16555 16564 16571 16575 16581 16583 16597 16599 16607 16750 
0
0
TOP
0
1
16
798 799 16924 17015 17049 17092 17119 17127 17139 17145 17147 17260 17291 17320 17323 18127 
0
0
0
0
0
