0
1
0
Assembly-1
1
PART-1-1
PART-1
1
PART-1-1
14
-2147483647
0
48 1 16 5 0 1 0 -1 -1 13666 1 -1879048189 1 13666 
0
1
PART-1-1
14
-2147483647
0
48 1 16 5 0 1 0 -1 -1 24858 1 -1879048189 1 24858 
0
0
1
PART-1-1
1
FULLMESH
0
1
14
-2147483647
48 1 16 5 0 1 0 -1 -1 24858 1 -1879048189 1 24858 
0
0
0
0
1
PART-1-1
4
BOTTOM
0
1
15
1124 1125 7116 7210 7233 7240 7242 7246 7253 7255 7283 7290 7635 7646 8502 
0
0
LEFT
0
1
15
961 962 11421 11449 11458 11479 11488 11493 11501 11504 11603 11609 11654 11657 11661 
0
0
RIGHT
0
1
16
1287 1288 7674 9205 9214 9222 9223 9231 9235 9261 9268 9281 9284 9291 9294 9491 
0
0
TOP
0
1
15
798 799 9909 9929 9942 9943 10646 10884 10903 10908 10909 10920 10929 10939 10940 
0
0
0
0
0
