0
1
0
Assembly-1
1
PART-1-1
PART-1
1
PART-1-1
14
-2147483647
0
48 1 16 5 0 1 0 -1 -1 15583 1 -1879048189 1 15583 
0
1
PART-1-1
14
-2147483647
0
48 1 16 5 0 1 0 -1 -1 28498 1 -1879048189 1 28498 
0
0
1
PART-1-1
1
FULLMESH
0
1
14
-2147483647
48 1 16 5 0 1 0 -1 -1 28498 1 -1879048189 1 28498 
0
0
0
0
1
PART-1-1
4
BOTTOM
0
1
9
1124 1125 15490 15492 15495 15514 15518 15557 15568 
0
0
LEFT
0
1
9
961 962 14680 14685 14686 14713 14723 14850 14859 
0
0
RIGHT
0
1
9
1287 1288 13582 13599 13604 13611 13886 13894 13904 
0
0
TOP
0
1
9
798 799 14769 14777 14790 14834 14836 14837 14897 
0
0
0
0
0
