0
1
0
Assembly-1
1
PART-1-1
PART-1
1
PART-1-1
14
-2147483647
0
48 1 16 5 0 1 0 -1 -1 8958 1 -1879048189 1 8958 
0
1
PART-1-1
14
-2147483647
0
48 1 16 5 0 1 0 -1 -1 15963 1 -1879048189 1 15963 
0
0
1
PART-1-1
1
FULLMESH
0
1
14
-2147483647
48 1 16 5 0 1 0 -1 -1 15963 1 -1879048189 1 15963 
0
0
0
0
1
PART-1-1
4
BOTTOM
0
1
9
1124 1125 7754 7756 7774 7778 7783 7790 7795 
0
0
LEFT
0
1
9
961 962 8725 8757 8758 8764 8765 8775 8779 
0
0
RIGHT
0
1
7
1287 1288 8886 8894 8914 8930 8935 
0
0
TOP
0
1
9
798 799 8468 8485 8487 8491 8495 8496 8531 
0
0
0
0
0
