0
1
0
Assembly-1
1
PART-1-1
PART-1
1
PART-1-1
14
-2147483647
0
48 1 16 5 0 1 0 -1 -1 15554 1 -1879048189 1 15554 
0
1
PART-1-1
14
-2147483647
0
48 1 16 5 0 1 0 -1 -1 28961 1 -1879048189 1 28961 
0
0
1
PART-1-1
1
FULLMESH
0
1
14
-2147483647
48 1 16 5 0 1 0 -1 -1 28961 1 -1879048189 1 28961 
0
0
0
0
1
PART-1-1
4
BOTTOM
0
1
10
1124 1125 11603 12232 12482 12485 12490 12494 12513 12928 
0
0
LEFT
0
1
12
961 962 14465 14842 14850 14867 15065 15370 15373 15378 15380 15542 
0
0
RIGHT
0
1
16
1287 1288 14722 14784 14796 14797 14798 14799 14808 14818 14823 14829 14830 15293 15296 15362 
0
0
TOP
0
1
12
798 799 15139 15184 15207 15230 15237 15242 15243 15247 15248 15263 
0
0
0
0
0
