0
1
0
Assembly-1
1
PART-1-1
PART-1
1
PART-1-1
14
-2147483647
0
48 1 16 5 0 1 0 -1 -1 12254 1 -1879048189 1 12254 
0
1
PART-1-1
14
-2147483647
0
48 1 16 5 0 1 0 -1 -1 22371 1 -1879048189 1 22371 
0
0
1
PART-1-1
1
FULLMESH
0
1
14
-2147483647
48 1 16 5 0 1 0 -1 -1 22371 1 -1879048189 1 22371 
0
0
0
0
1
PART-1-1
4
BOTTOM
0
1
15
1124 1125 11025 11053 11077 11086 11123 11124 11149 11151 11160 11164 11199 11201 11203 
0
0
LEFT
0
1
16
961 962 8798 8808 8827 8830 8852 8864 9151 9355 9362 9366 9367 11599 11600 11602 
0
0
RIGHT
0
1
16
1287 1288 8504 8527 8528 9028 9038 9041 9044 9052 9085 9101 9103 9108 9119 9349 
0
0
TOP
0
1
17
798 799 10234 10280 10298 10300 10466 10665 10674 10684 10687 10866 10870 10873 11633 11637 11639 
0
0
0
0
0
