0
1
0
Assembly-1
1
PART-1-1
PART-1
1
PART-1-1
14
-2147483647
0
48 1 16 5 0 1 0 -1 -1 14945 1 -1879048189 1 14945 
0
1
PART-1-1
14
-2147483647
0
48 1 16 5 0 1 0 -1 -1 27905 1 -1879048189 1 27905 
0
0
1
PART-1-1
1
FULLMESH
0
1
14
-2147483647
48 1 16 5 0 1 0 -1 -1 27905 1 -1879048189 1 27905 
0
0
0
0
1
PART-1-1
4
BOTTOM
0
1
17
1124 1125 12725 13162 13181 13192 13193 13196 13209 13377 13390 13393 13406 13419 13424 13425 14126 
0
0
LEFT
0
1
17
961 962 10456 10540 10552 10557 10586 11091 11097 11101 11121 11125 11128 11130 11543 12110 14922 
0
0
RIGHT
0
1
17
1287 1288 12550 13260 13266 14039 14610 14619 14637 14641 14642 14648 14654 14756 14760 14765 14767 
0
0
TOP
0
1
17
798 799 13807 14014 14364 14370 14443 14457 14468 14471 14479 14516 14533 14711 14721 14725 14726 
0
0
0
0
0
