0
1
0
Assembly-1
1
PART-1-1
PART-1
1
PART-1-1
14
-2147483647
0
48 1 16 5 0 1 0 -1 -1 13066 1 -1879048189 1 13066 
0
1
PART-1-1
14
-2147483647
0
48 1 16 5 0 1 0 -1 -1 24073 1 -1879048189 1 24073 
0
0
1
PART-1-1
1
FULLMESH
0
1
14
-2147483647
48 1 16 5 0 1 0 -1 -1 24073 1 -1879048189 1 24073 
0
0
0
0
1
PART-1-1
4
BOTTOM
0
1
9
1124 1125 11431 11811 11817 11823 11833 12061 12155 
0
0
LEFT
0
1
12
961 962 11587 11626 11627 11629 11690 11704 12079 12175 13055 13057 
0
0
RIGHT
0
1
10
1287 1288 12009 12021 12140 12234 12238 12242 13033 13040 
0
0
TOP
0
1
11
798 799 12875 12916 12922 12933 12934 12935 12941 12945 12960 
0
0
0
0
0
