0
1
0
Assembly-1
1
PART-1-1
PART-1
1
PART-1-1
14
-2147483647
0
48 1 16 5 0 1 0 -1 -1 16323 1 -1879048189 1 16323 
0
1
PART-1-1
14
-2147483647
0
48 1 16 5 0 1 0 -1 -1 30199 1 -1879048189 1 30199 
0
0
1
PART-1-1
1
FULLMESH
0
1
14
-2147483647
48 1 16 5 0 1 0 -1 -1 30199 1 -1879048189 1 30199 
0
0
0
0
1
PART-1-1
4
BOTTOM
0
1
17
1124 1125 15556 15686 15727 15734 15751 15762 15768 15798 15843 15845 15860 15861 15863 15887 15914 
0
0
LEFT
0
1
19
961 962 12567 12605 12688 12731 12759 12760 12765 12775 12793 12802 12803 12811 12825 12827 12845 12850 16317 
0
0
RIGHT
0
1
17
1287 1288 11094 11848 11882 11969 11995 12002 12006 12022 12040 12049 12050 12062 12329 12337 12338 
0
0
TOP
0
1
17
798 799 10120 10129 10139 10262 10264 10287 10317 10323 10330 10339 10823 10844 10846 11192 11338 
0
0
0
0
0
