0
1
0
Assembly-1
1
PART-1-1
PART-1
1
PART-1-1
14
-2147483647
0
48 1 16 5 0 1 0 -1 -1 16315 1 -1879048189 1 16315 
0
1
PART-1-1
14
-2147483647
0
48 1 16 5 0 1 0 -1 -1 30685 1 -1879048189 1 30685 
0
0
1
PART-1-1
1
FULLMESH
0
1
14
-2147483647
48 1 16 5 0 1 0 -1 -1 30685 1 -1879048189 1 30685 
0
0
0
0
1
PART-1-1
4
BOTTOM
0
1
17
1124 1125 15885 15916 15933 15941 16028 16033 16034 16037 16039 16045 16062 16162 16178 16179 16196 
0
0
LEFT
0
1
16
961 962 14919 15364 15381 15382 15387 15398 15639 15644 15647 15726 15742 15743 15832 16168 
0
0
RIGHT
0
1
17
1287 1288 13958 15140 15147 15149 15528 15529 15544 15548 15556 15561 15562 15672 15683 15684 15752 
0
0
TOP
0
1
16
798 799 14447 14478 15064 15069 15078 15440 15462 15464 15489 15504 15658 15660 15664 15748 
0
0
0
0
0
