0
1
0
Assembly-1
1
PART-1-1
PART-1
1
PART-1-1
14
-2147483647
0
48 1 16 5 0 1 0 -1 -1 9012 1 -1879048189 1 9012 
0
1
PART-1-1
14
-2147483647
0
48 1 16 5 0 1 0 -1 -1 15915 1 -1879048189 1 15915 
0
0
1
PART-1-1
1
FULLMESH
0
1
14
-2147483647
48 1 16 5 0 1 0 -1 -1 15915 1 -1879048189 1 15915 
0
0
0
0
1
PART-1-1
4
BOTTOM
0
1
9
1124 1125 8707 8728 8753 8758 8837 8840 8848 
0
0
LEFT
0
1
9
961 962 8194 8195 8602 8612 8787 8792 8992 
0
0
RIGHT
0
1
9
1287 1288 8924 8930 8939 8940 8945 8959 8979 
0
0
TOP
0
1
9
798 799 8397 8423 8433 8447 8453 8687 8994 
0
0
0
0
0
