0
1
0
Assembly-1
1
PART-1-1
PART-1
1
PART-1-1
14
-2147483647
0
48 1 16 5 0 1 0 -1 -1 12391 1 -1879048189 1 12391 
0
1
PART-1-1
14
-2147483647
0
48 1 16 5 0 1 0 -1 -1 22525 1 -1879048189 1 22525 
0
0
1
PART-1-1
1
FULLMESH
0
1
14
-2147483647
48 1 16 5 0 1 0 -1 -1 22525 1 -1879048189 1 22525 
0
0
0
0
1
PART-1-1
4
BOTTOM
0
1
9
1124 1125 10701 10752 10761 10912 10919 11010 12145 
0
0
LEFT
0
1
9
961 962 9113 9138 9146 9147 9154 9327 9627 
0
0
RIGHT
0
1
9
1287 1288 10803 10807 10886 10887 10888 10935 10937 
0
0
TOP
0
1
9
798 799 10852 10954 10955 10971 11013 11018 11019 
0
0
0
0
0
