0
1
0
Assembly-1
1
PART-1-1
PART-1
1
PART-1-1
14
-2147483647
0
48 1 16 5 0 1 0 -1 -1 12891 1 -1879048189 1 12891 
0
1
PART-1-1
14
-2147483647
0
48 1 16 5 0 1 0 -1 -1 23510 1 -1879048189 1 23510 
0
0
1
PART-1-1
1
FULLMESH
0
1
14
-2147483647
48 1 16 5 0 1 0 -1 -1 23510 1 -1879048189 1 23510 
0
0
0
0
1
PART-1-1
4
BOTTOM
0
1
9
1124 1125 12329 12363 12365 12367 12372 12374 12385 
0
0
LEFT
0
1
6
961 962 10955 10970 11063 12813 
0
0
RIGHT
0
1
6
1287 1288 12720 12724 12769 12784 
0
0
TOP
0
1
8
798 799 11250 11262 11265 11269 12870 12874 
0
0
0
0
0
