0
1
0
Assembly-1
1
PART-1-1
PART-1
1
PART-1-1
14
-2147483647
0
48 1 16 5 0 1 0 -1 -1 19906 1 -1879048189 1 19906 
0
1
PART-1-1
14
-2147483647
0
48 1 16 5 0 1 0 -1 -1 37209 1 -1879048189 1 37209 
0
0
1
PART-1-1
1
FULLMESH
0
1
14
-2147483647
48 1 16 5 0 1 0 -1 -1 37209 1 -1879048189 1 37209 
0
0
0
0
1
PART-1-1
4
BOTTOM
0
1
15
1124 1125 18357 19069 19080 19081 19083 19306 19311 19314 19324 19330 19623 19716 19905 
0
0
LEFT
0
1
15
961 962 19466 19493 19515 19646 19658 19668 19677 19680 19682 19691 19694 19701 19727 
0
0
RIGHT
0
1
12
1287 1288 18505 19006 19010 19177 19183 19189 19209 19212 19224 19235 
0
0
TOP
0
1
15
798 799 16359 17354 17376 17384 17390 17392 17394 17399 17400 17422 17426 18344 18624 
0
0
0
0
0
