0
1
0
Assembly-1
1
PART-1-1
PART-1
1
PART-1-1
14
-2147483647
0
48 1 16 5 0 1 0 -1 -1 20209 1 -1879048189 1 20209 
0
1
PART-1-1
14
-2147483647
0
48 1 16 5 0 1 0 -1 -1 38340 1 -1879048189 1 38340 
0
0
1
PART-1-1
1
FULLMESH
0
1
14
-2147483647
48 1 16 5 0 1 0 -1 -1 38340 1 -1879048189 1 38340 
0
0
0
0
1
PART-1-1
4
BOTTOM
0
1
17
1124 1125 19666 19668 19713 19721 19840 19843 19855 19866 19961 20023 20030 20050 20051 20068 20096 
0
0
LEFT
0
1
17
961 962 16794 16918 16923 17546 17551 17571 17574 17580 17583 18125 18945 18950 18976 19154 20183 
0
0
RIGHT
0
1
17
1287 1288 18049 18450 18469 18875 18902 19079 19091 19094 19098 19108 19111 19117 19132 19137 19342 
0
0
TOP
0
1
17
798 799 15516 15617 15720 16302 16308 16311 16318 16426 16435 16436 17028 17034 17065 17067 18563 
0
0
0
0
0
