0
1
0
Assembly-1
1
PART-1-1
PART-1
1
PART-1-1
14
-2147483647
0
48 1 16 5 0 1 0 -1 -1 12244 1 -1879048189 1 12244 
0
1
PART-1-1
14
-2147483647
0
48 1 16 5 0 1 0 -1 -1 22154 1 -1879048189 1 22154 
0
0
1
PART-1-1
1
FULLMESH
0
1
14
-2147483647
48 1 16 5 0 1 0 -1 -1 22154 1 -1879048189 1 22154 
0
0
0
0
1
PART-1-1
4
BOTTOM
0
1
7
1124 1125 9858 9894 9921 9927 9933 
0
0
LEFT
0
1
7
961 962 12155 12187 12205 12216 12217 
0
0
RIGHT
0
1
8
1287 1288 9231 9370 9372 9377 9384 9456 
0
0
TOP
0
1
8
798 799 11565 11609 11610 11613 11632 11639 
0
0
0
0
0
