0
1
0
Assembly-1
1
PART-1-1
PART-1
1
PART-1-1
14
-2147483647
0
48 1 16 5 0 1 0 -1 -1 18555 1 -1879048189 1 18555 
0
1
PART-1-1
14
-2147483647
0
48 1 16 5 0 1 0 -1 -1 34891 1 -1879048189 1 34891 
0
0
1
PART-1-1
1
FULLMESH
0
1
14
-2147483647
48 1 16 5 0 1 0 -1 -1 34891 1 -1879048189 1 34891 
0
0
0
0
1
PART-1-1
4
BOTTOM
0
1
15
1124 1125 17344 18214 18248 18260 18263 18265 18267 18270 18290 18299 18358 18368 18373 
0
0
LEFT
0
1
12
961 962 16899 17201 17204 17207 17209 17212 17242 17251 17524 18138 
0
0
RIGHT
0
1
15
1287 1288 17751 17774 17794 17804 17805 17809 17822 17845 18045 18087 18088 18090 18237 
0
0
TOP
0
1
17
798 799 15895 16961 16969 16970 16978 16979 16997 17000 17022 17310 18010 18147 18150 18160 18534 
0
0
0
0
0
