0
1
0
Assembly-1
1
PART-1-1
PART-1
1
PART-1-1
14
-2147483647
0
48 1 16 5 0 1 0 -1 -1 17699 1 -1879048189 1 17699 
0
1
PART-1-1
14
-2147483647
0
48 1 16 5 0 1 0 -1 -1 32652 1 -1879048189 1 32652 
0
0
1
PART-1-1
1
FULLMESH
0
1
14
-2147483647
48 1 16 5 0 1 0 -1 -1 32652 1 -1879048189 1 32652 
0
0
0
0
1
PART-1-1
4
BOTTOM
0
1
14
1124 1125 14321 14610 14612 14684 14706 14802 14818 14824 14832 14866 14868 14869 
0
0
LEFT
0
1
16
961 962 12473 12517 12524 12544 12549 12554 12561 12984 12996 13526 13528 13531 13533 14511 
0
0
RIGHT
0
1
14
1287 1288 14492 14737 14891 14994 15000 15010 15018 15025 15034 15045 15082 17352 
0
0
TOP
0
1
17
798 799 10351 11469 11471 11472 11483 11495 11496 11498 11499 11501 11949 11955 11956 12005 12008 
0
0
0
0
0
