0
1
0
Assembly-1
1
PART-1-1
PART-1
1
PART-1-1
14
-2147483647
0
48 1 16 5 0 1 0 -1 -1 14741 1 -1879048189 1 14741 
0
1
PART-1-1
14
-2147483647
0
48 1 16 5 0 1 0 -1 -1 26998 1 -1879048189 1 26998 
0
0
1
PART-1-1
1
FULLMESH
0
1
14
-2147483647
48 1 16 5 0 1 0 -1 -1 26998 1 -1879048189 1 26998 
0
0
0
0
1
PART-1-1
4
BOTTOM
0
1
7
1124 1125 13928 14070 14582 14595 14621 
0
0
LEFT
0
1
8
961 962 14058 14066 14076 14077 14079 14089 
0
0
RIGHT
0
1
7
1287 1288 14673 14688 14702 14703 14708 
0
0
TOP
0
1
7
798 799 13645 13657 13785 13839 13840 
0
0
0
0
0
