0
1
0
Assembly-1
1
PART-1-1
PART-1
1
PART-1-1
14
-2147483647
0
48 1 16 5 0 1 0 -1 -1 10980 1 -1879048189 1 10980 
0
1
PART-1-1
14
-2147483647
0
48 1 16 5 0 1 0 -1 -1 19866 1 -1879048189 1 19866 
0
0
1
PART-1-1
1
FULLMESH
0
1
14
-2147483647
48 1 16 5 0 1 0 -1 -1 19866 1 -1879048189 1 19866 
0
0
0
0
1
PART-1-1
4
BOTTOM
0
1
13
1124 1125 7445 8743 8757 8766 9250 9262 9277 9282 9386 9504 10964 
0
0
LEFT
0
1
16
961 962 10670 10751 10753 10767 10780 10813 10815 10838 10842 10848 10859 10861 10863 10868 
0
0
RIGHT
0
1
14
1287 1288 9157 9186 9479 9562 9569 9581 9588 9605 9611 9620 9621 9661 
0
0
TOP
0
1
15
798 799 7166 7175 7188 7191 7204 7226 7233 7242 7248 7262 7301 7303 10944 
0
0
0
0
0
