0
1
0
Assembly-1
1
PART-1-1
PART-1
1
PART-1-1
14
-2147483647
0
48 1 16 5 0 1 0 -1 -1 15221 1 -1879048189 1 15221 
0
1
PART-1-1
14
-2147483647
0
48 1 16 5 0 1 0 -1 -1 28034 1 -1879048189 1 28034 
0
0
1
PART-1-1
1
FULLMESH
0
1
14
-2147483647
48 1 16 5 0 1 0 -1 -1 28034 1 -1879048189 1 28034 
0
0
0
0
1
PART-1-1
4
BOTTOM
0
1
9
1124 1125 14331 14359 14375 14394 14401 14405 14444 
0
0
LEFT
0
1
8
961 962 14767 14784 14797 14799 14807 14846 
0
0
RIGHT
0
1
9
1287 1288 14588 14594 14596 14606 14607 14609 14656 
0
0
TOP
0
1
8
798 799 14667 14670 14750 14751 14838 14840 
0
0
0
0
0
