0
1
0
Assembly-1
1
PART-1-1
PART-1
1
PART-1-1
14
-2147483647
0
48 1 16 5 0 1 0 -1 -1 13375 1 -1879048189 1 13375 
0
1
PART-1-1
14
-2147483647
0
48 1 16 5 0 1 0 -1 -1 24876 1 -1879048189 1 24876 
0
0
1
PART-1-1
1
FULLMESH
0
1
14
-2147483647
48 1 16 5 0 1 0 -1 -1 24876 1 -1879048189 1 24876 
0
0
0
0
1
PART-1-1
4
BOTTOM
0
1
9
1124 1125 12582 12715 12723 12795 12928 12930 13023 
0
0
LEFT
0
1
9
961 962 12278 12281 12290 12896 12907 12966 12967 
0
0
RIGHT
0
1
9
1287 1288 13122 13162 13183 13209 13226 13230 13261 
0
0
TOP
0
1
9
798 799 12439 12457 12478 12482 12488 12688 12690 
0
0
0
0
0
