0
1
0
Assembly-1
1
PART-1-1
PART-1
1
PART-1-1
14
-2147483647
0
48 1 16 5 0 1 0 -1 -1 18116 1 -1879048189 1 18116 
0
1
PART-1-1
14
-2147483647
0
48 1 16 5 0 1 0 -1 -1 33888 1 -1879048189 1 33888 
0
0
1
PART-1-1
1
FULLMESH
0
1
14
-2147483647
48 1 16 5 0 1 0 -1 -1 33888 1 -1879048189 1 33888 
0
0
0
0
1
PART-1-1
4
BOTTOM
0
1
12
1124 1125 14024 14268 14431 14450 14457 14463 14468 14470 14497 14501 
0
0
LEFT
0
1
12
961 962 13401 13402 13426 13432 13473 13483 13484 13491 14118 14127 
0
0
RIGHT
0
1
14
1287 1288 11334 12057 12069 12095 12099 12111 12118 12121 13211 13225 13229 13235 
0
0
TOP
0
1
15
798 799 14963 14965 14980 14991 15057 15196 15198 15217 15223 15227 15229 15233 15234 
0
0
0
0
0
