0
1
0
Assembly-1
1
PART-1-1
PART-1
1
PART-1-1
14
-2147483647
0
48 1 16 5 0 1 0 -1 -1 13836 1 -1879048189 1 13836 
0
1
PART-1-1
14
-2147483647
0
48 1 16 5 0 1 0 -1 -1 25560 1 -1879048189 1 25560 
0
0
1
PART-1-1
1
FULLMESH
0
1
14
-2147483647
48 1 16 5 0 1 0 -1 -1 25560 1 -1879048189 1 25560 
0
0
0
0
1
PART-1-1
4
BOTTOM
0
1
15
1124 1125 8477 8622 8635 8647 8661 8670 9473 9481 9484 10249 10251 10252 10415 
0
0
LEFT
0
1
16
961 962 12616 13449 13451 13535 13564 13575 13593 13597 13602 13611 13614 13644 13656 13664 
0
0
RIGHT
0
1
16
1287 1288 12413 12416 12418 12422 12436 12444 12446 12459 12726 13017 13019 13020 13025 13406 
0
0
TOP
0
1
16
798 799 12823 12889 12901 12921 12932 13114 13123 13124 13323 13432 13440 13466 13504 13814 
0
0
0
0
0
