0
1
0
Assembly-1
1
PART-1-1
PART-1
1
PART-1-1
14
-2147483647
0
48 1 16 5 0 1 0 -1 -1 13346 1 -1879048189 1 13346 
0
1
PART-1-1
14
-2147483647
0
48 1 16 5 0 1 0 -1 -1 24736 1 -1879048189 1 24736 
0
0
1
PART-1-1
1
FULLMESH
0
1
14
-2147483647
48 1 16 5 0 1 0 -1 -1 24736 1 -1879048189 1 24736 
0
0
0
0
1
PART-1-1
4
BOTTOM
0
1
13
1124 1125 13098 13106 13118 13127 13129 13172 13176 13195 13197 13200 13334 
0
0
LEFT
0
1
12
961 962 12272 12273 12419 12534 12883 12891 12894 12987 13326 13327 
0
0
RIGHT
0
1
15
1287 1288 12392 12714 12733 12737 12742 12744 12940 12946 12952 12957 12964 12968 12974 
0
0
TOP
0
1
12
798 799 10908 11670 11672 11687 11697 11699 11702 11703 11987 11991 
0
0
0
0
0
