0
1
0
Assembly-1
1
PART-1-1
PART-1
1
PART-1-1
14
-2147483647
0
48 1 16 5 0 1 0 -1 -1 16102 1 -1879048189 1 16102 
0
1
PART-1-1
14
-2147483647
0
48 1 16 5 0 1 0 -1 -1 30040 1 -1879048189 1 30040 
0
0
1
PART-1-1
1
FULLMESH
0
1
14
-2147483647
48 1 16 5 0 1 0 -1 -1 30040 1 -1879048189 1 30040 
0
0
0
0
1
PART-1-1
4
BOTTOM
0
1
17
1124 1125 12272 13465 13491 13543 13548 13551 13953 13957 14306 14311 14314 14949 14951 14961 15553 
0
0
LEFT
0
1
17
961 962 14507 14519 14575 14576 14591 14625 14671 14701 15048 15079 15081 15091 15107 15126 15128 
0
0
RIGHT
0
1
17
1287 1288 14839 15221 15344 15348 15361 15395 15642 15646 15690 15691 15802 15858 15865 15877 15882 
0
0
TOP
0
1
17
798 799 14264 14912 15463 15466 15529 15548 15728 15729 15735 15739 15754 15848 15852 15853 16089 
0
0
0
0
0
