0
1
0
Assembly-1
1
PART-1-1
PART-1
1
PART-1-1
14
-2147483647
0
48 1 16 5 0 1 0 -1 -1 12721 1 -1879048189 1 12721 
0
1
PART-1-1
14
-2147483647
0
48 1 16 5 0 1 0 -1 -1 23436 1 -1879048189 1 23436 
0
0
1
PART-1-1
1
FULLMESH
0
1
14
-2147483647
48 1 16 5 0 1 0 -1 -1 23436 1 -1879048189 1 23436 
0
0
0
0
1
PART-1-1
4
BOTTOM
0
1
16
1124 1125 11261 11381 11382 11383 11523 11532 11535 11536 11543 11552 11659 11684 11686 11699 
0
0
LEFT
0
1
16
961 962 10324 10382 10405 10595 10597 10611 10613 10623 10633 10638 10649 10653 10763 10765 
0
0
RIGHT
0
1
16
1287 1288 11172 11186 11222 11446 11449 11453 11573 11588 11595 11605 11614 11623 11692 12720 
0
0
TOP
0
1
17
798 799 12449 12483 12492 12493 12611 12612 12614 12615 12626 12655 12668 12675 12684 12690 12703 
0
0
0
0
0
