0
1
0
Assembly-1
1
PART-1-1
PART-1
1
PART-1-1
14
-2147483647
0
48 1 16 5 0 1 0 -1 -1 21041 1 -1879048189 1 21041 
0
1
PART-1-1
14
-2147483647
0
48 1 16 5 0 1 0 -1 -1 39507 1 -1879048189 1 39507 
0
0
1
PART-1-1
1
FULLMESH
0
1
14
-2147483647
48 1 16 5 0 1 0 -1 -1 39507 1 -1879048189 1 39507 
0
0
0
0
1
PART-1-1
4
BOTTOM
0
1
12
1124 1125 19735 19767 19784 19811 19813 19928 19951 20024 20033 21014 
0
0
LEFT
0
1
14
961 962 19852 19968 20099 20107 20118 20120 20125 20129 20133 20146 20152 20154 
0
0
RIGHT
0
1
14
1287 1288 20860 20905 20938 20952 20958 20962 20967 20980 20991 20995 20999 21004 
0
0
TOP
0
1
14
798 799 18864 19119 19139 19311 19324 19327 19329 19462 19564 19571 19573 19653 
0
0
0
0
0
