0
1
0
Assembly-1
1
PART-1-1
PART-1
1
PART-1-1
14
-2147483647
0
48 1 16 5 0 1 0 -1 -1 20667 1 -1879048189 1 20667 
0
1
PART-1-1
14
-2147483647
0
48 1 16 5 0 1 0 -1 -1 38691 1 -1879048189 1 38691 
0
0
1
PART-1-1
1
FULLMESH
0
1
14
-2147483647
48 1 16 5 0 1 0 -1 -1 38691 1 -1879048189 1 38691 
0
0
0
0
1
PART-1-1
4
BOTTOM
0
1
14
1124 1125 17407 17748 17759 17760 17777 17803 18414 18419 18781 18794 18824 20656 
0
0
LEFT
0
1
17
961 962 19555 19932 19942 19949 19959 19966 19969 19977 19980 19982 19990 20016 20018 20023 20040 
0
0
RIGHT
0
1
17
1287 1288 15891 16536 16539 17123 17131 17146 17171 17177 17178 17184 17187 17195 17410 17418 17446 
0
0
TOP
0
1
15
798 799 18601 18689 18703 18708 19033 19035 19037 19039 19042 19047 19052 19058 19566 
0
0
0
0
0
