0
1
0
Assembly-1
1
PART-1-1
PART-1
1
PART-1-1
14
-2147483647
0
48 1 16 5 0 1 0 -1 -1 13626 1 -1879048189 1 13626 
0
1
PART-1-1
14
-2147483647
0
48 1 16 5 0 1 0 -1 -1 25241 1 -1879048189 1 25241 
0
0
1
PART-1-1
1
FULLMESH
0
1
14
-2147483647
48 1 16 5 0 1 0 -1 -1 25241 1 -1879048189 1 25241 
0
0
0
0
1
PART-1-1
4
BOTTOM
0
1
17
1124 1125 8093 8125 8148 8154 8165 9035 9047 9644 9658 9671 10220 10224 10234 10932 13616 
0
0
LEFT
0
1
17
961 962 13168 13275 13280 13288 13301 13317 13327 13331 13350 13397 13410 13424 13430 13517 13551 
0
0
RIGHT
0
1
17
1287 1288 11970 12045 12215 12231 12249 12259 12262 12318 12336 12345 12349 12359 12364 12395 12414 
0
0
TOP
0
1
17
798 799 11329 11601 11636 11650 11661 11706 11723 11834 11835 11841 11859 12033 12109 12111 12121 
0
0
0
0
0
