0
1
0
Assembly-1
1
PART-1-1
PART-1
1
PART-1-1
14
-2147483647
0
48 1 16 5 0 1 0 -1 -1 7466 1 -1879048189 1 7466 
0
1
PART-1-1
14
-2147483647
0
48 1 16 5 0 1 0 -1 -1 12890 1 -1879048189 1 12890 
0
0
1
PART-1-1
1
FULLMESH
0
1
14
-2147483647
48 1 16 5 0 1 0 -1 -1 12890 1 -1879048189 1 12890 
0
0
0
0
1
PART-1-1
4
BOTTOM
0
1
8
1124 1125 6478 6579 6597 6598 6622 6623 
0
0
LEFT
0
1
8
961 962 6343 6350 6351 6354 6355 6366 
0
0
RIGHT
0
1
8
1287 1288 6434 6540 6545 6549 6552 6612 
0
0
TOP
0
1
7
798 799 7373 7376 7394 7398 7399 
0
0
0
0
0
