0
1
0
Assembly-1
1
PART-1-1
PART-1
1
PART-1-1
14
-2147483647
0
48 1 16 5 0 1 0 -1 -1 12822 1 -1879048189 1 12822 
0
1
PART-1-1
14
-2147483647
0
48 1 16 5 0 1 0 -1 -1 23232 1 -1879048189 1 23232 
0
0
1
PART-1-1
1
FULLMESH
0
1
14
-2147483647
48 1 16 5 0 1 0 -1 -1 23232 1 -1879048189 1 23232 
0
0
0
0
1
PART-1-1
4
BOTTOM
0
1
5
1124 1125 12611 12619 12814 
0
0
LEFT
0
1
7
961 962 11118 11140 11145 11148 11153 
0
0
RIGHT
0
1
5
1287 1288 12766 12775 12793 
0
0
TOP
0
1
5
798 799 9530 9538 9539 
0
0
0
0
0
