0
1
0
Assembly-1
1
PART-1-1
PART-1
1
PART-1-1
14
-2147483647
0
48 1 16 5 0 1 0 -1 -1 12815 1 -1879048189 1 12815 
0
1
PART-1-1
14
-2147483647
0
48 1 16 5 0 1 0 -1 -1 23533 1 -1879048189 1 23533 
0
0
1
PART-1-1
1
FULLMESH
0
1
14
-2147483647
48 1 16 5 0 1 0 -1 -1 23533 1 -1879048189 1 23533 
0
0
0
0
1
PART-1-1
4
BOTTOM
0
1
13
1124 1125 11538 11585 11587 11599 11609 11618 12025 12178 12182 12184 12185 
0
0
LEFT
0
1
12
961 962 12076 12088 12093 12102 12106 12336 12359 12363 12390 12394 
0
0
RIGHT
0
1
12
1287 1288 10412 11154 11456 11461 11464 11465 11477 11480 11482 11501 
0
0
TOP
0
1
12
798 799 11910 11947 12275 12284 12285 12295 12383 12391 12401 12408 
0
0
0
0
0
