0
1
0
Assembly-1
1
PART-1-1
PART-1
1
PART-1-1
14
-2147483647
0
48 1 16 5 0 1 0 -1 -1 19951 1 -1879048189 1 19951 
0
1
PART-1-1
14
-2147483647
0
48 1 16 5 0 1 0 -1 -1 37692 1 -1879048189 1 37692 
0
0
1
PART-1-1
1
FULLMESH
0
1
14
-2147483647
48 1 16 5 0 1 0 -1 -1 37692 1 -1879048189 1 37692 
0
0
0
0
1
PART-1-1
4
BOTTOM
0
1
17
1124 1125 15596 15633 15744 15783 15797 17334 17338 17343 17354 17359 17372 17375 17379 17389 17399 
0
0
LEFT
0
1
17
961 962 19338 19350 19371 19378 19524 19596 19597 19640 19671 19705 19711 19712 19719 19742 19744 
0
0
RIGHT
0
1
17
1287 1288 18430 18847 18955 18973 18980 19139 19143 19152 19160 19168 19172 19251 19260 19269 19691 
0
0
TOP
0
1
17
798 799 16806 16827 16838 16859 16897 18741 19068 19076 19086 19221 19225 19230 19609 19723 19929 
0
0
0
0
0
