0
1
0
Assembly-1
1
PART-1-1
PART-1
1
PART-1-1
14
-2147483647
0
48 1 16 5 0 1 0 -1 -1 18343 1 -1879048189 1 18343 
0
1
PART-1-1
14
-2147483647
0
48 1 16 5 0 1 0 -1 -1 34652 1 -1879048189 1 34652 
0
0
1
PART-1-1
1
FULLMESH
0
1
14
-2147483647
48 1 16 5 0 1 0 -1 -1 34652 1 -1879048189 1 34652 
0
0
0
0
1
PART-1-1
4
BOTTOM
0
1
17
1124 1125 15078 16287 16333 16343 16363 16365 16367 16375 16388 16399 16401 16439 16442 17095 17554 
0
0
LEFT
0
1
17
961 962 15328 15377 15409 15416 15433 15456 15465 15467 15472 15475 15485 15500 16518 17134 17151 
0
0
RIGHT
0
1
16
1287 1288 16707 17297 17681 17955 17964 17968 17987 18114 18121 18127 18133 18141 18171 18328 
0
0
TOP
0
1
16
798 799 17409 17410 17459 17474 17491 17493 17506 17725 17728 17801 18053 18057 18076 18332 
0
0
0
0
0
