0
1
0
Assembly-1
1
PART-1-1
PART-1
1
PART-1-1
14
-2147483647
0
48 1 16 5 0 1 0 -1 -1 12532 1 -1879048189 1 12532 
0
1
PART-1-1
14
-2147483647
0
48 1 16 5 0 1 0 -1 -1 22923 1 -1879048189 1 22923 
0
0
1
PART-1-1
1
FULLMESH
0
1
14
-2147483647
48 1 16 5 0 1 0 -1 -1 22923 1 -1879048189 1 22923 
0
0
0
0
1
PART-1-1
4
BOTTOM
0
1
11
1124 1125 10342 10386 10752 10755 10757 10761 12451 12462 12474 
0
0
LEFT
0
1
14
961 962 11196 11256 11262 11265 11359 11527 11603 11619 11636 11640 11642 11647 
0
0
RIGHT
0
1
13
1287 1288 11449 11484 11486 11499 11500 11509 11512 11520 11545 11546 11573 
0
0
TOP
0
1
12
798 799 8806 8828 8835 8902 9256 9266 9271 9278 10179 10182 
0
0
0
0
0
