0
1
0
Assembly-1
1
PART-1-1
PART-1
1
PART-1-1
14
-2147483647
0
48 1 16 5 0 1 0 -1 -1 13340 1 -1879048189 1 13340 
0
1
PART-1-1
14
-2147483647
0
48 1 16 5 0 1 0 -1 -1 24677 1 -1879048189 1 24677 
0
0
1
PART-1-1
1
FULLMESH
0
1
14
-2147483647
48 1 16 5 0 1 0 -1 -1 24677 1 -1879048189 1 24677 
0
0
0
0
1
PART-1-1
4
BOTTOM
0
1
9
1124 1125 13028 13060 13063 13064 13066 13071 13092 
0
0
LEFT
0
1
9
961 962 11487 11542 11549 11553 11554 11561 11574 
0
0
RIGHT
0
1
9
1287 1288 12595 12606 12607 12627 12634 12639 12747 
0
0
TOP
0
1
9
798 799 13279 13286 13294 13295 13299 13306 13337 
0
0
0
0
0
