0
1
0
Assembly-1
1
PART-1-1
PART-1
1
PART-1-1
14
-2147483647
0
48 1 16 5 0 1 0 -1 -1 16700 1 -1879048189 1 16700 
0
1
PART-1-1
14
-2147483647
0
48 1 16 5 0 1 0 -1 -1 31374 1 -1879048189 1 31374 
0
0
1
PART-1-1
1
FULLMESH
0
1
14
-2147483647
48 1 16 5 0 1 0 -1 -1 31374 1 -1879048189 1 31374 
0
0
0
0
1
PART-1-1
4
BOTTOM
0
1
17
1124 1125 15050 15052 15447 15455 15819 15823 15853 15863 15866 15985 15988 15992 15993 16667 16674 
0
0
LEFT
0
1
17
961 962 14892 14905 15093 15284 15301 15313 15318 15325 15328 15344 15352 15353 15358 15527 15531 
0
0
RIGHT
0
1
16
1287 1288 16239 16269 16272 16318 16327 16341 16346 16352 16357 16414 16428 16442 16505 16691 
0
0
TOP
0
1
17
798 799 15393 15613 15623 15632 15672 15677 15678 15683 15691 15706 15709 15716 15753 15760 15762 
0
0
0
0
0
