0
1
0
Assembly-1
1
PART-1-1
PART-1
1
PART-1-1
14
-2147483647
0
48 1 16 5 0 1 0 -1 -1 9149 1 -1879048189 1 9149 
0
1
PART-1-1
14
-2147483647
0
48 1 16 5 0 1 0 -1 -1 16004 1 -1879048189 1 16004 
0
0
1
PART-1-1
1
FULLMESH
0
1
14
-2147483647
48 1 16 5 0 1 0 -1 -1 16004 1 -1879048189 1 16004 
0
0
0
0
1
PART-1-1
4
BOTTOM
0
1
6
1124 1125 6135 6147 6153 6158 
0
0
LEFT
0
1
8
961 962 8585 8592 8594 8601 8604 8632 
0
0
RIGHT
0
1
7
1287 1288 7228 7229 7245 7263 7272 
0
0
TOP
0
1
8
798 799 7308 7334 7343 7362 7381 8671 
0
0
0
0
0
