0
1
0
Assembly-1
1
PART-1-1
PART-1
1
PART-1-1
14
-2147483647
0
48 1 16 5 0 1 0 -1 -1 18002 1 -1879048189 1 18002 
0
1
PART-1-1
14
-2147483647
0
48 1 16 5 0 1 0 -1 -1 33513 1 -1879048189 1 33513 
0
0
1
PART-1-1
1
FULLMESH
0
1
14
-2147483647
48 1 16 5 0 1 0 -1 -1 33513 1 -1879048189 1 33513 
0
0
0
0
1
PART-1-1
4
BOTTOM
0
1
9
1124 1125 17734 17749 17766 17769 17771 17773 17775 
0
0
LEFT
0
1
8
961 962 17363 17470 17557 17606 17608 17688 
0
0
RIGHT
0
1
9
1287 1288 17641 17961 17969 17973 17976 17985 17988 
0
0
TOP
0
1
8
798 799 16716 16722 16730 16732 16738 16974 
0
0
0
0
0
