0
1
0
Assembly-1
1
PART-1-1
PART-1
1
PART-1-1
14
-2147483647
0
48 1 16 5 0 1 0 -1 -1 17526 1 -1879048189 1 17526 
0
1
PART-1-1
14
-2147483647
0
48 1 16 5 0 1 0 -1 -1 32605 1 -1879048189 1 32605 
0
0
1
PART-1-1
1
FULLMESH
0
1
14
-2147483647
48 1 16 5 0 1 0 -1 -1 32605 1 -1879048189 1 32605 
0
0
0
0
1
PART-1-1
4
BOTTOM
0
1
9
1124 1125 16470 16479 16510 16513 16560 16566 16574 
0
0
LEFT
0
1
7
961 962 14810 14843 14858 14861 14872 
0
0
RIGHT
0
1
8
1287 1288 17377 17397 17403 17405 17411 17522 
0
0
TOP
0
1
8
798 799 15674 15688 15689 15695 15704 15711 
0
0
0
0
0
