0
1
0
Assembly-1
1
PART-1-1
PART-1
1
PART-1-1
14
-2147483647
0
48 1 16 5 0 1 0 -1 -1 13413 1 -1879048189 1 13413 
0
1
PART-1-1
14
-2147483647
0
48 1 16 5 0 1 0 -1 -1 24254 1 -1879048189 1 24254 
0
0
1
PART-1-1
1
FULLMESH
0
1
14
-2147483647
48 1 16 5 0 1 0 -1 -1 24254 1 -1879048189 1 24254 
0
0
0
0
1
PART-1-1
4
BOTTOM
0
1
9
1124 1125 10229 10310 10324 10326 10385 10397 10403 
0
0
LEFT
0
1
10
961 962 11596 11604 11616 11653 11661 11664 11741 11743 
0
0
RIGHT
0
1
12
1287 1288 12469 12523 12524 12525 12537 12590 12591 12601 12634 12637 
0
0
TOP
0
1
9
798 799 10256 10259 10262 10273 10343 10354 10380 
0
0
0
0
0
