0
1
0
Assembly-1
1
PART-1-1
PART-1
1
PART-1-1
14
-2147483647
0
48 1 16 5 0 1 0 -1 -1 13207 1 -1879048189 1 13207 
0
1
PART-1-1
14
-2147483647
0
48 1 16 5 0 1 0 -1 -1 24323 1 -1879048189 1 24323 
0
0
1
PART-1-1
1
FULLMESH
0
1
14
-2147483647
48 1 16 5 0 1 0 -1 -1 24323 1 -1879048189 1 24323 
0
0
0
0
1
PART-1-1
4
BOTTOM
0
1
16
1124 1125 11822 12369 12375 12378 12389 12391 12525 12527 12529 12632 12634 12636 12641 12648 
0
0
LEFT
0
1
14
961 962 11549 11614 11639 11652 11658 12444 12445 12459 12470 12476 12581 12591 
0
0
RIGHT
0
1
16
1287 1288 12886 13034 13037 13041 13092 13100 13111 13113 13117 13129 13130 13133 13141 13146 
0
0
TOP
0
1
14
798 799 12311 12507 12698 12711 12720 12736 12765 12789 12815 12816 12823 12916 
0
0
0
0
0
