0
1
0
Assembly-1
1
PART-1-1
PART-1
1
PART-1-1
14
-2147483647
0
48 1 16 5 0 1 0 -1 -1 14345 1 -1879048189 1 14345 
0
1
PART-1-1
14
-2147483647
0
48 1 16 5 0 1 0 -1 -1 25986 1 -1879048189 1 25986 
0
0
1
PART-1-1
1
FULLMESH
0
1
14
-2147483647
48 1 16 5 0 1 0 -1 -1 25986 1 -1879048189 1 25986 
0
0
0
0
1
PART-1-1
4
BOTTOM
0
1
10
1124 1125 11988 12251 12255 12283 12552 12766 12799 12912 
0
0
LEFT
0
1
11
961 962 12596 12658 12667 12676 12682 12722 12803 12812 12919 
0
0
RIGHT
0
1
11
1287 1288 12828 12837 12839 12854 12863 12870 12873 12906 12931 
0
0
TOP
0
1
9
798 799 10169 10374 10391 10397 10405 10426 10970 
0
0
0
0
0
