0
1
0
Assembly-1
1
PART-1-1
PART-1
1
PART-1-1
14
-2147483647
0
48 1 16 5 0 1 0 -1 -1 10424 1 -1879048189 1 10424 
0
1
PART-1-1
14
-2147483647
0
48 1 16 5 0 1 0 -1 -1 18899 1 -1879048189 1 18899 
0
0
1
PART-1-1
1
FULLMESH
0
1
14
-2147483647
48 1 16 5 0 1 0 -1 -1 18899 1 -1879048189 1 18899 
0
0
0
0
1
PART-1-1
4
BOTTOM
0
1
9
1124 1125 8734 8751 8761 8781 8785 8798 8915 
0
0
LEFT
0
1
10
961 962 9100 9461 9556 9569 9572 9586 9596 9602 
0
0
RIGHT
0
1
9
1287 1288 10223 10251 10280 10301 10347 10352 10421 
0
0
TOP
0
1
11
798 799 9156 9195 9205 9212 9215 9386 9394 9474 10399 
0
0
0
0
0
