0
1
0
Assembly-1
1
PART-1-1
PART-1
1
PART-1-1
14
-2147483647
0
48 1 16 5 0 1 0 -1 -1 18056 1 -1879048189 1 18056 
0
1
PART-1-1
14
-2147483647
0
48 1 16 5 0 1 0 -1 -1 33629 1 -1879048189 1 33629 
0
0
1
PART-1-1
1
FULLMESH
0
1
14
-2147483647
48 1 16 5 0 1 0 -1 -1 33629 1 -1879048189 1 33629 
0
0
0
0
1
PART-1-1
4
BOTTOM
0
1
15
1124 1125 15326 15380 15382 15416 15429 15430 15461 15473 15476 15479 15482 15484 15883 
0
0
LEFT
0
1
13
961 962 15716 15721 15729 15741 15746 15749 15959 15963 15969 15976 15986 
0
0
RIGHT
0
1
14
1287 1288 16585 16632 16636 16638 16646 16677 16681 16703 16707 16714 16725 16731 
0
0
TOP
0
1
14
798 799 17597 17683 17747 17774 17793 17796 17843 17844 17854 17861 17891 17897 
0
0
0
0
0
