0
1
0
Assembly-1
1
PART-1-1
PART-1
1
PART-1-1
14
-2147483647
0
48 1 16 5 0 1 0 -1 -1 16237 1 -1879048189 1 16237 
0
1
PART-1-1
14
-2147483647
0
48 1 16 5 0 1 0 -1 -1 30466 1 -1879048189 1 30466 
0
0
1
PART-1-1
1
FULLMESH
0
1
14
-2147483647
48 1 16 5 0 1 0 -1 -1 30466 1 -1879048189 1 30466 
0
0
0
0
1
PART-1-1
4
BOTTOM
0
1
17
1124 1125 14571 14598 14632 14649 14650 14668 15010 15511 16070 16087 16095 16097 16123 16148 16221 
0
0
LEFT
0
1
17
961 962 15346 15380 15416 15417 15766 15787 15789 15825 15896 16019 16020 16028 16036 16040 16140 
0
0
RIGHT
0
1
17
1287 1288 14748 15056 15061 15063 15069 15576 15577 15578 15590 15595 15608 15613 15655 15659 15670 
0
0
TOP
0
1
17
798 799 14326 14885 14888 15119 15140 15157 15165 15170 15178 15194 15686 15694 15712 15722 15726 
0
0
0
0
0
