0
1
0
Assembly-1
1
PART-1-1
PART-1
1
PART-1-1
14
-2147483647
0
48 1 16 5 0 1 0 -1 -1 11462 1 -1879048189 1 11462 
0
1
PART-1-1
14
-2147483647
0
48 1 16 5 0 1 0 -1 -1 21015 1 -1879048189 1 21015 
0
0
1
PART-1-1
1
FULLMESH
0
1
14
-2147483647
48 1 16 5 0 1 0 -1 -1 21015 1 -1879048189 1 21015 
0
0
0
0
1
PART-1-1
4
BOTTOM
0
1
17
1124 1125 9672 9690 10029 10034 10038 10267 10296 10303 10323 10328 10607 10612 10613 10626 10634 
0
0
LEFT
0
1
16
961 962 10511 10757 10814 10959 10971 10980 10982 10983 11180 11181 11182 11194 11280 11285 
0
0
RIGHT
0
1
16
1287 1288 10099 11240 11247 11264 11267 11297 11310 11312 11332 11339 11355 11364 11392 11406 
0
0
TOP
0
1
17
798 799 10361 10684 10698 10699 10702 10876 10892 11026 11034 11038 11053 11054 11055 11075 11078 
0
0
0
0
0
