0
1
0
Assembly-1
1
PART-1-1
PART-1
1
PART-1-1
14
-2147483647
0
48 1 16 5 0 1 0 -1 -1 15684 1 -1879048189 1 15684 
0
1
PART-1-1
14
-2147483647
0
48 1 16 5 0 1 0 -1 -1 29073 1 -1879048189 1 29073 
0
0
1
PART-1-1
1
FULLMESH
0
1
14
-2147483647
48 1 16 5 0 1 0 -1 -1 29073 1 -1879048189 1 29073 
0
0
0
0
1
PART-1-1
4
BOTTOM
0
1
16
1124 1125 12165 12179 12204 12213 12214 12222 12223 12290 12330 12333 12640 13104 13108 13241 
0
0
LEFT
0
1
17
961 962 11092 12360 12914 12940 12949 12951 12972 12974 13125 13135 13388 13402 13404 13409 13417 
0
0
RIGHT
0
1
17
1287 1288 12729 12794 13001 13025 13029 13030 13033 13043 13154 13159 13170 13174 13189 13276 13281 
0
0
TOP
0
1
17
798 799 14055 14063 14108 14153 14183 14252 14254 14290 14293 14295 14306 14307 14313 14320 14327 
0
0
0
0
0
