0
1
0
Assembly-1
1
PART-1-1
PART-1
1
PART-1-1
14
-2147483647
0
48 1 16 5 0 1 0 -1 -1 14728 1 -1879048189 1 14728 
0
1
PART-1-1
14
-2147483647
0
48 1 16 5 0 1 0 -1 -1 27412 1 -1879048189 1 27412 
0
0
1
PART-1-1
1
FULLMESH
0
1
14
-2147483647
48 1 16 5 0 1 0 -1 -1 27412 1 -1879048189 1 27412 
0
0
0
0
1
PART-1-1
4
BOTTOM
0
1
10
1124 1125 11511 11515 11547 11551 11589 11597 11604 11611 
0
0
LEFT
0
1
9
961 962 14511 14662 14669 14677 14680 14687 14712 
0
0
RIGHT
0
1
9
1287 1288 13982 14008 14038 14042 14080 14131 14134 
0
0
TOP
0
1
9
798 799 12975 12977 12979 13014 13030 13070 13077 
0
0
0
0
0
