0
1
0
Assembly-1
1
PART-1-1
PART-1
1
PART-1-1
14
-2147483647
0
48 1 16 5 0 1 0 -1 -1 20586 1 -1879048189 1 20586 
0
1
PART-1-1
14
-2147483647
0
48 1 16 5 0 1 0 -1 -1 38618 1 -1879048189 1 38618 
0
0
1
PART-1-1
1
FULLMESH
0
1
14
-2147483647
48 1 16 5 0 1 0 -1 -1 38618 1 -1879048189 1 38618 
0
0
0
0
1
PART-1-1
4
BOTTOM
0
1
17
1124 1125 18918 18957 18962 18995 19011 19012 19027 19372 19377 19378 19382 19384 19637 19644 19865 
0
0
LEFT
0
1
16
961 962 18541 18635 18645 18653 18662 18677 18679 18683 18687 18698 18699 18704 18718 20565 
0
0
RIGHT
0
1
14
1287 1288 19781 19819 19831 19839 19909 19917 19966 19979 19990 20004 20010 20012 
0
0
TOP
0
1
16
798 799 16936 17741 17790 17805 17818 17833 17840 17844 17937 17940 17942 17951 18166 18389 
0
0
0
0
0
