0
1
0
Assembly-1
1
PART-1-1
PART-1
1
PART-1-1
14
-2147483647
0
48 1 16 5 0 1 0 -1 -1 15193 1 -1879048189 1 15193 
0
1
PART-1-1
14
-2147483647
0
48 1 16 5 0 1 0 -1 -1 28320 1 -1879048189 1 28320 
0
0
1
PART-1-1
1
FULLMESH
0
1
14
-2147483647
48 1 16 5 0 1 0 -1 -1 28320 1 -1879048189 1 28320 
0
0
0
0
1
PART-1-1
4
BOTTOM
0
1
17
1124 1125 10857 11307 11345 11348 11359 11382 11411 11423 11431 11441 11937 11941 11948 11993 12910 
0
0
LEFT
0
1
17
961 962 13320 13580 13586 13631 13746 13751 13769 13779 13795 13801 13804 13923 13926 14226 15187 
0
0
RIGHT
0
1
17
1287 1288 12412 12519 12535 12540 12541 12546 12548 12576 13088 13095 13486 13502 13513 13675 13676 
0
0
TOP
0
1
17
798 799 14543 14613 14665 14667 14687 14744 14759 14763 14769 14770 14774 14784 14788 14795 15181 
0
0
0
0
0
