0
1
0
Assembly-1
1
PART-1-1
PART-1
1
PART-1-1
14
-2147483647
0
48 1 16 5 0 1 0 -1 -1 12570 1 -1879048189 1 12570 
0
1
PART-1-1
14
-2147483647
0
48 1 16 5 0 1 0 -1 -1 22984 1 -1879048189 1 22984 
0
0
1
PART-1-1
1
FULLMESH
0
1
14
-2147483647
48 1 16 5 0 1 0 -1 -1 22984 1 -1879048189 1 22984 
0
0
0
0
1
PART-1-1
4
BOTTOM
0
1
17
1124 1125 7596 7600 7739 7804 7824 7826 7867 7873 7887 7891 7899 7900 7911 7997 8019 
0
0
LEFT
0
1
17
961 962 5475 5546 5548 5549 5569 5595 5637 5732 5733 5742 5744 5748 5807 5828 5838 
0
0
RIGHT
0
1
17
1287 1288 9810 9865 9881 9888 9894 9899 9904 10127 10135 10144 10161 10244 10246 10247 10249 
0
0
TOP
0
1
17
798 799 11977 11999 12035 12199 12216 12228 12239 12246 12404 12412 12454 12514 12533 12542 12548 
0
0
0
0
0
