0
1
0
Assembly-1
1
PART-1-1
PART-1
1
PART-1-1
14
-2147483647
0
48 1 16 5 0 1 0 -1 -1 15666 1 -1879048189 1 15666 
0
1
PART-1-1
14
-2147483647
0
48 1 16 5 0 1 0 -1 -1 28927 1 -1879048189 1 28927 
0
0
1
PART-1-1
1
FULLMESH
0
1
14
-2147483647
48 1 16 5 0 1 0 -1 -1 28927 1 -1879048189 1 28927 
0
0
0
0
1
PART-1-1
4
BOTTOM
0
1
17
1124 1125 10537 10571 10580 10607 10668 10678 10709 10713 10730 10733 10740 11097 11237 11507 11516 
0
0
LEFT
0
1
16
961 962 9632 10124 10139 10152 10154 10166 10170 10179 10185 10449 10472 11082 11085 15446 
0
0
RIGHT
0
1
17
1287 1288 11523 11555 11600 11616 11619 11627 11630 11631 11640 11645 11666 11716 11723 11737 11742 
0
0
TOP
0
1
16
798 799 14924 15022 15023 15241 15242 15249 15256 15270 15271 15274 15280 15291 15330 15368 
0
0
0
0
0
