0
1
0
Assembly-1
1
PART-1-1
PART-1
1
PART-1-1
14
-2147483647
0
48 1 16 5 0 1 0 -1 -1 16202 1 -1879048189 1 16202 
0
1
PART-1-1
14
-2147483647
0
48 1 16 5 0 1 0 -1 -1 30147 1 -1879048189 1 30147 
0
0
1
PART-1-1
1
FULLMESH
0
1
14
-2147483647
48 1 16 5 0 1 0 -1 -1 30147 1 -1879048189 1 30147 
0
0
0
0
1
PART-1-1
4
BOTTOM
0
1
9
1124 1125 14341 14351 14355 14367 14407 14455 14462 
0
0
LEFT
0
1
9
961 962 15168 15221 15247 15251 15255 15268 16190 
0
0
RIGHT
0
1
9
1287 1288 16003 16047 16049 16058 16127 16135 16141 
0
0
TOP
0
1
9
798 799 14247 14266 14271 14289 14290 14301 14371 
0
0
0
0
0
