0
1
0
Assembly-1
1
PART-1-1
PART-1
1
PART-1-1
14
-2147483647
0
48 1 16 5 0 1 0 -1 -1 15923 1 -1879048189 1 15923 
0
1
PART-1-1
14
-2147483647
0
48 1 16 5 0 1 0 -1 -1 29238 1 -1879048189 1 29238 
0
0
1
PART-1-1
1
FULLMESH
0
1
14
-2147483647
48 1 16 5 0 1 0 -1 -1 29238 1 -1879048189 1 29238 
0
0
0
0
1
PART-1-1
4
BOTTOM
0
1
16
1124 1125 14461 14531 14554 14563 14602 14612 14629 14644 14646 14647 14654 14671 14686 14707 
0
0
LEFT
0
1
17
961 962 12347 12402 12411 12748 12749 12752 12755 12772 12782 12789 12791 13323 13523 13524 15747 
0
0
RIGHT
0
1
15
1287 1288 12657 13034 13073 13088 13381 13385 13397 13429 13430 13565 13582 13583 13605 
0
0
TOP
0
1
17
798 799 11448 11690 11708 11711 11714 11731 12124 12848 12858 12860 12872 12887 12910 13328 13532 
0
0
0
0
0
