0
1
0
Assembly-1
1
PART-1-1
PART-1
1
PART-1-1
14
-2147483647
0
48 1 16 5 0 1 0 -1 -1 15290 1 -1879048189 1 15290 
0
1
PART-1-1
14
-2147483647
0
48 1 16 5 0 1 0 -1 -1 27816 1 -1879048189 1 27816 
0
0
1
PART-1-1
1
FULLMESH
0
1
14
-2147483647
48 1 16 5 0 1 0 -1 -1 27816 1 -1879048189 1 27816 
0
0
0
0
1
PART-1-1
4
BOTTOM
0
1
6
1124 1125 11528 11667 11669 14787 
0
0
LEFT
0
1
9
961 962 14843 14886 14890 14891 14897 14907 14922 
0
0
RIGHT
0
1
5
1287 1288 14974 15006 15009 
0
0
TOP
0
1
5
798 799 15225 15233 15248 
0
0
0
0
0
