0
1
0
Assembly-1
1
PART-1-1
PART-1
1
PART-1-1
14
-2147483647
0
48 1 16 5 0 1 0 -1 -1 10229 1 -1879048189 1 10229 
0
1
PART-1-1
14
-2147483647
0
48 1 16 5 0 1 0 -1 -1 18042 1 -1879048189 1 18042 
0
0
1
PART-1-1
1
FULLMESH
0
1
14
-2147483647
48 1 16 5 0 1 0 -1 -1 18042 1 -1879048189 1 18042 
0
0
0
0
1
PART-1-1
4
BOTTOM
0
1
7
1124 1125 9408 9420 9422 9426 9432 
0
0
LEFT
0
1
6
961 962 9239 9244 9255 9269 
0
0
RIGHT
0
1
6
1287 1288 10199 10207 10217 10220 
0
0
TOP
0
1
5
798 799 7128 7186 7198 
0
0
0
0
0
