0
1
0
Assembly-1
1
PART-1-1
PART-1
1
PART-1-1
14
-2147483647
0
48 1 16 5 0 1 0 -1 -1 14117 1 -1879048189 1 14117 
0
1
PART-1-1
14
-2147483647
0
48 1 16 5 0 1 0 -1 -1 25530 1 -1879048189 1 25530 
0
0
1
PART-1-1
1
FULLMESH
0
1
14
-2147483647
48 1 16 5 0 1 0 -1 -1 25530 1 -1879048189 1 25530 
0
0
0
0
1
PART-1-1
4
BOTTOM
0
1
9
1124 1125 13971 13978 13986 13987 14029 14030 14042 
0
0
LEFT
0
1
7
961 962 13589 13596 13608 13642 13664 
0
0
RIGHT
0
1
8
1287 1288 11228 11252 11259 11271 11273 11274 
0
0
TOP
0
1
7
798 799 10970 10974 10979 11014 11043 
0
0
0
0
0
