0
1
0
Assembly-1
1
PART-1-1
PART-1
1
PART-1-1
14
-2147483647
0
48 1 16 5 0 1 0 -1 -1 13685 1 -1879048189 1 13685 
0
1
PART-1-1
14
-2147483647
0
48 1 16 5 0 1 0 -1 -1 25224 1 -1879048189 1 25224 
0
0
1
PART-1-1
1
FULLMESH
0
1
14
-2147483647
48 1 16 5 0 1 0 -1 -1 25224 1 -1879048189 1 25224 
0
0
0
0
1
PART-1-1
4
BOTTOM
0
1
17
1124 1125 12850 12904 12912 12928 12930 12932 12951 12961 13016 13030 13033 13051 13052 13058 13195 
0
0
LEFT
0
1
17
961 962 10093 11095 11102 11114 11513 11515 11526 11854 11855 11866 11873 12198 12201 12205 12211 
0
0
RIGHT
0
1
17
1287 1288 9971 10458 10465 10481 10485 11034 11490 12165 12184 12186 12195 12197 12331 13517 13533 
0
0
TOP
0
1
14
798 799 11629 11950 11957 11975 11980 11985 11990 11998 12001 12003 12257 13560 
0
0
0
0
0
