0
1
0
Assembly-1
1
PART-1-1
PART-1
1
PART-1-1
14
-2147483647
0
48 1 16 5 0 1 0 -1 -1 15536 1 -1879048189 1 15536 
0
1
PART-1-1
14
-2147483647
0
48 1 16 5 0 1 0 -1 -1 29025 1 -1879048189 1 29025 
0
0
1
PART-1-1
1
FULLMESH
0
1
14
-2147483647
48 1 16 5 0 1 0 -1 -1 29025 1 -1879048189 1 29025 
0
0
0
0
1
PART-1-1
4
BOTTOM
0
1
12
1124 1125 14997 15007 15171 15177 15185 15188 15259 15298 15527 15531 
0
0
LEFT
0
1
10
961 962 14956 14963 15152 15157 15282 15287 15314 15322 
0
0
RIGHT
0
1
11
1287 1288 14817 14837 14843 14855 14857 14860 14862 15048 15125 
0
0
TOP
0
1
10
798 799 14506 14521 14523 14524 14547 14549 14711 14716 
0
0
0
0
0
