0
1
0
Assembly-1
1
PART-1-1
PART-1
1
PART-1-1
14
-2147483647
0
48 1 16 5 0 1 0 -1 -1 16310 1 -1879048189 1 16310 
0
1
PART-1-1
14
-2147483647
0
48 1 16 5 0 1 0 -1 -1 30219 1 -1879048189 1 30219 
0
0
1
PART-1-1
1
FULLMESH
0
1
14
-2147483647
48 1 16 5 0 1 0 -1 -1 30219 1 -1879048189 1 30219 
0
0
0
0
1
PART-1-1
4
BOTTOM
0
1
9
1124 1125 13379 13388 13660 13661 13666 14291 16294 
0
0
LEFT
0
1
9
961 962 14695 14927 15086 15087 15088 15095 15194 
0
0
RIGHT
0
1
9
1287 1288 14671 14678 14679 15054 15065 15153 15174 
0
0
TOP
0
1
9
798 799 10684 10704 10707 11301 11303 12148 12149 
0
0
0
0
0
