0
1
0
Assembly-1
1
PART-1-1
PART-1
1
PART-1-1
14
-2147483647
0
48 1 16 5 0 1 0 -1 -1 15498 1 -1879048189 1 15498 
0
1
PART-1-1
14
-2147483647
0
48 1 16 5 0 1 0 -1 -1 28232 1 -1879048189 1 28232 
0
0
1
PART-1-1
1
FULLMESH
0
1
14
-2147483647
48 1 16 5 0 1 0 -1 -1 28232 1 -1879048189 1 28232 
0
0
0
0
1
PART-1-1
4
BOTTOM
0
1
15
1124 1125 12213 12294 12334 12360 12361 12363 12371 12386 12394 12397 12407 12782 12785 
0
0
LEFT
0
1
16
961 962 9470 9532 9555 9557 9594 9597 9642 9647 9653 10144 10147 10161 11052 11061 
0
0
RIGHT
0
1
15
1287 1288 11327 11385 11473 11567 11579 11582 11592 11597 11598 11605 11616 11625 11636 
0
0
TOP
0
1
16
798 799 9303 9874 9877 9896 9898 9905 9926 9945 9952 9955 10255 10713 10714 13218 
0
0
0
0
0
