0
1
0
Assembly-1
1
PART-1-1
PART-1
1
PART-1-1
14
-2147483647
0
48 1 16 5 0 1 0 -1 -1 10097 1 -1879048189 1 10097 
0
1
PART-1-1
14
-2147483647
0
48 1 16 5 0 1 0 -1 -1 18175 1 -1879048189 1 18175 
0
0
1
PART-1-1
1
FULLMESH
0
1
14
-2147483647
48 1 16 5 0 1 0 -1 -1 18175 1 -1879048189 1 18175 
0
0
0
0
1
PART-1-1
4
BOTTOM
0
1
9
1124 1125 9605 9625 9663 9670 9682 9684 9691 
0
0
LEFT
0
1
9
961 962 9462 9479 9480 9487 9489 9589 9678 
0
0
RIGHT
0
1
9
1287 1288 9085 9321 9339 9356 9364 9420 9425 
0
0
TOP
0
1
9
798 799 9970 9998 10000 10010 10036 10037 10038 
0
0
0
0
0
