0
1
0
Assembly-1
1
PART-1-1
PART-1
1
PART-1-1
14
-2147483647
0
48 1 16 5 0 1 0 -1 -1 11950 1 -1879048189 1 11950 
0
1
PART-1-1
14
-2147483647
0
48 1 16 5 0 1 0 -1 -1 21835 1 -1879048189 1 21835 
0
0
1
PART-1-1
1
FULLMESH
0
1
14
-2147483647
48 1 16 5 0 1 0 -1 -1 21835 1 -1879048189 1 21835 
0
0
0
0
1
PART-1-1
4
BOTTOM
0
1
14
1124 1125 7699 7721 7821 7822 8474 8478 8480 8489 8492 8842 8845 11920 
0
0
LEFT
0
1
15
961 962 9894 9929 9941 9954 9956 9959 9963 10693 10713 10714 10718 11079 11939 
0
0
RIGHT
0
1
14
1287 1288 11628 11692 11694 11716 11719 11724 11754 11763 11785 11797 11804 11948 
0
0
TOP
0
1
16
798 799 10813 10852 10921 10952 10967 10970 10989 10993 10999 11000 11006 11107 11108 11112 
0
0
0
0
0
