0
1
0
Assembly-1
1
PART-1-1
PART-1
1
PART-1-1
14
-2147483647
0
48 1 16 5 0 1 0 -1 -1 14535 1 -1879048189 1 14535 
0
1
PART-1-1
14
-2147483647
0
48 1 16 5 0 1 0 -1 -1 26864 1 -1879048189 1 26864 
0
0
1
PART-1-1
1
FULLMESH
0
1
14
-2147483647
48 1 16 5 0 1 0 -1 -1 26864 1 -1879048189 1 26864 
0
0
0
0
1
PART-1-1
4
BOTTOM
0
1
9
1124 1125 13835 13840 13852 13972 14166 14175 14183 
0
0
LEFT
0
1
9
961 962 14309 14324 14327 14330 14334 14373 14419 
0
0
RIGHT
0
1
9
1287 1288 13413 13477 13478 13487 13493 13494 13518 
0
0
TOP
0
1
10
798 799 13943 13952 14152 14163 14164 14221 14227 14230 
0
0
0
0
0
