0
1
0
Assembly-1
1
PART-1-1
PART-1
1
PART-1-1
14
-2147483647
0
48 1 16 5 0 1 0 -1 -1 14065 1 -1879048189 1 14065 
0
1
PART-1-1
14
-2147483647
0
48 1 16 5 0 1 0 -1 -1 26192 1 -1879048189 1 26192 
0
0
1
PART-1-1
1
FULLMESH
0
1
14
-2147483647
48 1 16 5 0 1 0 -1 -1 26192 1 -1879048189 1 26192 
0
0
0
0
1
PART-1-1
4
BOTTOM
0
1
17
1124 1125 13177 13293 13316 13319 13322 13331 13359 13364 13541 13547 13668 13676 13678 13822 13826 
0
0
LEFT
0
1
17
961 962 10076 10104 10533 10558 10566 10915 10917 10918 10929 10938 10953 11474 11480 11846 12492 
0
0
RIGHT
0
1
17
1287 1288 11224 11938 11957 11970 11979 11981 12523 12555 13109 13113 13117 13120 13641 13653 13655 
0
0
TOP
0
1
17
798 799 13609 13752 13756 13762 13869 13882 13906 13914 13928 13942 13969 13970 13973 13976 13979 
0
0
0
0
0
