0
1
0
Assembly-1
1
PART-1-1
PART-1
1
PART-1-1
14
-2147483647
0
48 1 16 5 0 1 0 -1 -1 15578 1 -1879048189 1 15578 
0
1
PART-1-1
14
-2147483647
0
48 1 16 5 0 1 0 -1 -1 28679 1 -1879048189 1 28679 
0
0
1
PART-1-1
1
FULLMESH
0
1
14
-2147483647
48 1 16 5 0 1 0 -1 -1 28679 1 -1879048189 1 28679 
0
0
0
0
1
PART-1-1
4
BOTTOM
0
1
9
1124 1125 14270 14332 14340 14341 14354 15204 15206 
0
0
LEFT
0
1
8
961 962 14189 14237 14318 14363 14372 14379 
0
0
RIGHT
0
1
9
1287 1288 15469 15500 15504 15505 15510 15524 15525 
0
0
TOP
0
1
8
798 799 13450 13547 13552 13558 13702 13706 
0
0
0
0
0
