0
1
0
Assembly-1
1
PART-1-1
PART-1
1
PART-1-1
14
-2147483647
0
48 1 16 5 0 1 0 -1 -1 16727 1 -1879048189 1 16727 
0
1
PART-1-1
14
-2147483647
0
48 1 16 5 0 1 0 -1 -1 31219 1 -1879048189 1 31219 
0
0
1
PART-1-1
1
FULLMESH
0
1
14
-2147483647
48 1 16 5 0 1 0 -1 -1 31219 1 -1879048189 1 31219 
0
0
0
0
1
PART-1-1
4
BOTTOM
0
1
9
1124 1125 16621 16650 16657 16658 16670 16692 16700 
0
0
LEFT
0
1
10
961 962 13637 14061 14062 14064 14071 14092 14379 14849 
0
0
RIGHT
0
1
9
1287 1288 15826 15842 15860 15876 15877 15882 15908 
0
0
TOP
0
1
9
798 799 15453 15456 15465 15492 15493 15496 15941 
0
0
0
0
0
