0
1
0
Assembly-1
1
PART-1-1
PART-1
1
PART-1-1
14
-2147483647
0
48 1 16 5 0 1 0 -1 -1 11647 1 -1879048189 1 11647 
0
1
PART-1-1
14
-2147483647
0
48 1 16 5 0 1 0 -1 -1 20620 1 -1879048189 1 20620 
0
0
1
PART-1-1
1
FULLMESH
0
1
14
-2147483647
48 1 16 5 0 1 0 -1 -1 20620 1 -1879048189 1 20620 
0
0
0
0
1
PART-1-1
4
BOTTOM
0
1
10
1124 1125 8193 8259 8421 8427 8432 8464 8469 8479 
0
0
LEFT
0
1
12
961 962 7962 8106 8343 8371 8450 8783 8824 8828 8834 8890 
0
0
RIGHT
0
1
14
1287 1288 8760 8858 8871 8874 8882 8883 8899 8905 8907 8917 8920 9705 
0
0
TOP
0
1
12
798 799 5057 5210 5301 5302 5307 5317 5319 5327 5469 5665 
0
0
0
0
0
