0
1
0
Assembly-1
1
PART-1-1
PART-1
1
PART-1-1
14
-2147483647
0
48 1 16 5 0 1 0 -1 -1 13186 1 -1879048189 1 13186 
0
1
PART-1-1
14
-2147483647
0
48 1 16 5 0 1 0 -1 -1 23996 1 -1879048189 1 23996 
0
0
1
PART-1-1
1
FULLMESH
0
1
14
-2147483647
48 1 16 5 0 1 0 -1 -1 23996 1 -1879048189 1 23996 
0
0
0
0
1
PART-1-1
4
BOTTOM
0
1
9
1124 1125 11934 11936 11991 12001 12009 12011 12109 
0
0
LEFT
0
1
11
961 962 11808 11820 11842 12086 12279 12284 12291 12295 12297 
0
0
RIGHT
0
1
10
1287 1288 12938 12960 12970 12976 12981 12991 12994 13013 
0
0
TOP
0
1
11
798 799 12578 12586 12603 12605 12610 12616 12621 12678 12683 
0
0
0
0
0
