0
1
0
Assembly-1
1
PART-1-1
PART-1
1
PART-1-1
14
-2147483647
0
48 1 16 5 0 1 0 -1 -1 15080 1 -1879048189 1 15080 
0
1
PART-1-1
14
-2147483647
0
48 1 16 5 0 1 0 -1 -1 28208 1 -1879048189 1 28208 
0
0
1
PART-1-1
1
FULLMESH
0
1
14
-2147483647
48 1 16 5 0 1 0 -1 -1 28208 1 -1879048189 1 28208 
0
0
0
0
1
PART-1-1
4
BOTTOM
0
1
15
1124 1125 14522 14813 14814 14870 14892 14894 14897 14900 14904 14943 14944 14947 14971 
0
0
LEFT
0
1
17
961 962 12862 13282 13289 13300 13318 13327 13637 13646 13668 13771 13776 13780 13790 13801 13823 
0
0
RIGHT
0
1
17
1287 1288 13884 14082 14178 14179 14180 14184 14201 14202 14213 14321 14455 14592 14593 15064 15066 
0
0
TOP
0
1
13
798 799 13590 13620 14000 14363 14370 14534 14542 14543 14841 14926 14952 
0
0
0
0
0
