0
1
0
Assembly-1
1
PART-1-1
PART-1
1
PART-1-1
14
-2147483647
0
48 1 16 5 0 1 0 -1 -1 9669 1 -1879048189 1 9669 
0
1
PART-1-1
14
-2147483647
0
48 1 16 5 0 1 0 -1 -1 17237 1 -1879048189 1 17237 
0
0
1
PART-1-1
1
FULLMESH
0
1
14
-2147483647
48 1 16 5 0 1 0 -1 -1 17237 1 -1879048189 1 17237 
0
0
0
0
1
PART-1-1
4
BOTTOM
0
1
9
1124 1125 8951 8955 8962 8971 8977 8980 8982 
0
0
LEFT
0
1
9
961 962 7715 7731 7747 7750 7751 7753 7761 
0
0
RIGHT
0
1
8
1287 1288 7589 7594 7606 7608 7610 7613 
0
0
TOP
0
1
8
798 799 9582 9583 9585 9599 9604 9636 
0
0
0
0
0
