0
1
0
Assembly-1
1
PART-1-1
PART-1
1
PART-1-1
14
-2147483647
0
48 1 16 5 0 1 0 -1 -1 14939 1 -1879048189 1 14939 
0
1
PART-1-1
14
-2147483647
0
48 1 16 5 0 1 0 -1 -1 27681 1 -1879048189 1 27681 
0
0
1
PART-1-1
1
FULLMESH
0
1
14
-2147483647
48 1 16 5 0 1 0 -1 -1 27681 1 -1879048189 1 27681 
0
0
0
0
1
PART-1-1
4
BOTTOM
0
1
9
1124 1125 14819 14825 14841 14858 14864 14866 14904 
0
0
LEFT
0
1
9
961 962 14155 14171 14188 14210 14215 14230 14232 
0
0
RIGHT
0
1
8
1287 1288 13375 13550 13644 13651 13701 13703 
0
0
TOP
0
1
9
798 799 13429 13430 13464 13471 13581 13590 13591 
0
0
0
0
0
