0
1
0
Assembly-1
1
PART-1-1
PART-1
1
PART-1-1
14
-2147483647
0
48 1 16 5 0 1 0 -1 -1 18168 1 -1879048189 1 18168 
0
1
PART-1-1
14
-2147483647
0
48 1 16 5 0 1 0 -1 -1 33926 1 -1879048189 1 33926 
0
0
1
PART-1-1
1
FULLMESH
0
1
14
-2147483647
48 1 16 5 0 1 0 -1 -1 33926 1 -1879048189 1 33926 
0
0
0
0
1
PART-1-1
4
BOTTOM
0
1
15
1124 1125 14037 14134 14524 14535 14578 14589 14884 15276 15278 15279 15623 16002 18138 
0
0
LEFT
0
1
15
961 962 16464 16901 17325 17339 17340 17360 17361 17375 17378 17428 17433 17615 17626 
0
0
RIGHT
0
1
16
1287 1288 17518 17554 17568 17572 17576 17592 17602 17603 17669 17670 17673 17701 17713 18150 
0
0
TOP
0
1
17
798 799 16869 17038 17078 17096 17098 17146 17151 17152 17162 17168 17281 17286 17292 17294 17305 
0
0
0
0
0
