0
1
0
Assembly-1
1
PART-1-1
PART-1
1
PART-1-1
14
-2147483647
0
48 1 16 5 0 1 0 -1 -1 11105 1 -1879048189 1 11105 
0
1
PART-1-1
14
-2147483647
0
48 1 16 5 0 1 0 -1 -1 19825 1 -1879048189 1 19825 
0
0
1
PART-1-1
1
FULLMESH
0
1
14
-2147483647
48 1 16 5 0 1 0 -1 -1 19825 1 -1879048189 1 19825 
0
0
0
0
1
PART-1-1
4
BOTTOM
0
1
9
1124 1125 8541 8544 8550 8552 8659 8662 8676 
0
0
LEFT
0
1
9
961 962 7813 7816 8037 8045 8369 8378 8390 
0
0
RIGHT
0
1
9
1287 1288 8774 8820 8826 8835 8848 8851 8858 
0
0
TOP
0
1
9
798 799 10596 10597 10598 10613 10618 10630 10647 
0
0
0
0
0
