0
1
0
Assembly-1
1
PART-1-1
PART-1
1
PART-1-1
14
-2147483647
0
48 1 16 5 0 1 0 -1 -1 15696 1 -1879048189 1 15696 
0
1
PART-1-1
14
-2147483647
0
48 1 16 5 0 1 0 -1 -1 28638 1 -1879048189 1 28638 
0
0
1
PART-1-1
1
FULLMESH
0
1
14
-2147483647
48 1 16 5 0 1 0 -1 -1 28638 1 -1879048189 1 28638 
0
0
0
0
1
PART-1-1
4
BOTTOM
0
1
6
1124 1125 14472 14483 14489 14493 
0
0
LEFT
0
1
8
961 962 15651 15664 15666 15670 15673 15686 
0
0
RIGHT
0
1
7
1287 1288 14986 14991 15000 15002 15004 
0
0
TOP
0
1
6
798 799 15251 15252 15259 15272 
0
0
0
0
0
