0
1
0
Assembly-1
1
PART-1-1
PART-1
1
PART-1-1
14
-2147483647
0
48 1 16 5 0 1 0 -1 -1 14152 1 -1879048189 1 14152 
0
1
PART-1-1
14
-2147483647
0
48 1 16 5 0 1 0 -1 -1 26096 1 -1879048189 1 26096 
0
0
1
PART-1-1
1
FULLMESH
0
1
14
-2147483647
48 1 16 5 0 1 0 -1 -1 26096 1 -1879048189 1 26096 
0
0
0
0
1
PART-1-1
4
BOTTOM
0
1
9
1124 1125 13755 13849 13867 13886 13894 13902 13911 
0
0
LEFT
0
1
9
961 962 13625 13696 13718 13719 13789 13808 13817 
0
0
RIGHT
0
1
9
1287 1288 13195 13213 13219 13245 13318 13324 13327 
0
0
TOP
0
1
10
798 799 14065 14082 14086 14089 14092 14119 14121 14140 
0
0
0
0
0
