0
1
0
Assembly-1
1
PART-1-1
PART-1
1
PART-1-1
14
-2147483647
0
48 1 16 5 0 1 0 -1 -1 14458 1 -1879048189 1 14458 
0
1
PART-1-1
14
-2147483647
0
48 1 16 5 0 1 0 -1 -1 26830 1 -1879048189 1 26830 
0
0
1
PART-1-1
1
FULLMESH
0
1
14
-2147483647
48 1 16 5 0 1 0 -1 -1 26830 1 -1879048189 1 26830 
0
0
0
0
1
PART-1-1
4
BOTTOM
0
1
13
1124 1125 14070 14149 14160 14166 14174 14191 14195 14197 14238 14244 14248 
0
0
LEFT
0
1
11
961 962 12926 12952 12973 12984 12988 12998 13007 13087 13115 
0
0
RIGHT
0
1
12
1287 1288 12741 12748 12765 12776 12778 12813 12816 12846 12847 13066 
0
0
TOP
0
1
13
798 799 12705 13124 13132 13149 13171 13172 13178 13181 13268 13272 13278 
0
0
0
0
0
