0
1
0
Assembly-1
1
PART-1-1
PART-1
1
PART-1-1
14
-2147483647
0
48 1 16 5 0 1 0 -1 -1 13903 1 -1879048189 1 13903 
0
1
PART-1-1
14
-2147483647
0
48 1 16 5 0 1 0 -1 -1 25352 1 -1879048189 1 25352 
0
0
1
PART-1-1
1
FULLMESH
0
1
14
-2147483647
48 1 16 5 0 1 0 -1 -1 25352 1 -1879048189 1 25352 
0
0
0
0
1
PART-1-1
4
BOTTOM
0
1
15
1124 1125 12182 12191 12252 12286 12290 12306 12317 12329 12333 12338 13869 13884 13888 
0
0
LEFT
0
1
17
961 962 10725 11391 11393 11404 11407 11412 11418 11422 11426 11432 11435 11439 11443 11445 11666 
0
0
RIGHT
0
1
15
1287 1288 10557 10946 10962 10995 11006 11008 11009 11010 11031 11039 11048 11304 11309 
0
0
TOP
0
1
17
798 799 11093 11540 11547 11554 11573 11580 11582 11587 11591 11593 11597 11612 11787 11797 11800 
0
0
0
0
0
