0
1
0
Assembly-1
1
PART-1-1
PART-1
1
PART-1-1
14
-2147483647
0
48 1 16 5 0 1 0 -1 -1 16899 1 -1879048189 1 16899 
0
1
PART-1-1
14
-2147483647
0
48 1 16 5 0 1 0 -1 -1 31762 1 -1879048189 1 31762 
0
0
1
PART-1-1
1
FULLMESH
0
1
14
-2147483647
48 1 16 5 0 1 0 -1 -1 31762 1 -1879048189 1 31762 
0
0
0
0
1
PART-1-1
4
BOTTOM
0
1
16
1124 1125 16418 16456 16482 16484 16492 16502 16635 16637 16647 16651 16653 16725 16728 16733 
0
0
LEFT
0
1
16
961 962 16259 16268 16664 16673 16675 16676 16684 16687 16690 16694 16699 16714 16775 16794 
0
0
RIGHT
0
1
15
1287 1288 15706 15903 16311 16332 16342 16346 16354 16545 16548 16550 16559 16561 16719 
0
0
TOP
0
1
16
798 799 14087 15369 15374 15647 15654 15656 15660 15872 16001 16005 16014 16040 16046 16898 
0
0
0
0
0
