0
1
0
Assembly-1
1
PART-1-1
PART-1
1
PART-1-1
14
-2147483647
0
48 1 16 5 0 1 0 -1 -1 15125 1 -1879048189 1 15125 
0
1
PART-1-1
14
-2147483647
0
48 1 16 5 0 1 0 -1 -1 28110 1 -1879048189 1 28110 
0
0
1
PART-1-1
1
FULLMESH
0
1
14
-2147483647
48 1 16 5 0 1 0 -1 -1 28110 1 -1879048189 1 28110 
0
0
0
0
1
PART-1-1
4
BOTTOM
0
1
7
1124 1125 14383 14388 14397 14414 14416 
0
0
LEFT
0
1
8
961 962 14858 14862 14864 14874 14882 14889 
0
0
RIGHT
0
1
8
1287 1288 15062 15088 15090 15093 15097 15103 
0
0
TOP
0
1
8
798 799 14967 14977 14980 14982 14987 14991 
0
0
0
0
0
