0
1
0
Assembly-1
1
PART-1-1
PART-1
1
PART-1-1
14
-2147483647
0
48 1 16 5 0 1 0 -1 -1 17786 1 -1879048189 1 17786 
0
1
PART-1-1
14
-2147483647
0
48 1 16 5 0 1 0 -1 -1 33413 1 -1879048189 1 33413 
0
0
1
PART-1-1
1
FULLMESH
0
1
14
-2147483647
48 1 16 5 0 1 0 -1 -1 33413 1 -1879048189 1 33413 
0
0
0
0
1
PART-1-1
4
BOTTOM
0
1
9
1124 1125 17304 17337 17341 17403 17420 17438 17447 
0
0
LEFT
0
1
11
961 962 16332 16334 16843 16863 16877 16878 16880 17095 17276 
0
0
RIGHT
0
1
9
1287 1288 17679 17707 17708 17712 17724 17748 17770 
0
0
TOP
0
1
9
798 799 16935 16959 16960 16970 16978 17136 17138 
0
0
0
0
0
