0
1
0
Assembly-1
1
PART-1-1
PART-1
1
PART-1-1
14
-2147483647
0
48 1 16 5 0 1 0 -1 -1 11324 1 -1879048189 1 11324 
0
1
PART-1-1
14
-2147483647
0
48 1 16 5 0 1 0 -1 -1 20705 1 -1879048189 1 20705 
0
0
1
PART-1-1
1
FULLMESH
0
1
14
-2147483647
48 1 16 5 0 1 0 -1 -1 20705 1 -1879048189 1 20705 
0
0
0
0
1
PART-1-1
4
BOTTOM
0
1
9
1124 1125 11071 11103 11113 11115 11117 11121 11124 
0
0
LEFT
0
1
9
961 962 11265 11270 11276 11281 11286 11293 11296 
0
0
RIGHT
0
1
5
1287 1288 10080 10094 10359 
0
0
TOP
0
1
6
798 799 10420 10429 10434 10904 
0
0
0
0
0
