0
1
0
Assembly-1
1
PART-1-1
PART-1
1
PART-1-1
14
-2147483647
0
48 1 16 5 0 1 0 -1 -1 13787 1 -1879048189 1 13787 
0
1
PART-1-1
14
-2147483647
0
48 1 16 5 0 1 0 -1 -1 25571 1 -1879048189 1 25571 
0
0
1
PART-1-1
1
FULLMESH
0
1
14
-2147483647
48 1 16 5 0 1 0 -1 -1 25571 1 -1879048189 1 25571 
0
0
0
0
1
PART-1-1
4
BOTTOM
0
1
15
1124 1125 13484 13519 13527 13530 13533 13555 13566 13571 13575 13595 13641 13644 13649 
0
0
LEFT
0
1
11
961 962 11267 11368 12106 12541 12554 12565 12567 12573 12780 
0
0
RIGHT
0
1
15
1287 1288 10906 10925 10931 11463 11464 12227 12633 12639 12671 12675 12676 12686 12689 
0
0
TOP
0
1
16
798 799 12933 13159 13172 13188 13198 13202 13205 13221 13229 13232 13322 13331 13333 13784 
0
0
0
0
0
