0
1
0
Assembly-1
1
PART-1-1
PART-1
1
PART-1-1
14
-2147483647
0
48 1 16 5 0 1 0 -1 -1 16461 1 -1879048189 1 16461 
0
1
PART-1-1
14
-2147483647
0
48 1 16 5 0 1 0 -1 -1 31010 1 -1879048189 1 31010 
0
0
1
PART-1-1
1
FULLMESH
0
1
14
-2147483647
48 1 16 5 0 1 0 -1 -1 31010 1 -1879048189 1 31010 
0
0
0
0
1
PART-1-1
4
BOTTOM
0
1
16
1124 1125 14786 14841 15281 15285 15286 15293 15312 15316 15318 15339 15343 15348 15538 15543 
0
0
LEFT
0
1
17
961 962 14968 15438 15457 15467 15474 15486 15488 15496 15498 15520 15521 15526 15787 15788 16441 
0
0
RIGHT
0
1
16
1287 1288 16037 16154 16227 16237 16242 16243 16263 16267 16317 16347 16349 16350 16367 16371 
0
0
TOP
0
1
17
798 799 13716 13757 13812 13821 13831 13832 13837 13855 13877 13878 14656 14660 14670 14675 15012 
0
0
0
0
0
