0
1
0
Assembly-1
1
PART-1-1
PART-1
1
PART-1-1
14
-2147483647
0
48 1 16 5 0 1 0 -1 -1 10179 1 -1879048189 1 10179 
0
1
PART-1-1
14
-2147483647
0
48 1 16 5 0 1 0 -1 -1 17892 1 -1879048189 1 17892 
0
0
1
PART-1-1
1
FULLMESH
0
1
14
-2147483647
48 1 16 5 0 1 0 -1 -1 17892 1 -1879048189 1 17892 
0
0
0
0
1
PART-1-1
4
BOTTOM
0
1
8
1124 1125 7855 7863 7891 7892 7899 7909 
0
0
LEFT
0
1
9
961 962 9327 9776 9787 9789 9791 9799 9801 
0
0
RIGHT
0
1
9
1287 1288 9181 9182 9196 9206 9208 9224 9233 
0
0
TOP
0
1
9
798 799 7568 7673 7750 7751 7752 7757 7763 
0
0
0
0
0
