0
1
0
Assembly-1
1
PART-1-1
PART-1
1
PART-1-1
14
-2147483647
0
48 1 16 5 0 1 0 -1 -1 18944 1 -1879048189 1 18944 
0
1
PART-1-1
14
-2147483647
0
48 1 16 5 0 1 0 -1 -1 35668 1 -1879048189 1 35668 
0
0
1
PART-1-1
1
FULLMESH
0
1
14
-2147483647
48 1 16 5 0 1 0 -1 -1 35668 1 -1879048189 1 35668 
0
0
0
0
1
PART-1-1
4
BOTTOM
0
1
16
1124 1125 18142 18299 18366 18403 18418 18423 18424 18428 18479 18491 18543 18546 18558 18572 
0
0
LEFT
0
1
17
961 962 14817 14830 14900 14902 14937 15573 15578 15587 15840 16310 16317 16323 16324 16819 18907 
0
0
RIGHT
0
1
17
1287 1288 17977 17992 18041 18058 18248 18264 18269 18270 18274 18317 18321 18325 18326 18447 18936 
0
0
TOP
0
1
17
798 799 15386 15432 15452 15454 15509 15513 15528 15537 15813 15816 16024 16026 16035 16799 16804 
0
0
0
0
0
