0
1
0
Assembly-1
1
PART-1-1
PART-1
1
PART-1-1
14
-2147483647
0
48 1 16 5 0 1 0 -1 -1 11950 1 -1879048189 1 11950 
0
1
PART-1-1
14
-2147483647
0
48 1 16 5 0 1 0 -1 -1 21919 1 -1879048189 1 21919 
0
0
1
PART-1-1
1
FULLMESH
0
1
14
-2147483647
48 1 16 5 0 1 0 -1 -1 21919 1 -1879048189 1 21919 
0
0
0
0
1
PART-1-1
4
BOTTOM
0
1
6
1124 1125 11195 11233 11247 11248 
0
0
LEFT
0
1
6
961 962 11915 11924 11932 11939 
0
0
RIGHT
0
1
6
1287 1288 10231 10239 10244 10273 
0
0
TOP
0
1
6
798 799 11642 11652 11658 11659 
0
0
0
0
0
