0
1
0
Assembly-1
1
PART-1-1
PART-1
1
PART-1-1
14
-2147483647
0
48 1 16 5 0 1 0 -1 -1 13777 1 -1879048189 1 13777 
0
1
PART-1-1
14
-2147483647
0
48 1 16 5 0 1 0 -1 -1 25211 1 -1879048189 1 25211 
0
0
1
PART-1-1
1
FULLMESH
0
1
14
-2147483647
48 1 16 5 0 1 0 -1 -1 25211 1 -1879048189 1 25211 
0
0
0
0
1
PART-1-1
4
BOTTOM
0
1
9
1124 1125 13679 13681 13700 13704 13717 13721 13722 
0
0
LEFT
0
1
7
961 962 11034 11075 11079 11117 11119 
0
0
RIGHT
0
1
8
1287 1288 10792 10800 10802 10815 10852 10860 
0
0
TOP
0
1
8
798 799 12763 12765 12766 12775 12784 12787 
0
0
0
0
0
