0
1
0
Assembly-1
1
PART-1-1
PART-1
1
PART-1-1
14
-2147483647
0
48 1 16 5 0 1 0 -1 -1 10511 1 -1879048189 1 10511 
0
1
PART-1-1
14
-2147483647
0
48 1 16 5 0 1 0 -1 -1 18537 1 -1879048189 1 18537 
0
0
1
PART-1-1
1
FULLMESH
0
1
14
-2147483647
48 1 16 5 0 1 0 -1 -1 18537 1 -1879048189 1 18537 
0
0
0
0
1
PART-1-1
4
BOTTOM
0
1
8
1124 1125 10427 10455 10463 10480 10483 10487 
0
0
LEFT
0
1
9
961 962 8074 8085 8112 8114 8118 8120 8141 
0
0
RIGHT
0
1
9
1287 1288 5839 5868 5887 5899 5933 5935 5941 
0
0
TOP
0
1
8
798 799 6261 6275 6280 6302 8161 8167 
0
0
0
0
0
