0
1
0
Assembly-1
1
PART-1-1
PART-1
1
PART-1-1
14
-2147483647
0
48 1 16 5 0 1 0 -1 -1 17729 1 -1879048189 1 17729 
0
1
PART-1-1
14
-2147483647
0
48 1 16 5 0 1 0 -1 -1 33225 1 -1879048189 1 33225 
0
0
1
PART-1-1
1
FULLMESH
0
1
14
-2147483647
48 1 16 5 0 1 0 -1 -1 33225 1 -1879048189 1 33225 
0
0
0
0
1
PART-1-1
4
BOTTOM
0
1
14
1124 1125 16603 16723 16805 16810 16821 16833 16845 16846 16887 16892 16896 16902 
0
0
LEFT
0
1
12
961 962 17502 17510 17572 17579 17588 17598 17623 17643 17664 17716 
0
0
RIGHT
0
1
13
1287 1288 16093 16647 16659 16662 16666 16765 16781 16785 16787 16790 16860 
0
0
TOP
0
1
11
798 799 16218 16230 16232 16236 16239 16250 16260 16489 17700 
0
0
0
0
0
