0
1
0
Assembly-1
1
PART-1-1
PART-1
1
PART-1-1
14
-2147483647
0
48 1 16 5 0 1 0 -1 -1 13650 1 -1879048189 1 13650 
0
1
PART-1-1
14
-2147483647
0
48 1 16 5 0 1 0 -1 -1 25407 1 -1879048189 1 25407 
0
0
1
PART-1-1
1
FULLMESH
0
1
14
-2147483647
48 1 16 5 0 1 0 -1 -1 25407 1 -1879048189 1 25407 
0
0
0
0
1
PART-1-1
4
BOTTOM
0
1
16
1124 1125 11205 11261 11297 11306 11307 11308 11313 11641 11660 11662 11671 11679 11908 11927 
0
0
LEFT
0
1
16
961 962 12647 12913 12951 12991 12994 12996 13014 13041 13050 13051 13056 13307 13310 13403 
0
0
RIGHT
0
1
16
1287 1288 13157 13485 13489 13495 13497 13515 13532 13540 13558 13560 13564 13591 13601 13606 
0
0
TOP
0
1
15
798 799 12531 12810 12835 12855 12863 12873 13257 13260 13262 13376 13389 13393 13395 
0
0
0
0
0
