0
1
0
Assembly-1
1
PART-1-1
PART-1
1
PART-1-1
14
-2147483647
0
48 1 16 5 0 1 0 -1 -1 16566 1 -1879048189 1 16566 
0
1
PART-1-1
14
-2147483647
0
48 1 16 5 0 1 0 -1 -1 31043 1 -1879048189 1 31043 
0
0
1
PART-1-1
1
FULLMESH
0
1
14
-2147483647
48 1 16 5 0 1 0 -1 -1 31043 1 -1879048189 1 31043 
0
0
0
0
1
PART-1-1
4
BOTTOM
0
1
17
1124 1125 15695 15792 15800 15807 15811 15820 15854 16130 16303 16388 16391 16549 16551 16554 16558 
0
0
LEFT
0
1
17
961 962 16022 16190 16198 16206 16239 16246 16267 16269 16272 16335 16338 16343 16364 16427 16431 
0
0
RIGHT
0
1
17
1287 1288 14124 14376 14382 14384 14386 14388 14396 14922 14930 14936 15256 15258 15264 15268 15272 
0
0
TOP
0
1
16
798 799 15518 15926 15932 15951 15952 15964 15969 15974 15985 15997 16161 16168 16415 16418 
0
0
0
0
0
