0
1
0
Assembly-1
1
PART-1-1
PART-1
1
PART-1-1
14
-2147483647
0
48 1 16 5 0 1 0 -1 -1 10973 1 -1879048189 1 10973 
0
1
PART-1-1
14
-2147483647
0
48 1 16 5 0 1 0 -1 -1 19853 1 -1879048189 1 19853 
0
0
1
PART-1-1
1
FULLMESH
0
1
14
-2147483647
48 1 16 5 0 1 0 -1 -1 19853 1 -1879048189 1 19853 
0
0
0
0
1
PART-1-1
4
BOTTOM
0
1
9
1124 1125 9929 9955 9967 10070 10079 10084 10087 
0
0
LEFT
0
1
9
961 962 10730 10734 10736 10738 10757 10759 10765 
0
0
RIGHT
0
1
9
1287 1288 9591 9750 9829 9835 9837 10031 10107 
0
0
TOP
0
1
8
798 799 10466 10542 10543 10549 10551 10576 
0
0
0
0
0
