0
1
0
Assembly-1
1
PART-1-1
PART-1
1
PART-1-1
14
-2147483647
0
48 1 16 5 0 1 0 -1 -1 10365 1 -1879048189 1 10365 
0
1
PART-1-1
14
-2147483647
0
48 1 16 5 0 1 0 -1 -1 18536 1 -1879048189 1 18536 
0
0
1
PART-1-1
1
FULLMESH
0
1
14
-2147483647
48 1 16 5 0 1 0 -1 -1 18536 1 -1879048189 1 18536 
0
0
0
0
1
PART-1-1
4
BOTTOM
0
1
13
1124 1125 7802 7807 7828 7830 7838 7844 7845 7847 7848 9775 9776 
0
0
LEFT
0
1
10
961 962 8029 8054 8066 8591 8592 8602 8611 8614 
0
0
RIGHT
0
1
11
1287 1288 8317 8345 8347 8352 8366 8373 8375 8377 8388 
0
0
TOP
0
1
11
798 799 8675 8748 8756 8763 8769 8771 8774 8790 8811 
0
0
0
0
0
