0
1
0
Assembly-1
1
PART-1-1
PART-1
1
PART-1-1
14
-2147483647
0
48 1 16 5 0 1 0 -1 -1 17339 1 -1879048189 1 17339 
0
1
PART-1-1
14
-2147483647
0
48 1 16 5 0 1 0 -1 -1 32072 1 -1879048189 1 32072 
0
0
1
PART-1-1
1
FULLMESH
0
1
14
-2147483647
48 1 16 5 0 1 0 -1 -1 32072 1 -1879048189 1 32072 
0
0
0
0
1
PART-1-1
4
BOTTOM
0
1
17
1124 1125 9035 9039 10117 10119 10609 10612 10626 10639 10640 10652 10654 10667 11115 11123 11785 
0
0
LEFT
0
1
19
961 962 14290 14592 14606 14608 14983 14987 14990 15004 15008 15016 15026 15029 15048 15060 15065 15068 15072 
0
0
RIGHT
0
1
17
1287 1288 13791 14677 14720 14740 14754 14758 14777 14785 14802 14806 14828 14838 14840 14852 15101 
0
0
TOP
0
1
18
798 799 13871 13942 13966 13980 14005 14007 14057 14081 14881 15131 15159 15164 15483 15496 15513 15515 
0
0
0
0
0
