0
1
0
Assembly-1
1
PART-1-1
PART-1
1
PART-1-1
14
-2147483647
0
48 1 16 5 0 1 0 -1 -1 13171 1 -1879048189 1 13171 
0
1
PART-1-1
14
-2147483647
0
48 1 16 5 0 1 0 -1 -1 24143 1 -1879048189 1 24143 
0
0
1
PART-1-1
1
FULLMESH
0
1
14
-2147483647
48 1 16 5 0 1 0 -1 -1 24143 1 -1879048189 1 24143 
0
0
0
0
1
PART-1-1
4
BOTTOM
0
1
10
1124 1125 12672 12787 12797 12803 12809 12828 12834 12858 
0
0
LEFT
0
1
12
961 962 9890 9909 9929 9949 9963 9982 9986 9996 9998 10018 
0
0
RIGHT
0
1
13
1287 1288 11409 11444 11446 11452 11536 11544 11566 11573 11577 11578 11593 
0
0
TOP
0
1
11
798 799 8944 9169 9268 9269 9289 9674 9760 13104 13111 
0
0
0
0
0
