0
1
0
Assembly-1
1
PART-1-1
PART-1
1
PART-1-1
14
-2147483647
0
48 1 16 5 0 1 0 -1 -1 15647 1 -1879048189 1 15647 
0
1
PART-1-1
14
-2147483647
0
48 1 16 5 0 1 0 -1 -1 29080 1 -1879048189 1 29080 
0
0
1
PART-1-1
1
FULLMESH
0
1
14
-2147483647
48 1 16 5 0 1 0 -1 -1 29080 1 -1879048189 1 29080 
0
0
0
0
1
PART-1-1
4
BOTTOM
0
1
11
1124 1125 15082 15131 15241 15244 15376 15421 15478 15505 15633 
0
0
LEFT
0
1
10
961 962 12070 12078 12089 12114 12117 12120 12820 12828 
0
0
RIGHT
0
1
10
1287 1288 14704 14760 14954 15048 15212 15222 15231 15616 
0
0
TOP
0
1
9
798 799 15308 15318 15334 15335 15349 15358 15491 
0
0
0
0
0
