0
1
0
Assembly-1
1
PART-1-1
PART-1
1
PART-1-1
14
-2147483647
0
48 1 16 5 0 1 0 -1 -1 18357 1 -1879048189 1 18357 
0
1
PART-1-1
14
-2147483647
0
48 1 16 5 0 1 0 -1 -1 34224 1 -1879048189 1 34224 
0
0
1
PART-1-1
1
FULLMESH
0
1
14
-2147483647
48 1 16 5 0 1 0 -1 -1 34224 1 -1879048189 1 34224 
0
0
0
0
1
PART-1-1
4
BOTTOM
0
1
10
1124 1125 15643 16122 16125 16142 16145 16158 16165 18316 
0
0
LEFT
0
1
12
961 962 17423 17638 17643 17667 17669 17683 17752 17767 17770 17805 
0
0
RIGHT
0
1
10
1287 1288 16220 16229 16236 16560 16586 16729 16732 16736 
0
0
TOP
0
1
12
798 799 18040 18065 18070 18086 18103 18113 18114 18126 18129 18140 
0
0
0
0
0
