0
1
0
Assembly-1
1
PART-1-1
PART-1
1
PART-1-1
14
-2147483647
0
48 1 16 5 0 1 0 -1 -1 18689 1 -1879048189 1 18689 
0
1
PART-1-1
14
-2147483647
0
48 1 16 5 0 1 0 -1 -1 34735 1 -1879048189 1 34735 
0
0
1
PART-1-1
1
FULLMESH
0
1
14
-2147483647
48 1 16 5 0 1 0 -1 -1 34735 1 -1879048189 1 34735 
0
0
0
0
1
PART-1-1
4
BOTTOM
0
1
17
1124 1125 15470 15619 16295 16298 16328 16337 16339 16359 16364 16378 16382 16598 16601 16727 16812 
0
0
LEFT
0
1
17
961 962 14594 15179 15655 15685 15702 15706 15715 15967 16414 16417 16421 16434 16438 16447 16450 
0
0
RIGHT
0
1
17
1287 1288 13139 13165 13215 13218 13221 13242 13257 13637 13641 13654 13816 13820 13826 13890 13892 
0
0
TOP
0
1
17
798 799 16934 17078 17104 17136 17143 17145 17146 17158 17184 17188 17226 17233 17291 17296 17309 
0
0
0
0
0
