0
1
0
Assembly-1
1
PART-1-1
PART-1
1
PART-1-1
14
-2147483647
0
48 1 16 5 0 1 0 -1 -1 12205 1 -1879048189 1 12205 
0
1
PART-1-1
14
-2147483647
0
48 1 16 5 0 1 0 -1 -1 22122 1 -1879048189 1 22122 
0
0
1
PART-1-1
1
FULLMESH
0
1
14
-2147483647
48 1 16 5 0 1 0 -1 -1 22122 1 -1879048189 1 22122 
0
0
0
0
1
PART-1-1
4
BOTTOM
0
1
10
1124 1125 8442 8492 8505 8510 8525 8646 8874 9770 
0
0
LEFT
0
1
13
961 962 9051 9113 9165 9166 9170 9201 9202 9222 9224 9232 9235 
0
0
RIGHT
0
1
14
1287 1288 12036 12046 12101 12123 12134 12136 12138 12139 12152 12156 12165 12182 
0
0
TOP
0
1
13
798 799 7914 7962 7971 7973 8002 8004 8186 8195 8584 8592 9765 
0
0
0
0
0
