0
1
0
Assembly-1
1
PART-1-1
PART-1
1
PART-1-1
14
-2147483647
0
48 1 16 5 0 1 0 -1 -1 16514 1 -1879048189 1 16514 
0
1
PART-1-1
14
-2147483647
0
48 1 16 5 0 1 0 -1 -1 30770 1 -1879048189 1 30770 
0
0
1
PART-1-1
1
FULLMESH
0
1
14
-2147483647
48 1 16 5 0 1 0 -1 -1 30770 1 -1879048189 1 30770 
0
0
0
0
1
PART-1-1
4
BOTTOM
0
1
9
1124 1125 16429 16430 16444 16464 16468 16481 16482 
0
0
LEFT
0
1
9
961 962 14327 14349 14361 14365 14374 15511 15514 
0
0
RIGHT
0
1
10
1287 1288 16155 16166 16187 16188 16212 16215 16223 16225 
0
0
TOP
0
1
9
798 799 14126 14127 14132 14137 14150 14202 14207 
0
0
0
0
0
