0
1
0
Assembly-1
1
PART-1-1
PART-1
1
PART-1-1
14
-2147483647
0
48 1 16 5 0 1 0 -1 -1 18890 1 -1879048189 1 18890 
0
1
PART-1-1
14
-2147483647
0
48 1 16 5 0 1 0 -1 -1 35047 1 -1879048189 1 35047 
0
0
1
PART-1-1
1
FULLMESH
0
1
14
-2147483647
48 1 16 5 0 1 0 -1 -1 35047 1 -1879048189 1 35047 
0
0
0
0
1
PART-1-1
4
BOTTOM
0
1
16
1124 1125 17035 17083 17089 17092 17094 17095 17129 17172 17173 17197 17221 17229 17232 17249 
0
0
LEFT
0
1
17
961 962 15590 15697 15902 15910 15946 15971 15972 15973 15980 15985 15993 16066 16069 16072 16076 
0
0
RIGHT
0
1
17
1287 1288 11872 11885 12526 12555 12588 12594 12600 12604 13401 13402 13414 14225 14229 14232 14241 
0
0
TOP
0
1
17
798 799 13731 13777 13790 13798 14374 14375 14386 14605 14623 14680 15248 15274 15276 15282 15285 
0
0
0
0
0
