0
1
0
Assembly-1
1
PART-1-1
PART-1
1
PART-1-1
14
-2147483647
0
48 1 16 5 0 1 0 -1 -1 14526 1 -1879048189 1 14526 
0
1
PART-1-1
14
-2147483647
0
48 1 16 5 0 1 0 -1 -1 26881 1 -1879048189 1 26881 
0
0
1
PART-1-1
1
FULLMESH
0
1
14
-2147483647
48 1 16 5 0 1 0 -1 -1 26881 1 -1879048189 1 26881 
0
0
0
0
1
PART-1-1
4
BOTTOM
0
1
17
1124 1125 12890 13044 13211 13296 13307 13319 13329 13343 13446 13452 13606 13618 13621 13882 13985 
0
0
LEFT
0
1
17
961 962 11143 11210 11467 11481 11505 11517 11828 11831 11837 11842 11852 11864 11872 11878 12141 
0
0
RIGHT
0
1
16
1287 1288 10707 10734 10761 10778 10783 10796 10842 11347 11355 11371 11788 11802 11804 12006 
0
0
TOP
0
1
17
798 799 13689 13756 13761 13776 13796 13807 13812 13813 13814 13826 13831 13832 13834 13861 13972 
0
0
0
0
0
