0
1
0
Assembly-1
1
PART-1-1
PART-1
1
PART-1-1
14
-2147483647
0
48 1 16 5 0 1 0 -1 -1 18234 1 -1879048189 1 18234 
0
1
PART-1-1
14
-2147483647
0
48 1 16 5 0 1 0 -1 -1 33828 1 -1879048189 1 33828 
0
0
1
PART-1-1
1
FULLMESH
0
1
14
-2147483647
48 1 16 5 0 1 0 -1 -1 33828 1 -1879048189 1 33828 
0
0
0
0
1
PART-1-1
4
BOTTOM
0
1
15
1124 1125 15113 15208 15226 15246 15250 15257 15406 15419 15422 15444 15450 15454 18230 
0
0
LEFT
0
1
15
961 962 17436 17472 17484 17490 17500 17501 17502 17503 17511 17512 17514 17684 17832 
0
0
RIGHT
0
1
12
1287 1288 17636 17714 17721 17724 17729 17730 17740 17745 17764 17766 
0
0
TOP
0
1
14
798 799 17905 17983 18035 18038 18063 18076 18081 18090 18097 18099 18103 18105 
0
0
0
0
0
