0
1
0
Assembly-1
1
PART-1-1
PART-1
1
PART-1-1
14
-2147483647
0
48 1 16 5 0 1 0 -1 -1 9735 1 -1879048189 1 9735 
0
1
PART-1-1
14
-2147483647
0
48 1 16 5 0 1 0 -1 -1 17411 1 -1879048189 1 17411 
0
0
1
PART-1-1
1
FULLMESH
0
1
14
-2147483647
48 1 16 5 0 1 0 -1 -1 17411 1 -1879048189 1 17411 
0
0
0
0
1
PART-1-1
4
BOTTOM
0
1
8
1124 1125 8024 8058 8069 8072 8073 8080 
0
0
LEFT
0
1
8
961 962 8940 8965 8973 8976 9009 9019 
0
0
RIGHT
0
1
7
1287 1288 9695 9697 9725 9729 9730 
0
0
TOP
0
1
9
798 799 9585 9608 9619 9627 9632 9668 9671 
0
0
0
0
0
