0
1
0
Assembly-1
1
PART-1-1
PART-1
1
PART-1-1
14
-2147483647
0
48 1 16 5 0 1 0 -1 -1 12132 1 -1879048189 1 12132 
0
1
PART-1-1
14
-2147483647
0
48 1 16 5 0 1 0 -1 -1 22249 1 -1879048189 1 22249 
0
0
1
PART-1-1
1
FULLMESH
0
1
14
-2147483647
48 1 16 5 0 1 0 -1 -1 22249 1 -1879048189 1 22249 
0
0
0
0
1
PART-1-1
4
BOTTOM
0
1
9
1124 1125 11960 11998 12001 12012 12016 12045 12047 
0
0
LEFT
0
1
9
961 962 11830 11832 11870 11899 11900 11922 11935 
0
0
RIGHT
0
1
8
1287 1288 10045 10236 10251 10258 10260 10412 
0
0
TOP
0
1
9
798 799 10938 10951 11243 11254 11516 11517 11523 
0
0
0
0
0
