0
1
0
Assembly-1
1
PART-1-1
PART-1
1
PART-1-1
14
-2147483647
0
48 1 16 5 0 1 0 -1 -1 14105 1 -1879048189 1 14105 
0
1
PART-1-1
14
-2147483647
0
48 1 16 5 0 1 0 -1 -1 25711 1 -1879048189 1 25711 
0
0
1
PART-1-1
1
FULLMESH
0
1
14
-2147483647
48 1 16 5 0 1 0 -1 -1 25711 1 -1879048189 1 25711 
0
0
0
0
1
PART-1-1
4
BOTTOM
0
1
8
1124 1125 14005 14018 14032 14036 14039 14058 
0
0
LEFT
0
1
7
961 962 12949 12956 12967 12973 13003 
0
0
RIGHT
0
1
6
1287 1288 10307 10326 10328 10341 
0
0
TOP
0
1
7
798 799 13276 13294 13297 13311 13315 
0
0
0
0
0
