0
1
0
Assembly-1
1
PART-1-1
PART-1
1
PART-1-1
14
-2147483647
0
48 1 16 5 0 1 0 -1 -1 9477 1 -1879048189 1 9477 
0
1
PART-1-1
14
-2147483647
0
48 1 16 5 0 1 0 -1 -1 16785 1 -1879048189 1 16785 
0
0
1
PART-1-1
1
FULLMESH
0
1
14
-2147483647
48 1 16 5 0 1 0 -1 -1 16785 1 -1879048189 1 16785 
0
0
0
0
1
PART-1-1
4
BOTTOM
0
1
9
1124 1125 5783 5959 5965 5974 5978 5982 5989 
0
0
LEFT
0
1
9
961 962 8847 8854 8858 8910 8914 8936 8940 
0
0
RIGHT
0
1
9
1287 1288 7916 7926 7941 7944 7947 7951 7968 
0
0
TOP
0
1
9
798 799 6226 6229 6239 6257 6270 6274 6336 
0
0
0
0
0
