0
1
0
Assembly-1
1
PART-1-1
PART-1
1
PART-1-1
14
-2147483647
0
48 1 16 5 0 1 0 -1 -1 15338 1 -1879048189 1 15338 
0
1
PART-1-1
14
-2147483647
0
48 1 16 5 0 1 0 -1 -1 27800 1 -1879048189 1 27800 
0
0
1
PART-1-1
1
FULLMESH
0
1
14
-2147483647
48 1 16 5 0 1 0 -1 -1 27800 1 -1879048189 1 27800 
0
0
0
0
1
PART-1-1
4
BOTTOM
0
1
15
1124 1125 12649 12666 12951 12957 12960 13023 13224 13226 13241 13250 13253 13359 13538 
0
0
LEFT
0
1
13
961 962 13381 13414 13426 13433 13438 13447 13449 13573 13626 13746 13945 
0
0
RIGHT
0
1
14
1287 1288 11898 12723 12739 12755 12756 12759 12762 12763 12769 13036 13273 13365 
0
0
TOP
0
1
16
798 799 13496 13670 13678 13689 13697 13698 13703 13721 13725 13729 13731 13733 13766 13767 
0
0
0
0
0
