0
1
0
Assembly-1
1
PART-1-1
PART-1
1
PART-1-1
14
-2147483647
0
48 1 16 5 0 1 0 -1 -1 18596 1 -1879048189 1 18596 
0
1
PART-1-1
14
-2147483647
0
48 1 16 5 0 1 0 -1 -1 34802 1 -1879048189 1 34802 
0
0
1
PART-1-1
1
FULLMESH
0
1
14
-2147483647
48 1 16 5 0 1 0 -1 -1 34802 1 -1879048189 1 34802 
0
0
0
0
1
PART-1-1
4
BOTTOM
0
1
17
1124 1125 13472 14620 14660 15142 15357 15366 15565 15989 16210 16212 16220 16272 16273 16646 16651 
0
0
LEFT
0
1
17
961 962 16378 16500 16553 16796 16809 16815 16830 16836 16844 16847 16851 16868 16873 16925 16960 
0
0
RIGHT
0
1
17
1287 1288 13259 15033 15061 15062 15080 15081 15277 15294 15297 15447 15449 15489 15507 15759 15765 
0
0
TOP
0
1
17
798 799 8759 9903 10047 10873 10880 10885 10892 10893 10928 10936 10944 11473 11478 11485 18512 
0
0
0
0
0
