0
1
0
Assembly-1
1
PART-1-1
PART-1
1
PART-1-1
14
-2147483647
0
48 1 16 5 0 1 0 -1 -1 12301 1 -1879048189 1 12301 
0
1
PART-1-1
14
-2147483647
0
48 1 16 5 0 1 0 -1 -1 21840 1 -1879048189 1 21840 
0
0
1
PART-1-1
1
FULLMESH
0
1
14
-2147483647
48 1 16 5 0 1 0 -1 -1 21840 1 -1879048189 1 21840 
0
0
0
0
1
PART-1-1
4
BOTTOM
0
1
11
1124 1125 10318 10322 10372 10373 10375 10387 10393 10542 10547 
0
0
LEFT
0
1
13
961 962 10811 10838 10839 10910 10914 10915 10917 10925 10931 10932 11986 
0
0
RIGHT
0
1
11
1287 1288 11884 11885 11910 11923 11929 11935 11937 11942 11948 
0
0
TOP
0
1
11
798 799 9984 10007 10026 10031 10051 10056 10063 10254 10257 
0
0
0
0
0
