0
1
0
Assembly-1
1
PART-1-1
PART-1
1
PART-1-1
14
-2147483647
0
48 1 16 5 0 1 0 -1 -1 17920 1 -1879048189 1 17920 
0
1
PART-1-1
14
-2147483647
0
48 1 16 5 0 1 0 -1 -1 33353 1 -1879048189 1 33353 
0
0
1
PART-1-1
1
FULLMESH
0
1
14
-2147483647
48 1 16 5 0 1 0 -1 -1 33353 1 -1879048189 1 33353 
0
0
0
0
1
PART-1-1
4
BOTTOM
0
1
14
1124 1125 17570 17609 17641 17642 17671 17702 17703 17704 17720 17721 17725 17774 
0
0
LEFT
0
1
15
961 962 15631 15732 15739 15759 15763 15770 15772 15779 15782 16787 16794 17087 17142 
0
0
RIGHT
0
1
16
1287 1288 14203 14237 14266 14275 14280 14281 14294 14303 14309 14324 14806 15349 15353 15354 
0
0
TOP
0
1
17
798 799 12534 13446 13456 13458 13468 13469 13471 13476 13480 13482 13981 14566 14573 15113 15824 
0
0
0
0
0
