0
1
0
Assembly-1
1
PART-1-1
PART-1
1
PART-1-1
14
-2147483647
0
48 1 16 5 0 1 0 -1 -1 8108 1 -1879048189 1 8108 
0
1
PART-1-1
14
-2147483647
0
48 1 16 5 0 1 0 -1 -1 14107 1 -1879048189 1 14107 
0
0
1
PART-1-1
1
FULLMESH
0
1
14
-2147483647
48 1 16 5 0 1 0 -1 -1 14107 1 -1879048189 1 14107 
0
0
0
0
1
PART-1-1
4
BOTTOM
0
1
7
1124 1125 5767 5776 5777 5779 5789 
0
0
LEFT
0
1
9
961 962 7761 7763 7778 7783 7784 7786 7790 
0
0
RIGHT
0
1
8
1287 1288 6644 6650 6656 6666 6675 6682 
0
0
TOP
0
1
6
798 799 8024 8048 8052 8066 
0
0
0
0
0
