0
1
0
Assembly-1
1
PART-1-1
PART-1
1
PART-1-1
14
-2147483647
0
48 1 16 5 0 1 0 -1 -1 14873 1 -1879048189 1 14873 
0
1
PART-1-1
14
-2147483647
0
48 1 16 5 0 1 0 -1 -1 27372 1 -1879048189 1 27372 
0
0
1
PART-1-1
1
FULLMESH
0
1
14
-2147483647
48 1 16 5 0 1 0 -1 -1 27372 1 -1879048189 1 27372 
0
0
0
0
1
PART-1-1
4
BOTTOM
0
1
14
1124 1125 14029 14140 14148 14167 14175 14177 14271 14295 14308 14322 14324 14325 
0
0
LEFT
0
1
17
961 962 11891 12063 12073 12090 12317 12319 12429 12805 12807 13246 13247 13258 13263 13272 13689 
0
0
RIGHT
0
1
16
1287 1288 13060 13076 13504 13519 13521 13525 13751 13763 13775 13782 14000 14008 14749 14752 
0
0
TOP
0
1
16
798 799 13372 13435 13439 13913 13935 13949 13964 13967 13968 13970 13972 13979 14050 14054 
0
0
0
0
0
