0
1
0
Assembly-1
1
PART-1-1
PART-1
1
PART-1-1
14
-2147483647
0
48 1 16 5 0 1 0 -1 -1 19853 1 -1879048189 1 19853 
0
1
PART-1-1
14
-2147483647
0
48 1 16 5 0 1 0 -1 -1 36979 1 -1879048189 1 36979 
0
0
1
PART-1-1
1
FULLMESH
0
1
14
-2147483647
48 1 16 5 0 1 0 -1 -1 36979 1 -1879048189 1 36979 
0
0
0
0
1
PART-1-1
4
BOTTOM
0
1
9
1124 1125 18290 18309 18363 18367 18370 18372 18377 
0
0
LEFT
0
1
9
961 962 14728 14745 14782 14792 14805 14812 14814 
0
0
RIGHT
0
1
9
1287 1288 19659 19770 19777 19795 19798 19803 19828 
0
0
TOP
0
1
9
798 799 17960 18049 18054 18066 18068 18074 18087 
0
0
0
0
0
