0
1
0
Assembly-1
1
PART-1-1
PART-1
1
PART-1-1
14
-2147483647
0
48 1 16 5 0 1 0 -1 -1 21585 1 -1879048189 1 21585 
0
1
PART-1-1
14
-2147483647
0
48 1 16 5 0 1 0 -1 -1 41024 1 -1879048189 1 41024 
0
0
1
PART-1-1
1
FULLMESH
0
1
14
-2147483647
48 1 16 5 0 1 0 -1 -1 41024 1 -1879048189 1 41024 
0
0
0
0
1
PART-1-1
4
BOTTOM
0
1
17
1124 1125 20491 20742 20793 20810 20818 20825 21007 21017 21024 21039 21040 21303 21309 21312 21318 
0
0
LEFT
0
1
17
961 962 19532 20317 20933 20972 20975 20976 20990 21220 21229 21232 21262 21346 21351 21394 21408 
0
0
RIGHT
0
1
17
1287 1288 20910 21114 21134 21160 21184 21188 21190 21201 21202 21203 21333 21371 21417 21562 21583 
0
0
TOP
0
1
17
798 799 19543 19546 19549 19626 19645 19758 19770 19783 19811 19821 19824 20145 20368 20373 20698 
0
0
0
0
0
