0
1
0
Assembly-1
1
PART-1-1
PART-1
1
PART-1-1
14
-2147483647
0
48 1 16 5 0 1 0 -1 -1 13742 1 -1879048189 1 13742 
0
1
PART-1-1
14
-2147483647
0
48 1 16 5 0 1 0 -1 -1 25335 1 -1879048189 1 25335 
0
0
1
PART-1-1
1
FULLMESH
0
1
14
-2147483647
48 1 16 5 0 1 0 -1 -1 25335 1 -1879048189 1 25335 
0
0
0
0
1
PART-1-1
4
BOTTOM
0
1
11
1124 1125 13049 13166 13518 13519 13531 13533 13620 13629 13659 
0
0
LEFT
0
1
10
961 962 12106 12631 12632 12639 12650 12921 12922 12924 
0
0
RIGHT
0
1
9
1287 1288 13256 13289 13315 13322 13339 13342 13347 
0
0
TOP
0
1
10
798 799 13545 13555 13565 13569 13570 13572 13594 13602 
0
0
0
0
0
