0
1
0
Assembly-1
1
PART-1-1
PART-1
1
PART-1-1
14
-2147483647
0
48 1 16 5 0 1 0 -1 -1 14291 1 -1879048189 1 14291 
0
1
PART-1-1
14
-2147483647
0
48 1 16 5 0 1 0 -1 -1 26355 1 -1879048189 1 26355 
0
0
1
PART-1-1
1
FULLMESH
0
1
14
-2147483647
48 1 16 5 0 1 0 -1 -1 26355 1 -1879048189 1 26355 
0
0
0
0
1
PART-1-1
4
BOTTOM
0
1
17
1124 1125 11580 11592 11614 12218 12224 12231 12232 12238 12294 12296 12305 12310 12317 12323 12328 
0
0
LEFT
0
1
17
961 962 9491 9560 9563 9571 9579 9592 9594 9601 9606 9996 9998 14194 14195 14209 14220 
0
0
RIGHT
0
1
17
1287 1288 11547 11933 11941 11952 11969 12093 12094 12104 12169 12174 12183 12187 12196 12263 12266 
0
0
TOP
0
1
16
798 799 11344 11651 11659 11662 11682 11689 11789 11790 11793 11822 11839 11845 12062 14278 
0
0
0
0
0
