0
1
0
Assembly-1
1
PART-1-1
PART-1
1
PART-1-1
14
-2147483647
0
48 1 16 5 0 1 0 -1 -1 15238 1 -1879048189 1 15238 
0
1
PART-1-1
14
-2147483647
0
48 1 16 5 0 1 0 -1 -1 27739 1 -1879048189 1 27739 
0
0
1
PART-1-1
1
FULLMESH
0
1
14
-2147483647
48 1 16 5 0 1 0 -1 -1 27739 1 -1879048189 1 27739 
0
0
0
0
1
PART-1-1
4
BOTTOM
0
1
5
1124 1125 13854 13868 13881 
0
0
LEFT
0
1
7
961 962 11877 11917 11921 11924 11926 
0
0
RIGHT
0
1
5
1287 1288 14575 14604 14611 
0
0
TOP
0
1
7
798 799 15128 15130 15143 15171 15172 
0
0
0
0
0
