0
1
0
Assembly-1
1
PART-1-1
PART-1
1
PART-1-1
14
-2147483647
0
48 1 16 5 0 1 0 -1 -1 21540 1 -1879048189 1 21540 
0
1
PART-1-1
14
-2147483647
0
48 1 16 5 0 1 0 -1 -1 40418 1 -1879048189 1 40418 
0
0
1
PART-1-1
1
FULLMESH
0
1
14
-2147483647
48 1 16 5 0 1 0 -1 -1 40418 1 -1879048189 1 40418 
0
0
0
0
1
PART-1-1
4
BOTTOM
0
1
15
1124 1125 21104 21186 21206 21219 21227 21230 21236 21237 21289 21292 21305 21338 21341 
0
0
LEFT
0
1
11
961 962 18847 18848 18863 18900 18907 19335 19562 19813 19817 
0
0
RIGHT
0
1
11
1287 1288 20207 20243 20250 20269 20276 20278 20310 20487 20488 
0
0
TOP
0
1
12
798 799 20924 21147 21262 21313 21322 21330 21335 21364 21370 21373 
0
0
0
0
0
