0
1
0
Assembly-1
1
PART-1-1
PART-1
1
PART-1-1
14
-2147483647
0
48 1 16 5 0 1 0 -1 -1 15156 1 -1879048189 1 15156 
0
1
PART-1-1
14
-2147483647
0
48 1 16 5 0 1 0 -1 -1 27965 1 -1879048189 1 27965 
0
0
1
PART-1-1
1
FULLMESH
0
1
14
-2147483647
48 1 16 5 0 1 0 -1 -1 27965 1 -1879048189 1 27965 
0
0
0
0
1
PART-1-1
4
BOTTOM
0
1
17
1124 1125 13303 13834 13893 13917 13918 13923 13929 13949 14150 14178 14181 14186 14192 14200 14207 
0
0
LEFT
0
1
17
961 962 10696 10716 10791 10829 10833 10834 10847 10857 11460 11461 12152 12155 12612 12614 13464 
0
0
RIGHT
0
1
19
1287 1288 13553 13577 14053 14078 14253 14258 14289 14291 14296 14322 14394 14398 14399 14502 14513 14517 14525 
0
0
TOP
0
1
17
798 799 12395 12851 12857 12892 12896 12948 12980 13007 13159 13170 13654 13656 13657 13683 14099 
0
0
0
0
0
