0
1
0
Assembly-1
1
PART-1-1
PART-1
1
PART-1-1
14
-2147483647
0
48 1 16 5 0 1 0 -1 -1 11253 1 -1879048189 1 11253 
0
1
PART-1-1
14
-2147483647
0
48 1 16 5 0 1 0 -1 -1 20562 1 -1879048189 1 20562 
0
0
1
PART-1-1
1
FULLMESH
0
1
14
-2147483647
48 1 16 5 0 1 0 -1 -1 20562 1 -1879048189 1 20562 
0
0
0
0
1
PART-1-1
4
BOTTOM
0
1
17
1124 1125 7045 7285 7777 7778 8062 8066 8086 8094 8099 8101 8110 8116 8256 8263 8876 
0
0
LEFT
0
1
16
961 962 7646 7722 8003 8176 8183 8204 8214 8217 8226 8611 8614 8620 8865 8870 
0
0
RIGHT
0
1
17
1287 1288 9885 9991 10032 10033 10053 10071 10084 10098 10108 10115 10117 10127 10130 10137 11251 
0
0
TOP
0
1
17
798 799 10965 11012 11040 11051 11053 11070 11072 11079 11083 11128 11129 11137 11156 11162 11166 
0
0
0
0
0
