0
1
0
Assembly-1
1
PART-1-1
PART-1
1
PART-1-1
14
-2147483647
0
48 1 16 5 0 1 0 -1 -1 23080 1 -1879048189 1 23080 
0
1
PART-1-1
14
-2147483647
0
48 1 16 5 0 1 0 -1 -1 43302 1 -1879048189 1 43302 
0
0
1
PART-1-1
1
FULLMESH
0
1
14
-2147483647
48 1 16 5 0 1 0 -1 -1 43302 1 -1879048189 1 43302 
0
0
0
0
1
PART-1-1
4
BOTTOM
0
1
17
1124 1125 21667 22137 22146 22171 22182 22189 22201 22202 22207 22214 22218 22234 22378 22395 22731 
0
0
LEFT
0
1
17
961 962 17212 17407 17489 17497 17498 17523 17533 17534 17535 18887 18890 18892 18906 19540 19581 
0
0
RIGHT
0
1
17
1287 1288 22479 22512 22535 22584 22617 22625 22654 22655 22675 22678 22680 22776 22781 22787 23061 
0
0
TOP
0
1
17
798 799 19330 19964 20013 20092 20583 20597 20604 20611 20614 20631 20632 20700 21891 21894 21924 
0
0
0
0
0
