0
1
0
Assembly-1
1
PART-1-1
PART-1
1
PART-1-1
14
-2147483647
0
48 1 16 5 0 1 0 -1 -1 18229 1 -1879048189 1 18229 
0
1
PART-1-1
14
-2147483647
0
48 1 16 5 0 1 0 -1 -1 34129 1 -1879048189 1 34129 
0
0
1
PART-1-1
1
FULLMESH
0
1
14
-2147483647
48 1 16 5 0 1 0 -1 -1 34129 1 -1879048189 1 34129 
0
0
0
0
1
PART-1-1
4
BOTTOM
0
1
14
1124 1125 18058 18151 18162 18165 18172 18176 18183 18186 18199 18201 18213 18218 
0
0
LEFT
0
1
13
961 962 15765 16132 16154 16156 16259 16260 16262 16393 16396 16480 16481 
0
0
RIGHT
0
1
14
1287 1288 16999 17008 17014 17023 17028 17047 17048 17090 17122 17128 17133 17140 
0
0
TOP
0
1
14
798 799 16474 16668 16675 16676 16685 16691 16697 16699 16709 16712 16720 16927 
0
0
0
0
0
