0
1
0
Assembly-1
1
PART-1-1
PART-1
1
PART-1-1
14
-2147483647
0
48 1 16 5 0 1 0 -1 -1 16096 1 -1879048189 1 16096 
0
1
PART-1-1
14
-2147483647
0
48 1 16 5 0 1 0 -1 -1 30101 1 -1879048189 1 30101 
0
0
1
PART-1-1
1
FULLMESH
0
1
14
-2147483647
48 1 16 5 0 1 0 -1 -1 30101 1 -1879048189 1 30101 
0
0
0
0
1
PART-1-1
4
BOTTOM
0
1
17
1124 1125 14824 15029 15061 15080 15320 15325 15326 15510 15512 15623 15631 15633 15652 15662 15665 
0
0
LEFT
0
1
15
961 962 15172 15236 15269 15270 15273 15276 15293 15495 15497 15502 15505 15641 15692 
0
0
RIGHT
0
1
17
1287 1288 10853 11400 11416 11418 11454 11470 12072 12079 12081 12094 12382 12390 12397 12802 16076 
0
0
TOP
0
1
17
798 799 14240 14279 14310 14336 14337 14347 14360 14361 14384 14390 14393 14396 14683 14699 14702 
0
0
0
0
0
