0
1
0
Assembly-1
1
PART-1-1
PART-1
1
PART-1-1
14
-2147483647
0
48 1 16 5 0 1 0 -1 -1 9757 1 -1879048189 1 9757 
0
1
PART-1-1
14
-2147483647
0
48 1 16 5 0 1 0 -1 -1 17361 1 -1879048189 1 17361 
0
0
1
PART-1-1
1
FULLMESH
0
1
14
-2147483647
48 1 16 5 0 1 0 -1 -1 17361 1 -1879048189 1 17361 
0
0
0
0
1
PART-1-1
4
BOTTOM
0
1
9
1124 1125 7994 7998 8105 8146 8154 8233 8234 
0
0
LEFT
0
1
9
961 962 8274 8343 8364 8366 8370 8373 8395 
0
0
RIGHT
0
1
8
1287 1288 8039 8046 8049 8054 8069 8187 
0
0
TOP
0
1
9
798 799 9404 9411 9415 9425 9431 9439 9473 
0
0
0
0
0
