0
1
0
Assembly-1
1
PART-1-1
PART-1
1
PART-1-1
14
-2147483647
0
48 1 16 5 0 1 0 -1 -1 19577 1 -1879048189 1 19577 
0
1
PART-1-1
14
-2147483647
0
48 1 16 5 0 1 0 -1 -1 36599 1 -1879048189 1 36599 
0
0
1
PART-1-1
1
FULLMESH
0
1
14
-2147483647
48 1 16 5 0 1 0 -1 -1 36599 1 -1879048189 1 36599 
0
0
0
0
1
PART-1-1
4
BOTTOM
0
1
14
1124 1125 18596 18613 18629 18667 18668 18683 18687 18692 19204 19311 19325 19331 
0
0
LEFT
0
1
14
961 962 14085 14109 14123 14127 14132 14137 14140 14147 14158 14160 14166 14171 
0
0
RIGHT
0
1
12
1287 1288 12601 12682 12718 12761 12775 12786 12791 14444 14450 14454 
0
0
TOP
0
1
14
798 799 16647 16655 17690 17702 17707 17710 17714 18014 18030 18332 18535 18867 
0
0
0
0
0
