0
1
0
Assembly-1
1
PART-1-1
PART-1
1
PART-1-1
14
-2147483647
0
48 1 16 5 0 1 0 -1 -1 21866 1 -1879048189 1 21866 
0
1
PART-1-1
14
-2147483647
0
48 1 16 5 0 1 0 -1 -1 41026 1 -1879048189 1 41026 
0
0
1
PART-1-1
1
FULLMESH
0
1
14
-2147483647
48 1 16 5 0 1 0 -1 -1 41026 1 -1879048189 1 41026 
0
0
0
0
1
PART-1-1
4
BOTTOM
0
1
17
1124 1125 18838 19430 19793 20029 20039 20042 20050 20055 20398 20423 20424 20640 20646 20897 20899 
0
0
LEFT
0
1
17
961 962 20503 20677 20688 20693 20702 20727 20728 20742 20743 20791 20799 20868 20877 20880 20911 
0
0
RIGHT
0
1
17
1287 1288 19010 19072 19086 19549 19555 19558 19582 19592 19595 19613 19614 19617 19636 19638 20171 
0
0
TOP
0
1
17
798 799 19228 19307 19326 19329 19351 19740 19750 19757 19763 19766 20012 20013 20019 20220 20841 
0
0
0
0
0
