0
1
0
Assembly-1
1
PART-1-1
PART-1
1
PART-1-1
14
-2147483647
0
48 1 16 5 0 1 0 -1 -1 9347 1 -1879048189 1 9347 
0
1
PART-1-1
14
-2147483647
0
48 1 16 5 0 1 0 -1 -1 16416 1 -1879048189 1 16416 
0
0
1
PART-1-1
1
FULLMESH
0
1
14
-2147483647
48 1 16 5 0 1 0 -1 -1 16416 1 -1879048189 1 16416 
0
0
0
0
1
PART-1-1
4
BOTTOM
0
1
8
1124 1125 7240 7268 7271 7272 7276 7281 
0
0
LEFT
0
1
5
961 962 7901 7940 7942 
0
0
RIGHT
0
1
6
1287 1288 8586 8599 8607 8611 
0
0
TOP
0
1
6
798 799 9250 9265 9276 9281 
0
0
0
0
0
