0
1
0
Assembly-1
1
PART-1-1
PART-1
1
PART-1-1
14
-2147483647
0
48 1 16 5 0 1 0 -1 -1 20238 1 -1879048189 1 20238 
0
1
PART-1-1
14
-2147483647
0
48 1 16 5 0 1 0 -1 -1 37596 1 -1879048189 1 37596 
0
0
1
PART-1-1
1
FULLMESH
0
1
14
-2147483647
48 1 16 5 0 1 0 -1 -1 37596 1 -1879048189 1 37596 
0
0
0
0
1
PART-1-1
4
BOTTOM
0
1
16
1124 1125 16502 17258 17274 17275 17311 17876 17881 17886 17892 18519 18529 18536 18539 20216 
0
0
LEFT
0
1
16
961 962 17158 17170 17188 17201 17204 17206 17811 17816 17819 18384 18387 18399 18407 18418 
0
0
RIGHT
0
1
15
1287 1288 17357 18649 18651 18777 18779 18781 18804 18809 18912 18915 19013 19018 19193 
0
0
TOP
0
1
15
798 799 18482 18517 18626 18751 18755 18765 18854 18862 18943 18947 18951 19048 19075 
0
0
0
0
0
