0
1
0
Assembly-1
1
PART-1-1
PART-1
1
PART-1-1
14
-2147483647
0
48 1 16 5 0 1 0 -1 -1 7545 1 -1879048189 1 7545 
0
1
PART-1-1
14
-2147483647
0
48 1 16 5 0 1 0 -1 -1 12927 1 -1879048189 1 12927 
0
0
1
PART-1-1
1
FULLMESH
0
1
14
-2147483647
48 1 16 5 0 1 0 -1 -1 12927 1 -1879048189 1 12927 
0
0
0
0
1
PART-1-1
4
BOTTOM
0
1
9
1124 1125 6198 6213 6254 6258 6265 6268 6269 
0
0
LEFT
0
1
8
961 962 6823 6839 6843 6847 6856 6897 
0
0
RIGHT
0
1
7
1287 1288 7509 7520 7525 7537 7542 
0
0
TOP
0
1
6
798 799 5451 5472 5477 5486 
0
0
0
0
0
