0
1
0
Assembly-1
1
PART-1-1
PART-1
1
PART-1-1
14
-2147483647
0
48 1 16 5 0 1 0 -1 -1 14562 1 -1879048189 1 14562 
0
1
PART-1-1
14
-2147483647
0
48 1 16 5 0 1 0 -1 -1 27215 1 -1879048189 1 27215 
0
0
1
PART-1-1
1
FULLMESH
0
1
14
-2147483647
48 1 16 5 0 1 0 -1 -1 27215 1 -1879048189 1 27215 
0
0
0
0
1
PART-1-1
4
BOTTOM
0
1
14
1124 1125 12947 12948 12987 13000 13001 13007 13008 13737 14024 14029 14031 14032 
0
0
LEFT
0
1
14
961 962 13491 13548 13584 13608 13611 13614 13622 13625 13636 13938 14090 14091 
0
0
RIGHT
0
1
13
1287 1288 13198 13831 13849 13854 13867 13875 13887 14060 14067 14073 14542 
0
0
TOP
0
1
12
798 799 14247 14263 14333 14380 14393 14400 14428 14431 14446 14454 
0
0
0
0
0
