0
1
0
Assembly-1
1
PART-1-1
PART-1
1
PART-1-1
14
-2147483647
0
48 1 16 5 0 1 0 -1 -1 10309 1 -1879048189 1 10309 
0
1
PART-1-1
14
-2147483647
0
48 1 16 5 0 1 0 -1 -1 18406 1 -1879048189 1 18406 
0
0
1
PART-1-1
1
FULLMESH
0
1
14
-2147483647
48 1 16 5 0 1 0 -1 -1 18406 1 -1879048189 1 18406 
0
0
0
0
1
PART-1-1
4
BOTTOM
0
1
9
1124 1125 9942 9950 9960 9964 10019 10048 10054 
0
0
LEFT
0
1
9
961 962 7991 8038 8039 8047 8048 8057 8064 
0
0
RIGHT
0
1
9
1287 1288 9056 9082 9089 9118 9119 9125 10256 
0
0
TOP
0
1
9
798 799 9607 9616 9631 9635 9639 9642 9686 
0
0
0
0
0
