0
1
0
Assembly-1
1
PART-1-1
PART-1
1
PART-1-1
14
-2147483647
0
48 1 16 5 0 1 0 -1 -1 12323 1 -1879048189 1 12323 
0
1
PART-1-1
14
-2147483647
0
48 1 16 5 0 1 0 -1 -1 22683 1 -1879048189 1 22683 
0
0
1
PART-1-1
1
FULLMESH
0
1
14
-2147483647
48 1 16 5 0 1 0 -1 -1 22683 1 -1879048189 1 22683 
0
0
0
0
1
PART-1-1
4
BOTTOM
0
1
17
1124 1125 9601 9618 9628 9634 9641 9642 9660 9676 9860 10161 10165 10167 10174 10199 10371 
0
0
LEFT
0
1
17
961 962 11379 11535 11570 11571 11577 11588 11589 11596 11599 11600 11602 11611 12064 12068 12073 
0
0
RIGHT
0
1
15
1287 1288 10548 10555 10572 10626 10639 10800 10802 10813 10820 10821 10833 10839 11085 
0
0
TOP
0
1
16
798 799 11724 11837 11872 11896 11902 11925 11931 11935 11947 11949 11951 11954 11978 11982 
0
0
0
0
0
