0
1
0
Assembly-1
1
PART-1-1
PART-1
1
PART-1-1
14
-2147483647
0
48 1 16 5 0 1 0 -1 -1 10013 1 -1879048189 1 10013 
0
1
PART-1-1
14
-2147483647
0
48 1 16 5 0 1 0 -1 -1 17754 1 -1879048189 1 17754 
0
0
1
PART-1-1
1
FULLMESH
0
1
14
-2147483647
48 1 16 5 0 1 0 -1 -1 17754 1 -1879048189 1 17754 
0
0
0
0
1
PART-1-1
4
BOTTOM
0
1
9
1124 1125 8777 8786 8795 8798 8814 8821 9438 
0
0
LEFT
0
1
9
961 962 8615 8625 8632 8638 8657 8683 8688 
0
0
RIGHT
0
1
9
1287 1288 7359 7562 7573 7580 7582 7641 7655 
0
0
TOP
0
1
9
798 799 7500 7594 7596 7603 7607 7614 7620 
0
0
0
0
0
