0
1
0
Assembly-1
1
PART-1-1
PART-1
1
PART-1-1
14
-2147483647
0
48 1 16 5 0 1 0 -1 -1 14752 1 -1879048189 1 14752 
0
1
PART-1-1
14
-2147483647
0
48 1 16 5 0 1 0 -1 -1 27464 1 -1879048189 1 27464 
0
0
1
PART-1-1
1
FULLMESH
0
1
14
-2147483647
48 1 16 5 0 1 0 -1 -1 27464 1 -1879048189 1 27464 
0
0
0
0
1
PART-1-1
4
BOTTOM
0
1
17
1124 1125 11492 11576 11605 11619 12847 12848 12850 12851 13605 13608 13617 13619 13972 13987 14158 
0
0
LEFT
0
1
17
961 962 14301 14326 14343 14358 14361 14416 14417 14429 14468 14497 14530 14532 14534 14571 14586 
0
0
RIGHT
0
1
17
1287 1288 13675 13743 14012 14039 14052 14063 14086 14170 14171 14176 14183 14194 14195 14213 14214 
0
0
TOP
0
1
17
798 799 12267 13834 13847 13855 13889 13893 13895 13897 13902 13907 13914 13919 14237 14239 14247 
0
0
0
0
0
