0
1
0
Assembly-1
1
PART-1-1
PART-1
1
PART-1-1
14
-2147483647
0
48 1 16 5 0 1 0 -1 -1 13727 1 -1879048189 1 13727 
0
1
PART-1-1
14
-2147483647
0
48 1 16 5 0 1 0 -1 -1 25576 1 -1879048189 1 25576 
0
0
1
PART-1-1
1
FULLMESH
0
1
14
-2147483647
48 1 16 5 0 1 0 -1 -1 25576 1 -1879048189 1 25576 
0
0
0
0
1
PART-1-1
4
BOTTOM
0
1
16
1124 1125 12093 12219 12257 12281 12286 12528 12537 12540 12545 12569 12574 12648 12649 12652 
0
0
LEFT
0
1
15
961 962 11677 11905 11910 11911 11939 11953 11990 12102 12103 12110 12120 12123 12308 
0
0
RIGHT
0
1
15
1287 1288 12417 12435 12450 12456 12598 12673 12682 12694 12706 12711 12779 12780 12782 
0
0
TOP
0
1
16
798 799 13262 13395 13468 13483 13485 13517 13518 13524 13528 13584 13587 13598 13722 13724 
0
0
0
0
0
