0
1
0
Assembly-1
1
PART-1-1
PART-1
1
PART-1-1
14
-2147483647
0
48 1 16 5 0 1 0 -1 -1 16530 1 -1879048189 1 16530 
0
1
PART-1-1
14
-2147483647
0
48 1 16 5 0 1 0 -1 -1 30615 1 -1879048189 1 30615 
0
0
1
PART-1-1
1
FULLMESH
0
1
14
-2147483647
48 1 16 5 0 1 0 -1 -1 30615 1 -1879048189 1 30615 
0
0
0
0
1
PART-1-1
4
BOTTOM
0
1
15
1124 1125 14238 14351 14357 14359 14757 14771 14779 14780 14870 14916 14920 15849 15862 
0
0
LEFT
0
1
14
961 962 13210 13283 13295 13299 13300 13305 13331 13359 13360 13980 13988 15817 
0
0
RIGHT
0
1
15
1287 1288 12799 12821 12827 12843 12852 12858 12863 12864 12890 12892 12894 12896 12902 
0
0
TOP
0
1
16
798 799 14532 14643 14644 14647 14650 14661 14667 14669 14678 14692 14699 14860 14892 14902 
0
0
0
0
0
