0
1
0
Assembly-1
1
PART-1-1
PART-1
1
PART-1-1
14
-2147483647
0
48 1 16 5 0 1 0 -1 -1 10869 1 -1879048189 1 10869 
0
1
PART-1-1
14
-2147483647
0
48 1 16 5 0 1 0 -1 -1 19825 1 -1879048189 1 19825 
0
0
1
PART-1-1
1
FULLMESH
0
1
14
-2147483647
48 1 16 5 0 1 0 -1 -1 19825 1 -1879048189 1 19825 
0
0
0
0
1
PART-1-1
4
BOTTOM
0
1
16
1124 1125 9099 9821 9866 9890 9891 9895 9898 9904 9910 9939 9946 9955 9971 10159 
0
0
LEFT
0
1
16
961 962 8469 8490 8543 8591 8597 8608 8615 8620 9321 9329 9339 9347 9352 10082 
0
0
RIGHT
0
1
15
1287 1288 10507 10609 10630 10634 10691 10718 10721 10722 10738 10748 10753 10759 10760 
0
0
TOP
0
1
16
798 799 9511 9579 9601 9636 9657 9661 9663 9683 10101 10107 10117 10436 10440 10576 
0
0
0
0
0
