0
1
0
Assembly-1
1
PART-1-1
PART-1
1
PART-1-1
14
-2147483647
0
48 1 16 5 0 1 0 -1 -1 12058 1 -1879048189 1 12058 
0
1
PART-1-1
14
-2147483647
0
48 1 16 5 0 1 0 -1 -1 21876 1 -1879048189 1 21876 
0
0
1
PART-1-1
1
FULLMESH
0
1
14
-2147483647
48 1 16 5 0 1 0 -1 -1 21876 1 -1879048189 1 21876 
0
0
0
0
1
PART-1-1
4
BOTTOM
0
1
9
1124 1125 10254 10281 10284 10285 10324 10330 10334 
0
0
LEFT
0
1
9
961 962 11973 12005 12008 12010 12012 12016 12026 
0
0
RIGHT
0
1
8
1287 1288 11296 11325 11335 11340 11348 11352 
0
0
TOP
0
1
9
798 799 9104 9157 9164 9174 9190 9191 9208 
0
0
0
0
0
