0
1
0
Assembly-1
1
PART-1-1
PART-1
1
PART-1-1
14
-2147483647
0
48 1 16 5 0 1 0 -1 -1 8140 1 -1879048189 1 8140 
0
1
PART-1-1
14
-2147483647
0
48 1 16 5 0 1 0 -1 -1 14340 1 -1879048189 1 14340 
0
0
1
PART-1-1
1
FULLMESH
0
1
14
-2147483647
48 1 16 5 0 1 0 -1 -1 14340 1 -1879048189 1 14340 
0
0
0
0
1
PART-1-1
4
BOTTOM
0
1
8
1124 1125 7104 7141 7146 7149 7154 7162 
0
0
LEFT
0
1
7
961 962 6627 6654 6873 6880 6893 
0
0
RIGHT
0
1
9
1287 1288 8013 8046 8053 8059 8071 8075 8082 
0
0
TOP
0
1
6
798 799 6913 6926 6939 7017 
0
0
0
0
0
