0
1
0
Assembly-1
1
PART-1-1
PART-1
1
PART-1-1
14
-2147483647
0
48 1 16 5 0 1 0 -1 -1 10134 1 -1879048189 1 10134 
0
1
PART-1-1
14
-2147483647
0
48 1 16 5 0 1 0 -1 -1 18176 1 -1879048189 1 18176 
0
0
1
PART-1-1
1
FULLMESH
0
1
14
-2147483647
48 1 16 5 0 1 0 -1 -1 18176 1 -1879048189 1 18176 
0
0
0
0
1
PART-1-1
4
BOTTOM
0
1
9
1124 1125 9040 9424 9436 9451 9458 9468 9476 
0
0
LEFT
0
1
13
961 962 9121 9125 9138 9146 9160 9175 9186 9227 9248 9273 9506 
0
0
RIGHT
0
1
13
1287 1288 7970 8941 8966 8970 8971 8989 8991 8993 9763 9993 9995 
0
0
TOP
0
1
13
798 799 9872 9919 9934 9952 9957 9958 9961 9967 9975 9983 10055 
0
0
0
0
0
