0
1
0
Assembly-1
1
PART-1-1
PART-1
1
PART-1-1
14
-2147483647
0
48 1 16 5 0 1 0 -1 -1 17336 1 -1879048189 1 17336 
0
1
PART-1-1
14
-2147483647
0
48 1 16 5 0 1 0 -1 -1 32168 1 -1879048189 1 32168 
0
0
1
PART-1-1
1
FULLMESH
0
1
14
-2147483647
48 1 16 5 0 1 0 -1 -1 32168 1 -1879048189 1 32168 
0
0
0
0
1
PART-1-1
4
BOTTOM
0
1
9
1124 1125 15015 15022 15034 15047 15055 15056 15826 
0
0
LEFT
0
1
9
961 962 16887 16927 16935 16947 16951 16953 16966 
0
0
RIGHT
0
1
9
1287 1288 16262 16274 16286 16493 16855 16865 16870 
0
0
TOP
0
1
10
798 799 15640 15660 15670 15675 15678 15690 15873 17305 
0
0
0
0
0
