0
1
0
Assembly-1
1
PART-1-1
PART-1
1
PART-1-1
14
-2147483647
0
48 1 16 5 0 1 0 -1 -1 12064 1 -1879048189 1 12064 
0
1
PART-1-1
14
-2147483647
0
48 1 16 5 0 1 0 -1 -1 21887 1 -1879048189 1 21887 
0
0
1
PART-1-1
1
FULLMESH
0
1
14
-2147483647
48 1 16 5 0 1 0 -1 -1 21887 1 -1879048189 1 21887 
0
0
0
0
1
PART-1-1
4
BOTTOM
0
1
12
1124 1125 10230 10233 10308 10316 10539 10558 10571 10805 11112 11119 
0
0
LEFT
0
1
17
961 962 8774 8831 9083 9084 9086 9091 9384 9634 9655 9656 9832 9843 9847 9857 9874 
0
0
RIGHT
0
1
13
1287 1288 10900 10959 10987 11169 11178 11341 11346 11444 11450 11498 11512 
0
0
TOP
0
1
12
798 799 11085 11369 11391 11395 11401 11408 11422 11430 11437 11483 
0
0
0
0
0
