0
1
0
Assembly-1
1
PART-1-1
PART-1
1
PART-1-1
14
-2147483647
0
48 1 16 5 0 1 0 -1 -1 15813 1 -1879048189 1 15813 
0
1
PART-1-1
14
-2147483647
0
48 1 16 5 0 1 0 -1 -1 29409 1 -1879048189 1 29409 
0
0
1
PART-1-1
1
FULLMESH
0
1
14
-2147483647
48 1 16 5 0 1 0 -1 -1 29409 1 -1879048189 1 29409 
0
0
0
0
1
PART-1-1
4
BOTTOM
0
1
14
1124 1125 12271 12300 12308 12323 12351 12355 12359 13718 13723 13725 13728 15760 
0
0
LEFT
0
1
13
961 962 15263 15383 15390 15398 15402 15412 15416 15422 15545 15609 15611 
0
0
RIGHT
0
1
14
1287 1288 14645 14889 14904 14924 14926 14929 15136 15148 15216 15262 15276 15788 
0
0
TOP
0
1
10
798 799 15510 15519 15572 15579 15589 15590 15593 15647 
0
0
0
0
0
