0
1
0
Assembly-1
1
PART-1-1
PART-1
1
PART-1-1
14
-2147483647
0
48 1 16 5 0 1 0 -1 -1 9732 1 -1879048189 1 9732 
0
1
PART-1-1
14
-2147483647
0
48 1 16 5 0 1 0 -1 -1 17399 1 -1879048189 1 17399 
0
0
1
PART-1-1
1
FULLMESH
0
1
14
-2147483647
48 1 16 5 0 1 0 -1 -1 17399 1 -1879048189 1 17399 
0
0
0
0
1
PART-1-1
4
BOTTOM
0
1
8
1124 1125 7593 7624 7631 7636 7647 7658 
0
0
LEFT
0
1
9
961 962 8845 8867 8875 8882 8884 8885 8887 
0
0
RIGHT
0
1
8
1287 1288 7488 7491 7510 7511 7522 7541 
0
0
TOP
0
1
8
798 799 9620 9645 9659 9660 9679 9680 
0
0
0
0
0
