0
1
0
Assembly-1
1
PART-1-1
PART-1
1
PART-1-1
14
-2147483647
0
48 1 16 5 0 1 0 -1 -1 9797 1 -1879048189 1 9797 
0
1
PART-1-1
14
-2147483647
0
48 1 16 5 0 1 0 -1 -1 17619 1 -1879048189 1 17619 
0
0
1
PART-1-1
1
FULLMESH
0
1
14
-2147483647
48 1 16 5 0 1 0 -1 -1 17619 1 -1879048189 1 17619 
0
0
0
0
1
PART-1-1
4
BOTTOM
0
1
8
1124 1125 8278 8286 8296 8303 8309 8316 
0
0
LEFT
0
1
7
961 962 9038 9050 9078 9079 9088 
0
0
RIGHT
0
1
6
1287 1288 8079 8085 8092 8157 
0
0
TOP
0
1
7
798 799 9692 9700 9715 9718 9729 
0
0
0
0
0
