0
1
0
Assembly-1
1
PART-1-1
PART-1
1
PART-1-1
14
-2147483647
0
48 1 16 5 0 1 0 -1 -1 18049 1 -1879048189 1 18049 
0
1
PART-1-1
14
-2147483647
0
48 1 16 5 0 1 0 -1 -1 33353 1 -1879048189 1 33353 
0
0
1
PART-1-1
1
FULLMESH
0
1
14
-2147483647
48 1 16 5 0 1 0 -1 -1 33353 1 -1879048189 1 33353 
0
0
0
0
1
PART-1-1
4
BOTTOM
0
1
17
1124 1125 14665 14672 15542 15591 15623 15655 15656 15659 15665 15666 15669 15681 15695 15700 15945 
0
0
LEFT
0
1
16
961 962 16477 16520 16595 16618 16621 16623 16631 16644 16668 16681 16700 16701 16727 16741 
0
0
RIGHT
0
1
15
1287 1288 12660 12680 12711 12715 12716 12719 12731 12735 13871 13915 13918 13920 13927 
0
0
TOP
0
1
17
798 799 15271 15358 15379 15389 15394 15398 15411 15417 15420 15438 15439 15443 15460 15785 15790 
0
0
0
0
0
