0
1
0
Assembly-1
1
PART-1-1
PART-1
1
PART-1-1
14
-2147483647
0
48 1 16 5 0 1 0 -1 -1 16535 1 -1879048189 1 16535 
0
1
PART-1-1
14
-2147483647
0
48 1 16 5 0 1 0 -1 -1 31060 1 -1879048189 1 31060 
0
0
1
PART-1-1
1
FULLMESH
0
1
14
-2147483647
48 1 16 5 0 1 0 -1 -1 31060 1 -1879048189 1 31060 
0
0
0
0
1
PART-1-1
4
BOTTOM
0
1
17
1124 1125 11614 13118 13122 13133 13170 13176 13183 13186 13187 13825 13832 13845 13857 13871 14681 
0
0
LEFT
0
1
17
961 962 15877 15892 15940 15984 15999 16000 16132 16136 16142 16225 16250 16275 16284 16287 16289 
0
0
RIGHT
0
1
17
1287 1288 12285 12288 12333 13423 13424 13435 13437 14280 14282 14303 14323 14324 14325 14826 15365 
0
0
TOP
0
1
17
798 799 15086 15089 15112 15115 15116 15123 15486 15553 15560 15786 15788 16097 16181 16194 16199 
0
0
0
0
0
