0
1
0
Assembly-1
1
PART-1-1
PART-1
1
PART-1-1
14
-2147483647
0
48 1 16 5 0 1 0 -1 -1 18058 1 -1879048189 1 18058 
0
1
PART-1-1
14
-2147483647
0
48 1 16 5 0 1 0 -1 -1 33982 1 -1879048189 1 33982 
0
0
1
PART-1-1
1
FULLMESH
0
1
14
-2147483647
48 1 16 5 0 1 0 -1 -1 33982 1 -1879048189 1 33982 
0
0
0
0
1
PART-1-1
4
BOTTOM
0
1
17
1124 1125 15920 15959 16011 16014 16028 16068 16071 16081 16098 16103 16106 16109 16115 16136 16151 
0
0
LEFT
0
1
16
961 962 15779 15822 16178 16183 16299 16302 16475 16968 16980 17228 17232 17234 17253 17335 
0
0
RIGHT
0
1
17
1287 1288 16647 16665 16707 16774 16787 16855 17113 17305 17318 17320 17323 17419 17435 17437 17446 
0
0
TOP
0
1
17
798 799 16338 17013 17038 17085 17289 17300 17347 17368 17375 17381 17388 17393 17394 17477 17487 
0
0
0
0
0
