0
1
0
Assembly-1
1
PART-1-1
PART-1
1
PART-1-1
14
-2147483647
0
48 1 16 5 0 1 0 -1 -1 12352 1 -1879048189 1 12352 
0
1
PART-1-1
14
-2147483647
0
48 1 16 5 0 1 0 -1 -1 22480 1 -1879048189 1 22480 
0
0
1
PART-1-1
1
FULLMESH
0
1
14
-2147483647
48 1 16 5 0 1 0 -1 -1 22480 1 -1879048189 1 22480 
0
0
0
0
1
PART-1-1
4
BOTTOM
0
1
12
1124 1125 10156 10168 10173 10183 10186 10414 10419 10421 10796 10797 
0
0
LEFT
0
1
10
961 962 9710 10454 10476 10479 10499 10521 10535 12347 
0
0
RIGHT
0
1
13
1287 1288 10806 11134 11136 11166 11200 11203 11206 11207 11210 11216 11224 
0
0
TOP
0
1
13
798 799 8024 8259 8266 8274 8282 8283 8298 8307 8316 8318 12322 
0
0
0
0
0
