0
1
0
Assembly-1
1
PART-1-1
PART-1
1
PART-1-1
14
-2147483647
0
48 1 16 5 0 1 0 -1 -1 13995 1 -1879048189 1 13995 
0
1
PART-1-1
14
-2147483647
0
48 1 16 5 0 1 0 -1 -1 25434 1 -1879048189 1 25434 
0
0
1
PART-1-1
1
FULLMESH
0
1
14
-2147483647
48 1 16 5 0 1 0 -1 -1 25434 1 -1879048189 1 25434 
0
0
0
0
1
PART-1-1
4
BOTTOM
0
1
16
1124 1125 8665 8849 8860 8878 8894 8904 8908 8915 8917 8922 8927 8935 9357 9361 
0
0
LEFT
0
1
16
961 962 12803 12835 12839 12881 12883 12897 12901 12927 12930 12945 12963 12964 12982 12988 
0
0
RIGHT
0
1
15
1287 1288 12243 12280 12282 12299 12313 12335 12345 12346 12353 12453 12605 12616 12788 
0
0
TOP
0
1
14
798 799 11032 11044 11059 11306 11315 11317 11321 11483 11498 11810 11813 11832 
0
0
0
0
0
