0
1
0
Assembly-1
1
PART-1-1
PART-1
1
PART-1-1
14
-2147483647
0
48 1 16 5 0 1 0 -1 -1 11754 1 -1879048189 1 11754 
0
1
PART-1-1
14
-2147483647
0
48 1 16 5 0 1 0 -1 -1 21167 1 -1879048189 1 21167 
0
0
1
PART-1-1
1
FULLMESH
0
1
14
-2147483647
48 1 16 5 0 1 0 -1 -1 21167 1 -1879048189 1 21167 
0
0
0
0
1
PART-1-1
4
BOTTOM
0
1
10
1124 1125 9163 9192 9193 9194 9281 9284 9319 9340 
0
0
LEFT
0
1
10
961 962 8387 8401 8412 8560 8563 8566 8578 8581 
0
0
RIGHT
0
1
11
1287 1288 8349 8523 8541 8676 8687 8691 8695 8698 10486 
0
0
TOP
0
1
9
798 799 7094 7099 7109 7951 7963 7971 7982 
0
0
0
0
0
