0
1
0
Assembly-1
1
PART-1-1
PART-1
1
PART-1-1
14
-2147483647
0
48 1 16 5 0 1 0 -1 -1 13470 1 -1879048189 1 13470 
0
1
PART-1-1
14
-2147483647
0
48 1 16 5 0 1 0 -1 -1 24606 1 -1879048189 1 24606 
0
0
1
PART-1-1
1
FULLMESH
0
1
14
-2147483647
48 1 16 5 0 1 0 -1 -1 24606 1 -1879048189 1 24606 
0
0
0
0
1
PART-1-1
4
BOTTOM
0
1
9
1124 1125 10662 10670 10684 10986 11014 11016 11020 
0
0
LEFT
0
1
9
961 962 11336 11337 11357 11365 11382 11403 11407 
0
0
RIGHT
0
1
9
1287 1288 11568 11648 11679 11693 11697 11705 13428 
0
0
TOP
0
1
9
798 799 13061 13095 13096 13102 13105 13118 13168 
0
0
0
0
0
