0
1
0
Assembly-1
1
PART-1-1
PART-1
1
PART-1-1
14
-2147483647
0
48 1 16 5 0 1 0 -1 -1 13639 1 -1879048189 1 13639 
0
1
PART-1-1
14
-2147483647
0
48 1 16 5 0 1 0 -1 -1 25156 1 -1879048189 1 25156 
0
0
1
PART-1-1
1
FULLMESH
0
1
14
-2147483647
48 1 16 5 0 1 0 -1 -1 25156 1 -1879048189 1 25156 
0
0
0
0
1
PART-1-1
4
BOTTOM
0
1
16
1124 1125 12424 12439 12481 12484 12666 12679 12702 12706 12744 12749 12752 12757 12760 13033 
0
0
LEFT
0
1
15
961 962 13394 13454 13459 13472 13473 13480 13481 13502 13507 13516 13536 13545 13623 
0
0
RIGHT
0
1
14
1287 1288 12853 13169 13287 13293 13313 13314 13322 13335 13338 13349 13355 13520 
0
0
TOP
0
1
15
798 799 12092 12320 12935 12938 12944 12946 12950 12962 12970 12976 12995 13004 13178 
0
0
0
0
0
