0
1
0
Assembly-1
1
PART-1-1
PART-1
1
PART-1-1
14
-2147483647
0
48 1 16 5 0 1 0 -1 -1 22852 1 -1879048189 1 22852 
0
1
PART-1-1
14
-2147483647
0
48 1 16 5 0 1 0 -1 -1 42908 1 -1879048189 1 42908 
0
0
1
PART-1-1
1
FULLMESH
0
1
14
-2147483647
48 1 16 5 0 1 0 -1 -1 42908 1 -1879048189 1 42908 
0
0
0
0
1
PART-1-1
4
BOTTOM
0
1
16
1124 1125 22320 22607 22629 22669 22672 22675 22688 22692 22707 22713 22719 22729 22733 22745 
0
0
LEFT
0
1
17
961 962 21194 21685 21733 21734 21743 21747 21751 22047 22066 22075 22091 22097 22102 22111 22113 
0
0
RIGHT
0
1
17
1287 1288 18737 18785 18837 18906 19807 19810 19812 19834 19843 19848 19851 20347 20356 21097 21107 
0
0
TOP
0
1
12
798 799 20024 20025 20048 20412 20414 20417 20458 20474 21142 21585 
0
0
0
0
0
