0
1
0
Assembly-1
1
PART-1-1
PART-1
1
PART-1-1
14
-2147483647
0
48 1 16 5 0 1 0 -1 -1 12882 1 -1879048189 1 12882 
0
1
PART-1-1
14
-2147483647
0
48 1 16 5 0 1 0 -1 -1 23061 1 -1879048189 1 23061 
0
0
1
PART-1-1
1
FULLMESH
0
1
14
-2147483647
48 1 16 5 0 1 0 -1 -1 23061 1 -1879048189 1 23061 
0
0
0
0
1
PART-1-1
4
BOTTOM
0
1
15
1124 1125 12699 12714 12727 12741 12754 12758 12784 12790 12804 12805 12811 12821 12860 
0
0
LEFT
0
1
11
961 962 8899 9072 9095 9105 9114 9115 9119 9129 9152 
0
0
RIGHT
0
1
13
1287 1288 4991 5005 5077 5078 5093 5098 5105 5107 5119 5126 5128 
0
0
TOP
0
1
15
798 799 10840 10856 10891 10922 10955 10969 10973 10975 10983 10985 10990 11002 11005 
0
0
0
0
0
