0
1
0
Assembly-1
1
PART-1-1
PART-1
1
PART-1-1
14
-2147483647
0
48 1 16 5 0 1 0 -1 -1 15202 1 -1879048189 1 15202 
0
1
PART-1-1
14
-2147483647
0
48 1 16 5 0 1 0 -1 -1 28261 1 -1879048189 1 28261 
0
0
1
PART-1-1
1
FULLMESH
0
1
14
-2147483647
48 1 16 5 0 1 0 -1 -1 28261 1 -1879048189 1 28261 
0
0
0
0
1
PART-1-1
4
BOTTOM
0
1
8
1124 1125 14538 14566 14583 14586 14730 14742 
0
0
LEFT
0
1
9
961 962 14688 14702 14703 14712 14746 14750 14756 
0
0
RIGHT
0
1
9
1287 1288 14217 14231 14234 14280 14308 14401 14404 
0
0
TOP
0
1
7
798 799 15041 15150 15155 15161 15186 
0
0
0
0
0
