0
1
0
Assembly-1
1
PART-1-1
PART-1
1
PART-1-1
14
-2147483647
0
48 1 16 5 0 1 0 -1 -1 8399 1 -1879048189 1 8399 
0
1
PART-1-1
14
-2147483647
0
48 1 16 5 0 1 0 -1 -1 14577 1 -1879048189 1 14577 
0
0
1
PART-1-1
1
FULLMESH
0
1
14
-2147483647
48 1 16 5 0 1 0 -1 -1 14577 1 -1879048189 1 14577 
0
0
0
0
1
PART-1-1
4
BOTTOM
0
1
8
1124 1125 8148 8156 8159 8172 8179 8186 
0
0
LEFT
0
1
8
961 962 7430 7434 7456 7466 7469 8280 
0
0
RIGHT
0
1
7
1287 1288 8211 8225 8251 8268 8274 
0
0
TOP
0
1
8
798 799 6518 6714 6721 6727 6786 6791 
0
0
0
0
0
