0
1
0
Assembly-1
1
PART-1-1
PART-1
1
PART-1-1
14
-2147483647
0
48 1 16 5 0 1 0 -1 -1 15725 1 -1879048189 1 15725 
0
1
PART-1-1
14
-2147483647
0
48 1 16 5 0 1 0 -1 -1 29069 1 -1879048189 1 29069 
0
0
1
PART-1-1
1
FULLMESH
0
1
14
-2147483647
48 1 16 5 0 1 0 -1 -1 29069 1 -1879048189 1 29069 
0
0
0
0
1
PART-1-1
4
BOTTOM
0
1
16
1124 1125 13929 14315 14320 14331 14334 14340 14342 14354 14664 14672 14890 14902 14928 14932 
0
0
LEFT
0
1
16
961 962 12720 12941 12942 12963 12965 12982 12986 12999 13428 13445 13457 13467 13792 13797 
0
0
RIGHT
0
1
17
1287 1288 14562 14639 14753 14782 14871 14920 14923 14957 14961 14989 14997 15002 15009 15026 15029 
0
0
TOP
0
1
17
798 799 13111 13145 13153 13175 13185 13201 13213 13216 13246 13254 13260 13269 13278 13511 15703 
0
0
0
0
0
