0
1
0
Assembly-1
1
PART-1-1
PART-1
1
PART-1-1
14
-2147483647
0
48 1 16 5 0 1 0 -1 -1 8282 1 -1879048189 1 8282 
0
1
PART-1-1
14
-2147483647
0
48 1 16 5 0 1 0 -1 -1 14472 1 -1879048189 1 14472 
0
0
1
PART-1-1
1
FULLMESH
0
1
14
-2147483647
48 1 16 5 0 1 0 -1 -1 14472 1 -1879048189 1 14472 
0
0
0
0
1
PART-1-1
4
BOTTOM
0
1
9
1124 1125 5553 5568 5747 5752 5761 5768 6360 
0
0
LEFT
0
1
9
961 962 7140 7151 7169 7255 7256 7271 7277 
0
0
RIGHT
0
1
8
1287 1288 8211 8224 8230 8232 8235 8256 
0
0
TOP
0
1
9
798 799 7968 7976 7989 7992 7994 8012 8021 
0
0
0
0
0
