0
1
0
Assembly-1
1
PART-1-1
PART-1
1
PART-1-1
14
-2147483647
0
48 1 16 5 0 1 0 -1 -1 11766 1 -1879048189 1 11766 
0
1
PART-1-1
14
-2147483647
0
48 1 16 5 0 1 0 -1 -1 21630 1 -1879048189 1 21630 
0
0
1
PART-1-1
1
FULLMESH
0
1
14
-2147483647
48 1 16 5 0 1 0 -1 -1 21630 1 -1879048189 1 21630 
0
0
0
0
1
PART-1-1
4
BOTTOM
0
1
17
1124 1125 9296 9359 10648 10685 10698 10702 10709 10734 10749 10755 10767 10769 10792 10797 11511 
0
0
LEFT
0
1
17
961 962 10502 11108 11328 11365 11367 11377 11378 11490 11491 11495 11496 11497 11500 11559 11599 
0
0
RIGHT
0
1
18
1287 1288 8008 10144 10194 10199 10206 10976 10984 10988 10992 11230 11231 11448 11462 11582 11588 11627 
0
0
TOP
0
1
17
798 799 9518 9609 9612 9618 9628 9644 9650 9655 10055 10057 10876 10877 10885 11608 11639 
0
0
0
0
0
