0
1
0
Assembly-1
1
PART-1-1
PART-1
1
PART-1-1
14
-2147483647
0
48 1 16 5 0 1 0 -1 -1 19077 1 -1879048189 1 19077 
0
1
PART-1-1
14
-2147483647
0
48 1 16 5 0 1 0 -1 -1 35553 1 -1879048189 1 35553 
0
0
1
PART-1-1
1
FULLMESH
0
1
14
-2147483647
48 1 16 5 0 1 0 -1 -1 35553 1 -1879048189 1 35553 
0
0
0
0
1
PART-1-1
4
BOTTOM
0
1
17
1124 1125 17959 17968 17995 18001 18003 18004 18009 18016 18094 18097 18105 18314 18325 18510 19057 
0
0
LEFT
0
1
17
961 962 11722 12752 12753 12756 12761 12763 12779 12781 13788 13804 13826 13837 13843 14707 15644 
0
0
RIGHT
0
1
16
1287 1288 16347 16881 16910 16922 16926 16928 16932 17566 17609 17611 18129 18131 19033 19037 
0
0
TOP
0
1
17
798 799 17106 17133 17137 17718 17746 17750 17751 17759 18358 18367 18556 18574 18579 18585 18589 
0
0
0
0
0
