0
1
0
Assembly-1
1
PART-1-1
PART-1
1
PART-1-1
14
-2147483647
0
48 1 16 5 0 1 0 -1 -1 17134 1 -1879048189 1 17134 
0
1
PART-1-1
14
-2147483647
0
48 1 16 5 0 1 0 -1 -1 31748 1 -1879048189 1 31748 
0
0
1
PART-1-1
1
FULLMESH
0
1
14
-2147483647
48 1 16 5 0 1 0 -1 -1 31748 1 -1879048189 1 31748 
0
0
0
0
1
PART-1-1
4
BOTTOM
0
1
10
1124 1125 16981 17013 17025 17028 17045 17051 17068 17125 
0
0
LEFT
0
1
9
961 962 14588 14618 14621 14629 14733 14736 14741 
0
0
RIGHT
0
1
9
1287 1288 14709 14826 14827 14875 14879 14944 14946 
0
0
TOP
0
1
10
798 799 14745 14908 14933 14937 14954 14971 14984 14990 
0
0
0
0
0
