0
1
0
Assembly-1
1
PART-1-1
PART-1
1
PART-1-1
14
-2147483647
0
48 1 16 5 0 1 0 -1 -1 15034 1 -1879048189 1 15034 
0
1
PART-1-1
14
-2147483647
0
48 1 16 5 0 1 0 -1 -1 28013 1 -1879048189 1 28013 
0
0
1
PART-1-1
1
FULLMESH
0
1
14
-2147483647
48 1 16 5 0 1 0 -1 -1 28013 1 -1879048189 1 28013 
0
0
0
0
1
PART-1-1
4
BOTTOM
0
1
9
1124 1125 14869 14871 14917 14921 14928 14929 14937 
0
0
LEFT
0
1
9
961 962 14353 14360 14407 14420 14495 14498 14508 
0
0
RIGHT
0
1
9
1287 1288 13761 13764 13771 13782 13793 13803 13804 
0
0
TOP
0
1
9
798 799 14295 14297 14303 14314 14324 14427 14440 
0
0
0
0
0
