0
1
0
Assembly-1
1
PART-1-1
PART-1
1
PART-1-1
14
-2147483647
0
48 1 16 5 0 1 0 -1 -1 15612 1 -1879048189 1 15612 
0
1
PART-1-1
14
-2147483647
0
48 1 16 5 0 1 0 -1 -1 29022 1 -1879048189 1 29022 
0
0
1
PART-1-1
1
FULLMESH
0
1
14
-2147483647
48 1 16 5 0 1 0 -1 -1 29022 1 -1879048189 1 29022 
0
0
0
0
1
PART-1-1
4
BOTTOM
0
1
9
1124 1125 14699 14819 14829 14833 14834 14895 14946 
0
0
LEFT
0
1
9
961 962 15309 15386 15398 15415 15417 15441 15454 
0
0
RIGHT
0
1
9
1287 1288 13869 13984 14006 14008 14307 14315 14317 
0
0
TOP
0
1
9
798 799 14669 14878 14929 14935 14963 14965 14981 
0
0
0
0
0
