0
1
0
Assembly-1
1
PART-1-1
PART-1
1
PART-1-1
14
-2147483647
0
48 1 16 5 0 1 0 -1 -1 12831 1 -1879048189 1 12831 
0
1
PART-1-1
14
-2147483647
0
48 1 16 5 0 1 0 -1 -1 23765 1 -1879048189 1 23765 
0
0
1
PART-1-1
1
FULLMESH
0
1
14
-2147483647
48 1 16 5 0 1 0 -1 -1 23765 1 -1879048189 1 23765 
0
0
0
0
1
PART-1-1
4
BOTTOM
0
1
15
1124 1125 12025 12085 12097 12104 12115 12121 12131 12139 12163 12262 12280 12330 12331 
0
0
LEFT
0
1
16
961 962 12507 12599 12603 12617 12620 12674 12679 12725 12728 12736 12738 12758 12761 12764 
0
0
RIGHT
0
1
15
1287 1288 11131 11199 11443 11445 11453 11832 11836 11965 11971 12186 12188 12195 12817 
0
0
TOP
0
1
16
798 799 10813 11082 11095 11100 11103 11363 11365 11814 11961 11962 12294 12297 12299 12303 
0
0
0
0
0
