0
1
0
Assembly-1
1
PART-1-1
PART-1
1
PART-1-1
14
-2147483647
0
48 1 16 5 0 1 0 -1 -1 11928 1 -1879048189 1 11928 
0
1
PART-1-1
14
-2147483647
0
48 1 16 5 0 1 0 -1 -1 21540 1 -1879048189 1 21540 
0
0
1
PART-1-1
1
FULLMESH
0
1
14
-2147483647
48 1 16 5 0 1 0 -1 -1 21540 1 -1879048189 1 21540 
0
0
0
0
1
PART-1-1
4
BOTTOM
0
1
12
1124 1125 7451 7474 7850 10426 10429 10436 10440 10470 11917 11920 
0
0
LEFT
0
1
12
961 962 8993 9169 9189 9216 9222 9223 9238 9249 9251 9258 
0
0
RIGHT
0
1
15
1287 1288 8977 9090 9094 9107 9114 9123 9126 9129 9168 9193 9199 11926 11927 
0
0
TOP
0
1
11
798 799 9298 9332 9338 9339 9342 9349 9372 9391 9392 
0
0
0
0
0
