0
1
0
Assembly-1
1
PART-1-1
PART-1
1
PART-1-1
14
-2147483647
0
48 1 16 5 0 1 0 -1 -1 9681 1 -1879048189 1 9681 
0
1
PART-1-1
14
-2147483647
0
48 1 16 5 0 1 0 -1 -1 17421 1 -1879048189 1 17421 
0
0
1
PART-1-1
1
FULLMESH
0
1
14
-2147483647
48 1 16 5 0 1 0 -1 -1 17421 1 -1879048189 1 17421 
0
0
0
0
1
PART-1-1
4
BOTTOM
0
1
12
1124 1125 7515 7535 7545 7548 7555 7639 7643 7664 7668 7672 
0
0
LEFT
0
1
12
961 962 6870 6906 7147 7151 7161 7269 7334 7339 7341 7344 
0
0
RIGHT
0
1
11
1287 1288 9121 9183 9203 9205 9213 9217 9277 9292 9295 
0
0
TOP
0
1
11
798 799 7879 7918 7936 7949 7992 9437 9442 9443 9449 
0
0
0
0
0
