0
1
0
Assembly-1
1
PART-1-1
PART-1
1
PART-1-1
14
-2147483647
0
48 1 16 5 0 1 0 -1 -1 16050 1 -1879048189 1 16050 
0
1
PART-1-1
14
-2147483647
0
48 1 16 5 0 1 0 -1 -1 29580 1 -1879048189 1 29580 
0
0
1
PART-1-1
1
FULLMESH
0
1
14
-2147483647
48 1 16 5 0 1 0 -1 -1 29580 1 -1879048189 1 29580 
0
0
0
0
1
PART-1-1
4
BOTTOM
0
1
9
1124 1125 15755 15774 15781 15784 15785 15787 15790 
0
0
LEFT
0
1
6
961 962 16020 16024 16030 16042 
0
0
RIGHT
0
1
6
1287 1288 15188 15315 15368 15369 
0
0
TOP
0
1
6
798 799 15346 15349 15355 15362 
0
0
0
0
0
