0
1
0
Assembly-1
1
PART-1-1
PART-1
1
PART-1-1
14
-2147483647
0
48 1 16 5 0 1 0 -1 -1 15928 1 -1879048189 1 15928 
0
1
PART-1-1
14
-2147483647
0
48 1 16 5 0 1 0 -1 -1 29692 1 -1879048189 1 29692 
0
0
1
PART-1-1
1
FULLMESH
0
1
14
-2147483647
48 1 16 5 0 1 0 -1 -1 29692 1 -1879048189 1 29692 
0
0
0
0
1
PART-1-1
4
BOTTOM
0
1
16
1124 1125 14206 14215 14467 14471 14472 14478 14479 14489 14659 14661 14666 15061 15064 15071 
0
0
LEFT
0
1
14
961 962 15038 15040 15347 15348 15361 15364 15366 15484 15490 15505 15506 15515 
0
0
RIGHT
0
1
17
1287 1288 15671 15725 15726 15728 15731 15734 15746 15759 15768 15770 15776 15807 15811 15815 15827 
0
0
TOP
0
1
15
798 799 12935 12952 12967 12968 12971 12987 12989 12991 12999 13006 13021 13076 13117 
0
0
0
0
0
