0
1
0
Assembly-1
1
PART-1-1
PART-1
1
PART-1-1
14
-2147483647
0
48 1 16 5 0 1 0 -1 -1 15493 1 -1879048189 1 15493 
0
1
PART-1-1
14
-2147483647
0
48 1 16 5 0 1 0 -1 -1 28289 1 -1879048189 1 28289 
0
0
1
PART-1-1
1
FULLMESH
0
1
14
-2147483647
48 1 16 5 0 1 0 -1 -1 28289 1 -1879048189 1 28289 
0
0
0
0
1
PART-1-1
4
BOTTOM
0
1
15
1124 1125 14656 14819 14827 14893 14894 14905 14906 14908 14916 14918 14920 14926 14933 
0
0
LEFT
0
1
13
961 962 15224 15245 15271 15272 15290 15294 15338 15343 15345 15353 15358 
0
0
RIGHT
0
1
10
1287 1288 14038 14344 14345 14361 14381 14405 14421 14777 
0
0
TOP
0
1
14
798 799 14131 14172 14176 14183 14192 14197 14209 14223 14235 14262 14265 14505 
0
0
0
0
0
