0
1
0
Assembly-1
1
PART-1-1
PART-1
1
PART-1-1
14
-2147483647
0
48 1 16 5 0 1 0 -1 -1 15850 1 -1879048189 1 15850 
0
1
PART-1-1
14
-2147483647
0
48 1 16 5 0 1 0 -1 -1 29100 1 -1879048189 1 29100 
0
0
1
PART-1-1
1
FULLMESH
0
1
14
-2147483647
48 1 16 5 0 1 0 -1 -1 29100 1 -1879048189 1 29100 
0
0
0
0
1
PART-1-1
4
BOTTOM
0
1
11
1124 1125 14211 15273 15301 15414 15425 15575 15579 15582 15671 
0
0
LEFT
0
1
11
961 962 14407 14811 14821 14829 15467 15476 15491 15493 15839 
0
0
RIGHT
0
1
12
1287 1288 14678 14697 14725 14743 14751 14762 15592 15601 15602 15606 
0
0
TOP
0
1
14
798 799 15390 15626 15636 15675 15682 15690 15691 15697 15703 15713 15716 15734 
0
0
0
0
0
