0
1
0
Assembly-1
1
PART-1-1
PART-1
1
PART-1-1
14
-2147483647
0
48 1 16 5 0 1 0 -1 -1 15253 1 -1879048189 1 15253 
0
1
PART-1-1
14
-2147483647
0
48 1 16 5 0 1 0 -1 -1 28499 1 -1879048189 1 28499 
0
0
1
PART-1-1
1
FULLMESH
0
1
14
-2147483647
48 1 16 5 0 1 0 -1 -1 28499 1 -1879048189 1 28499 
0
0
0
0
1
PART-1-1
4
BOTTOM
0
1
17
1124 1125 13856 13938 14314 14336 14339 14354 14614 14618 14626 14635 14640 14644 14770 14778 15250 
0
0
LEFT
0
1
15
961 962 14085 14684 14843 14899 14987 15001 15004 15008 15017 15035 15040 15085 15111 
0
0
RIGHT
0
1
17
1287 1288 13510 14134 14136 14144 14151 14435 14444 14447 14452 14457 14935 14939 14940 15052 15237 
0
0
TOP
0
1
16
798 799 14196 14209 14510 14531 14535 14542 14591 14595 14735 14751 14761 14764 14768 15079 
0
0
0
0
0
