0
1
0
Assembly-1
1
PART-1-1
PART-1
1
PART-1-1
14
-2147483647
0
48 1 16 5 0 1 0 -1 -1 17395 1 -1879048189 1 17395 
0
1
PART-1-1
14
-2147483647
0
48 1 16 5 0 1 0 -1 -1 32555 1 -1879048189 1 32555 
0
0
1
PART-1-1
1
FULLMESH
0
1
14
-2147483647
48 1 16 5 0 1 0 -1 -1 32555 1 -1879048189 1 32555 
0
0
0
0
1
PART-1-1
4
BOTTOM
0
1
12
1124 1125 13622 13844 14597 14610 14611 14617 14983 14984 14996 15016 
0
0
LEFT
0
1
15
961 962 16214 16635 16637 16683 16736 16741 16743 16746 16753 16765 16766 16769 16869 
0
0
RIGHT
0
1
16
1287 1288 17008 17188 17217 17232 17238 17240 17247 17248 17253 17257 17262 17265 17266 17390 
0
0
TOP
0
1
14
798 799 16551 16565 16599 16654 16659 16671 16724 16728 16841 16847 16858 16861 
0
0
0
0
0
