0
1
0
Assembly-1
1
PART-1-1
PART-1
1
PART-1-1
14
-2147483647
0
48 1 16 5 0 1 0 -1 -1 7470 1 -1879048189 1 7470 
0
1
PART-1-1
14
-2147483647
0
48 1 16 5 0 1 0 -1 -1 12791 1 -1879048189 1 12791 
0
0
1
PART-1-1
1
FULLMESH
0
1
14
-2147483647
48 1 16 5 0 1 0 -1 -1 12791 1 -1879048189 1 12791 
0
0
0
0
1
PART-1-1
4
BOTTOM
0
1
7
1124 1125 5595 5610 5618 5619 5627 
0
0
LEFT
0
1
7
961 962 4649 4657 4674 4681 4694 
0
0
RIGHT
0
1
6
1287 1288 6631 6637 6663 6697 
0
0
TOP
0
1
7
798 799 7403 7408 7421 7460 7468 
0
0
0
0
0
