0
1
0
Assembly-1
1
PART-1-1
PART-1
1
PART-1-1
14
-2147483647
0
48 1 16 5 0 1 0 -1 -1 17353 1 -1879048189 1 17353 
0
1
PART-1-1
14
-2147483647
0
48 1 16 5 0 1 0 -1 -1 32681 1 -1879048189 1 32681 
0
0
1
PART-1-1
1
FULLMESH
0
1
14
-2147483647
48 1 16 5 0 1 0 -1 -1 32681 1 -1879048189 1 32681 
0
0
0
0
1
PART-1-1
4
BOTTOM
0
1
16
1124 1125 17032 17062 17065 17070 17073 17083 17098 17106 17152 17156 17159 17173 17183 17253 
0
0
LEFT
0
1
15
961 962 15273 15374 15388 15393 15394 15639 15648 15649 15654 15662 15664 15672 15680 
0
0
RIGHT
0
1
15
1287 1288 15537 15570 15579 15583 15585 15586 15596 15597 16249 16353 16361 16367 16369 
0
0
TOP
0
1
15
798 799 16770 16811 16817 16936 16939 16940 16952 17116 17117 17196 17215 17221 17223 
0
0
0
0
0
