0
1
0
Assembly-1
1
PART-1-1
PART-1
1
PART-1-1
14
-2147483647
0
48 1 16 5 0 1 0 -1 -1 20560 1 -1879048189 1 20560 
0
1
PART-1-1
14
-2147483647
0
48 1 16 5 0 1 0 -1 -1 38822 1 -1879048189 1 38822 
0
0
1
PART-1-1
1
FULLMESH
0
1
14
-2147483647
48 1 16 5 0 1 0 -1 -1 38822 1 -1879048189 1 38822 
0
0
0
0
1
PART-1-1
4
BOTTOM
0
1
17
1124 1125 18566 18590 18615 18988 18989 18991 19462 19479 19488 19506 19534 19540 19772 20020 20137 
0
0
LEFT
0
1
17
961 962 19826 19892 20179 20187 20193 20208 20209 20228 20322 20325 20326 20403 20421 20423 20426 
0
0
RIGHT
0
1
17
1287 1288 14122 14169 14180 14187 14189 14195 14212 14225 14263 14770 14778 15094 15811 15813 16387 
0
0
TOP
0
1
17
798 799 19908 20090 20108 20122 20126 20244 20251 20261 20270 20274 20276 20292 20301 20307 20359 
0
0
0
0
0
