0
1
0
Assembly-1
1
PART-1-1
PART-1
1
PART-1-1
14
-2147483647
0
48 1 16 5 0 1 0 -1 -1 15270 1 -1879048189 1 15270 
0
1
PART-1-1
14
-2147483647
0
48 1 16 5 0 1 0 -1 -1 28510 1 -1879048189 1 28510 
0
0
1
PART-1-1
1
FULLMESH
0
1
14
-2147483647
48 1 16 5 0 1 0 -1 -1 28510 1 -1879048189 1 28510 
0
0
0
0
1
PART-1-1
4
BOTTOM
0
1
17
1124 1125 11427 11470 11508 11512 11531 11532 11533 11544 11547 11549 11556 12004 12431 12435 12937 
0
0
LEFT
0
1
17
961 962 14811 14858 14909 14914 14916 14929 15057 15061 15073 15103 15133 15137 15147 15148 15172 
0
0
RIGHT
0
1
17
1287 1288 14154 14278 14728 14733 14740 14749 14755 14975 14985 15000 15003 15014 15023 15096 15199 
0
0
TOP
0
1
17
798 799 13328 13374 13417 13419 13429 13436 13836 13844 13851 13895 14106 14109 14118 14221 14222 
0
0
0
0
0
