0
1
0
Assembly-1
1
PART-1-1
PART-1
1
PART-1-1
14
-2147483647
0
48 1 16 5 0 1 0 -1 -1 13847 1 -1879048189 1 13847 
0
1
PART-1-1
14
-2147483647
0
48 1 16 5 0 1 0 -1 -1 25340 1 -1879048189 1 25340 
0
0
1
PART-1-1
1
FULLMESH
0
1
14
-2147483647
48 1 16 5 0 1 0 -1 -1 25340 1 -1879048189 1 25340 
0
0
0
0
1
PART-1-1
4
BOTTOM
0
1
13
1124 1125 13062 13073 13106 13109 13116 13118 13122 13129 13131 13279 13841 
0
0
LEFT
0
1
14
961 962 10876 10901 10910 10916 10928 10934 10939 10952 10954 11566 13802 13805 
0
0
RIGHT
0
1
11
1287 1288 13166 13169 13191 13200 13436 13462 13553 13557 13575 
0
0
TOP
0
1
12
798 799 13267 13384 13392 13481 13568 13582 13597 13616 13621 13622 
0
0
0
0
0
