0
1
0
Assembly-1
1
PART-1-1
PART-1
1
PART-1-1
14
-2147483647
0
48 1 16 5 0 1 0 -1 -1 17769 1 -1879048189 1 17769 
0
1
PART-1-1
14
-2147483647
0
48 1 16 5 0 1 0 -1 -1 33378 1 -1879048189 1 33378 
0
0
1
PART-1-1
1
FULLMESH
0
1
14
-2147483647
48 1 16 5 0 1 0 -1 -1 33378 1 -1879048189 1 33378 
0
0
0
0
1
PART-1-1
4
BOTTOM
0
1
9
1124 1125 15622 15633 15637 15643 15647 15651 15670 
0
0
LEFT
0
1
9
961 962 16553 16600 16603 16620 16625 16632 16635 
0
0
RIGHT
0
1
9
1287 1288 17114 17166 17182 17186 17202 17214 17218 
0
0
TOP
0
1
9
798 799 17687 17708 17719 17725 17730 17741 17754 
0
0
0
0
0
