0
1
0
Assembly-1
1
PART-1-1
PART-1
1
PART-1-1
14
-2147483647
0
48 1 16 5 0 1 0 -1 -1 17560 1 -1879048189 1 17560 
0
1
PART-1-1
14
-2147483647
0
48 1 16 5 0 1 0 -1 -1 32690 1 -1879048189 1 32690 
0
0
1
PART-1-1
1
FULLMESH
0
1
14
-2147483647
48 1 16 5 0 1 0 -1 -1 32690 1 -1879048189 1 32690 
0
0
0
0
1
PART-1-1
4
BOTTOM
0
1
15
1124 1125 15285 15292 15767 16037 16041 16042 16044 16062 16067 16070 16074 16162 16164 
0
0
LEFT
0
1
12
961 962 13662 14535 14544 14560 14561 14571 14574 14586 14587 15321 
0
0
RIGHT
0
1
11
1287 1288 17178 17179 17190 17248 17265 17279 17282 17337 17355 
0
0
TOP
0
1
11
798 799 16538 16648 16657 16686 16688 16693 16695 16701 16705 
0
0
0
0
0
