0
1
0
Assembly-1
1
PART-1-1
PART-1
1
PART-1-1
14
-2147483647
0
48 1 16 5 0 1 0 -1 -1 14038 1 -1879048189 1 14038 
0
1
PART-1-1
14
-2147483647
0
48 1 16 5 0 1 0 -1 -1 25764 1 -1879048189 1 25764 
0
0
1
PART-1-1
1
FULLMESH
0
1
14
-2147483647
48 1 16 5 0 1 0 -1 -1 25764 1 -1879048189 1 25764 
0
0
0
0
1
PART-1-1
4
BOTTOM
0
1
15
1124 1125 10559 10594 10919 10927 10931 10939 11124 11125 11126 11246 11493 11500 11936 
0
0
LEFT
0
1
16
961 962 9795 9901 9918 9926 9931 9936 9938 9951 9964 9965 10471 10473 10475 10889 
0
0
RIGHT
0
1
17
1287 1288 12886 12917 12920 13225 13229 13234 13246 13255 13261 13269 13387 13393 13401 13404 13416 
0
0
TOP
0
1
16
798 799 13137 13169 13184 13191 13321 13359 13362 13364 13374 13435 13440 13461 13491 13501 
0
0
0
0
0
