0
1
0
Assembly-1
1
PART-1-1
PART-1
1
PART-1-1
14
-2147483647
0
48 1 16 5 0 1 0 -1 -1 18330 1 -1879048189 1 18330 
0
1
PART-1-1
14
-2147483647
0
48 1 16 5 0 1 0 -1 -1 34062 1 -1879048189 1 34062 
0
0
1
PART-1-1
1
FULLMESH
0
1
14
-2147483647
48 1 16 5 0 1 0 -1 -1 34062 1 -1879048189 1 34062 
0
0
0
0
1
PART-1-1
4
BOTTOM
0
1
10
1124 1125 17192 17549 17563 17589 17665 17668 17669 17671 
0
0
LEFT
0
1
9
961 962 17290 17418 17448 17642 17644 17648 17698 
0
0
RIGHT
0
1
10
1287 1288 16804 16820 17205 17213 17215 17378 17595 17599 
0
0
TOP
0
1
10
798 799 16594 16644 16668 16671 16673 16678 16911 16917 
0
0
0
0
0
