0
1
0
Assembly-1
1
PART-1-1
PART-1
1
PART-1-1
14
-2147483647
0
48 1 16 5 0 1 0 -1 -1 18242 1 -1879048189 1 18242 
0
1
PART-1-1
14
-2147483647
0
48 1 16 5 0 1 0 -1 -1 34092 1 -1879048189 1 34092 
0
0
1
PART-1-1
1
FULLMESH
0
1
14
-2147483647
48 1 16 5 0 1 0 -1 -1 34092 1 -1879048189 1 34092 
0
0
0
0
1
PART-1-1
4
BOTTOM
0
1
17
1124 1125 14630 14742 14769 14842 14845 15135 15144 15145 15146 15147 15153 15359 15367 15390 15457 
0
0
LEFT
0
1
17
961 962 12947 13847 14138 14139 14142 14145 14153 14165 14490 14527 14728 14729 15128 15329 15504 
0
0
RIGHT
0
1
17
1287 1288 10345 11404 11946 11955 11984 11988 12019 12021 12024 12034 12042 17900 17905 17909 17914 
0
0
TOP
0
1
17
798 799 15069 15238 15241 15308 15312 15317 15393 15417 15424 15441 15467 15476 15479 15499 15512 
0
0
0
0
0
