0
1
0
Assembly-1
1
PART-1-1
PART-1
1
PART-1-1
14
-2147483647
0
48 1 16 5 0 1 0 -1 -1 13033 1 -1879048189 1 13033 
0
1
PART-1-1
14
-2147483647
0
48 1 16 5 0 1 0 -1 -1 24086 1 -1879048189 1 24086 
0
0
1
PART-1-1
1
FULLMESH
0
1
14
-2147483647
48 1 16 5 0 1 0 -1 -1 24086 1 -1879048189 1 24086 
0
0
0
0
1
PART-1-1
4
BOTTOM
0
1
13
1124 1125 12717 12719 12852 12853 12922 12941 12944 12952 12955 12956 12962 
0
0
LEFT
0
1
15
961 962 10218 10975 10981 10994 11001 11003 11009 11028 11040 11056 11062 11068 11425 
0
0
RIGHT
0
1
15
1287 1288 12125 12164 12540 12558 12579 12581 12584 12771 12790 12791 12818 12819 12823 
0
0
TOP
0
1
16
798 799 11623 11639 11675 11702 11712 11713 11715 11722 11834 11836 12205 12621 12626 12628 
0
0
0
0
0
