0
1
0
Assembly-1
1
PART-1-1
PART-1
1
PART-1-1
14
-2147483647
0
48 1 16 5 0 1 0 -1 -1 17974 1 -1879048189 1 17974 
0
1
PART-1-1
14
-2147483647
0
48 1 16 5 0 1 0 -1 -1 33699 1 -1879048189 1 33699 
0
0
1
PART-1-1
1
FULLMESH
0
1
14
-2147483647
48 1 16 5 0 1 0 -1 -1 33699 1 -1879048189 1 33699 
0
0
0
0
1
PART-1-1
4
BOTTOM
0
1
11
1124 1125 16357 16391 16397 16406 16430 16439 16535 16855 16858 
0
0
LEFT
0
1
14
961 962 17055 17099 17159 17167 17169 17175 17495 17496 17497 17616 17628 17634 
0
0
RIGHT
0
1
13
1287 1288 17460 17461 17539 17543 17564 17576 17586 17742 17744 17782 17784 
0
0
TOP
0
1
14
798 799 17288 17319 17326 17645 17653 17654 17675 17678 17693 17699 17703 17768 
0
0
0
0
0
