0
1
0
Assembly-1
1
PART-1-1
PART-1
1
PART-1-1
14
-2147483647
0
48 1 16 5 0 1 0 -1 -1 14454 1 -1879048189 1 14454 
0
1
PART-1-1
14
-2147483647
0
48 1 16 5 0 1 0 -1 -1 26544 1 -1879048189 1 26544 
0
0
1
PART-1-1
1
FULLMESH
0
1
14
-2147483647
48 1 16 5 0 1 0 -1 -1 26544 1 -1879048189 1 26544 
0
0
0
0
1
PART-1-1
4
BOTTOM
0
1
17
1124 1125 10424 10587 10720 10731 10733 10774 10794 10801 10802 10962 10966 10979 10980 11053 11057 
0
0
LEFT
0
1
17
961 962 9396 10638 10662 10848 10891 10934 10935 10941 11002 11007 11011 11013 11014 11024 11043 
0
0
RIGHT
0
1
17
1287 1288 13431 13555 13592 13596 13606 13638 13643 13650 13652 13716 13718 13750 13758 13760 14375 
0
0
TOP
0
1
17
798 799 5983 6139 6163 6182 6185 6426 6441 6459 6460 6477 6479 6558 6581 13965 13971 
0
0
0
0
0
