0
1
0
Assembly-1
1
PART-1-1
PART-1
1
PART-1-1
14
-2147483647
0
48 1 16 5 0 1 0 -1 -1 15619 1 -1879048189 1 15619 
0
1
PART-1-1
14
-2147483647
0
48 1 16 5 0 1 0 -1 -1 28917 1 -1879048189 1 28917 
0
0
1
PART-1-1
1
FULLMESH
0
1
14
-2147483647
48 1 16 5 0 1 0 -1 -1 28917 1 -1879048189 1 28917 
0
0
0
0
1
PART-1-1
4
BOTTOM
0
1
15
1124 1125 13243 14237 14250 14795 14800 14808 14811 14815 14920 14929 14933 14935 14940 
0
0
LEFT
0
1
12
961 962 15136 15155 15157 15181 15225 15227 15234 15235 15241 15242 
0
0
RIGHT
0
1
9
1287 1288 14097 14107 14166 14171 14183 14199 14909 
0
0
TOP
0
1
11
798 799 14658 14667 14863 14873 14875 14880 14891 14896 14982 
0
0
0
0
0
