0
1
0
Assembly-1
1
PART-1-1
PART-1
1
PART-1-1
14
-2147483647
0
48 1 16 5 0 1 0 -1 -1 18910 1 -1879048189 1 18910 
0
1
PART-1-1
14
-2147483647
0
48 1 16 5 0 1 0 -1 -1 34973 1 -1879048189 1 34973 
0
0
1
PART-1-1
1
FULLMESH
0
1
14
-2147483647
48 1 16 5 0 1 0 -1 -1 34973 1 -1879048189 1 34973 
0
0
0
0
1
PART-1-1
4
BOTTOM
0
1
7
1124 1125 17966 17968 17975 18018 18023 
0
0
LEFT
0
1
8
961 962 18307 18356 18366 18377 18384 18390 
0
0
RIGHT
0
1
8
1287 1288 18870 18880 18882 18890 18897 18899 
0
0
TOP
0
1
8
798 799 18076 18079 18145 18161 18166 18169 
0
0
0
0
0
