0
1
0
Assembly-1
1
PART-1-1
PART-1
1
PART-1-1
14
-2147483647
0
48 1 16 5 0 1 0 -1 -1 14928 1 -1879048189 1 14928 
0
1
PART-1-1
14
-2147483647
0
48 1 16 5 0 1 0 -1 -1 27763 1 -1879048189 1 27763 
0
0
1
PART-1-1
1
FULLMESH
0
1
14
-2147483647
48 1 16 5 0 1 0 -1 -1 27763 1 -1879048189 1 27763 
0
0
0
0
1
PART-1-1
4
BOTTOM
0
1
17
1124 1125 10493 11112 11136 11146 11152 11153 11157 11162 11168 11185 11197 11886 12243 12254 12711 
0
0
LEFT
0
1
17
961 962 14287 14470 14489 14495 14522 14523 14539 14661 14683 14691 14777 14802 14803 14832 14835 
0
0
RIGHT
0
1
17
1287 1288 13067 13383 13426 13448 13466 13501 13504 13513 13514 13517 13521 13532 13578 13594 13765 
0
0
TOP
0
1
17
798 799 12200 12523 12609 12611 12617 12628 12919 12928 12988 12992 13004 13006 13170 13178 13186 
0
0
0
0
0
