0
1
0
Assembly-1
1
PART-1-1
PART-1
1
PART-1-1
14
-2147483647
0
48 1 16 5 0 1 0 -1 -1 15605 1 -1879048189 1 15605 
0
1
PART-1-1
14
-2147483647
0
48 1 16 5 0 1 0 -1 -1 29059 1 -1879048189 1 29059 
0
0
1
PART-1-1
1
FULLMESH
0
1
14
-2147483647
48 1 16 5 0 1 0 -1 -1 29059 1 -1879048189 1 29059 
0
0
0
0
1
PART-1-1
4
BOTTOM
0
1
17
1124 1125 14154 14553 14763 14796 14810 14825 14827 14837 14842 14857 14863 15127 15276 15593 15596 
0
0
LEFT
0
1
17
961 962 13626 13762 13773 13823 13827 13940 13977 13983 13986 13989 13997 14003 14008 14443 14452 
0
0
RIGHT
0
1
16
1287 1288 15150 15213 15229 15231 15241 15292 15297 15376 15413 15415 15416 15424 15425 15440 
0
0
TOP
0
1
17
798 799 10073 10160 10162 10164 10801 11856 11857 11866 11876 11877 12577 12579 12584 13190 13197 
0
0
0
0
0
