0
1
0
Assembly-1
1
PART-1-1
PART-1
1
PART-1-1
14
-2147483647
0
48 1 16 5 0 1 0 -1 -1 12267 1 -1879048189 1 12267 
0
1
PART-1-1
14
-2147483647
0
48 1 16 5 0 1 0 -1 -1 22383 1 -1879048189 1 22383 
0
0
1
PART-1-1
1
FULLMESH
0
1
14
-2147483647
48 1 16 5 0 1 0 -1 -1 22383 1 -1879048189 1 22383 
0
0
0
0
1
PART-1-1
4
BOTTOM
0
1
13
1124 1125 9601 9617 9621 9665 9667 9670 9674 9680 9936 10103 10266 
0
0
LEFT
0
1
11
961 962 11052 11374 11386 11389 11398 11440 11444 11448 11453 
0
0
RIGHT
0
1
10
1287 1288 11262 11514 11522 11527 11543 11629 11634 11669 
0
0
TOP
0
1
10
798 799 11566 11568 11580 11617 11650 11656 11676 11679 
0
0
0
0
0
