0
1
0
Assembly-1
1
PART-1-1
PART-1
1
PART-1-1
14
-2147483647
0
48 1 16 5 0 1 0 -1 -1 16563 1 -1879048189 1 16563 
0
1
PART-1-1
14
-2147483647
0
48 1 16 5 0 1 0 -1 -1 30947 1 -1879048189 1 30947 
0
0
1
PART-1-1
1
FULLMESH
0
1
14
-2147483647
48 1 16 5 0 1 0 -1 -1 30947 1 -1879048189 1 30947 
0
0
0
0
1
PART-1-1
4
BOTTOM
0
1
17
1124 1125 15474 15642 15647 15650 15674 15691 15695 15706 15750 15753 15761 15766 15771 15774 15785 
0
0
LEFT
0
1
15
961 962 13164 14205 14209 14211 14216 14217 14267 14310 14316 14618 14786 15022 15284 
0
0
RIGHT
0
1
15
1287 1288 14636 15046 15091 15112 15129 15133 15158 15165 15297 15300 15302 15519 15651 
0
0
TOP
0
1
17
798 799 16002 16234 16238 16246 16247 16252 16261 16349 16366 16376 16395 16405 16447 16450 16472 
0
0
0
0
0
