0
1
0
Assembly-1
1
PART-1-1
PART-1
1
PART-1-1
14
-2147483647
0
48 1 16 5 0 1 0 -1 -1 18345 1 -1879048189 1 18345 
0
1
PART-1-1
14
-2147483647
0
48 1 16 5 0 1 0 -1 -1 34734 1 -1879048189 1 34734 
0
0
1
PART-1-1
1
FULLMESH
0
1
14
-2147483647
48 1 16 5 0 1 0 -1 -1 34734 1 -1879048189 1 34734 
0
0
0
0
1
PART-1-1
4
BOTTOM
0
1
17
1124 1125 17935 18080 18083 18090 18095 18097 18117 18123 18221 18222 18225 18226 18236 18280 18292 
0
0
LEFT
0
1
17
961 962 15195 15308 15314 16063 16076 16085 16104 16107 16110 16127 16151 17141 17145 17147 17772 
0
0
RIGHT
0
1
17
1287 1288 16798 16808 16819 16876 16908 16919 17002 17013 17029 17037 17039 17043 17082 17717 17720 
0
0
TOP
0
1
17
798 799 16434 16505 16539 16563 16571 17372 17383 17396 17422 17433 17444 17454 17455 17803 17813 
0
0
0
0
0
