0
1
0
Assembly-1
1
PART-1-1
PART-1
1
PART-1-1
14
-2147483647
0
48 1 16 5 0 1 0 -1 -1 12018 1 -1879048189 1 12018 
0
1
PART-1-1
14
-2147483647
0
48 1 16 5 0 1 0 -1 -1 22185 1 -1879048189 1 22185 
0
0
1
PART-1-1
1
FULLMESH
0
1
14
-2147483647
48 1 16 5 0 1 0 -1 -1 22185 1 -1879048189 1 22185 
0
0
0
0
1
PART-1-1
4
BOTTOM
0
1
9
1124 1125 11892 11916 11924 11940 11941 11946 11950 
0
0
LEFT
0
1
9
961 962 10148 10631 10642 10643 10753 10757 10777 
0
0
RIGHT
0
1
9
1287 1288 10309 10484 10506 10508 10519 10520 10607 
0
0
TOP
0
1
9
798 799 10774 10781 10791 10792 10794 10810 10831 
0
0
0
0
0
