0
1
0
Assembly-1
1
PART-1-1
PART-1
1
PART-1-1
14
-2147483647
0
48 1 16 5 0 1 0 -1 -1 9804 1 -1879048189 1 9804 
0
1
PART-1-1
14
-2147483647
0
48 1 16 5 0 1 0 -1 -1 17655 1 -1879048189 1 17655 
0
0
1
PART-1-1
1
FULLMESH
0
1
14
-2147483647
48 1 16 5 0 1 0 -1 -1 17655 1 -1879048189 1 17655 
0
0
0
0
1
PART-1-1
4
BOTTOM
0
1
13
1124 1125 6451 6771 6796 6809 7162 7163 7164 7173 7176 7182 7453 
0
0
LEFT
0
1
14
961 962 8420 8690 8701 8705 8706 8711 8713 8716 9054 9056 9127 9213 
0
0
RIGHT
0
1
11
1287 1288 8969 9019 9096 9098 9205 9231 9240 9245 9248 
0
0
TOP
0
1
13
798 799 8841 8849 8868 8874 9072 9155 9157 9162 9171 9174 9176 
0
0
0
0
0
