0
1
0
Assembly-1
1
PART-1-1
PART-1
1
PART-1-1
14
-2147483647
0
48 1 16 5 0 1 0 -1 -1 15085 1 -1879048189 1 15085 
0
1
PART-1-1
14
-2147483647
0
48 1 16 5 0 1 0 -1 -1 27751 1 -1879048189 1 27751 
0
0
1
PART-1-1
1
FULLMESH
0
1
14
-2147483647
48 1 16 5 0 1 0 -1 -1 27751 1 -1879048189 1 27751 
0
0
0
0
1
PART-1-1
4
BOTTOM
0
1
9
1124 1125 13327 13377 13439 13442 13455 13469 13538 
0
0
LEFT
0
1
9
961 962 14915 14982 14984 14988 14989 14993 15034 
0
0
RIGHT
0
1
10
1287 1288 12421 12425 12427 12459 12690 12927 12989 12991 
0
0
TOP
0
1
9
798 799 12680 12861 12869 12883 12896 12909 12980 
0
0
0
0
0
