0
1
0
Assembly-1
1
PART-1-1
PART-1
1
PART-1-1
14
-2147483647
0
48 1 16 5 0 1 0 -1 -1 14471 1 -1879048189 1 14471 
0
1
PART-1-1
14
-2147483647
0
48 1 16 5 0 1 0 -1 -1 26646 1 -1879048189 1 26646 
0
0
1
PART-1-1
1
FULLMESH
0
1
14
-2147483647
48 1 16 5 0 1 0 -1 -1 26646 1 -1879048189 1 26646 
0
0
0
0
1
PART-1-1
4
BOTTOM
0
1
5
1124 1125 14440 14446 14451 
0
0
LEFT
0
1
5
961 962 13502 13525 13529 
0
0
RIGHT
0
1
6
1287 1288 14190 14211 14216 14221 
0
0
TOP
0
1
6
798 799 13806 13819 13823 13837 
0
0
0
0
0
