0
1
0
Assembly-1
1
PART-1-1
PART-1
1
PART-1-1
14
-2147483647
0
48 1 16 5 0 1 0 -1 -1 17651 1 -1879048189 1 17651 
0
1
PART-1-1
14
-2147483647
0
48 1 16 5 0 1 0 -1 -1 33231 1 -1879048189 1 33231 
0
0
1
PART-1-1
1
FULLMESH
0
1
14
-2147483647
48 1 16 5 0 1 0 -1 -1 33231 1 -1879048189 1 33231 
0
0
0
0
1
PART-1-1
4
BOTTOM
0
1
10
1124 1125 16143 16147 16298 16320 16455 16459 16496 16671 
0
0
LEFT
0
1
10
961 962 17196 17231 17233 17247 17259 17352 17354 17368 
0
0
RIGHT
0
1
11
1287 1288 16720 16722 16734 16808 16813 16828 17059 17065 17274 
0
0
TOP
0
1
9
798 799 17388 17417 17470 17479 17489 17490 17502 
0
0
0
0
0
