0
1
0
Assembly-1
1
PART-1-1
PART-1
1
PART-1-1
14
-2147483647
0
48 1 16 5 0 1 0 -1 -1 16455 1 -1879048189 1 16455 
0
1
PART-1-1
14
-2147483647
0
48 1 16 5 0 1 0 -1 -1 30880 1 -1879048189 1 30880 
0
0
1
PART-1-1
1
FULLMESH
0
1
14
-2147483647
48 1 16 5 0 1 0 -1 -1 30880 1 -1879048189 1 30880 
0
0
0
0
1
PART-1-1
4
BOTTOM
0
1
16
1124 1125 16049 16216 16220 16221 16225 16226 16254 16284 16308 16314 16318 16426 16431 16438 
0
0
LEFT
0
1
14
961 962 14012 14439 14460 14463 14484 14492 14504 14536 14546 14568 15056 15061 
0
0
RIGHT
0
1
17
1287 1288 14999 15014 15368 15403 15404 15414 15417 15424 15426 15552 15560 15562 15954 15959 15963 
0
0
TOP
0
1
15
798 799 14757 15174 15191 15206 15220 15238 15240 15247 15252 15261 15262 15488 15492 
0
0
0
0
0
