0
1
0
Assembly-1
1
PART-1-1
PART-1
1
PART-1-1
14
-2147483647
0
48 1 16 5 0 1 0 -1 -1 17778 1 -1879048189 1 17778 
0
1
PART-1-1
14
-2147483647
0
48 1 16 5 0 1 0 -1 -1 33483 1 -1879048189 1 33483 
0
0
1
PART-1-1
1
FULLMESH
0
1
14
-2147483647
48 1 16 5 0 1 0 -1 -1 33483 1 -1879048189 1 33483 
0
0
0
0
1
PART-1-1
4
BOTTOM
0
1
14
1124 1125 14430 14443 15133 15144 15151 15157 15622 15633 16078 16079 16082 16867 
0
0
LEFT
0
1
11
961 962 16758 16818 16832 16876 16877 16884 16896 16907 17761 
0
0
RIGHT
0
1
13
1287 1288 17460 17467 17537 17561 17579 17581 17587 17590 17593 17641 17773 
0
0
TOP
0
1
14
798 799 16422 16425 16922 16928 16936 16940 16957 16960 16965 17011 17231 17235 
0
0
0
0
0
