0
1
0
Assembly-1
1
PART-1-1
PART-1
1
PART-1-1
14
-2147483647
0
48 1 16 5 0 1 0 -1 -1 16576 1 -1879048189 1 16576 
0
1
PART-1-1
14
-2147483647
0
48 1 16 5 0 1 0 -1 -1 30548 1 -1879048189 1 30548 
0
0
1
PART-1-1
1
FULLMESH
0
1
14
-2147483647
48 1 16 5 0 1 0 -1 -1 30548 1 -1879048189 1 30548 
0
0
0
0
1
PART-1-1
4
BOTTOM
0
1
16
1124 1125 10827 11324 11382 11390 11991 12018 12024 12029 12350 12352 12898 12899 12905 12916 
0
0
LEFT
0
1
16
961 962 12161 12167 12424 13023 13078 13081 13089 13146 13308 13313 13314 13321 13693 13694 
0
0
RIGHT
0
1
16
1287 1288 13819 13831 13881 13884 13892 13903 13906 13918 14057 14064 14066 14240 14241 14343 
0
0
TOP
0
1
15
798 799 12207 13167 13186 13192 13342 13357 13358 13710 13731 13733 14023 14034 14035 
0
0
0
0
0
