0
1
0
Assembly-1
1
PART-1-1
PART-1
1
PART-1-1
14
-2147483647
0
48 1 16 5 0 1 0 -1 -1 14547 1 -1879048189 1 14547 
0
1
PART-1-1
14
-2147483647
0
48 1 16 5 0 1 0 -1 -1 26295 1 -1879048189 1 26295 
0
0
1
PART-1-1
1
FULLMESH
0
1
14
-2147483647
48 1 16 5 0 1 0 -1 -1 26295 1 -1879048189 1 26295 
0
0
0
0
1
PART-1-1
4
BOTTOM
0
1
9
1124 1125 9154 9303 9362 9369 9424 9431 9828 
0
0
LEFT
0
1
9
961 962 7187 7189 7200 7212 7227 8193 8199 
0
0
RIGHT
0
1
9
1287 1288 8657 8701 8784 8791 9013 9174 9309 
0
0
TOP
0
1
9
798 799 9642 9791 9811 9841 9848 9854 9855 
0
0
0
0
0
