0
1
0
Assembly-1
1
PART-1-1
PART-1
1
PART-1-1
14
-2147483647
0
48 1 16 5 0 1 0 -1 -1 14797 1 -1879048189 1 14797 
0
1
PART-1-1
14
-2147483647
0
48 1 16 5 0 1 0 -1 -1 27402 1 -1879048189 1 27402 
0
0
1
PART-1-1
1
FULLMESH
0
1
14
-2147483647
48 1 16 5 0 1 0 -1 -1 27402 1 -1879048189 1 27402 
0
0
0
0
1
PART-1-1
4
BOTTOM
0
1
6
1124 1125 14037 14043 14047 14084 
0
0
LEFT
0
1
8
961 962 14669 14707 14746 14747 14750 14754 
0
0
RIGHT
0
1
7
1287 1288 14440 14456 14461 14479 14482 
0
0
TOP
0
1
6
798 799 13406 13922 13973 13975 
0
0
0
0
0
