0
1
0
Assembly-1
1
PART-1-1
PART-1
1
PART-1-1
14
-2147483647
0
48 1 16 5 0 1 0 -1 -1 12799 1 -1879048189 1 12799 
0
1
PART-1-1
14
-2147483647
0
48 1 16 5 0 1 0 -1 -1 22772 1 -1879048189 1 22772 
0
0
1
PART-1-1
1
FULLMESH
0
1
14
-2147483647
48 1 16 5 0 1 0 -1 -1 22772 1 -1879048189 1 22772 
0
0
0
0
1
PART-1-1
4
BOTTOM
0
1
10
1124 1125 8920 8939 8948 8969 8970 8971 8975 11082 
0
0
LEFT
0
1
12
961 962 10706 10756 10762 10768 10770 10803 10806 10814 10822 10825 
0
0
RIGHT
0
1
9
1287 1288 7664 7667 7673 7797 7842 7853 11059 
0
0
TOP
0
1
10
798 799 9124 9134 9147 9152 9169 9176 9182 9184 
0
0
0
0
0
