0
1
0
Assembly-1
1
PART-1-1
PART-1
1
PART-1-1
14
-2147483647
0
48 1 16 5 0 1 0 -1 -1 13212 1 -1879048189 1 13212 
0
1
PART-1-1
14
-2147483647
0
48 1 16 5 0 1 0 -1 -1 24297 1 -1879048189 1 24297 
0
0
1
PART-1-1
1
FULLMESH
0
1
14
-2147483647
48 1 16 5 0 1 0 -1 -1 24297 1 -1879048189 1 24297 
0
0
0
0
1
PART-1-1
4
BOTTOM
0
1
17
1124 1125 12644 12788 12793 12804 12808 12815 12856 12860 12900 12904 12909 12910 12916 12944 12957 
0
0
LEFT
0
1
16
961 962 10755 10785 11589 11600 11604 11610 11660 11666 12081 12094 12266 12298 12300 12920 
0
0
RIGHT
0
1
16
1287 1288 11075 11432 11455 12159 12592 12596 12601 12751 12755 12756 12757 12766 13152 13159 
0
0
TOP
0
1
15
798 799 11255 11809 11824 11830 11834 11837 11841 11842 11878 12116 12139 12312 13148 
0
0
0
0
0
