0
1
0
Assembly-1
1
PART-1-1
PART-1
1
PART-1-1
14
-2147483647
0
48 1 16 5 0 1 0 -1 -1 11625 1 -1879048189 1 11625 
0
1
PART-1-1
14
-2147483647
0
48 1 16 5 0 1 0 -1 -1 21115 1 -1879048189 1 21115 
0
0
1
PART-1-1
1
FULLMESH
0
1
14
-2147483647
48 1 16 5 0 1 0 -1 -1 21115 1 -1879048189 1 21115 
0
0
0
0
1
PART-1-1
4
BOTTOM
0
1
16
1124 1125 11312 11342 11364 11365 11395 11424 11428 11430 11434 11495 11499 11501 11515 11520 
0
0
LEFT
0
1
14
961 962 8874 8924 8932 8948 9154 9159 9160 9361 9363 9369 9373 11568 
0
0
RIGHT
0
1
13
1287 1288 9016 9030 9088 9290 9292 9308 9310 9318 9399 9488 9490 
0
0
TOP
0
1
14
798 799 8182 8366 8367 8403 8620 8635 8637 8644 8831 8832 8836 8847 
0
0
0
0
0
