0
1
0
Assembly-1
1
PART-1-1
PART-1
1
PART-1-1
14
-2147483647
0
48 1 16 5 0 1 0 -1 -1 15242 1 -1879048189 1 15242 
0
1
PART-1-1
14
-2147483647
0
48 1 16 5 0 1 0 -1 -1 28495 1 -1879048189 1 28495 
0
0
1
PART-1-1
1
FULLMESH
0
1
14
-2147483647
48 1 16 5 0 1 0 -1 -1 28495 1 -1879048189 1 28495 
0
0
0
0
1
PART-1-1
4
BOTTOM
0
1
17
1124 1125 14780 14788 14839 14954 14965 14966 14980 14985 14994 14995 15000 15015 15042 15045 15073 
0
0
LEFT
0
1
16
961 962 12590 13885 13898 13925 13929 14257 14502 14508 14510 14514 14662 14672 14678 14801 
0
0
RIGHT
0
1
17
1287 1288 13378 13403 13810 14186 14357 14359 14363 14556 14718 14731 14810 15069 15085 15087 15240 
0
0
TOP
0
1
16
798 799 13668 13687 13701 14025 14270 14281 14284 14303 14306 14307 14314 14717 14807 15064 
0
0
0
0
0
