0
1
0
Assembly-1
1
PART-1-1
PART-1
1
PART-1-1
14
-2147483647
0
48 1 16 5 0 1 0 -1 -1 15624 1 -1879048189 1 15624 
0
1
PART-1-1
14
-2147483647
0
48 1 16 5 0 1 0 -1 -1 29162 1 -1879048189 1 29162 
0
0
1
PART-1-1
1
FULLMESH
0
1
14
-2147483647
48 1 16 5 0 1 0 -1 -1 29162 1 -1879048189 1 29162 
0
0
0
0
1
PART-1-1
4
BOTTOM
0
1
17
1124 1125 13661 13717 13766 13773 13945 14045 14052 14053 14075 14076 14078 14083 14169 14352 15609 
0
0
LEFT
0
1
16
961 962 14763 15375 15382 15387 15388 15390 15395 15407 15418 15422 15508 15516 15530 15533 
0
0
RIGHT
0
1
15
1287 1288 14889 14993 15030 15039 15054 15055 15058 15296 15306 15307 15323 15451 15616 
0
0
TOP
0
1
15
798 799 12443 13083 13092 13105 13111 13135 13138 13149 13232 13237 13246 13537 13539 
0
0
0
0
0
