0
1
0
Assembly-1
1
PART-1-1
PART-1
1
PART-1-1
14
-2147483647
0
48 1 16 5 0 1 0 -1 -1 14928 1 -1879048189 1 14928 
0
1
PART-1-1
14
-2147483647
0
48 1 16 5 0 1 0 -1 -1 27731 1 -1879048189 1 27731 
0
0
1
PART-1-1
1
FULLMESH
0
1
14
-2147483647
48 1 16 5 0 1 0 -1 -1 27731 1 -1879048189 1 27731 
0
0
0
0
1
PART-1-1
4
BOTTOM
0
1
14
1124 1125 12677 13143 13152 13155 13177 13179 13200 13508 13522 13728 13732 13735 
0
0
LEFT
0
1
16
961 962 12872 12932 12954 12960 12961 12973 12976 13392 13419 13420 13674 13680 13682 13684 
0
0
RIGHT
0
1
13
1287 1288 13789 13827 13829 13890 13902 14055 14065 14329 14334 14473 14569 
0
0
TOP
0
1
10
798 799 14538 14629 14736 14742 14764 14772 14774 14794 
0
0
0
0
0
