0
1
0
Assembly-1
1
PART-1-1
PART-1
1
PART-1-1
14
-2147483647
0
48 1 16 5 0 1 0 -1 -1 11000 1 -1879048189 1 11000 
0
1
PART-1-1
14
-2147483647
0
48 1 16 5 0 1 0 -1 -1 19545 1 -1879048189 1 19545 
0
0
1
PART-1-1
1
FULLMESH
0
1
14
-2147483647
48 1 16 5 0 1 0 -1 -1 19545 1 -1879048189 1 19545 
0
0
0
0
1
PART-1-1
4
BOTTOM
0
1
6
1124 1125 10570 10589 10601 10616 
0
0
LEFT
0
1
8
961 962 10924 10925 10933 10949 10954 10985 
0
0
RIGHT
0
1
8
1287 1288 7532 7535 7594 7599 7616 7619 
0
0
TOP
0
1
8
798 799 7955 7965 7976 7987 7991 7994 
0
0
0
0
0
