0
1
0
Assembly-1
1
PART-1-1
PART-1
1
PART-1-1
14
-2147483647
0
48 1 16 5 0 1 0 -1 -1 13246 1 -1879048189 1 13246 
0
1
PART-1-1
14
-2147483647
0
48 1 16 5 0 1 0 -1 -1 24353 1 -1879048189 1 24353 
0
0
1
PART-1-1
1
FULLMESH
0
1
14
-2147483647
48 1 16 5 0 1 0 -1 -1 24353 1 -1879048189 1 24353 
0
0
0
0
1
PART-1-1
4
BOTTOM
0
1
17
1124 1125 11166 11188 11208 11212 11223 11226 11230 11234 11244 11540 11674 11774 11792 13199 13206 
0
0
LEFT
0
1
16
961 962 12111 12282 12326 12327 12342 12384 12385 12408 12415 12427 12555 12558 12668 13227 
0
0
RIGHT
0
1
16
1287 1288 9055 9107 9174 9187 9209 9218 9229 9233 9258 9631 9639 9652 9653 9663 
0
0
TOP
0
1
17
798 799 12889 12913 12975 13018 13027 13028 13029 13039 13068 13074 13081 13083 13093 13102 13235 
0
0
0
0
0
