0
1
0
Assembly-1
1
PART-1-1
PART-1
1
PART-1-1
14
-2147483647
0
48 1 16 5 0 1 0 -1 -1 9573 1 -1879048189 1 9573 
0
1
PART-1-1
14
-2147483647
0
48 1 16 5 0 1 0 -1 -1 16899 1 -1879048189 1 16899 
0
0
1
PART-1-1
1
FULLMESH
0
1
14
-2147483647
48 1 16 5 0 1 0 -1 -1 16899 1 -1879048189 1 16899 
0
0
0
0
1
PART-1-1
4
BOTTOM
0
1
8
1124 1125 9339 9341 9352 9379 9385 9392 
0
0
LEFT
0
1
9
961 962 6646 6685 6689 6690 6691 6692 6698 
0
0
RIGHT
0
1
9
1287 1288 9498 9520 9523 9531 9533 9539 9545 
0
0
TOP
0
1
7
798 799 7235 7244 7254 7266 7284 
0
0
0
0
0
