0
1
0
Assembly-1
1
PART-1-1
PART-1
1
PART-1-1
14
-2147483647
0
48 1 16 5 0 1 0 -1 -1 12465 1 -1879048189 1 12465 
0
1
PART-1-1
14
-2147483647
0
48 1 16 5 0 1 0 -1 -1 22745 1 -1879048189 1 22745 
0
0
1
PART-1-1
1
FULLMESH
0
1
14
-2147483647
48 1 16 5 0 1 0 -1 -1 22745 1 -1879048189 1 22745 
0
0
0
0
1
PART-1-1
4
BOTTOM
0
1
9
1124 1125 11420 11446 11451 11452 11458 11466 11485 
0
0
LEFT
0
1
9
961 962 10311 10370 10371 10377 10403 10417 10418 
0
0
RIGHT
0
1
9
1287 1288 10167 10188 10281 10282 10287 10356 11524 
0
0
TOP
0
1
9
798 799 12355 12383 12385 12398 12405 12418 12423 
0
0
0
0
0
