0
1
0
Assembly-1
1
PART-1-1
PART-1
1
PART-1-1
14
-2147483647
0
48 1 16 5 0 1 0 -1 -1 17285 1 -1879048189 1 17285 
0
1
PART-1-1
14
-2147483647
0
48 1 16 5 0 1 0 -1 -1 32255 1 -1879048189 1 32255 
0
0
1
PART-1-1
1
FULLMESH
0
1
14
-2147483647
48 1 16 5 0 1 0 -1 -1 32255 1 -1879048189 1 32255 
0
0
0
0
1
PART-1-1
4
BOTTOM
0
1
17
1124 1125 15440 15746 15783 15793 15806 15807 15815 15825 15835 15836 15842 16140 16147 16148 16316 
0
0
LEFT
0
1
17
961 962 15508 15680 15885 15903 15925 15926 16153 16154 16155 16163 16323 16326 16328 16329 17271 
0
0
RIGHT
0
1
16
1287 1288 12199 12905 13564 13575 13590 13592 13595 13604 13626 13666 14221 14233 14788 14794 
0
0
TOP
0
1
17
798 799 16823 16845 16861 16909 16943 16963 16968 16970 16975 16980 16992 17024 17029 17031 17053 
0
0
0
0
0
