0
1
0
Assembly-1
1
PART-1-1
PART-1
1
PART-1-1
14
-2147483647
0
48 1 16 5 0 1 0 -1 -1 17174 1 -1879048189 1 17174 
0
1
PART-1-1
14
-2147483647
0
48 1 16 5 0 1 0 -1 -1 32054 1 -1879048189 1 32054 
0
0
1
PART-1-1
1
FULLMESH
0
1
14
-2147483647
48 1 16 5 0 1 0 -1 -1 32054 1 -1879048189 1 32054 
0
0
0
0
1
PART-1-1
4
BOTTOM
0
1
11
1124 1125 16548 16570 16578 16579 16709 16717 16720 16722 16723 
0
0
LEFT
0
1
9
961 962 16990 16993 17032 17037 17044 17064 17066 
0
0
RIGHT
0
1
9
1287 1288 16229 16477 16478 16479 16481 16614 16736 
0
0
TOP
0
1
10
798 799 16322 16401 16696 16703 16785 16792 16794 16801 
0
0
0
0
0
