0
1
0
Assembly-1
1
PART-1-1
PART-1
1
PART-1-1
14
-2147483647
0
48 1 16 5 0 1 0 -1 -1 12351 1 -1879048189 1 12351 
0
1
PART-1-1
14
-2147483647
0
48 1 16 5 0 1 0 -1 -1 22596 1 -1879048189 1 22596 
0
0
1
PART-1-1
1
FULLMESH
0
1
14
-2147483647
48 1 16 5 0 1 0 -1 -1 22596 1 -1879048189 1 22596 
0
0
0
0
1
PART-1-1
4
BOTTOM
0
1
7
1124 1125 11260 11281 11298 11308 11315 
0
0
LEFT
0
1
7
961 962 11110 11113 11119 11121 11127 
0
0
RIGHT
0
1
9
1287 1288 10787 10803 10807 10943 10946 10949 11017 
0
0
TOP
0
1
9
798 799 12179 12199 12205 12206 12211 12227 12230 
0
0
0
0
0
