0
1
0
Assembly-1
1
PART-1-1
PART-1
1
PART-1-1
14
-2147483647
0
48 1 16 5 0 1 0 -1 -1 21906 1 -1879048189 1 21906 
0
1
PART-1-1
14
-2147483647
0
48 1 16 5 0 1 0 -1 -1 40861 1 -1879048189 1 40861 
0
0
1
PART-1-1
1
FULLMESH
0
1
14
-2147483647
48 1 16 5 0 1 0 -1 -1 40861 1 -1879048189 1 40861 
0
0
0
0
1
PART-1-1
4
BOTTOM
0
1
16
1124 1125 17796 18641 18642 18645 18908 18948 18965 18966 18994 18995 19046 19462 19955 20350 
0
0
LEFT
0
1
17
961 962 21250 21264 21300 21303 21304 21658 21676 21692 21698 21716 21718 21719 21794 21803 21813 
0
0
RIGHT
0
1
13
1287 1288 18242 18244 19347 19356 19376 19868 19869 19884 19886 19894 20330 
0
0
TOP
0
1
16
798 799 21392 21444 21458 21460 21511 21527 21544 21546 21550 21565 21577 21767 21779 21811 
0
0
0
0
0
