0
1
0
Assembly-1
1
PART-1-1
PART-1
1
PART-1-1
14
-2147483647
0
48 1 16 5 0 1 0 -1 -1 15241 1 -1879048189 1 15241 
0
1
PART-1-1
14
-2147483647
0
48 1 16 5 0 1 0 -1 -1 28440 1 -1879048189 1 28440 
0
0
1
PART-1-1
1
FULLMESH
0
1
14
-2147483647
48 1 16 5 0 1 0 -1 -1 28440 1 -1879048189 1 28440 
0
0
0
0
1
PART-1-1
4
BOTTOM
0
1
16
1124 1125 14308 14783 14818 14823 14843 14844 14847 14849 14859 14865 14867 14904 14912 15099 
0
0
LEFT
0
1
16
961 962 12158 12179 12200 12207 12213 12221 12222 12226 12483 12490 12504 12505 12508 12904 
0
0
RIGHT
0
1
17
1287 1288 14396 14437 14445 14461 14638 14645 14657 14662 14669 14698 14703 14713 14720 14735 15234 
0
0
TOP
0
1
17
798 799 14022 14941 14943 14947 14965 14966 14977 15039 15043 15062 15066 15070 15080 15081 15129 
0
0
0
0
0
