0
1
0
Assembly-1
1
PART-1-1
PART-1
1
PART-1-1
14
-2147483647
0
48 1 16 5 0 1 0 -1 -1 14168 1 -1879048189 1 14168 
0
1
PART-1-1
14
-2147483647
0
48 1 16 5 0 1 0 -1 -1 26175 1 -1879048189 1 26175 
0
0
1
PART-1-1
1
FULLMESH
0
1
14
-2147483647
48 1 16 5 0 1 0 -1 -1 26175 1 -1879048189 1 26175 
0
0
0
0
1
PART-1-1
4
BOTTOM
0
1
17
1124 1125 12927 13085 13096 13127 13139 13150 13151 13152 13247 13254 13259 13261 13276 13278 13309 
0
0
LEFT
0
1
17
961 962 10582 10820 10821 10834 10842 10900 10940 10965 10966 10970 10973 10979 11000 11012 11018 
0
0
RIGHT
0
1
15
1287 1288 7563 8274 8303 8318 8374 8375 8378 8393 8607 8632 8647 8651 8667 
0
0
TOP
0
1
17
798 799 8127 8155 8191 8194 8202 8207 8219 8220 8239 8341 8346 8507 8593 8627 8660 
0
0
0
0
0
