0
1
0
Assembly-1
1
PART-1-1
PART-1
1
PART-1-1
14
-2147483647
0
48 1 16 5 0 1 0 -1 -1 11782 1 -1879048189 1 11782 
0
1
PART-1-1
14
-2147483647
0
48 1 16 5 0 1 0 -1 -1 21551 1 -1879048189 1 21551 
0
0
1
PART-1-1
1
FULLMESH
0
1
14
-2147483647
48 1 16 5 0 1 0 -1 -1 21551 1 -1879048189 1 21551 
0
0
0
0
1
PART-1-1
4
BOTTOM
0
1
15
1124 1125 11580 11656 11701 11702 11712 11718 11722 11725 11732 11743 11747 11758 11765 
0
0
LEFT
0
1
15
961 962 9963 10195 10480 10487 10494 10504 10513 10519 10522 10740 10751 10754 10963 
0
0
RIGHT
0
1
16
1287 1288 10557 10972 10979 10981 10997 11000 11010 11013 11173 11174 11212 11214 11460 11465 
0
0
TOP
0
1
14
798 799 10598 11181 11182 11251 11252 11273 11277 11279 11283 11322 11325 11354 
0
0
0
0
0
