0
1
0
Assembly-1
1
PART-1-1
PART-1
1
PART-1-1
14
-2147483647
0
48 1 16 5 0 1 0 -1 -1 15407 1 -1879048189 1 15407 
0
1
PART-1-1
14
-2147483647
0
48 1 16 5 0 1 0 -1 -1 28843 1 -1879048189 1 28843 
0
0
1
PART-1-1
1
FULLMESH
0
1
14
-2147483647
48 1 16 5 0 1 0 -1 -1 28843 1 -1879048189 1 28843 
0
0
0
0
1
PART-1-1
4
BOTTOM
0
1
17
1124 1125 11910 12058 12061 12070 12075 12079 12080 12091 12124 12139 12143 12152 12916 12919 12925 
0
0
LEFT
0
1
17
961 962 14032 14831 14832 14881 14888 14894 14906 14934 14951 14965 14981 14990 15229 15241 15333 
0
0
RIGHT
0
1
17
1287 1288 14676 15080 15099 15105 15139 15157 15178 15186 15189 15208 15284 15289 15290 15303 15310 
0
0
TOP
0
1
17
798 799 13907 14399 14415 14426 14431 14434 14507 14524 14526 14549 14763 14797 14810 15232 15318 
0
0
0
0
0
