0
1
0
Assembly-1
1
PART-1-1
PART-1
1
PART-1-1
14
-2147483647
0
48 1 16 5 0 1 0 -1 -1 17618 1 -1879048189 1 17618 
0
1
PART-1-1
14
-2147483647
0
48 1 16 5 0 1 0 -1 -1 33073 1 -1879048189 1 33073 
0
0
1
PART-1-1
1
FULLMESH
0
1
14
-2147483647
48 1 16 5 0 1 0 -1 -1 33073 1 -1879048189 1 33073 
0
0
0
0
1
PART-1-1
4
BOTTOM
0
1
13
1124 1125 15790 15845 15864 15876 15880 15882 15884 15888 17571 17573 17576 
0
0
LEFT
0
1
16
961 962 15931 15986 16042 16043 16046 16049 16051 16056 16335 16345 16347 16348 16358 16361 
0
0
RIGHT
0
1
15
1287 1288 16574 16578 16587 16604 16730 16734 17016 17318 17323 17327 17328 17329 17391 
0
0
TOP
0
1
15
798 799 17164 17277 17285 17291 17294 17372 17412 17413 17419 17420 17422 17434 17447 
0
0
0
0
0
