0
1
0
Assembly-1
1
PART-1-1
PART-1
1
PART-1-1
14
-2147483647
0
48 1 16 5 0 1 0 -1 -1 21274 1 -1879048189 1 21274 
0
1
PART-1-1
14
-2147483647
0
48 1 16 5 0 1 0 -1 -1 40348 1 -1879048189 1 40348 
0
0
1
PART-1-1
1
FULLMESH
0
1
14
-2147483647
48 1 16 5 0 1 0 -1 -1 40348 1 -1879048189 1 40348 
0
0
0
0
1
PART-1-1
4
BOTTOM
0
1
17
1124 1125 20543 20603 20630 20653 20665 20672 20776 20832 20834 20838 20901 20914 20915 20947 21257 
0
0
LEFT
0
1
17
961 962 19355 19667 19681 19694 19728 20089 20093 20106 20116 20118 20123 20134 20158 20710 21253 
0
0
RIGHT
0
1
17
1287 1288 17647 18163 18582 18585 18592 18598 19175 19179 19187 19197 19220 19253 19266 20079 21245 
0
0
TOP
0
1
17
798 799 19902 19961 19972 19974 19979 19987 19993 19997 20176 20718 20726 20728 20852 20858 20868 
0
0
0
0
0
