0
1
0
Assembly-1
1
PART-1-1
PART-1
1
PART-1-1
14
-2147483647
0
48 1 16 5 0 1 0 -1 -1 17394 1 -1879048189 1 17394 
0
1
PART-1-1
14
-2147483647
0
48 1 16 5 0 1 0 -1 -1 32831 1 -1879048189 1 32831 
0
0
1
PART-1-1
1
FULLMESH
0
1
14
-2147483647
48 1 16 5 0 1 0 -1 -1 32831 1 -1879048189 1 32831 
0
0
0
0
1
PART-1-1
4
BOTTOM
0
1
16
1124 1125 15729 16134 16148 16189 16198 16203 16205 16239 16249 16251 16261 16264 16760 16776 
0
0
LEFT
0
1
17
961 962 16381 16402 16459 16466 16474 16476 16499 16503 16855 16856 16886 16889 16899 16916 17266 
0
0
RIGHT
0
1
17
1287 1288 14997 17030 17057 17085 17086 17087 17093 17095 17105 17233 17244 17254 17262 17290 17305 
0
0
TOP
0
1
17
798 799 16594 16632 16967 16986 17134 17138 17147 17182 17188 17191 17271 17276 17280 17299 17302 
0
0
0
0
0
