0
1
0
Assembly-1
1
PART-1-1
PART-1
1
PART-1-1
14
-2147483647
0
48 1 16 5 0 1 0 -1 -1 12528 1 -1879048189 1 12528 
0
1
PART-1-1
14
-2147483647
0
48 1 16 5 0 1 0 -1 -1 22971 1 -1879048189 1 22971 
0
0
1
PART-1-1
1
FULLMESH
0
1
14
-2147483647
48 1 16 5 0 1 0 -1 -1 22971 1 -1879048189 1 22971 
0
0
0
0
1
PART-1-1
4
BOTTOM
0
1
7
1124 1125 12166 12181 12185 12222 12225 
0
0
LEFT
0
1
8
961 962 11945 11946 11961 11975 11977 11982 
0
0
RIGHT
0
1
5
1287 1288 11556 11575 11579 
0
0
TOP
0
1
6
798 799 12470 12471 12518 12520 
0
0
0
0
0
