0
1
0
Assembly-1
1
PART-1-1
PART-1
1
PART-1-1
14
-2147483647
0
48 1 16 5 0 1 0 -1 -1 14763 1 -1879048189 1 14763 
0
1
PART-1-1
14
-2147483647
0
48 1 16 5 0 1 0 -1 -1 27268 1 -1879048189 1 27268 
0
0
1
PART-1-1
1
FULLMESH
0
1
14
-2147483647
48 1 16 5 0 1 0 -1 -1 27268 1 -1879048189 1 27268 
0
0
0
0
1
PART-1-1
4
BOTTOM
0
1
7
1124 1125 11910 11936 11943 11944 11945 
0
0
LEFT
0
1
9
961 962 13909 13939 13944 13954 13957 13961 13965 
0
0
RIGHT
0
1
6
1287 1288 12931 12932 12982 12990 
0
0
TOP
0
1
7
798 799 14667 14688 14696 14701 14725 
0
0
0
0
0
