0
1
0
Assembly-1
1
PART-1-1
PART-1
1
PART-1-1
14
-2147483647
0
48 1 16 5 0 1 0 -1 -1 14469 1 -1879048189 1 14469 
0
1
PART-1-1
14
-2147483647
0
48 1 16 5 0 1 0 -1 -1 26216 1 -1879048189 1 26216 
0
0
1
PART-1-1
1
FULLMESH
0
1
14
-2147483647
48 1 16 5 0 1 0 -1 -1 26216 1 -1879048189 1 26216 
0
0
0
0
1
PART-1-1
4
BOTTOM
0
1
14
1124 1125 13376 13405 13430 13440 13447 13451 13463 13476 13482 14219 14220 14222 
0
0
LEFT
0
1
10
961 962 11588 11592 11594 11601 11607 11788 11799 11867 
0
0
RIGHT
0
1
9
1287 1288 12106 12156 12160 12170 12182 12185 12206 
0
0
TOP
0
1
11
798 799 11140 11142 11168 11193 11653 11657 11665 11666 13492 
0
0
0
0
0
