0
1
0
Assembly-1
1
PART-1-1
PART-1
1
PART-1-1
14
-2147483647
0
48 1 16 5 0 1 0 -1 -1 10557 1 -1879048189 1 10557 
0
1
PART-1-1
14
-2147483647
0
48 1 16 5 0 1 0 -1 -1 19099 1 -1879048189 1 19099 
0
0
1
PART-1-1
1
FULLMESH
0
1
14
-2147483647
48 1 16 5 0 1 0 -1 -1 19099 1 -1879048189 1 19099 
0
0
0
0
1
PART-1-1
4
BOTTOM
0
1
9
1124 1125 8365 8433 8434 8945 9347 9657 9721 
0
0
LEFT
0
1
13
961 962 9971 9976 9985 9989 9995 10013 10019 10024 10025 10043 10058 
0
0
RIGHT
0
1
12
1287 1288 8763 8822 9060 9064 9068 9072 9079 9088 9301 9323 
0
0
TOP
0
1
12
798 799 9516 9528 9546 9549 9563 9575 9578 9600 9605 10299 
0
0
0
0
0
