0
1
0
Assembly-1
1
PART-1-1
PART-1
1
PART-1-1
14
-2147483647
0
48 1 16 5 0 1 0 -1 -1 15745 1 -1879048189 1 15745 
0
1
PART-1-1
14
-2147483647
0
48 1 16 5 0 1 0 -1 -1 29412 1 -1879048189 1 29412 
0
0
1
PART-1-1
1
FULLMESH
0
1
14
-2147483647
48 1 16 5 0 1 0 -1 -1 29412 1 -1879048189 1 29412 
0
0
0
0
1
PART-1-1
4
BOTTOM
0
1
9
1124 1125 15581 15639 15649 15652 15663 15677 15684 
0
0
LEFT
0
1
9
961 962 15136 15150 15204 15220 15223 15263 15272 
0
0
RIGHT
0
1
9
1287 1288 14447 14452 14456 14459 14460 14603 14616 
0
0
TOP
0
1
9
798 799 14878 14910 14911 14920 14927 14982 14986 
0
0
0
0
0
