0
1
0
Assembly-1
1
PART-1-1
PART-1
1
PART-1-1
14
-2147483647
0
48 1 16 5 0 1 0 -1 -1 14443 1 -1879048189 1 14443 
0
1
PART-1-1
14
-2147483647
0
48 1 16 5 0 1 0 -1 -1 26856 1 -1879048189 1 26856 
0
0
1
PART-1-1
1
FULLMESH
0
1
14
-2147483647
48 1 16 5 0 1 0 -1 -1 26856 1 -1879048189 1 26856 
0
0
0
0
1
PART-1-1
4
BOTTOM
0
1
9
1124 1125 14294 14311 14343 14344 14349 14379 14380 
0
0
LEFT
0
1
9
961 962 12468 12488 12501 12512 12600 12608 12616 
0
0
RIGHT
0
1
9
1287 1288 13567 13592 13594 13609 13628 13643 13644 
0
0
TOP
0
1
8
798 799 12708 12785 12789 12798 12817 12822 
0
0
0
0
0
