0
1
0
Assembly-1
1
PART-1-1
PART-1
1
PART-1-1
14
-2147483647
0
48 1 16 5 0 1 0 -1 -1 13449 1 -1879048189 1 13449 
0
1
PART-1-1
14
-2147483647
0
48 1 16 5 0 1 0 -1 -1 24775 1 -1879048189 1 24775 
0
0
1
PART-1-1
1
FULLMESH
0
1
14
-2147483647
48 1 16 5 0 1 0 -1 -1 24775 1 -1879048189 1 24775 
0
0
0
0
1
PART-1-1
4
BOTTOM
0
1
8
1124 1125 12606 12625 12636 12642 12698 12715 
0
0
LEFT
0
1
9
961 962 12986 13006 13007 13020 13021 13039 13067 
0
0
RIGHT
0
1
9
1287 1288 13366 13379 13395 13402 13403 13408 13416 
0
0
TOP
0
1
9
798 799 12397 12419 12688 12689 12690 12798 12878 
0
0
0
0
0
