0
1
0
Assembly-1
1
PART-1-1
PART-1
1
PART-1-1
14
-2147483647
0
48 1 16 5 0 1 0 -1 -1 21206 1 -1879048189 1 21206 
0
1
PART-1-1
14
-2147483647
0
48 1 16 5 0 1 0 -1 -1 39885 1 -1879048189 1 39885 
0
0
1
PART-1-1
1
FULLMESH
0
1
14
-2147483647
48 1 16 5 0 1 0 -1 -1 39885 1 -1879048189 1 39885 
0
0
0
0
1
PART-1-1
4
BOTTOM
0
1
12
1124 1125 19312 19324 19356 19357 19365 19374 19378 19383 19392 19633 
0
0
LEFT
0
1
16
961 962 20613 20691 20718 20721 20726 20733 20735 20893 20954 20956 20960 20962 20964 20966 
0
0
RIGHT
0
1
13
1287 1288 20746 20801 20833 20837 20841 20847 20851 20862 20871 20872 20923 
0
0
TOP
0
1
11
798 799 19915 19922 19937 19964 19985 20000 20014 20389 20405 
0
0
0
0
0
