0
1
0
Assembly-1
1
PART-1-1
PART-1
1
PART-1-1
14
-2147483647
0
48 1 16 5 0 1 0 -1 -1 17120 1 -1879048189 1 17120 
0
1
PART-1-1
14
-2147483647
0
48 1 16 5 0 1 0 -1 -1 32012 1 -1879048189 1 32012 
0
0
1
PART-1-1
1
FULLMESH
0
1
14
-2147483647
48 1 16 5 0 1 0 -1 -1 32012 1 -1879048189 1 32012 
0
0
0
0
1
PART-1-1
4
BOTTOM
0
1
14
1124 1125 16085 16098 16736 16741 16749 16769 16781 16782 16888 16902 16903 16985 
0
0
LEFT
0
1
13
961 962 16505 16519 16839 16850 16852 16859 16862 16863 16867 16876 16972 
0
0
RIGHT
0
1
13
1287 1288 15190 15287 15296 15309 15320 15327 15489 15494 15498 15499 15507 
0
0
TOP
0
1
10
798 799 15716 15723 15848 15912 15921 15924 15965 15977 
0
0
0
0
0
