0
1
0
Assembly-1
1
PART-1-1
PART-1
1
PART-1-1
14
-2147483647
0
48 1 16 5 0 1 0 -1 -1 14161 1 -1879048189 1 14161 
0
1
PART-1-1
14
-2147483647
0
48 1 16 5 0 1 0 -1 -1 26418 1 -1879048189 1 26418 
0
0
1
PART-1-1
1
FULLMESH
0
1
14
-2147483647
48 1 16 5 0 1 0 -1 -1 26418 1 -1879048189 1 26418 
0
0
0
0
1
PART-1-1
4
BOTTOM
0
1
11
1124 1125 12671 12741 12751 12766 12804 12815 12837 12842 12843 
0
0
LEFT
0
1
10
961 962 14031 14047 14077 14090 14091 14106 14109 14110 
0
0
RIGHT
0
1
10
1287 1288 13842 13857 13887 13898 13907 13922 13943 13975 
0
0
TOP
0
1
10
798 799 11609 11638 11639 11650 11678 11679 11688 11692 
0
0
0
0
0
