0
1
0
Assembly-1
1
PART-1-1
PART-1
1
PART-1-1
14
-2147483647
0
48 1 16 5 0 1 0 -1 -1 11996 1 -1879048189 1 11996 
0
1
PART-1-1
14
-2147483647
0
48 1 16 5 0 1 0 -1 -1 21659 1 -1879048189 1 21659 
0
0
1
PART-1-1
1
FULLMESH
0
1
14
-2147483647
48 1 16 5 0 1 0 -1 -1 21659 1 -1879048189 1 21659 
0
0
0
0
1
PART-1-1
4
BOTTOM
0
1
10
1124 1125 10473 10537 10644 10659 10666 10667 10672 11563 
0
0
LEFT
0
1
9
961 962 9219 9490 9496 9769 9774 9779 11546 
0
0
RIGHT
0
1
9
1287 1288 11113 11148 11192 11194 11206 11209 11573 
0
0
TOP
0
1
9
798 799 9952 9966 10038 10043 10047 10086 10220 
0
0
0
0
0
