0
1
0
Assembly-1
1
PART-1-1
PART-1
1
PART-1-1
14
-2147483647
0
48 1 16 5 0 1 0 -1 -1 15406 1 -1879048189 1 15406 
0
1
PART-1-1
14
-2147483647
0
48 1 16 5 0 1 0 -1 -1 28820 1 -1879048189 1 28820 
0
0
1
PART-1-1
1
FULLMESH
0
1
14
-2147483647
48 1 16 5 0 1 0 -1 -1 28820 1 -1879048189 1 28820 
0
0
0
0
1
PART-1-1
4
BOTTOM
0
1
10
1124 1125 13701 13800 13908 13940 13950 13954 13956 14038 
0
0
LEFT
0
1
10
961 962 15201 15248 15261 15262 15274 15309 15328 15331 
0
0
RIGHT
0
1
12
1287 1288 13168 13729 13736 13740 13833 13837 14011 14024 14034 15381 
0
0
TOP
0
1
11
798 799 14515 14522 14542 14553 14612 14642 14644 14658 14669 
0
0
0
0
0
