0
1
0
Assembly-1
1
PART-1-1
PART-1
1
PART-1-1
14
-2147483647
0
48 1 16 5 0 1 0 -1 -1 17813 1 -1879048189 1 17813 
0
1
PART-1-1
14
-2147483647
0
48 1 16 5 0 1 0 -1 -1 33205 1 -1879048189 1 33205 
0
0
1
PART-1-1
1
FULLMESH
0
1
14
-2147483647
48 1 16 5 0 1 0 -1 -1 33205 1 -1879048189 1 33205 
0
0
0
0
1
PART-1-1
4
BOTTOM
0
1
17
1124 1125 13945 14343 14366 14382 14396 14409 14658 15294 15309 15318 15327 15689 15692 15697 15711 
0
0
LEFT
0
1
17
961 962 12333 12346 12638 12665 12680 14090 14092 14441 14449 14675 14683 14701 14704 14706 17660 
0
0
RIGHT
0
1
17
1287 1288 16067 16276 16282 16291 16297 16306 16329 16335 16338 16341 16344 16401 16403 16405 16440 
0
0
TOP
0
1
17
798 799 15096 15197 15239 15631 15647 15648 15649 15659 15661 15914 15916 15918 15923 15982 15999 
0
0
0
0
0
