0
1
0
Assembly-1
1
PART-1-1
PART-1
1
PART-1-1
14
-2147483647
0
48 1 16 5 0 1 0 -1 -1 17979 1 -1879048189 1 17979 
0
1
PART-1-1
14
-2147483647
0
48 1 16 5 0 1 0 -1 -1 33758 1 -1879048189 1 33758 
0
0
1
PART-1-1
1
FULLMESH
0
1
14
-2147483647
48 1 16 5 0 1 0 -1 -1 33758 1 -1879048189 1 33758 
0
0
0
0
1
PART-1-1
4
BOTTOM
0
1
17
1124 1125 17134 17239 17620 17630 17646 17708 17715 17718 17724 17793 17794 17810 17868 17873 17879 
0
0
LEFT
0
1
17
961 962 13879 15109 15115 15127 15469 15470 15488 15490 15889 15896 15898 16090 16303 16316 16323 
0
0
RIGHT
0
1
17
1287 1288 16434 16855 17060 17063 17368 17372 17376 17380 17402 17412 17730 17737 17748 17754 17760 
0
0
TOP
0
1
16
798 799 16997 17484 17492 17504 17508 17516 17529 17552 17557 17563 17570 17572 17578 17833 
0
0
0
0
0
