0
1
0
Assembly-1
1
PART-1-1
PART-1
1
PART-1-1
14
-2147483647
0
48 1 16 5 0 1 0 -1 -1 14388 1 -1879048189 1 14388 
0
1
PART-1-1
14
-2147483647
0
48 1 16 5 0 1 0 -1 -1 26399 1 -1879048189 1 26399 
0
0
1
PART-1-1
1
FULLMESH
0
1
14
-2147483647
48 1 16 5 0 1 0 -1 -1 26399 1 -1879048189 1 26399 
0
0
0
0
1
PART-1-1
4
BOTTOM
0
1
16
1124 1125 11302 11312 11564 11565 11759 12040 12044 12045 12055 12059 12334 12652 12660 12685 
0
0
LEFT
0
1
16
961 962 12296 12446 12450 12526 12534 12557 12565 12566 12572 12577 12600 12617 12679 12769 
0
0
RIGHT
0
1
17
1287 1288 12134 12157 12221 12236 12241 12244 12252 12265 12266 12279 12396 12407 12499 12504 13765 
0
0
TOP
0
1
17
798 799 9228 11031 11432 11630 11633 11663 11666 11807 11816 11820 11832 11950 12064 12073 12079 
0
0
0
0
0
