0
1
0
Assembly-1
1
PART-1-1
PART-1
1
PART-1-1
14
-2147483647
0
48 1 16 5 0 1 0 -1 -1 19490 1 -1879048189 1 19490 
0
1
PART-1-1
14
-2147483647
0
48 1 16 5 0 1 0 -1 -1 36749 1 -1879048189 1 36749 
0
0
1
PART-1-1
1
FULLMESH
0
1
14
-2147483647
48 1 16 5 0 1 0 -1 -1 36749 1 -1879048189 1 36749 
0
0
0
0
1
PART-1-1
4
BOTTOM
0
1
15
1124 1125 16220 16225 16269 16317 16319 16323 16328 16333 16362 17005 17012 17016 17805 
0
0
LEFT
0
1
13
961 962 17979 17998 18011 18040 18047 18056 18485 18602 18617 18625 18695 
0
0
RIGHT
0
1
10
1287 1288 18728 18775 18777 18841 18846 18896 18899 18906 
0
0
TOP
0
1
15
798 799 19115 19128 19202 19208 19209 19226 19227 19231 19241 19245 19263 19264 19328 
0
0
0
0
0
