0
1
0
Assembly-1
1
PART-1-1
PART-1
1
PART-1-1
14
-2147483647
0
48 1 16 5 0 1 0 -1 -1 14997 1 -1879048189 1 14997 
0
1
PART-1-1
14
-2147483647
0
48 1 16 5 0 1 0 -1 -1 27572 1 -1879048189 1 27572 
0
0
1
PART-1-1
1
FULLMESH
0
1
14
-2147483647
48 1 16 5 0 1 0 -1 -1 27572 1 -1879048189 1 27572 
0
0
0
0
1
PART-1-1
4
BOTTOM
0
1
9
1124 1125 14464 14465 14477 14479 14488 14489 14524 
0
0
LEFT
0
1
9
961 962 13815 13822 13841 13850 13851 13856 13900 
0
0
RIGHT
0
1
9
1287 1288 13245 13984 13986 13988 14332 14346 14353 
0
0
TOP
0
1
9
798 799 14792 14862 14878 14895 14896 14908 14918 
0
0
0
0
0
