0
1
0
Assembly-1
1
PART-1-1
PART-1
1
PART-1-1
14
-2147483647
0
48 1 16 5 0 1 0 -1 -1 10634 1 -1879048189 1 10634 
0
1
PART-1-1
14
-2147483647
0
48 1 16 5 0 1 0 -1 -1 19289 1 -1879048189 1 19289 
0
0
1
PART-1-1
1
FULLMESH
0
1
14
-2147483647
48 1 16 5 0 1 0 -1 -1 19289 1 -1879048189 1 19289 
0
0
0
0
1
PART-1-1
4
BOTTOM
0
1
16
1124 1125 10304 10414 10425 10430 10435 10444 10445 10451 10453 10456 10467 10469 10474 10483 
0
0
LEFT
0
1
14
961 962 7795 7827 8066 8078 8081 8083 8102 8279 8280 8327 8337 8346 
0
0
RIGHT
0
1
13
1287 1288 9256 9360 9367 9381 9382 9387 9468 9602 9857 9858 9900 
0
0
TOP
0
1
13
798 799 9834 9890 9927 9953 9964 9979 9984 9988 9990 10011 10015 
0
0
0
0
0
