0
1
0
Assembly-1
1
PART-1-1
PART-1
1
PART-1-1
14
-2147483647
0
48 1 16 5 0 1 0 -1 -1 13375 1 -1879048189 1 13375 
0
1
PART-1-1
14
-2147483647
0
48 1 16 5 0 1 0 -1 -1 24395 1 -1879048189 1 24395 
0
0
1
PART-1-1
1
FULLMESH
0
1
14
-2147483647
48 1 16 5 0 1 0 -1 -1 24395 1 -1879048189 1 24395 
0
0
0
0
1
PART-1-1
4
BOTTOM
0
1
7
1124 1125 13199 13209 13220 13226 13257 
0
0
LEFT
0
1
7
961 962 13262 13275 13278 13281 13367 
0
0
RIGHT
0
1
5
1287 1288 12944 12948 12959 
0
0
TOP
0
1
5
798 799 13130 13134 13139 
0
0
0
0
0
