0
1
0
Assembly-1
1
PART-1-1
PART-1
1
PART-1-1
14
-2147483647
0
48 1 16 5 0 1 0 -1 -1 17074 1 -1879048189 1 17074 
0
1
PART-1-1
14
-2147483647
0
48 1 16 5 0 1 0 -1 -1 31968 1 -1879048189 1 31968 
0
0
1
PART-1-1
1
FULLMESH
0
1
14
-2147483647
48 1 16 5 0 1 0 -1 -1 31968 1 -1879048189 1 31968 
0
0
0
0
1
PART-1-1
4
BOTTOM
0
1
14
1124 1125 16619 16775 16798 16799 16803 16822 16833 16836 16859 16862 17067 17073 
0
0
LEFT
0
1
14
961 962 14908 14916 15214 15224 15234 15237 15245 15310 15312 15313 15317 15557 
0
0
RIGHT
0
1
15
1287 1288 14344 14376 14381 14384 14385 14394 14401 14849 14853 14859 14868 15080 17033 
0
0
TOP
0
1
14
798 799 16099 16112 16132 16135 16143 16146 16154 16159 16169 16180 16556 16558 
0
0
0
0
0
