0
1
0
Assembly-1
1
PART-1-1
PART-1
1
PART-1-1
14
-2147483647
0
48 1 16 5 0 1 0 -1 -1 16681 1 -1879048189 1 16681 
0
1
PART-1-1
14
-2147483647
0
48 1 16 5 0 1 0 -1 -1 30865 1 -1879048189 1 30865 
0
0
1
PART-1-1
1
FULLMESH
0
1
14
-2147483647
48 1 16 5 0 1 0 -1 -1 30865 1 -1879048189 1 30865 
0
0
0
0
1
PART-1-1
4
BOTTOM
0
1
9
1124 1125 15167 15225 15235 15240 15247 15249 15266 
0
0
LEFT
0
1
9
961 962 12851 12897 12912 12921 12933 12944 16656 
0
0
RIGHT
0
1
9
1287 1288 16567 16586 16594 16595 16600 16608 16614 
0
0
TOP
0
1
9
798 799 12992 13063 13083 13096 13100 13117 13122 
0
0
0
0
0
