0
1
0
Assembly-1
1
PART-1-1
PART-1
1
PART-1-1
14
-2147483647
0
48 1 16 5 0 1 0 -1 -1 11601 1 -1879048189 1 11601 
0
1
PART-1-1
14
-2147483647
0
48 1 16 5 0 1 0 -1 -1 21319 1 -1879048189 1 21319 
0
0
1
PART-1-1
1
FULLMESH
0
1
14
-2147483647
48 1 16 5 0 1 0 -1 -1 21319 1 -1879048189 1 21319 
0
0
0
0
1
PART-1-1
4
BOTTOM
0
1
14
1124 1125 10568 10904 10914 11434 11439 11446 11449 11465 11476 11479 11480 11488 
0
0
LEFT
0
1
11
961 962 11230 11282 11324 11337 11347 11367 11422 11429 11483 
0
0
RIGHT
0
1
15
1287 1288 10287 10340 10348 10357 10359 10366 10369 10374 10386 10536 10679 10818 10824 
0
0
TOP
0
1
14
798 799 9816 9821 9858 9865 9872 9877 9894 9896 10108 10113 10115 10116 
0
0
0
0
0
