0
1
0
Assembly-1
1
PART-1-1
PART-1
1
PART-1-1
14
-2147483647
0
48 1 16 5 0 1 0 -1 -1 18952 1 -1879048189 1 18952 
0
1
PART-1-1
14
-2147483647
0
48 1 16 5 0 1 0 -1 -1 35479 1 -1879048189 1 35479 
0
0
1
PART-1-1
1
FULLMESH
0
1
14
-2147483647
48 1 16 5 0 1 0 -1 -1 35479 1 -1879048189 1 35479 
0
0
0
0
1
PART-1-1
4
BOTTOM
0
1
16
1124 1125 17302 17498 17822 17824 18245 18264 18276 18277 18301 18303 18315 18317 18940 18945 
0
0
LEFT
0
1
17
961 962 16235 16262 16268 16273 16277 16284 16743 16747 16751 16753 16757 17676 17680 17681 17917 
0
0
RIGHT
0
1
16
1287 1288 18133 18145 18162 18184 18187 18216 18509 18533 18538 18547 18558 18562 18564 18646 
0
0
TOP
0
1
15
798 799 11144 11876 11919 13629 13634 13653 13656 14246 14250 14251 14704 15814 15820 
0
0
0
0
0
