0
1
0
Assembly-1
1
PART-1-1
PART-1
1
PART-1-1
14
-2147483647
0
48 1 16 5 0 1 0 -1 -1 17822 1 -1879048189 1 17822 
0
1
PART-1-1
14
-2147483647
0
48 1 16 5 0 1 0 -1 -1 33448 1 -1879048189 1 33448 
0
0
1
PART-1-1
1
FULLMESH
0
1
14
-2147483647
48 1 16 5 0 1 0 -1 -1 33448 1 -1879048189 1 33448 
0
0
0
0
1
PART-1-1
4
BOTTOM
0
1
11
1124 1125 17409 17467 17472 17480 17492 17648 17656 17657 17680 
0
0
LEFT
0
1
16
961 962 16634 16735 17199 17203 17207 17208 17215 17351 17357 17369 17511 17556 17562 17618 
0
0
RIGHT
0
1
15
1287 1288 16787 16820 16827 16846 16850 16878 17218 17219 17220 17222 17232 17374 17387 
0
0
TOP
0
1
16
798 799 14869 14917 14937 14938 15301 15332 15546 15548 15549 15572 15573 15577 15742 15744 
0
0
0
0
0
