0
1
0
Assembly-1
1
PART-1-1
PART-1
1
PART-1-1
14
-2147483647
0
48 1 16 5 0 1 0 -1 -1 22826 1 -1879048189 1 22826 
0
1
PART-1-1
14
-2147483647
0
48 1 16 5 0 1 0 -1 -1 43098 1 -1879048189 1 43098 
0
0
1
PART-1-1
1
FULLMESH
0
1
14
-2147483647
48 1 16 5 0 1 0 -1 -1 43098 1 -1879048189 1 43098 
0
0
0
0
1
PART-1-1
4
BOTTOM
0
1
17
1124 1125 14686 17923 17961 17966 17969 17973 17984 17985 17986 17992 18004 19662 19716 19727 19737 
0
0
LEFT
0
1
17
961 962 14827 14884 14899 14908 14921 14925 14935 14944 14954 15989 15991 18030 18036 18037 19677 
0
0
RIGHT
0
1
16
1287 1288 21307 21709 21721 21757 21818 22004 22008 22071 22089 22192 22205 22208 22234 22525 
0
0
TOP
0
1
17
798 799 22277 22376 22393 22419 22431 22434 22438 22439 22440 22450 22491 22492 22574 22593 22625 
0
0
0
0
0
