0
1
0
Assembly-1
1
PART-1-1
PART-1
1
PART-1-1
14
-2147483647
0
48 1 16 5 0 1 0 -1 -1 12638 1 -1879048189 1 12638 
0
1
PART-1-1
14
-2147483647
0
48 1 16 5 0 1 0 -1 -1 22680 1 -1879048189 1 22680 
0
0
1
PART-1-1
1
FULLMESH
0
1
14
-2147483647
48 1 16 5 0 1 0 -1 -1 22680 1 -1879048189 1 22680 
0
0
0
0
1
PART-1-1
4
BOTTOM
0
1
9
1124 1125 7185 7214 7226 7233 7314 10397 11962 
0
0
LEFT
0
1
9
961 962 10271 10274 10279 10343 10353 10356 10368 
0
0
RIGHT
0
1
9
1287 1288 8724 8742 8773 8777 8779 8792 8828 
0
0
TOP
0
1
9
798 799 11490 11494 11512 11529 11550 11655 11862 
0
0
0
0
0
