0
1
0
Assembly-1
1
PART-1-1
PART-1
1
PART-1-1
14
-2147483647
0
48 1 16 5 0 1 0 -1 -1 11503 1 -1879048189 1 11503 
0
1
PART-1-1
14
-2147483647
0
48 1 16 5 0 1 0 -1 -1 20648 1 -1879048189 1 20648 
0
0
1
PART-1-1
1
FULLMESH
0
1
14
-2147483647
48 1 16 5 0 1 0 -1 -1 20648 1 -1879048189 1 20648 
0
0
0
0
1
PART-1-1
4
BOTTOM
0
1
9
1124 1125 10368 10371 10374 10395 10399 10410 11460 
0
0
LEFT
0
1
10
961 962 7918 7920 7929 7946 7965 8106 8115 8119 
0
0
RIGHT
0
1
10
1287 1288 8567 8636 8641 8651 8659 8672 8679 8935 
0
0
TOP
0
1
10
798 799 8809 8822 8826 8844 8858 8862 8968 8981 
0
0
0
0
0
