0
1
0
Assembly-1
1
PART-1-1
PART-1
1
PART-1-1
14
-2147483647
0
48 1 16 5 0 1 0 -1 -1 13527 1 -1879048189 1 13527 
0
1
PART-1-1
14
-2147483647
0
48 1 16 5 0 1 0 -1 -1 25145 1 -1879048189 1 25145 
0
0
1
PART-1-1
1
FULLMESH
0
1
14
-2147483647
48 1 16 5 0 1 0 -1 -1 25145 1 -1879048189 1 25145 
0
0
0
0
1
PART-1-1
4
BOTTOM
0
1
13
1124 1125 12247 12264 12287 12312 12317 12325 12340 12659 13034 13038 13092 
0
0
LEFT
0
1
12
961 962 11637 11674 11716 11846 11859 11887 12392 12393 12395 12398 
0
0
RIGHT
0
1
11
1287 1288 13350 13373 13374 13393 13411 13415 13436 13448 13454 
0
0
TOP
0
1
12
798 799 12777 12836 12842 12847 12864 12870 12874 12875 12883 12892 
0
0
0
0
0
