0
1
0
Assembly-1
1
PART-1-1
PART-1
1
PART-1-1
14
-2147483647
0
48 1 16 5 0 1 0 -1 -1 14203 1 -1879048189 1 14203 
0
1
PART-1-1
14
-2147483647
0
48 1 16 5 0 1 0 -1 -1 26328 1 -1879048189 1 26328 
0
0
1
PART-1-1
1
FULLMESH
0
1
14
-2147483647
48 1 16 5 0 1 0 -1 -1 26328 1 -1879048189 1 26328 
0
0
0
0
1
PART-1-1
4
BOTTOM
0
1
17
1124 1125 13608 13746 13756 13762 13780 13796 13818 13827 13866 13869 13902 13905 13908 14191 14196 
0
0
LEFT
0
1
16
961 962 12596 12639 12665 12667 12671 12713 12724 12730 12740 12745 12746 12748 12797 12830 
0
0
RIGHT
0
1
17
1287 1288 10462 11486 11533 11556 11568 11569 11945 11949 11958 11970 11980 11982 11990 11991 11999 
0
0
TOP
0
1
17
798 799 11122 11656 11677 11682 11684 11687 11693 12195 12197 12857 12859 12863 12870 12984 14177 
0
0
0
0
0
