0
1
0
Assembly-1
1
PART-1-1
PART-1
1
PART-1-1
14
-2147483647
0
48 1 16 5 0 1 0 -1 -1 12390 1 -1879048189 1 12390 
0
1
PART-1-1
14
-2147483647
0
48 1 16 5 0 1 0 -1 -1 22724 1 -1879048189 1 22724 
0
0
1
PART-1-1
1
FULLMESH
0
1
14
-2147483647
48 1 16 5 0 1 0 -1 -1 22724 1 -1879048189 1 22724 
0
0
0
0
1
PART-1-1
4
BOTTOM
0
1
8
1124 1125 10952 11164 11168 11169 11181 11186 
0
0
LEFT
0
1
8
961 962 12114 12116 12120 12124 12128 12132 
0
0
RIGHT
0
1
7
1287 1288 12339 12340 12365 12367 12369 
0
0
TOP
0
1
5
798 799 11292 11294 11303 
0
0
0
0
0
