0
1
0
Assembly-1
1
PART-1-1
PART-1
1
PART-1-1
14
-2147483647
0
48 1 16 5 0 1 0 -1 -1 11846 1 -1879048189 1 11846 
0
1
PART-1-1
14
-2147483647
0
48 1 16 5 0 1 0 -1 -1 21378 1 -1879048189 1 21378 
0
0
1
PART-1-1
1
FULLMESH
0
1
14
-2147483647
48 1 16 5 0 1 0 -1 -1 21378 1 -1879048189 1 21378 
0
0
0
0
1
PART-1-1
4
BOTTOM
0
1
9
1124 1125 11297 11325 11348 11349 11360 11379 11380 
0
0
LEFT
0
1
9
961 962 7746 7767 7784 7892 7894 7896 7980 
0
0
RIGHT
0
1
10
1287 1288 9296 9301 9345 9367 9369 11714 11721 11727 
0
0
TOP
0
1
9
798 799 11586 11620 11623 11636 11638 11644 11651 
0
0
0
0
0
