0
1
0
Assembly-1
1
PART-1-1
PART-1
1
PART-1-1
14
-2147483647
0
48 1 16 5 0 1 0 -1 -1 9924 1 -1879048189 1 9924 
0
1
PART-1-1
14
-2147483647
0
48 1 16 5 0 1 0 -1 -1 17298 1 -1879048189 1 17298 
0
0
1
PART-1-1
1
FULLMESH
0
1
14
-2147483647
48 1 16 5 0 1 0 -1 -1 17298 1 -1879048189 1 17298 
0
0
0
0
1
PART-1-1
4
BOTTOM
0
1
9
1124 1125 7431 7439 7617 7652 7662 7663 7687 
0
0
LEFT
0
1
9
961 962 7263 7286 7292 7293 7295 7528 7536 
0
0
RIGHT
0
1
9
1287 1288 6758 6764 6890 7180 7454 7458 7470 
0
0
TOP
0
1
9
798 799 7750 7751 7783 7790 7797 7806 7810 
0
0
0
0
0
