0
1
0
Assembly-1
1
PART-1-1
PART-1
1
PART-1-1
14
-2147483647
0
48 1 16 5 0 1 0 -1 -1 8575 1 -1879048189 1 8575 
0
1
PART-1-1
14
-2147483647
0
48 1 16 5 0 1 0 -1 -1 15282 1 -1879048189 1 15282 
0
0
1
PART-1-1
1
FULLMESH
0
1
14
-2147483647
48 1 16 5 0 1 0 -1 -1 15282 1 -1879048189 1 15282 
0
0
0
0
1
PART-1-1
4
BOTTOM
0
1
7
1124 1125 8002 8005 8023 8046 8048 
0
0
LEFT
0
1
9
961 962 6746 6780 6810 6812 6881 6885 6889 
0
0
RIGHT
0
1
9
1287 1288 6822 6827 6831 6867 6873 6892 6896 
0
0
TOP
0
1
6
798 799 8523 8540 8547 8552 
0
0
0
0
0
