0
1
0
Assembly-1
1
PART-1-1
PART-1
1
PART-1-1
14
-2147483647
0
48 1 16 5 0 1 0 -1 -1 17253 1 -1879048189 1 17253 
0
1
PART-1-1
14
-2147483647
0
48 1 16 5 0 1 0 -1 -1 32316 1 -1879048189 1 32316 
0
0
1
PART-1-1
1
FULLMESH
0
1
14
-2147483647
48 1 16 5 0 1 0 -1 -1 32316 1 -1879048189 1 32316 
0
0
0
0
1
PART-1-1
4
BOTTOM
0
1
11
1124 1125 17044 17084 17096 17131 17132 17133 17143 17145 17154 
0
0
LEFT
0
1
10
961 962 16274 16294 16303 16310 16464 16476 16574 16576 
0
0
RIGHT
0
1
12
1287 1288 16698 16712 16738 16739 16741 16743 16770 17238 17246 17247 
0
0
TOP
0
1
10
798 799 16361 16376 16497 16514 16523 16534 16541 16544 
0
0
0
0
0
