0
1
0
Assembly-1
1
PART-1-1
PART-1
1
PART-1-1
14
-2147483647
0
48 1 16 5 0 1 0 -1 -1 12652 1 -1879048189 1 12652 
0
1
PART-1-1
14
-2147483647
0
48 1 16 5 0 1 0 -1 -1 23445 1 -1879048189 1 23445 
0
0
1
PART-1-1
1
FULLMESH
0
1
14
-2147483647
48 1 16 5 0 1 0 -1 -1 23445 1 -1879048189 1 23445 
0
0
0
0
1
PART-1-1
4
BOTTOM
0
1
5
1124 1125 11779 11786 11805 
0
0
LEFT
0
1
5
961 962 11367 11417 11478 
0
0
RIGHT
0
1
6
1287 1288 12417 12443 12453 12462 
0
0
TOP
0
1
6
798 799 12576 12593 12596 12609 
0
0
0
0
0
