0
1
0
Assembly-1
1
PART-1-1
PART-1
1
PART-1-1
14
-2147483647
0
48 1 16 5 0 1 0 -1 -1 12153 1 -1879048189 1 12153 
0
1
PART-1-1
14
-2147483647
0
48 1 16 5 0 1 0 -1 -1 22007 1 -1879048189 1 22007 
0
0
1
PART-1-1
1
FULLMESH
0
1
14
-2147483647
48 1 16 5 0 1 0 -1 -1 22007 1 -1879048189 1 22007 
0
0
0
0
1
PART-1-1
4
BOTTOM
0
1
8
1124 1125 12050 12078 12111 12113 12119 12123 
0
0
LEFT
0
1
8
961 962 11205 11220 11221 11226 11228 11253 
0
0
RIGHT
0
1
8
1287 1288 11662 11669 11672 11682 11703 11710 
0
0
TOP
0
1
8
798 799 10282 10283 11299 11302 11303 11316 
0
0
0
0
0
