0
1
0
Assembly-1
1
PART-1-1
PART-1
1
PART-1-1
14
-2147483647
0
48 1 16 5 0 1 0 -1 -1 10916 1 -1879048189 1 10916 
0
1
PART-1-1
14
-2147483647
0
48 1 16 5 0 1 0 -1 -1 19557 1 -1879048189 1 19557 
0
0
1
PART-1-1
1
FULLMESH
0
1
14
-2147483647
48 1 16 5 0 1 0 -1 -1 19557 1 -1879048189 1 19557 
0
0
0
0
1
PART-1-1
4
BOTTOM
0
1
15
1124 1125 8808 9035 9041 9053 9055 9062 9078 9428 9433 9442 9444 9453 9691 
0
0
LEFT
0
1
14
961 962 10347 10403 10461 10467 10468 10483 10487 10507 10512 10514 10880 10887 
0
0
RIGHT
0
1
11
1287 1288 9512 9590 9710 9720 9726 9732 9852 9860 9867 
0
0
TOP
0
1
11
798 799 9780 10267 10270 10271 10275 10312 10315 10320 10860 
0
0
0
0
0
