0
1
0
Assembly-1
1
PART-1-1
PART-1
1
PART-1-1
14
-2147483647
0
48 1 16 5 0 1 0 -1 -1 21209 1 -1879048189 1 21209 
0
1
PART-1-1
14
-2147483647
0
48 1 16 5 0 1 0 -1 -1 39810 1 -1879048189 1 39810 
0
0
1
PART-1-1
1
FULLMESH
0
1
14
-2147483647
48 1 16 5 0 1 0 -1 -1 39810 1 -1879048189 1 39810 
0
0
0
0
1
PART-1-1
4
BOTTOM
0
1
17
1124 1125 19044 19067 19154 19167 19169 19180 19606 19871 19872 19876 20059 20066 20168 20172 21002 
0
0
LEFT
0
1
17
961 962 15271 16005 16535 16562 17015 17018 17028 17788 17794 17839 17848 17849 17850 17868 21165 
0
0
RIGHT
0
1
17
1287 1288 11976 13512 14532 14541 14542 14545 15129 15134 15144 15149 15165 15168 15196 15883 15890 
0
0
TOP
0
1
15
798 799 18976 18998 19013 19017 19809 19985 19989 19995 19998 20013 20143 20866 20874 
0
0
0
0
0
