0
1
0
Assembly-1
1
PART-1-1
PART-1
1
PART-1-1
14
-2147483647
0
48 1 16 5 0 1 0 -1 -1 10950 1 -1879048189 1 10950 
0
1
PART-1-1
14
-2147483647
0
48 1 16 5 0 1 0 -1 -1 19771 1 -1879048189 1 19771 
0
0
1
PART-1-1
1
FULLMESH
0
1
14
-2147483647
48 1 16 5 0 1 0 -1 -1 19771 1 -1879048189 1 19771 
0
0
0
0
1
PART-1-1
4
BOTTOM
0
1
8
1124 1125 9699 9922 9933 10002 10035 10941 
0
0
LEFT
0
1
9
961 962 9661 9793 9799 9802 9803 9835 9839 
0
0
RIGHT
0
1
9
1287 1288 10529 10549 10616 10636 10640 10653 10660 
0
0
TOP
0
1
9
798 799 10390 10406 10419 10421 10440 10471 10481 
0
0
0
0
0
