0
1
0
Assembly-1
1
PART-1-1
PART-1
1
PART-1-1
14
-2147483647
0
48 1 16 5 0 1 0 -1 -1 13407 1 -1879048189 1 13407 
0
1
PART-1-1
14
-2147483647
0
48 1 16 5 0 1 0 -1 -1 24619 1 -1879048189 1 24619 
0
0
1
PART-1-1
1
FULLMESH
0
1
14
-2147483647
48 1 16 5 0 1 0 -1 -1 24619 1 -1879048189 1 24619 
0
0
0
0
1
PART-1-1
4
BOTTOM
0
1
8
1124 1125 11898 11902 11926 11938 11947 11951 
0
0
LEFT
0
1
9
961 962 12762 12770 12783 12797 12799 12801 12808 
0
0
RIGHT
0
1
8
1287 1288 13372 13384 13385 13388 13390 13405 
0
0
TOP
0
1
9
798 799 12447 12451 12462 12465 12467 12472 13046 
0
0
0
0
0
