0
1
0
Assembly-1
1
PART-1-1
PART-1
1
PART-1-1
14
-2147483647
0
48 1 16 5 0 1 0 -1 -1 14747 1 -1879048189 1 14747 
0
1
PART-1-1
14
-2147483647
0
48 1 16 5 0 1 0 -1 -1 26930 1 -1879048189 1 26930 
0
0
1
PART-1-1
1
FULLMESH
0
1
14
-2147483647
48 1 16 5 0 1 0 -1 -1 26930 1 -1879048189 1 26930 
0
0
0
0
1
PART-1-1
4
BOTTOM
0
1
7
1124 1125 12015 12016 12050 12072 12101 
0
0
LEFT
0
1
9
961 962 14559 14564 14573 14593 14595 14615 14617 
0
0
RIGHT
0
1
7
1287 1288 12121 12150 12181 12183 12185 
0
0
TOP
0
1
9
798 799 13821 13841 13845 13848 13865 13868 13874 
0
0
0
0
0
