0
1
0
Assembly-1
1
PART-1-1
PART-1
1
PART-1-1
14
-2147483647
0
48 1 16 5 0 1 0 -1 -1 20538 1 -1879048189 1 20538 
0
1
PART-1-1
14
-2147483647
0
48 1 16 5 0 1 0 -1 -1 38194 1 -1879048189 1 38194 
0
0
1
PART-1-1
1
FULLMESH
0
1
14
-2147483647
48 1 16 5 0 1 0 -1 -1 38194 1 -1879048189 1 38194 
0
0
0
0
1
PART-1-1
4
BOTTOM
0
1
17
1124 1125 18677 18705 18831 18863 18866 18871 18877 18887 18915 18963 18966 18976 18997 19022 19474 
0
0
LEFT
0
1
17
961 962 16410 16853 16891 16959 16979 16986 16989 16996 17010 17039 17053 17383 17963 17972 18150 
0
0
RIGHT
0
1
17
1287 1288 17289 17333 17877 17881 17895 18107 18113 18127 18128 18130 18131 18218 18227 18242 19461 
0
0
TOP
0
1
17
798 799 14367 14439 14442 15352 15357 15367 15374 15381 15385 15951 15953 15959 15979 16002 16007 
0
0
0
0
0
