0
1
0
Assembly-1
1
PART-1-1
PART-1
1
PART-1-1
14
-2147483647
0
48 1 16 5 0 1 0 -1 -1 19225 1 -1879048189 1 19225 
0
1
PART-1-1
14
-2147483647
0
48 1 16 5 0 1 0 -1 -1 36347 1 -1879048189 1 36347 
0
0
1
PART-1-1
1
FULLMESH
0
1
14
-2147483647
48 1 16 5 0 1 0 -1 -1 36347 1 -1879048189 1 36347 
0
0
0
0
1
PART-1-1
4
BOTTOM
0
1
17
1124 1125 16766 16814 16815 16858 17918 17919 17933 17940 17950 17955 17960 17970 17980 18001 18011 
0
0
LEFT
0
1
17
961 962 18719 18787 18789 18791 18817 18972 18973 18979 18987 18988 19004 19070 19076 19084 19098 
0
0
RIGHT
0
1
17
1287 1288 15220 17627 17632 17640 17643 18094 18100 18104 18110 18318 18399 18413 18415 18418 18543 
0
0
TOP
0
1
17
798 799 17001 17031 17058 17063 17067 17078 17079 17081 17082 18079 18278 18280 18282 18294 18571 
0
0
0
0
0
