0
1
0
Assembly-1
1
PART-1-1
PART-1
1
PART-1-1
14
-2147483647
0
48 1 16 5 0 1 0 -1 -1 14435 1 -1879048189 1 14435 
0
1
PART-1-1
14
-2147483647
0
48 1 16 5 0 1 0 -1 -1 26539 1 -1879048189 1 26539 
0
0
1
PART-1-1
1
FULLMESH
0
1
14
-2147483647
48 1 16 5 0 1 0 -1 -1 26539 1 -1879048189 1 26539 
0
0
0
0
1
PART-1-1
4
BOTTOM
0
1
12
1124 1125 13391 13405 13423 13434 13449 13492 13500 13536 13571 13576 
0
0
LEFT
0
1
14
961 962 10015 10540 10558 10747 10768 10769 10770 11304 11312 11720 12574 12575 
0
0
RIGHT
0
1
16
1287 1288 12553 12658 12674 12676 12679 12692 12697 12701 12702 12818 12827 12830 12878 12883 
0
0
TOP
0
1
12
798 799 10912 12332 12738 12755 12761 12783 12840 12886 12941 13004 
0
0
0
0
0
