0
1
0
Assembly-1
1
PART-1-1
PART-1
1
PART-1-1
14
-2147483647
0
48 1 16 5 0 1 0 -1 -1 17995 1 -1879048189 1 17995 
0
1
PART-1-1
14
-2147483647
0
48 1 16 5 0 1 0 -1 -1 33091 1 -1879048189 1 33091 
0
0
1
PART-1-1
1
FULLMESH
0
1
14
-2147483647
48 1 16 5 0 1 0 -1 -1 33091 1 -1879048189 1 33091 
0
0
0
0
1
PART-1-1
4
BOTTOM
0
1
17
1124 1125 10071 10079 10134 10642 10662 10684 11055 11060 11065 11592 11600 11904 11906 12099 12508 
0
0
LEFT
0
1
16
961 962 12413 12671 12676 12680 12685 12729 12809 12811 12848 12867 12873 12875 12877 12890 
0
0
RIGHT
0
1
17
1287 1288 10027 10275 10300 10402 10409 10418 10445 10465 11021 11223 11791 11792 12014 14843 16729 
0
0
TOP
0
1
17
798 799 11386 11446 11482 11488 11493 11497 11499 11512 11519 11526 11529 11551 12086 12089 12500 
0
0
0
0
0
