0
1
0
Assembly-1
1
PART-1-1
PART-1
1
PART-1-1
14
-2147483647
0
48 1 16 5 0 1 0 -1 -1 11607 1 -1879048189 1 11607 
0
1
PART-1-1
14
-2147483647
0
48 1 16 5 0 1 0 -1 -1 20814 1 -1879048189 1 20814 
0
0
1
PART-1-1
1
FULLMESH
0
1
14
-2147483647
48 1 16 5 0 1 0 -1 -1 20814 1 -1879048189 1 20814 
0
0
0
0
1
PART-1-1
4
BOTTOM
0
1
8
1124 1125 10474 10537 10558 10565 10573 10594 
0
0
LEFT
0
1
8
961 962 8917 8940 9100 9114 9249 9256 
0
0
RIGHT
0
1
9
1287 1288 9308 9453 9500 9584 9587 9593 9652 
0
0
TOP
0
1
9
798 799 9982 10017 10030 10034 10047 10048 10213 
0
0
0
0
0
