0
1
0
Assembly-1
1
PART-1-1
PART-1
1
PART-1-1
14
-2147483647
0
48 1 16 5 0 1 0 -1 -1 6861 1 -1879048189 1 6861 
0
1
PART-1-1
14
-2147483647
0
48 1 16 5 0 1 0 -1 -1 11864 1 -1879048189 1 11864 
0
0
1
PART-1-1
1
FULLMESH
0
1
14
-2147483647
48 1 16 5 0 1 0 -1 -1 11864 1 -1879048189 1 11864 
0
0
0
0
1
PART-1-1
4
BOTTOM
0
1
7
1124 1125 6443 6445 6525 6815 6860 
0
0
LEFT
0
1
7
961 962 6768 6772 6781 6794 6798 
0
0
RIGHT
0
1
8
1287 1288 6353 6357 6359 6363 6370 6462 
0
0
TOP
0
1
8
798 799 6393 6477 6496 6506 6536 6539 
0
0
0
0
0
