0
1
0
Assembly-1
1
PART-1-1
PART-1
1
PART-1-1
14
-2147483647
0
48 1 16 5 0 1 0 -1 -1 10643 1 -1879048189 1 10643 
0
1
PART-1-1
14
-2147483647
0
48 1 16 5 0 1 0 -1 -1 19236 1 -1879048189 1 19236 
0
0
1
PART-1-1
1
FULLMESH
0
1
14
-2147483647
48 1 16 5 0 1 0 -1 -1 19236 1 -1879048189 1 19236 
0
0
0
0
1
PART-1-1
4
BOTTOM
0
1
13
1124 1125 7382 7591 7613 7614 7617 7744 7748 7836 7998 8002 8094 
0
0
LEFT
0
1
11
961 962 9924 9938 10021 10065 10069 10103 10112 10133 10139 
0
0
RIGHT
0
1
16
1287 1288 7052 7456 7460 7466 7467 7481 7484 7485 7654 7661 7667 7676 7686 8374 
0
0
TOP
0
1
14
798 799 8064 8089 8129 8148 8149 8151 8156 8158 8168 8177 8179 8186 
0
0
0
0
0
