0
1
0
Assembly-1
1
PART-1-1
PART-1
1
PART-1-1
14
-2147483647
0
48 1 16 5 0 1 0 -1 -1 14028 1 -1879048189 1 14028 
0
1
PART-1-1
14
-2147483647
0
48 1 16 5 0 1 0 -1 -1 25918 1 -1879048189 1 25918 
0
0
1
PART-1-1
1
FULLMESH
0
1
14
-2147483647
48 1 16 5 0 1 0 -1 -1 25918 1 -1879048189 1 25918 
0
0
0
0
1
PART-1-1
4
BOTTOM
0
1
9
1124 1125 12611 12613 12631 12940 13131 13315 13319 
0
0
LEFT
0
1
9
961 962 13045 13052 13068 13074 13189 13194 13343 
0
0
RIGHT
0
1
10
1287 1288 13595 13724 13737 13777 13785 13788 13789 13796 
0
0
TOP
0
1
9
798 799 12843 12900 12910 12911 12930 12938 13306 
0
0
0
0
0
