0
1
0
Assembly-1
1
PART-1-1
PART-1
1
PART-1-1
14
-2147483647
0
48 1 16 5 0 1 0 -1 -1 13617 1 -1879048189 1 13617 
0
1
PART-1-1
14
-2147483647
0
48 1 16 5 0 1 0 -1 -1 25038 1 -1879048189 1 25038 
0
0
1
PART-1-1
1
FULLMESH
0
1
14
-2147483647
48 1 16 5 0 1 0 -1 -1 25038 1 -1879048189 1 25038 
0
0
0
0
1
PART-1-1
4
BOTTOM
0
1
8
1124 1125 12364 12429 12435 12443 12466 12471 
0
0
LEFT
0
1
8
961 962 13119 13157 13160 13173 13191 13196 
0
0
RIGHT
0
1
9
1287 1288 12265 12276 12293 12383 12386 12394 12405 
0
0
TOP
0
1
9
798 799 13509 13528 13544 13563 13573 13575 13596 
0
0
0
0
0
