0
1
0
Assembly-1
1
PART-1-1
PART-1
1
PART-1-1
14
-2147483647
0
48 1 16 5 0 1 0 -1 -1 20026 1 -1879048189 1 20026 
0
1
PART-1-1
14
-2147483647
0
48 1 16 5 0 1 0 -1 -1 37483 1 -1879048189 1 37483 
0
0
1
PART-1-1
1
FULLMESH
0
1
14
-2147483647
48 1 16 5 0 1 0 -1 -1 37483 1 -1879048189 1 37483 
0
0
0
0
1
PART-1-1
4
BOTTOM
0
1
11
1124 1125 19654 19760 19778 19787 19790 19796 19797 19811 19826 
0
0
LEFT
0
1
12
961 962 17656 17657 17665 17674 17686 17692 17710 18053 18061 18067 
0
0
RIGHT
0
1
13
1287 1288 19173 19178 19180 19303 19308 19309 19331 19332 19359 19430 19431 
0
0
TOP
0
1
11
798 799 19189 19207 19208 19217 19223 19229 19389 19391 19395 
0
0
0
0
0
