0
1
0
Assembly-1
1
PART-1-1
PART-1
1
PART-1-1
14
-2147483647
0
48 1 16 5 0 1 0 -1 -1 10614 1 -1879048189 1 10614 
0
1
PART-1-1
14
-2147483647
0
48 1 16 5 0 1 0 -1 -1 19316 1 -1879048189 1 19316 
0
0
1
PART-1-1
1
FULLMESH
0
1
14
-2147483647
48 1 16 5 0 1 0 -1 -1 19316 1 -1879048189 1 19316 
0
0
0
0
1
PART-1-1
4
BOTTOM
0
1
9
1124 1125 9154 9382 9383 9431 9432 9441 9465 
0
0
LEFT
0
1
10
961 962 9009 9017 9032 9040 9051 9054 9056 9071 
0
0
RIGHT
0
1
9
1287 1288 10499 10515 10540 10570 10573 10574 10590 
0
0
TOP
0
1
10
798 799 9343 9357 9360 9373 9459 9478 9486 9488 
0
0
0
0
0
