0
1
0
Assembly-1
1
PART-1-1
PART-1
1
PART-1-1
14
-2147483647
0
48 1 16 5 0 1 0 -1 -1 20339 1 -1879048189 1 20339 
0
1
PART-1-1
14
-2147483647
0
48 1 16 5 0 1 0 -1 -1 38337 1 -1879048189 1 38337 
0
0
1
PART-1-1
1
FULLMESH
0
1
14
-2147483647
48 1 16 5 0 1 0 -1 -1 38337 1 -1879048189 1 38337 
0
0
0
0
1
PART-1-1
4
BOTTOM
0
1
17
1124 1125 17466 17878 18731 18736 18958 18961 18966 19212 19216 19224 19289 19359 19462 19478 19503 
0
0
LEFT
0
1
17
961 962 18251 18910 18933 19095 19132 19139 19143 19144 19151 19157 19165 19194 19197 19258 20326 
0
0
RIGHT
0
1
17
1287 1288 15976 15987 16029 17108 17110 17113 17117 17125 17129 17131 17643 17649 17659 18651 18659 
0
0
TOP
0
1
17
798 799 19775 19972 20046 20062 20066 20067 20107 20110 20123 20128 20129 20158 20165 20172 20187 
0
0
0
0
0
