0
1
0
Assembly-1
1
PART-1-1
PART-1
1
PART-1-1
14
-2147483647
0
48 1 16 5 0 1 0 -1 -1 11869 1 -1879048189 1 11869 
0
1
PART-1-1
14
-2147483647
0
48 1 16 5 0 1 0 -1 -1 21591 1 -1879048189 1 21591 
0
0
1
PART-1-1
1
FULLMESH
0
1
14
-2147483647
48 1 16 5 0 1 0 -1 -1 21591 1 -1879048189 1 21591 
0
0
0
0
1
PART-1-1
4
BOTTOM
0
1
8
1124 1125 9880 9919 9931 9957 9964 9970 
0
0
LEFT
0
1
8
961 962 11803 11818 11820 11826 11837 11844 
0
0
RIGHT
0
1
9
1287 1288 10059 10061 10073 10076 10077 10079 10151 
0
0
TOP
0
1
9
798 799 10296 10307 10321 10325 10337 10360 10367 
0
0
0
0
0
