0
1
0
Assembly-1
1
PART-1-1
PART-1
1
PART-1-1
14
-2147483647
0
48 1 16 5 0 1 0 -1 -1 17676 1 -1879048189 1 17676 
0
1
PART-1-1
14
-2147483647
0
48 1 16 5 0 1 0 -1 -1 33283 1 -1879048189 1 33283 
0
0
1
PART-1-1
1
FULLMESH
0
1
14
-2147483647
48 1 16 5 0 1 0 -1 -1 33283 1 -1879048189 1 33283 
0
0
0
0
1
PART-1-1
4
BOTTOM
0
1
11
1124 1125 15863 15885 15905 15943 15944 15955 15970 15979 17161 
0
0
LEFT
0
1
12
961 962 17456 17462 17552 17557 17571 17575 17608 17609 17619 17646 
0
0
RIGHT
0
1
13
1287 1288 16758 16854 16860 16963 16968 17037 17041 17051 17055 17059 17067 
0
0
TOP
0
1
12
798 799 16793 16887 16915 16938 16990 16996 17009 17010 17023 17098 
0
0
0
0
0
