0
1
0
Assembly-1
1
PART-1-1
PART-1
1
PART-1-1
14
-2147483647
0
48 1 16 5 0 1 0 -1 -1 17629 1 -1879048189 1 17629 
0
1
PART-1-1
14
-2147483647
0
48 1 16 5 0 1 0 -1 -1 32548 1 -1879048189 1 32548 
0
0
1
PART-1-1
1
FULLMESH
0
1
14
-2147483647
48 1 16 5 0 1 0 -1 -1 32548 1 -1879048189 1 32548 
0
0
0
0
1
PART-1-1
4
BOTTOM
0
1
17
1124 1125 13760 13776 13795 13808 13809 15427 15767 15769 15772 15773 15793 15825 15827 15845 15854 
0
0
LEFT
0
1
17
961 962 10812 10889 10897 10901 11352 11365 11367 12030 12045 12780 12792 12815 12833 12834 15439 
0
0
RIGHT
0
1
17
1287 1288 15575 15664 15938 16097 16309 16325 16338 16340 16397 16415 16446 16458 16459 17587 17596 
0
0
TOP
0
1
17
798 799 15998 16168 16170 16171 16263 16272 16274 16282 16365 16369 16475 16482 16509 16513 16514 
0
0
0
0
0
