0
1
0
Assembly-1
1
PART-1-1
PART-1
1
PART-1-1
14
-2147483647
0
48 1 16 5 0 1 0 -1 -1 16329 1 -1879048189 1 16329 
0
1
PART-1-1
14
-2147483647
0
48 1 16 5 0 1 0 -1 -1 30442 1 -1879048189 1 30442 
0
0
1
PART-1-1
1
FULLMESH
0
1
14
-2147483647
48 1 16 5 0 1 0 -1 -1 30442 1 -1879048189 1 30442 
0
0
0
0
1
PART-1-1
4
BOTTOM
0
1
14
1124 1125 14511 14826 14847 14866 14893 14894 14908 15060 16282 16284 16286 16293 
0
0
LEFT
0
1
15
961 962 14296 14323 14341 14348 14466 14476 14477 14482 14543 14544 14548 16325 16326 
0
0
RIGHT
0
1
16
1287 1288 15129 15223 15233 15235 15240 15247 15259 15264 15266 15276 15282 15286 15289 15357 
0
0
TOP
0
1
13
798 799 15972 16011 16031 16033 16034 16038 16080 16084 16090 16097 16107 
0
0
0
0
0
