0
1
0
Assembly-1
1
PART-1-1
PART-1
1
PART-1-1
14
-2147483647
0
48 1 16 5 0 1 0 -1 -1 16026 1 -1879048189 1 16026 
0
1
PART-1-1
14
-2147483647
0
48 1 16 5 0 1 0 -1 -1 30060 1 -1879048189 1 30060 
0
0
1
PART-1-1
1
FULLMESH
0
1
14
-2147483647
48 1 16 5 0 1 0 -1 -1 30060 1 -1879048189 1 30060 
0
0
0
0
1
PART-1-1
4
BOTTOM
0
1
11
1124 1125 15294 15400 15450 15512 15520 15523 15527 15542 16017 
0
0
LEFT
0
1
12
961 962 13339 13392 13401 13412 13417 13419 13432 13436 13437 13681 
0
0
RIGHT
0
1
11
1287 1288 15692 15813 15836 15837 15843 15853 15859 15865 15889 
0
0
TOP
0
1
10
798 799 14802 14871 14891 14893 14899 14925 15984 15987 
0
0
0
0
0
