0
1
0
Assembly-1
1
PART-1-1
PART-1
1
PART-1-1
14
-2147483647
0
48 1 16 5 0 1 0 -1 -1 21429 1 -1879048189 1 21429 
0
1
PART-1-1
14
-2147483647
0
48 1 16 5 0 1 0 -1 -1 40504 1 -1879048189 1 40504 
0
0
1
PART-1-1
1
FULLMESH
0
1
14
-2147483647
48 1 16 5 0 1 0 -1 -1 40504 1 -1879048189 1 40504 
0
0
0
0
1
PART-1-1
4
BOTTOM
0
1
17
1124 1125 20528 20712 20973 20981 21100 21122 21131 21142 21157 21158 21198 21203 21218 21232 21233 
0
0
LEFT
0
1
17
961 962 19027 19127 19807 19812 20078 20111 20114 20133 20135 20592 20597 20605 20996 21373 21379 
0
0
RIGHT
0
1
17
1287 1288 18849 18906 19676 19731 19735 19744 19745 19766 19786 20058 20549 20576 20587 20714 20993 
0
0
TOP
0
1
17
798 799 19867 20190 20192 20229 20233 20238 20252 20609 20620 20862 20880 20881 20883 20902 20905 
0
0
0
0
0
