0
1
0
Assembly-1
1
PART-1-1
PART-1
1
PART-1-1
14
-2147483647
0
48 1 16 5 0 1 0 -1 -1 16862 1 -1879048189 1 16862 
0
1
PART-1-1
14
-2147483647
0
48 1 16 5 0 1 0 -1 -1 31713 1 -1879048189 1 31713 
0
0
1
PART-1-1
1
FULLMESH
0
1
14
-2147483647
48 1 16 5 0 1 0 -1 -1 31713 1 -1879048189 1 31713 
0
0
0
0
1
PART-1-1
4
BOTTOM
0
1
14
1124 1125 13569 13659 13719 13728 13743 13756 13759 13763 13787 14183 14191 14623 
0
0
LEFT
0
1
17
961 962 14565 14865 14879 14885 14890 14894 14910 14934 14945 14947 14956 15124 15259 15267 15541 
0
0
RIGHT
0
1
15
1287 1288 16342 16368 16371 16394 16395 16403 16404 16412 16419 16542 16545 16561 16565 
0
0
TOP
0
1
17
798 799 15925 15955 16081 16458 16459 16466 16470 16581 16584 16591 16606 16610 16738 16742 16750 
0
0
0
0
0
