0
1
0
Assembly-1
1
PART-1-1
PART-1
1
PART-1-1
14
-2147483647
0
48 1 16 5 0 1 0 -1 -1 20113 1 -1879048189 1 20113 
0
1
PART-1-1
14
-2147483647
0
48 1 16 5 0 1 0 -1 -1 37894 1 -1879048189 1 37894 
0
0
1
PART-1-1
1
FULLMESH
0
1
14
-2147483647
48 1 16 5 0 1 0 -1 -1 37894 1 -1879048189 1 37894 
0
0
0
0
1
PART-1-1
4
BOTTOM
0
1
17
1124 1125 19378 19507 19516 19539 19633 19638 19640 19641 19642 19646 19705 19713 19716 19865 19870 
0
0
LEFT
0
1
15
961 962 17580 17627 17674 17675 17677 17973 17976 18000 18124 18130 18139 18140 18148 
0
0
RIGHT
0
1
15
1287 1288 15988 16800 16825 16838 16850 16870 16876 16877 16896 16899 17465 17471 17939 
0
0
TOP
0
1
16
798 799 19686 19769 19834 19844 19845 19852 19854 19892 19893 19925 19929 19942 19948 19962 
0
0
0
0
0
