0
1
0
Assembly-1
1
PART-1-1
PART-1
1
PART-1-1
14
-2147483647
0
48 1 16 5 0 1 0 -1 -1 18089 1 -1879048189 1 18089 
0
1
PART-1-1
14
-2147483647
0
48 1 16 5 0 1 0 -1 -1 33900 1 -1879048189 1 33900 
0
0
1
PART-1-1
1
FULLMESH
0
1
14
-2147483647
48 1 16 5 0 1 0 -1 -1 33900 1 -1879048189 1 33900 
0
0
0
0
1
PART-1-1
4
BOTTOM
0
1
16
1124 1125 16317 16438 16471 16481 16489 16494 16496 16497 16696 16969 16970 16971 16976 16978 
0
0
LEFT
0
1
17
961 962 17823 17940 17942 17952 17957 17960 17962 17979 17994 17997 18003 18007 18008 18014 18019 
0
0
RIGHT
0
1
13
1287 1288 16991 17007 17012 17020 17036 17038 17047 17109 17119 17126 17169 
0
0
TOP
0
1
11
798 799 15525 16051 16357 16362 16367 16368 16506 16546 16551 
0
0
0
0
0
