0
1
0
Assembly-1
1
PART-1-1
PART-1
1
PART-1-1
14
-2147483647
0
48 1 16 5 0 1 0 -1 -1 12187 1 -1879048189 1 12187 
0
1
PART-1-1
14
-2147483647
0
48 1 16 5 0 1 0 -1 -1 22337 1 -1879048189 1 22337 
0
0
1
PART-1-1
1
FULLMESH
0
1
14
-2147483647
48 1 16 5 0 1 0 -1 -1 22337 1 -1879048189 1 22337 
0
0
0
0
1
PART-1-1
4
BOTTOM
0
1
17
1124 1125 8825 8841 8874 8885 8891 8894 9196 9198 9208 9216 9225 9226 9251 9256 9732 
0
0
LEFT
0
1
17
961 962 11173 11186 11214 11225 11234 11238 11242 11252 11256 11475 11509 11588 11592 11621 11630 
0
0
RIGHT
0
1
17
1287 1288 9466 9530 9532 9535 9539 9558 9566 9572 9591 9599 9600 9825 9826 10132 10305 
0
0
TOP
0
1
17
798 799 10053 10067 10070 10079 10094 10251 10269 10556 10788 10794 10802 10806 10811 10831 11065 
0
0
0
0
0
