0
1
0
Assembly-1
1
PART-1-1
PART-1
1
PART-1-1
14
-2147483647
0
48 1 16 5 0 1 0 -1 -1 14796 1 -1879048189 1 14796 
0
1
PART-1-1
14
-2147483647
0
48 1 16 5 0 1 0 -1 -1 27658 1 -1879048189 1 27658 
0
0
1
PART-1-1
1
FULLMESH
0
1
14
-2147483647
48 1 16 5 0 1 0 -1 -1 27658 1 -1879048189 1 27658 
0
0
0
0
1
PART-1-1
4
BOTTOM
0
1
15
1124 1125 14293 14339 14354 14360 14374 14380 14382 14397 14464 14472 14476 14483 14500 
0
0
LEFT
0
1
17
961 962 12025 12045 12047 12076 12081 12083 12352 12368 12377 12383 12394 12398 12421 12557 12559 
0
0
RIGHT
0
1
16
1287 1288 12223 12227 12496 12721 12732 12736 12753 12756 12779 12791 12793 12799 13042 13378 
0
0
TOP
0
1
16
798 799 14539 14604 14611 14615 14665 14682 14689 14692 14693 14700 14703 14708 14718 14725 
0
0
0
0
0
