0
1
0
Assembly-1
1
PART-1-1
PART-1
1
PART-1-1
14
-2147483647
0
48 1 16 5 0 1 0 -1 -1 18695 1 -1879048189 1 18695 
0
1
PART-1-1
14
-2147483647
0
48 1 16 5 0 1 0 -1 -1 34841 1 -1879048189 1 34841 
0
0
1
PART-1-1
1
FULLMESH
0
1
14
-2147483647
48 1 16 5 0 1 0 -1 -1 34841 1 -1879048189 1 34841 
0
0
0
0
1
PART-1-1
4
BOTTOM
0
1
17
1124 1125 18144 18281 18296 18325 18348 18364 18365 18367 18372 18375 18387 18391 18394 18559 18686 
0
0
LEFT
0
1
17
961 962 12532 13414 14427 14912 14920 14921 14933 14940 15598 15600 15604 15605 15609 15613 15614 
0
0
RIGHT
0
1
16
1287 1288 17726 17775 17800 17801 18059 18066 18072 18074 18077 18079 18100 18182 18195 18405 
0
0
TOP
0
1
16
798 799 15929 16458 16463 16482 16506 16508 16524 16543 16545 16546 16547 16575 16598 16603 
0
0
0
0
0
