0
1
0
Assembly-1
1
PART-1-1
PART-1
1
PART-1-1
14
-2147483647
0
48 1 16 5 0 1 0 -1 -1 16745 1 -1879048189 1 16745 
0
1
PART-1-1
14
-2147483647
0
48 1 16 5 0 1 0 -1 -1 31010 1 -1879048189 1 31010 
0
0
1
PART-1-1
1
FULLMESH
0
1
14
-2147483647
48 1 16 5 0 1 0 -1 -1 31010 1 -1879048189 1 31010 
0
0
0
0
1
PART-1-1
4
BOTTOM
0
1
9
1124 1125 16630 16635 16638 16665 16667 16674 16683 
0
0
LEFT
0
1
8
961 962 13786 13794 13827 13853 13858 13866 
0
0
RIGHT
0
1
9
1287 1288 16053 16082 16086 16087 16088 16089 16159 
0
0
TOP
0
1
8
798 799 14717 14747 14758 14765 14769 14770 
0
0
0
0
0
