0
1
0
Assembly-1
1
PART-1-1
PART-1
1
PART-1-1
14
-2147483647
0
48 1 16 5 0 1 0 -1 -1 14681 1 -1879048189 1 14681 
0
1
PART-1-1
14
-2147483647
0
48 1 16 5 0 1 0 -1 -1 27153 1 -1879048189 1 27153 
0
0
1
PART-1-1
1
FULLMESH
0
1
14
-2147483647
48 1 16 5 0 1 0 -1 -1 27153 1 -1879048189 1 27153 
0
0
0
0
1
PART-1-1
4
BOTTOM
0
1
17
1124 1125 12655 12693 12709 12731 12736 12762 12772 12782 12784 12805 12820 12833 12849 12953 13238 
0
0
LEFT
0
1
17
961 962 10521 10610 11438 11702 11712 11717 11737 11745 11747 12896 12904 12905 12910 14157 14163 
0
0
RIGHT
0
1
17
1287 1288 12191 12401 12406 12436 12559 12611 12613 12633 13060 13070 13090 13212 13214 13221 14172 
0
0
TOP
0
1
16
798 799 13326 13501 13541 13586 13608 13635 13639 13643 13653 13657 13693 13698 13699 13712 
0
0
0
0
0
