0
1
0
Assembly-1
1
PART-1-1
PART-1
1
PART-1-1
14
-2147483647
0
48 1 16 5 0 1 0 -1 -1 14793 1 -1879048189 1 14793 
0
1
PART-1-1
14
-2147483647
0
48 1 16 5 0 1 0 -1 -1 27034 1 -1879048189 1 27034 
0
0
1
PART-1-1
1
FULLMESH
0
1
14
-2147483647
48 1 16 5 0 1 0 -1 -1 27034 1 -1879048189 1 27034 
0
0
0
0
1
PART-1-1
4
BOTTOM
0
1
13
1124 1125 10792 10811 11005 11013 11015 11085 11098 11103 11105 11110 11111 
0
0
LEFT
0
1
11
961 962 11398 11405 11429 11435 11442 11454 11488 11490 11532 
0
0
RIGHT
0
1
9
1287 1288 11748 11889 11893 11913 11923 11926 11940 
0
0
TOP
0
1
12
798 799 10897 14317 14324 14329 14334 14335 14339 14375 14381 14386 
0
0
0
0
0
