0
1
0
Assembly-1
1
PART-1-1
PART-1
1
PART-1-1
14
-2147483647
0
48 1 16 5 0 1 0 -1 -1 18441 1 -1879048189 1 18441 
0
1
PART-1-1
14
-2147483647
0
48 1 16 5 0 1 0 -1 -1 34553 1 -1879048189 1 34553 
0
0
1
PART-1-1
1
FULLMESH
0
1
14
-2147483647
48 1 16 5 0 1 0 -1 -1 34553 1 -1879048189 1 34553 
0
0
0
0
1
PART-1-1
4
BOTTOM
0
1
17
1124 1125 15043 16537 16563 16651 16979 17010 17362 17365 17386 17390 17400 17409 17745 17758 18287 
0
0
LEFT
0
1
17
961 962 12777 12781 12895 12928 12965 12970 12976 12981 14047 14055 14061 14072 15415 16119 18375 
0
0
RIGHT
0
1
16
1287 1288 13137 14798 14804 14812 15576 15615 16207 16208 16215 16224 16250 16251 16257 16259 
0
0
TOP
0
1
17
798 799 17270 17888 17907 17908 17912 17918 18065 18082 18096 18236 18251 18260 18418 18420 18436 
0
0
0
0
0
