0
1
0
Assembly-1
1
PART-1-1
PART-1
1
PART-1-1
14
-2147483647
0
48 1 16 5 0 1 0 -1 -1 13845 1 -1879048189 1 13845 
0
1
PART-1-1
14
-2147483647
0
48 1 16 5 0 1 0 -1 -1 25799 1 -1879048189 1 25799 
0
0
1
PART-1-1
1
FULLMESH
0
1
14
-2147483647
48 1 16 5 0 1 0 -1 -1 25799 1 -1879048189 1 25799 
0
0
0
0
1
PART-1-1
4
BOTTOM
0
1
16
1124 1125 13298 13323 13665 13703 13704 13705 13711 13730 13731 13746 13747 13750 13753 13764 
0
0
LEFT
0
1
15
961 962 12537 12882 12895 12945 12967 12972 12973 12994 13005 13014 13195 13202 13204 
0
0
RIGHT
0
1
14
1287 1288 12766 13146 13383 13536 13562 13565 13583 13591 13594 13670 13685 13717 
0
0
TOP
0
1
13
798 799 12342 12349 12693 12707 12718 12730 12743 13127 13133 13137 13373 
0
0
0
0
0
