0
1
0
Assembly-1
1
PART-1-1
PART-1
1
PART-1-1
14
-2147483647
0
48 1 16 5 0 1 0 -1 -1 14069 1 -1879048189 1 14069 
0
1
PART-1-1
14
-2147483647
0
48 1 16 5 0 1 0 -1 -1 26151 1 -1879048189 1 26151 
0
0
1
PART-1-1
1
FULLMESH
0
1
14
-2147483647
48 1 16 5 0 1 0 -1 -1 26151 1 -1879048189 1 26151 
0
0
0
0
1
PART-1-1
4
BOTTOM
0
1
16
1124 1125 11639 12099 12109 12110 12113 12115 12122 12133 12134 12175 12517 12538 12541 12549 
0
0
LEFT
0
1
12
961 962 12671 12678 12695 12697 12716 13116 13129 13141 13146 13193 
0
0
RIGHT
0
1
15
1287 1288 13727 13764 13773 13793 13849 13850 13857 13905 13906 13918 13920 13925 13935 
0
0
TOP
0
1
16
798 799 12826 12871 12906 12921 12945 12947 12949 13265 13268 13272 13277 13532 13805 13931 
0
0
0
0
0
