0
1
0
Assembly-1
1
PART-1-1
PART-1
1
PART-1-1
14
-2147483647
0
48 1 16 5 0 1 0 -1 -1 12800 1 -1879048189 1 12800 
0
1
PART-1-1
14
-2147483647
0
48 1 16 5 0 1 0 -1 -1 22934 1 -1879048189 1 22934 
0
0
1
PART-1-1
1
FULLMESH
0
1
14
-2147483647
48 1 16 5 0 1 0 -1 -1 22934 1 -1879048189 1 22934 
0
0
0
0
1
PART-1-1
4
BOTTOM
0
1
8
1124 1125 12231 12308 12335 12355 12358 12400 
0
0
LEFT
0
1
8
961 962 11278 11284 11300 11314 11437 11736 
0
0
RIGHT
0
1
9
1287 1288 11110 11135 11380 11382 11384 11406 11578 
0
0
TOP
0
1
9
798 799 12125 12157 12166 12171 12172 12287 12385 
0
0
0
0
0
