0
1
0
Assembly-1
1
PART-1-1
PART-1
1
PART-1-1
14
-2147483647
0
48 1 16 5 0 1 0 -1 -1 12330 1 -1879048189 1 12330 
0
1
PART-1-1
14
-2147483647
0
48 1 16 5 0 1 0 -1 -1 22704 1 -1879048189 1 22704 
0
0
1
PART-1-1
1
FULLMESH
0
1
14
-2147483647
48 1 16 5 0 1 0 -1 -1 22704 1 -1879048189 1 22704 
0
0
0
0
1
PART-1-1
4
BOTTOM
0
1
9
1124 1125 11572 11581 11596 11597 11633 11686 11704 
0
0
LEFT
0
1
9
961 962 11088 11105 11106 11109 11295 11296 11308 
0
0
RIGHT
0
1
9
1287 1288 12201 12224 12239 12248 12250 12272 12273 
0
0
TOP
0
1
9
798 799 11372 11429 11489 11497 11509 11511 11547 
0
0
0
0
0
