0
1
0
Assembly-1
1
PART-1-1
PART-1
1
PART-1-1
14
-2147483647
0
48 1 16 5 0 1 0 -1 -1 17285 1 -1879048189 1 17285 
0
1
PART-1-1
14
-2147483647
0
48 1 16 5 0 1 0 -1 -1 32113 1 -1879048189 1 32113 
0
0
1
PART-1-1
1
FULLMESH
0
1
14
-2147483647
48 1 16 5 0 1 0 -1 -1 32113 1 -1879048189 1 32113 
0
0
0
0
1
PART-1-1
4
BOTTOM
0
1
17
1124 1125 14805 14997 15013 15031 15048 15352 15373 15387 15389 15391 15543 15548 15552 15921 15925 
0
0
LEFT
0
1
16
961 962 15595 15640 15679 15688 15699 15708 15760 15808 15831 15853 15855 15859 15942 16021 
0
0
RIGHT
0
1
16
1287 1288 13710 13770 13794 13826 14543 15126 15144 15160 15169 15173 15205 15403 15568 15996 
0
0
TOP
0
1
16
798 799 11381 11428 11473 11898 11905 11907 11911 11928 14582 15219 15220 15933 17073 17075 
0
0
0
0
0
