0
1
0
Assembly-1
1
PART-1-1
PART-1
1
PART-1-1
14
-2147483647
0
48 1 16 5 0 1 0 -1 -1 19425 1 -1879048189 1 19425 
0
1
PART-1-1
14
-2147483647
0
48 1 16 5 0 1 0 -1 -1 36058 1 -1879048189 1 36058 
0
0
1
PART-1-1
1
FULLMESH
0
1
14
-2147483647
48 1 16 5 0 1 0 -1 -1 36058 1 -1879048189 1 36058 
0
0
0
0
1
PART-1-1
4
BOTTOM
0
1
8
1124 1125 18885 18903 18911 18913 18914 18938 
0
0
LEFT
0
1
7
961 962 18778 18794 18812 18831 18837 
0
0
RIGHT
0
1
8
1287 1288 19336 19370 19371 19382 19389 19399 
0
0
TOP
0
1
9
798 799 17913 17932 17948 17950 17955 17962 17979 
0
0
0
0
0
