0
1
0
Assembly-1
1
PART-1-1
PART-1
1
PART-1-1
14
-2147483647
0
48 1 16 5 0 1 0 -1 -1 11203 1 -1879048189 1 11203 
0
1
PART-1-1
14
-2147483647
0
48 1 16 5 0 1 0 -1 -1 20519 1 -1879048189 1 20519 
0
0
1
PART-1-1
1
FULLMESH
0
1
14
-2147483647
48 1 16 5 0 1 0 -1 -1 20519 1 -1879048189 1 20519 
0
0
0
0
1
PART-1-1
4
BOTTOM
0
1
7
1124 1125 10758 10776 10779 10794 11075 
0
0
LEFT
0
1
6
961 962 9875 9923 9957 9962 
0
0
RIGHT
0
1
7
1287 1288 11164 11173 11185 11196 11198 
0
0
TOP
0
1
6
798 799 9778 9909 9938 9945 
0
0
0
0
0
