0
1
0
Assembly-1
1
PART-1-1
PART-1
1
PART-1-1
14
-2147483647
0
48 1 16 5 0 1 0 -1 -1 9493 1 -1879048189 1 9493 
0
1
PART-1-1
14
-2147483647
0
48 1 16 5 0 1 0 -1 -1 16973 1 -1879048189 1 16973 
0
0
1
PART-1-1
1
FULLMESH
0
1
14
-2147483647
48 1 16 5 0 1 0 -1 -1 16973 1 -1879048189 1 16973 
0
0
0
0
1
PART-1-1
4
BOTTOM
0
1
6
1124 1125 8781 8784 8878 9386 
0
0
LEFT
0
1
6
961 962 8930 9024 9049 9218 
0
0
RIGHT
0
1
8
1287 1288 9266 9292 9294 9296 9297 9305 
0
0
TOP
0
1
8
798 799 9446 9449 9463 9465 9479 9483 
0
0
0
0
0
