0
1
0
Assembly-1
1
PART-1-1
PART-1
1
PART-1-1
14
-2147483647
0
48 1 16 5 0 1 0 -1 -1 9374 1 -1879048189 1 9374 
0
1
PART-1-1
14
-2147483647
0
48 1 16 5 0 1 0 -1 -1 16898 1 -1879048189 1 16898 
0
0
1
PART-1-1
1
FULLMESH
0
1
14
-2147483647
48 1 16 5 0 1 0 -1 -1 16898 1 -1879048189 1 16898 
0
0
0
0
1
PART-1-1
4
BOTTOM
0
1
8
1124 1125 7450 7481 7483 7487 7493 7499 
0
0
LEFT
0
1
8
961 962 7962 7967 7974 7975 8006 8010 
0
0
RIGHT
0
1
7
1287 1288 8609 8645 8665 8668 8678 
0
0
TOP
0
1
8
798 799 9274 9290 9298 9311 9320 9322 
0
0
0
0
0
