0
1
0
Assembly-1
1
PART-1-1
PART-1
1
PART-1-1
14
-2147483647
0
48 1 16 5 0 1 0 -1 -1 14604 1 -1879048189 1 14604 
0
1
PART-1-1
14
-2147483647
0
48 1 16 5 0 1 0 -1 -1 26780 1 -1879048189 1 26780 
0
0
1
PART-1-1
1
FULLMESH
0
1
14
-2147483647
48 1 16 5 0 1 0 -1 -1 26780 1 -1879048189 1 26780 
0
0
0
0
1
PART-1-1
4
BOTTOM
0
1
8
1124 1125 14321 14348 14392 14395 14399 14600 
0
0
LEFT
0
1
5
961 962 14428 14429 14455 
0
0
RIGHT
0
1
8
1287 1288 13017 13021 13028 13044 13045 13333 
0
0
TOP
0
1
8
798 799 13071 13340 13597 13599 13605 13606 
0
0
0
0
0
