0
1
0
Assembly-1
1
PART-1-1
PART-1
1
PART-1-1
14
-2147483647
0
48 1 16 5 0 1 0 -1 -1 15811 1 -1879048189 1 15811 
0
1
PART-1-1
14
-2147483647
0
48 1 16 5 0 1 0 -1 -1 29375 1 -1879048189 1 29375 
0
0
1
PART-1-1
1
FULLMESH
0
1
14
-2147483647
48 1 16 5 0 1 0 -1 -1 29375 1 -1879048189 1 29375 
0
0
0
0
1
PART-1-1
4
BOTTOM
0
1
9
1124 1125 13128 13132 13139 13147 13148 13164 13165 
0
0
LEFT
0
1
9
961 962 13952 14008 14012 14024 14025 14027 14066 
0
0
RIGHT
0
1
8
1287 1288 15663 15696 15697 15698 15699 15714 
0
0
TOP
0
1
9
798 799 14823 14835 14857 14879 14886 14893 15795 
0
0
0
0
0
