0
1
0
Assembly-1
1
PART-1-1
PART-1
1
PART-1-1
14
-2147483647
0
48 1 16 5 0 1 0 -1 -1 13581 1 -1879048189 1 13581 
0
1
PART-1-1
14
-2147483647
0
48 1 16 5 0 1 0 -1 -1 24848 1 -1879048189 1 24848 
0
0
1
PART-1-1
1
FULLMESH
0
1
14
-2147483647
48 1 16 5 0 1 0 -1 -1 24848 1 -1879048189 1 24848 
0
0
0
0
1
PART-1-1
4
BOTTOM
0
1
16
1124 1125 8679 8698 8739 8781 8782 8788 8794 9273 9280 9286 9296 9674 10756 10758 
0
0
LEFT
0
1
15
961 962 9029 9046 9075 9092 9133 9134 9141 9149 9348 9350 9359 10336 10338 
0
0
RIGHT
0
1
13
1287 1288 12287 12353 12430 12448 12459 12466 12468 12473 12475 12494 12507 
0
0
TOP
0
1
15
798 799 11176 11243 11250 11257 11259 11270 11272 11277 11278 11723 12402 12407 12409 
0
0
0
0
0
