0
1
0
Assembly-1
1
PART-1-1
PART-1
1
PART-1-1
14
-2147483647
0
48 1 16 5 0 1 0 -1 -1 22173 1 -1879048189 1 22173 
0
1
PART-1-1
14
-2147483647
0
48 1 16 5 0 1 0 -1 -1 42054 1 -1879048189 1 42054 
0
0
1
PART-1-1
1
FULLMESH
0
1
14
-2147483647
48 1 16 5 0 1 0 -1 -1 42054 1 -1879048189 1 42054 
0
0
0
0
1
PART-1-1
4
BOTTOM
0
1
17
1124 1125 21401 21880 21931 21946 21949 21956 21960 21974 21979 21988 22007 22008 22018 22025 22041 
0
0
LEFT
0
1
17
961 962 20477 20517 20800 20931 20947 20959 20965 20972 20974 20989 21255 21261 21493 21500 21512 
0
0
RIGHT
0
1
17
1287 1288 17823 17871 17915 17936 17941 17947 17949 17952 17961 17962 17969 17980 17982 18893 19137 
0
0
TOP
0
1
18
798 799 20279 20301 20303 20329 20638 20640 20643 20646 20665 20708 20717 20719 20731 20736 21235 22173 
0
0
0
0
0
