0
1
0
Assembly-1
1
PART-1-1
PART-1
1
PART-1-1
14
-2147483647
0
48 1 16 5 0 1 0 -1 -1 15772 1 -1879048189 1 15772 
0
1
PART-1-1
14
-2147483647
0
48 1 16 5 0 1 0 -1 -1 29397 1 -1879048189 1 29397 
0
0
1
PART-1-1
1
FULLMESH
0
1
14
-2147483647
48 1 16 5 0 1 0 -1 -1 29397 1 -1879048189 1 29397 
0
0
0
0
1
PART-1-1
4
BOTTOM
0
1
12
1124 1125 13700 13702 13738 13741 13751 13752 13769 13772 13973 13976 
0
0
LEFT
0
1
14
961 962 15648 15660 15677 15685 15701 15706 15719 15722 15729 15756 15759 15764 
0
0
RIGHT
0
1
11
1287 1288 15002 15013 15044 15046 15051 15053 15055 15069 15073 
0
0
TOP
0
1
13
798 799 14682 14732 14760 14768 14789 14790 14806 14820 14821 14923 14924 
0
0
0
0
0
