0
1
0
Assembly-1
1
PART-1-1
PART-1
1
PART-1-1
14
-2147483647
0
48 1 16 5 0 1 0 -1 -1 8848 1 -1879048189 1 8848 
0
1
PART-1-1
14
-2147483647
0
48 1 16 5 0 1 0 -1 -1 15733 1 -1879048189 1 15733 
0
0
1
PART-1-1
1
FULLMESH
0
1
14
-2147483647
48 1 16 5 0 1 0 -1 -1 15733 1 -1879048189 1 15733 
0
0
0
0
1
PART-1-1
4
BOTTOM
0
1
10
1124 1125 8714 8751 8793 8812 8814 8816 8818 8828 
0
0
LEFT
0
1
9
961 962 6989 6999 7005 7011 7103 7120 7134 
0
0
RIGHT
0
1
9
1287 1288 8042 8066 8077 8078 8106 8108 8129 
0
0
TOP
0
1
9
798 799 5740 5748 6038 6182 6185 6204 6465 
0
0
0
0
0
