0
1
0
Assembly-1
1
PART-1-1
PART-1
1
PART-1-1
14
-2147483647
0
48 1 16 5 0 1 0 -1 -1 16643 1 -1879048189 1 16643 
0
1
PART-1-1
14
-2147483647
0
48 1 16 5 0 1 0 -1 -1 30834 1 -1879048189 1 30834 
0
0
1
PART-1-1
1
FULLMESH
0
1
14
-2147483647
48 1 16 5 0 1 0 -1 -1 30834 1 -1879048189 1 30834 
0
0
0
0
1
PART-1-1
4
BOTTOM
0
1
17
1124 1125 12945 12986 12995 13005 13016 13022 13040 13044 13051 13056 13061 13065 13759 13766 13771 
0
0
LEFT
0
1
16
961 962 16194 16195 16362 16423 16424 16463 16469 16471 16486 16509 16510 16512 16518 16521 
0
0
RIGHT
0
1
14
1287 1288 13370 13899 14379 14385 14789 14792 14798 15321 15333 15347 15352 16620 
0
0
TOP
0
1
15
798 799 16167 16181 16258 16265 16269 16285 16287 16297 16300 16334 16350 16351 16401 
0
0
0
0
0
