0
1
0
Assembly-1
1
PART-1-1
PART-1
1
PART-1-1
14
-2147483647
0
48 1 16 5 0 1 0 -1 -1 17389 1 -1879048189 1 17389 
0
1
PART-1-1
14
-2147483647
0
48 1 16 5 0 1 0 -1 -1 32625 1 -1879048189 1 32625 
0
0
1
PART-1-1
1
FULLMESH
0
1
14
-2147483647
48 1 16 5 0 1 0 -1 -1 32625 1 -1879048189 1 32625 
0
0
0
0
1
PART-1-1
4
BOTTOM
0
1
14
1124 1125 16564 16614 16893 16948 17078 17087 17090 17096 17100 17123 17125 17133 
0
0
LEFT
0
1
14
961 962 15974 15975 16026 16029 16039 16040 16361 16632 17350 17356 17359 17361 
0
0
RIGHT
0
1
14
1287 1288 16733 16912 17137 17139 17143 17145 17147 17148 17153 17183 17229 17234 
0
0
TOP
0
1
15
798 799 15762 15785 15807 16286 16291 16297 16498 16503 16510 16779 17060 17209 17238 
0
0
0
0
0
