0
1
0
Assembly-1
1
PART-1-1
PART-1
1
PART-1-1
14
-2147483647
0
48 1 16 5 0 1 0 -1 -1 22105 1 -1879048189 1 22105 
0
1
PART-1-1
14
-2147483647
0
48 1 16 5 0 1 0 -1 -1 41577 1 -1879048189 1 41577 
0
0
1
PART-1-1
1
FULLMESH
0
1
14
-2147483647
48 1 16 5 0 1 0 -1 -1 41577 1 -1879048189 1 41577 
0
0
0
0
1
PART-1-1
4
BOTTOM
0
1
17
1124 1125 17390 17595 17599 17608 18469 18470 18484 18486 18534 18547 18548 18560 18585 18586 18946 
0
0
LEFT
0
1
17
961 962 20317 20507 20509 20523 20533 20534 20807 20842 20843 20847 20852 21005 21155 21344 21348 
0
0
RIGHT
0
1
17
1287 1288 19458 19712 19764 19778 19785 19791 19793 20345 20372 20375 20377 21006 21008 21171 21176 
0
0
TOP
0
1
17
798 799 21227 21324 21326 21369 21374 21380 21383 21404 21410 21498 21519 21542 21549 21559 21644 
0
0
0
0
0
