0
1
0
Assembly-1
1
PART-1-1
PART-1
1
PART-1-1
14
-2147483647
0
48 1 16 5 0 1 0 -1 -1 8210 1 -1879048189 1 8210 
0
1
PART-1-1
14
-2147483647
0
48 1 16 5 0 1 0 -1 -1 14362 1 -1879048189 1 14362 
0
0
1
PART-1-1
1
FULLMESH
0
1
14
-2147483647
48 1 16 5 0 1 0 -1 -1 14362 1 -1879048189 1 14362 
0
0
0
0
1
PART-1-1
4
BOTTOM
0
1
9
1124 1125 7246 7260 7269 7275 7298 7303 7306 
0
0
LEFT
0
1
8
961 962 8149 8165 8175 8177 8193 8197 
0
0
RIGHT
0
1
8
1287 1288 6065 6070 6088 6096 6099 6105 
0
0
TOP
0
1
7
798 799 5953 5976 5989 7320 7327 
0
0
0
0
0
