0
1
0
Assembly-1
1
PART-1-1
PART-1
1
PART-1-1
14
-2147483647
0
48 1 16 5 0 1 0 -1 -1 16907 1 -1879048189 1 16907 
0
1
PART-1-1
14
-2147483647
0
48 1 16 5 0 1 0 -1 -1 31522 1 -1879048189 1 31522 
0
0
1
PART-1-1
1
FULLMESH
0
1
14
-2147483647
48 1 16 5 0 1 0 -1 -1 31522 1 -1879048189 1 31522 
0
0
0
0
1
PART-1-1
4
BOTTOM
0
1
9
1124 1125 15098 15103 15118 15119 15371 15488 15694 
0
0
LEFT
0
1
9
961 962 15766 15787 16221 16253 16254 16377 16380 
0
0
RIGHT
0
1
9
1287 1288 15870 15952 15973 15974 15982 16099 16281 
0
0
TOP
0
1
10
798 799 16610 16674 16675 16683 16722 16723 16894 16898 
0
0
0
0
0
