0
1
0
Assembly-1
1
PART-1-1
PART-1
1
PART-1-1
14
-2147483647
0
48 1 16 5 0 1 0 -1 -1 16318 1 -1879048189 1 16318 
0
1
PART-1-1
14
-2147483647
0
48 1 16 5 0 1 0 -1 -1 30570 1 -1879048189 1 30570 
0
0
1
PART-1-1
1
FULLMESH
0
1
14
-2147483647
48 1 16 5 0 1 0 -1 -1 30570 1 -1879048189 1 30570 
0
0
0
0
1
PART-1-1
4
BOTTOM
0
1
17
1124 1125 14414 14983 15010 15011 15016 15022 15023 15030 15358 15365 15638 15639 15642 15661 15673 
0
0
LEFT
0
1
17
961 962 15524 16080 16085 16105 16114 16115 16134 16162 16170 16179 16184 16195 16204 16205 16206 
0
0
RIGHT
0
1
15
1287 1288 13074 13806 13822 13825 14207 14221 14232 14241 14243 14558 14562 14568 14571 
0
0
TOP
0
1
17
798 799 14106 14488 14491 14513 14518 15065 15068 15425 15681 15704 15715 15716 15720 15734 16013 
0
0
0
0
0
