0
1
0
Assembly-1
1
PART-1-1
PART-1
1
PART-1-1
14
-2147483647
0
48 1 16 5 0 1 0 -1 -1 11088 1 -1879048189 1 11088 
0
1
PART-1-1
14
-2147483647
0
48 1 16 5 0 1 0 -1 -1 20251 1 -1879048189 1 20251 
0
0
1
PART-1-1
1
FULLMESH
0
1
14
-2147483647
48 1 16 5 0 1 0 -1 -1 20251 1 -1879048189 1 20251 
0
0
0
0
1
PART-1-1
4
BOTTOM
0
1
9
1124 1125 9977 10012 10028 10050 10324 10334 10426 
0
0
LEFT
0
1
10
961 962 9879 9920 9928 9929 10403 10414 10421 10458 
0
0
RIGHT
0
1
10
1287 1288 10436 10507 10514 10515 10516 10566 10663 10664 
0
0
TOP
0
1
9
798 799 10923 10966 11008 11023 11029 11036 11050 
0
0
0
0
0
