0
1
0
Assembly-1
1
PART-1-1
PART-1
1
PART-1-1
14
-2147483647
0
48 1 16 5 0 1 0 -1 -1 21110 1 -1879048189 1 21110 
0
1
PART-1-1
14
-2147483647
0
48 1 16 5 0 1 0 -1 -1 39739 1 -1879048189 1 39739 
0
0
1
PART-1-1
1
FULLMESH
0
1
14
-2147483647
48 1 16 5 0 1 0 -1 -1 39739 1 -1879048189 1 39739 
0
0
0
0
1
PART-1-1
4
BOTTOM
0
1
17
1124 1125 13777 13862 14671 15506 15525 16679 16691 17564 17570 17572 18301 18304 18900 19203 19770 
0
0
LEFT
0
1
17
961 962 19467 19975 20095 20119 20129 20158 20172 20255 20260 20271 20273 20280 20281 20293 21093 
0
0
RIGHT
0
1
17
1287 1288 20469 20519 20657 20662 20760 20783 20786 20787 20821 20875 20889 20895 20896 20907 20912 
0
0
TOP
0
1
17
798 799 16634 18168 18177 18212 18217 18218 18234 18250 18253 18266 18283 18888 18889 19740 19746 
0
0
0
0
0
