0
1
0
Assembly-1
1
PART-1-1
PART-1
1
PART-1-1
14
-2147483647
0
48 1 16 5 0 1 0 -1 -1 11908 1 -1879048189 1 11908 
0
1
PART-1-1
14
-2147483647
0
48 1 16 5 0 1 0 -1 -1 21594 1 -1879048189 1 21594 
0
0
1
PART-1-1
1
FULLMESH
0
1
14
-2147483647
48 1 16 5 0 1 0 -1 -1 21594 1 -1879048189 1 21594 
0
0
0
0
1
PART-1-1
4
BOTTOM
0
1
6
1124 1125 10772 10782 10814 10829 
0
0
LEFT
0
1
7
961 962 11865 11881 11889 11895 11898 
0
0
RIGHT
0
1
7
1287 1288 10943 10947 10980 10983 10986 
0
0
TOP
0
1
8
798 799 10355 10356 10361 10364 10367 10377 
0
0
0
0
0
