0
1
0
Assembly-1
1
PART-1-1
PART-1
1
PART-1-1
14
-2147483647
0
48 1 16 5 0 1 0 -1 -1 13498 1 -1879048189 1 13498 
0
1
PART-1-1
14
-2147483647
0
48 1 16 5 0 1 0 -1 -1 24959 1 -1879048189 1 24959 
0
0
1
PART-1-1
1
FULLMESH
0
1
14
-2147483647
48 1 16 5 0 1 0 -1 -1 24959 1 -1879048189 1 24959 
0
0
0
0
1
PART-1-1
4
BOTTOM
0
1
16
1124 1125 10613 11363 12100 12112 12119 12124 12130 12141 12392 12401 12845 12853 13007 13013 
0
0
LEFT
0
1
17
961 962 12635 12900 12923 12971 13042 13046 13053 13059 13070 13081 13121 13143 13149 13159 13166 
0
0
RIGHT
0
1
17
1287 1288 11909 12038 12745 12763 12775 12780 12782 12783 12795 12818 12819 12994 12998 13109 13113 
0
0
TOP
0
1
17
798 799 11581 11663 11723 11745 11747 11751 12244 12251 12451 12452 12468 12477 12493 12497 12880 
0
0
0
0
0
