0
1
0
Assembly-1
1
PART-1-1
PART-1
1
PART-1-1
14
-2147483647
0
48 1 16 5 0 1 0 -1 -1 20026 1 -1879048189 1 20026 
0
1
PART-1-1
14
-2147483647
0
48 1 16 5 0 1 0 -1 -1 37913 1 -1879048189 1 37913 
0
0
1
PART-1-1
1
FULLMESH
0
1
14
-2147483647
48 1 16 5 0 1 0 -1 -1 37913 1 -1879048189 1 37913 
0
0
0
0
1
PART-1-1
4
BOTTOM
0
1
18
1124 1125 19400 19401 19457 19461 19472 19493 19528 19540 19559 19560 19738 19743 19745 19765 19945 20017 
0
0
LEFT
0
1
17
961 962 18269 19184 19210 19239 19269 19285 19291 19296 19317 19338 19344 19722 19723 19831 19845 
0
0
RIGHT
0
1
17
1287 1288 17907 18802 18814 18821 18822 18824 18848 19684 19686 19794 19804 19813 19917 19919 19939 
0
0
TOP
0
1
17
798 799 17036 18584 18610 19076 19081 19090 19096 19585 19590 19593 19636 19667 19769 19771 19775 
0
0
0
0
0
