0
1
0
Assembly-1
1
PART-1-1
PART-1
1
PART-1-1
14
-2147483647
0
48 1 16 5 0 1 0 -1 -1 18907 1 -1879048189 1 18907 
0
1
PART-1-1
14
-2147483647
0
48 1 16 5 0 1 0 -1 -1 35209 1 -1879048189 1 35209 
0
0
1
PART-1-1
1
FULLMESH
0
1
14
-2147483647
48 1 16 5 0 1 0 -1 -1 35209 1 -1879048189 1 35209 
0
0
0
0
1
PART-1-1
4
BOTTOM
0
1
17
1124 1125 17442 17547 17567 17573 17580 17583 17598 17599 17867 17877 17881 17884 17892 18120 18273 
0
0
LEFT
0
1
17
961 962 15043 16204 16213 16230 16232 16236 16243 17013 17036 17044 17054 17055 17723 17724 17727 
0
0
RIGHT
0
1
16
1287 1288 17923 17956 18008 18019 18027 18028 18033 18037 18045 18127 18130 18135 18142 18173 
0
0
TOP
0
1
16
798 799 16276 17154 17164 17165 17197 17204 17207 17755 17759 17790 17806 17811 18878 18882 
0
0
0
0
0
