0
1
0
Assembly-1
1
PART-1-1
PART-1
1
PART-1-1
14
-2147483647
0
48 1 16 5 0 1 0 -1 -1 16093 1 -1879048189 1 16093 
0
1
PART-1-1
14
-2147483647
0
48 1 16 5 0 1 0 -1 -1 29912 1 -1879048189 1 29912 
0
0
1
PART-1-1
1
FULLMESH
0
1
14
-2147483647
48 1 16 5 0 1 0 -1 -1 29912 1 -1879048189 1 29912 
0
0
0
0
1
PART-1-1
4
BOTTOM
0
1
17
1124 1125 12943 13219 13254 13319 13366 13370 13379 13381 13382 13392 13404 13412 13421 13519 15369 
0
0
LEFT
0
1
17
961 962 13864 13913 13919 13928 13933 13982 14088 14119 14151 14152 14168 14181 14189 14191 14218 
0
0
RIGHT
0
1
17
1287 1288 11226 11249 11463 11471 11528 11532 11533 11542 11556 11558 11570 11791 11833 11865 11870 
0
0
TOP
0
1
17
798 799 8169 8269 8273 8277 8282 8313 8318 8322 8330 8346 8359 8365 9406 9411 9424 
0
0
0
0
0
