0
1
0
Assembly-1
1
PART-1-1
PART-1
1
PART-1-1
14
-2147483647
0
48 1 16 5 0 1 0 -1 -1 13444 1 -1879048189 1 13444 
0
1
PART-1-1
14
-2147483647
0
48 1 16 5 0 1 0 -1 -1 24782 1 -1879048189 1 24782 
0
0
1
PART-1-1
1
FULLMESH
0
1
14
-2147483647
48 1 16 5 0 1 0 -1 -1 24782 1 -1879048189 1 24782 
0
0
0
0
1
PART-1-1
4
BOTTOM
0
1
8
1124 1125 13356 13371 13376 13421 13424 13436 
0
0
LEFT
0
1
9
961 962 12551 12567 12594 12600 12601 12605 12617 
0
0
RIGHT
0
1
9
1287 1288 11838 12016 12017 12050 12174 12177 12184 
0
0
TOP
0
1
8
798 799 12975 13018 13025 13028 13035 13055 
0
0
0
0
0
