0
1
0
Assembly-1
1
PART-1-1
PART-1
1
PART-1-1
14
-2147483647
0
48 1 16 5 0 1 0 -1 -1 15836 1 -1879048189 1 15836 
0
1
PART-1-1
14
-2147483647
0
48 1 16 5 0 1 0 -1 -1 29508 1 -1879048189 1 29508 
0
0
1
PART-1-1
1
FULLMESH
0
1
14
-2147483647
48 1 16 5 0 1 0 -1 -1 29508 1 -1879048189 1 29508 
0
0
0
0
1
PART-1-1
4
BOTTOM
0
1
12
1124 1125 14879 14894 14898 14916 14926 14939 14944 15132 15819 15833 
0
0
LEFT
0
1
16
961 962 13799 13803 13828 13836 14173 14177 14193 14352 14646 14650 14653 14656 14979 15795 
0
0
RIGHT
0
1
15
1287 1288 15483 15503 15514 15515 15521 15524 15596 15620 15621 15622 15628 15643 15648 
0
0
TOP
0
1
12
798 799 15025 15205 15207 15217 15230 15233 15236 15238 15282 15390 
0
0
0
0
0
