0
1
0
Assembly-1
1
PART-1-1
PART-1
1
PART-1-1
14
-2147483647
0
48 1 16 5 0 1 0 -1 -1 19827 1 -1879048189 1 19827 
0
1
PART-1-1
14
-2147483647
0
48 1 16 5 0 1 0 -1 -1 37677 1 -1879048189 1 37677 
0
0
1
PART-1-1
1
FULLMESH
0
1
14
-2147483647
48 1 16 5 0 1 0 -1 -1 37677 1 -1879048189 1 37677 
0
0
0
0
1
PART-1-1
4
BOTTOM
0
1
17
1124 1125 13280 15220 15229 15241 16328 16332 16371 16372 16920 16924 16927 16930 16937 17676 19681 
0
0
LEFT
0
1
17
961 962 18923 19219 19253 19275 19285 19296 19307 19318 19333 19345 19352 19367 19374 19375 19382 
0
0
RIGHT
0
1
14
1287 1288 17831 18319 18378 18382 18513 18518 18534 18542 18549 18588 18820 18829 
0
0
TOP
0
1
17
798 799 18270 18726 18735 18784 18806 18809 18811 18815 19038 19044 19056 19059 19155 19157 19163 
0
0
0
0
0
