0
1
0
Assembly-1
1
PART-1-1
PART-1
1
PART-1-1
14
-2147483647
0
48 1 16 5 0 1 0 -1 -1 6575 1 -1879048189 1 6575 
0
1
PART-1-1
14
-2147483647
0
48 1 16 5 0 1 0 -1 -1 11101 1 -1879048189 1 11101 
0
0
1
PART-1-1
1
FULLMESH
0
1
14
-2147483647
48 1 16 5 0 1 0 -1 -1 11101 1 -1879048189 1 11101 
0
0
0
0
1
PART-1-1
4
BOTTOM
0
1
7
1124 1125 5194 5214 5215 5225 6121 
0
0
LEFT
0
1
7
961 962 6542 6548 6558 6566 6568 
0
0
RIGHT
0
1
7
1287 1288 4479 4524 4530 4532 4537 
0
0
TOP
0
1
6
798 799 5857 5880 5901 5909 
0
0
0
0
0
