0
1
0
Assembly-1
1
PART-1-1
PART-1
1
PART-1-1
14
-2147483647
0
48 1 16 5 0 1 0 -1 -1 18557 1 -1879048189 1 18557 
0
1
PART-1-1
14
-2147483647
0
48 1 16 5 0 1 0 -1 -1 34989 1 -1879048189 1 34989 
0
0
1
PART-1-1
1
FULLMESH
0
1
14
-2147483647
48 1 16 5 0 1 0 -1 -1 34989 1 -1879048189 1 34989 
0
0
0
0
1
PART-1-1
4
BOTTOM
0
1
15
1124 1125 18115 18250 18319 18329 18345 18357 18359 18374 18378 18380 18413 18419 18421 
0
0
LEFT
0
1
16
961 962 16497 17177 17289 17292 17302 17408 17587 17686 17688 17692 17694 17701 17702 18525 
0
0
RIGHT
0
1
17
1287 1288 17769 17829 17901 17909 17911 17917 17995 18221 18227 18229 18238 18259 18264 18266 18553 
0
0
TOP
0
1
17
798 799 16569 16582 16647 16650 16668 16674 16678 16683 16945 16949 16950 16954 16957 17196 17201 
0
0
0
0
0
