0
1
0
Assembly-1
1
PART-1-1
PART-1
1
PART-1-1
14
-2147483647
0
48 1 16 5 0 1 0 -1 -1 9745 1 -1879048189 1 9745 
0
1
PART-1-1
14
-2147483647
0
48 1 16 5 0 1 0 -1 -1 17364 1 -1879048189 1 17364 
0
0
1
PART-1-1
1
FULLMESH
0
1
14
-2147483647
48 1 16 5 0 1 0 -1 -1 17364 1 -1879048189 1 17364 
0
0
0
0
1
PART-1-1
4
BOTTOM
0
1
8
1124 1125 6614 6634 6659 6662 6673 6676 
0
0
LEFT
0
1
8
961 962 9654 9659 9716 9718 9720 9725 
0
0
RIGHT
0
1
8
1287 1288 7629 7661 7668 7684 7690 7692 
0
0
TOP
0
1
8
798 799 8727 9426 9437 9438 9447 9736 
0
0
0
0
0
