0
1
0
Assembly-1
1
PART-1-1
PART-1
1
PART-1-1
14
-2147483647
0
48 1 16 5 0 1 0 -1 -1 20347 1 -1879048189 1 20347 
0
1
PART-1-1
14
-2147483647
0
48 1 16 5 0 1 0 -1 -1 38443 1 -1879048189 1 38443 
0
0
1
PART-1-1
1
FULLMESH
0
1
14
-2147483647
48 1 16 5 0 1 0 -1 -1 38443 1 -1879048189 1 38443 
0
0
0
0
1
PART-1-1
4
BOTTOM
0
1
17
1124 1125 16730 16738 17233 17279 17280 17313 17325 18052 18063 18094 18442 18444 18456 19112 19565 
0
0
LEFT
0
1
17
961 962 19004 19030 19065 19370 19463 19464 19466 19468 19494 19495 19502 19534 19756 19977 19979 
0
0
RIGHT
0
1
17
1287 1288 19860 19913 20060 20067 20082 20083 20108 20127 20130 20146 20150 20173 20175 20182 20339 
0
0
TOP
0
1
17
798 799 17815 17823 17834 17874 18223 18226 18229 18233 18240 18253 18525 18527 18547 18548 19646 
0
0
0
0
0
