0
1
0
Assembly-1
1
PART-1-1
PART-1
1
PART-1-1
14
-2147483647
0
48 1 16 5 0 1 0 -1 -1 16330 1 -1879048189 1 16330 
0
1
PART-1-1
14
-2147483647
0
48 1 16 5 0 1 0 -1 -1 30398 1 -1879048189 1 30398 
0
0
1
PART-1-1
1
FULLMESH
0
1
14
-2147483647
48 1 16 5 0 1 0 -1 -1 30398 1 -1879048189 1 30398 
0
0
0
0
1
PART-1-1
4
BOTTOM
0
1
15
1124 1125 16044 16052 16055 16126 16131 16134 16136 16144 16145 16179 16186 16189 16207 
0
0
LEFT
0
1
10
961 962 14597 15163 15357 15358 15361 15376 15391 15587 
0
0
RIGHT
0
1
11
1287 1288 15558 15806 15871 15890 15900 15903 15919 15964 16290 
0
0
TOP
0
1
11
798 799 15742 16015 16031 16089 16090 16102 16104 16110 16296 
0
0
0
0
0
