0
1
0
Assembly-1
1
PART-1-1
PART-1
1
PART-1-1
14
-2147483647
0
48 1 16 5 0 1 0 -1 -1 7211 1 -1879048189 1 7211 
0
1
PART-1-1
14
-2147483647
0
48 1 16 5 0 1 0 -1 -1 12403 1 -1879048189 1 12403 
0
0
1
PART-1-1
1
FULLMESH
0
1
14
-2147483647
48 1 16 5 0 1 0 -1 -1 12403 1 -1879048189 1 12403 
0
0
0
0
1
PART-1-1
4
BOTTOM
0
1
8
1124 1125 6428 6439 6442 6444 6447 6450 
0
0
LEFT
0
1
6
961 962 6737 6762 6766 6771 
0
0
RIGHT
0
1
5
1287 1288 7159 7184 7200 
0
0
TOP
0
1
7
798 799 6984 7012 7030 7037 7041 
0
0
0
0
0
