0
1
0
Assembly-1
1
PART-1-1
PART-1
1
PART-1-1
14
-2147483647
0
48 1 16 5 0 1 0 -1 -1 17798 1 -1879048189 1 17798 
0
1
PART-1-1
14
-2147483647
0
48 1 16 5 0 1 0 -1 -1 33206 1 -1879048189 1 33206 
0
0
1
PART-1-1
1
FULLMESH
0
1
14
-2147483647
48 1 16 5 0 1 0 -1 -1 33206 1 -1879048189 1 33206 
0
0
0
0
1
PART-1-1
4
BOTTOM
0
1
9
1124 1125 15755 15961 16057 16059 16085 16088 16091 
0
0
LEFT
0
1
9
961 962 17683 17701 17704 17743 17744 17746 17762 
0
0
RIGHT
0
1
9
1287 1288 15933 15995 16005 16007 16008 16144 17789 
0
0
TOP
0
1
9
798 799 15182 15493 15805 15807 15811 15812 15866 
0
0
0
0
0
