0
1
0
Assembly-1
1
PART-1-1
PART-1
1
PART-1-1
14
-2147483647
0
48 1 16 5 0 1 0 -1 -1 14216 1 -1879048189 1 14216 
0
1
PART-1-1
14
-2147483647
0
48 1 16 5 0 1 0 -1 -1 26119 1 -1879048189 1 26119 
0
0
1
PART-1-1
1
FULLMESH
0
1
14
-2147483647
48 1 16 5 0 1 0 -1 -1 26119 1 -1879048189 1 26119 
0
0
0
0
1
PART-1-1
4
BOTTOM
0
1
15
1124 1125 13438 13627 13636 13652 13656 13664 13667 13677 13688 13823 13824 14183 14189 
0
0
LEFT
0
1
11
961 962 12716 12734 12771 12781 12789 12791 12807 13140 14209 
0
0
RIGHT
0
1
13
1287 1288 11636 11671 11719 11734 11737 11755 11758 11766 11928 11932 14169 
0
0
TOP
0
1
11
798 799 13787 13792 13854 13859 13881 13886 13893 13929 14194 
0
0
0
0
0
