0
1
0
Assembly-1
1
PART-1-1
PART-1
1
PART-1-1
14
-2147483647
0
48 1 16 5 0 1 0 -1 -1 11930 1 -1879048189 1 11930 
0
1
PART-1-1
14
-2147483647
0
48 1 16 5 0 1 0 -1 -1 21333 1 -1879048189 1 21333 
0
0
1
PART-1-1
1
FULLMESH
0
1
14
-2147483647
48 1 16 5 0 1 0 -1 -1 21333 1 -1879048189 1 21333 
0
0
0
0
1
PART-1-1
4
BOTTOM
0
1
9
1124 1125 10223 10224 10245 10249 10256 10261 10269 
0
0
LEFT
0
1
9
961 962 7704 8180 8188 8326 8332 8334 10720 
0
0
RIGHT
0
1
9
1287 1288 8291 8325 8366 8375 8384 8393 8400 
0
0
TOP
0
1
9
798 799 10611 10681 10682 10685 10703 10712 11911 
0
0
0
0
0
