0
1
0
Assembly-1
1
PART-1-1
PART-1
1
PART-1-1
14
-2147483647
0
48 1 16 5 0 1 0 -1 -1 15021 1 -1879048189 1 15021 
0
1
PART-1-1
14
-2147483647
0
48 1 16 5 0 1 0 -1 -1 27929 1 -1879048189 1 27929 
0
0
1
PART-1-1
1
FULLMESH
0
1
14
-2147483647
48 1 16 5 0 1 0 -1 -1 27929 1 -1879048189 1 27929 
0
0
0
0
1
PART-1-1
4
BOTTOM
0
1
9
1124 1125 12039 12053 12061 12064 12089 12094 12143 
0
0
LEFT
0
1
12
961 962 13709 13781 13797 13831 13840 13843 13849 13855 13865 13889 
0
0
RIGHT
0
1
12
1287 1288 12521 12540 12604 12611 12613 12673 12679 12685 12688 12692 
0
0
TOP
0
1
10
798 799 14724 14852 14884 14927 14934 14940 14948 14959 
0
0
0
0
0
