0
1
0
Assembly-1
1
PART-1-1
PART-1
1
PART-1-1
14
-2147483647
0
48 1 16 5 0 1 0 -1 -1 10441 1 -1879048189 1 10441 
0
1
PART-1-1
14
-2147483647
0
48 1 16 5 0 1 0 -1 -1 18587 1 -1879048189 1 18587 
0
0
1
PART-1-1
1
FULLMESH
0
1
14
-2147483647
48 1 16 5 0 1 0 -1 -1 18587 1 -1879048189 1 18587 
0
0
0
0
1
PART-1-1
4
BOTTOM
0
1
6
1124 1125 9444 9463 9476 9482 
0
0
LEFT
0
1
9
961 962 8824 8827 8828 8834 8935 8938 8941 
0
0
RIGHT
0
1
9
1287 1288 10379 10392 10395 10398 10405 10409 10432 
0
0
TOP
0
1
7
798 799 8564 8641 8642 8647 8666 
0
0
0
0
0
