0
1
0
Assembly-1
1
PART-1-1
PART-1
1
PART-1-1
14
-2147483647
0
48 1 16 5 0 1 0 -1 -1 16128 1 -1879048189 1 16128 
0
1
PART-1-1
14
-2147483647
0
48 1 16 5 0 1 0 -1 -1 29770 1 -1879048189 1 29770 
0
0
1
PART-1-1
1
FULLMESH
0
1
14
-2147483647
48 1 16 5 0 1 0 -1 -1 29770 1 -1879048189 1 29770 
0
0
0
0
1
PART-1-1
4
BOTTOM
0
1
17
1124 1125 12312 12524 12548 12550 12598 12608 12623 12628 12629 12647 12652 12672 12673 13032 13054 
0
0
LEFT
0
1
16
961 962 11211 11782 11844 11855 12129 12131 12194 12196 12431 12492 13003 13013 13019 13022 
0
0
RIGHT
0
1
16
1287 1288 13522 13564 13627 13637 13654 13661 13687 13705 13766 13774 13800 13804 13856 13861 
0
0
TOP
0
1
17
798 799 10461 10534 10538 11005 11036 11039 11051 11053 11070 11077 11084 11094 11106 12047 12058 
0
0
0
0
0
