0
1
0
Assembly-1
1
PART-1-1
PART-1
1
PART-1-1
14
-2147483647
0
48 1 16 5 0 1 0 -1 -1 20742 1 -1879048189 1 20742 
0
1
PART-1-1
14
-2147483647
0
48 1 16 5 0 1 0 -1 -1 39013 1 -1879048189 1 39013 
0
0
1
PART-1-1
1
FULLMESH
0
1
14
-2147483647
48 1 16 5 0 1 0 -1 -1 39013 1 -1879048189 1 39013 
0
0
0
0
1
PART-1-1
4
BOTTOM
0
1
17
1124 1125 16996 17005 18146 18500 18510 18516 18521 18522 18524 18525 18985 18988 18995 18997 19005 
0
0
LEFT
0
1
16
961 962 20288 20291 20313 20326 20342 20351 20369 20371 20381 20383 20393 20397 20451 20464 
0
0
RIGHT
0
1
16
1287 1288 14522 14569 14574 14584 14610 15519 15525 15529 15533 15535 15544 15546 16437 20728 
0
0
TOP
0
1
17
798 799 19448 19458 19478 19502 19526 19527 19536 19540 19550 19556 19769 19770 19847 19857 20189 
0
0
0
0
0
