0
1
0
Assembly-1
1
PART-1-1
PART-1
1
PART-1-1
14
-2147483647
0
48 1 16 5 0 1 0 -1 -1 15709 1 -1879048189 1 15709 
0
1
PART-1-1
14
-2147483647
0
48 1 16 5 0 1 0 -1 -1 29238 1 -1879048189 1 29238 
0
0
1
PART-1-1
1
FULLMESH
0
1
14
-2147483647
48 1 16 5 0 1 0 -1 -1 29238 1 -1879048189 1 29238 
0
0
0
0
1
PART-1-1
4
BOTTOM
0
1
17
1124 1125 13236 13272 13279 13293 13502 13511 13515 13545 13719 13738 13741 13744 13754 13979 14286 
0
0
LEFT
0
1
17
961 962 11795 11999 12000 12006 12052 12056 12064 12067 12070 12620 13065 13068 13077 13079 13096 
0
0
RIGHT
0
1
16
1287 1288 14372 14449 14463 14816 14833 15073 15074 15085 15086 15088 15098 15169 15180 15183 
0
0
TOP
0
1
17
798 799 14238 14650 14683 14684 14715 14894 14925 14954 14958 14961 14962 14967 14972 14973 14977 
0
0
0
0
0
