0
1
0
Assembly-1
1
PART-1-1
PART-1
1
PART-1-1
14
-2147483647
0
48 1 16 5 0 1 0 -1 -1 17726 1 -1879048189 1 17726 
0
1
PART-1-1
14
-2147483647
0
48 1 16 5 0 1 0 -1 -1 33031 1 -1879048189 1 33031 
0
0
1
PART-1-1
1
FULLMESH
0
1
14
-2147483647
48 1 16 5 0 1 0 -1 -1 33031 1 -1879048189 1 33031 
0
0
0
0
1
PART-1-1
4
BOTTOM
0
1
15
1124 1125 13844 14264 14265 14274 14320 14330 14334 14337 14343 14346 14657 14688 15009 
0
0
LEFT
0
1
16
961 962 12675 13533 13545 13549 13551 13557 13559 13578 14010 14014 14541 14546 14548 14556 
0
0
RIGHT
0
1
16
1287 1288 15618 15862 15904 16066 16076 16079 16086 16096 16099 16105 16110 16114 16211 16220 
0
0
TOP
0
1
15
798 799 13976 14499 15077 15112 15123 15268 15271 15376 15379 15382 15386 15388 15565 
0
0
0
0
0
