0
1
0
Assembly-1
1
PART-1-1
PART-1
1
PART-1-1
14
-2147483647
0
48 1 16 5 0 1 0 -1 -1 12894 1 -1879048189 1 12894 
0
1
PART-1-1
14
-2147483647
0
48 1 16 5 0 1 0 -1 -1 23870 1 -1879048189 1 23870 
0
0
1
PART-1-1
1
FULLMESH
0
1
14
-2147483647
48 1 16 5 0 1 0 -1 -1 23870 1 -1879048189 1 23870 
0
0
0
0
1
PART-1-1
4
BOTTOM
0
1
8
1124 1125 12826 12834 12842 12843 12848 12850 
0
0
LEFT
0
1
5
961 962 12397 12398 12412 
0
0
RIGHT
0
1
6
1287 1288 12167 12182 12189 12200 
0
0
TOP
0
1
6
798 799 12029 12047 12051 12873 
0
0
0
0
0
