0
1
0
Assembly-1
1
PART-1-1
PART-1
1
PART-1-1
14
-2147483647
0
48 1 16 5 0 1 0 -1 -1 14569 1 -1879048189 1 14569 
0
1
PART-1-1
14
-2147483647
0
48 1 16 5 0 1 0 -1 -1 27147 1 -1879048189 1 27147 
0
0
1
PART-1-1
1
FULLMESH
0
1
14
-2147483647
48 1 16 5 0 1 0 -1 -1 27147 1 -1879048189 1 27147 
0
0
0
0
1
PART-1-1
4
BOTTOM
0
1
15
1124 1125 14175 14315 14325 14412 14416 14418 14419 14420 14428 14431 14433 14441 14466 
0
0
LEFT
0
1
17
961 962 12832 12849 12865 12879 12887 12890 12902 12927 12929 12947 12951 12955 13213 13486 13753 
0
0
RIGHT
0
1
15
1287 1288 14052 14084 14092 14115 14116 14134 14271 14281 14282 14373 14402 14445 14449 
0
0
TOP
0
1
14
798 799 12290 12348 12374 12377 12384 12386 12411 12416 12417 12755 12787 12974 
0
0
0
0
0
