0
1
0
Assembly-1
1
PART-1-1
PART-1
1
PART-1-1
14
-2147483647
0
48 1 16 5 0 1 0 -1 -1 17300 1 -1879048189 1 17300 
0
1
PART-1-1
14
-2147483647
0
48 1 16 5 0 1 0 -1 -1 32352 1 -1879048189 1 32352 
0
0
1
PART-1-1
1
FULLMESH
0
1
14
-2147483647
48 1 16 5 0 1 0 -1 -1 32352 1 -1879048189 1 32352 
0
0
0
0
1
PART-1-1
4
BOTTOM
0
1
17
1124 1125 12556 12557 12613 12624 12628 12630 12666 13339 13346 13353 13355 13357 13381 13411 14704 
0
0
LEFT
0
1
17
961 962 15217 16337 16350 16396 16408 16428 16438 16440 16445 16668 16679 17270 17273 17280 17294 
0
0
RIGHT
0
1
17
1287 1288 15427 16477 16480 16524 16542 16548 16566 16571 16591 16592 16605 16727 16734 16739 16780 
0
0
TOP
0
1
17
798 799 14967 15750 15758 15773 15790 15794 15798 15809 15825 15827 15834 15853 16264 16267 16836 
0
0
0
0
0
