0
1
0
Assembly-1
1
PART-1-1
PART-1
1
PART-1-1
14
-2147483647
0
48 1 16 5 0 1 0 -1 -1 16955 1 -1879048189 1 16955 
0
1
PART-1-1
14
-2147483647
0
48 1 16 5 0 1 0 -1 -1 31952 1 -1879048189 1 31952 
0
0
1
PART-1-1
1
FULLMESH
0
1
14
-2147483647
48 1 16 5 0 1 0 -1 -1 31952 1 -1879048189 1 31952 
0
0
0
0
1
PART-1-1
4
BOTTOM
0
1
18
1124 1125 15806 16479 16603 16608 16613 16648 16655 16658 16666 16670 16695 16703 16709 16717 16727 16735 
0
0
LEFT
0
1
18
961 962 14894 15258 15719 16214 16223 16398 16403 16413 16855 16898 16901 16903 16906 16916 16919 16929 
0
0
RIGHT
0
1
17
1287 1288 12472 13286 13690 13703 13704 13716 13722 13724 13773 13778 13783 13804 13809 13817 14627 
0
0
TOP
0
1
17
798 799 15597 15610 15626 15674 16040 16045 16057 16067 16156 16187 16189 16346 16348 16358 16373 
0
0
0
0
0
