0
1
0
Assembly-1
1
PART-1-1
PART-1
1
PART-1-1
14
-2147483647
0
48 1 16 5 0 1 0 -1 -1 13396 1 -1879048189 1 13396 
0
1
PART-1-1
14
-2147483647
0
48 1 16 5 0 1 0 -1 -1 24616 1 -1879048189 1 24616 
0
0
1
PART-1-1
1
FULLMESH
0
1
14
-2147483647
48 1 16 5 0 1 0 -1 -1 24616 1 -1879048189 1 24616 
0
0
0
0
1
PART-1-1
4
BOTTOM
0
1
17
1124 1125 8751 8857 8904 8936 9469 9975 9980 9984 9990 9999 10016 10017 10022 10236 10656 
0
0
LEFT
0
1
17
961 962 9693 9729 9742 9756 9771 10103 10592 10595 10599 10609 10610 10631 10981 11474 11982 
0
0
RIGHT
0
1
17
1287 1288 12122 12176 12206 12254 12269 12271 12272 12288 12291 12310 12314 12325 12328 12330 12336 
0
0
TOP
0
1
16
798 799 11320 11371 11399 11415 11420 11425 11654 11660 11856 11873 11877 11882 11963 11970 
0
0
0
0
0
