0
1
0
Assembly-1
1
PART-1-1
PART-1
1
PART-1-1
14
-2147483647
0
48 1 16 5 0 1 0 -1 -1 10269 1 -1879048189 1 10269 
0
1
PART-1-1
14
-2147483647
0
48 1 16 5 0 1 0 -1 -1 18155 1 -1879048189 1 18155 
0
0
1
PART-1-1
1
FULLMESH
0
1
14
-2147483647
48 1 16 5 0 1 0 -1 -1 18155 1 -1879048189 1 18155 
0
0
0
0
1
PART-1-1
4
BOTTOM
0
1
8
1124 1125 7893 7894 7913 7916 7918 10210 
0
0
LEFT
0
1
7
961 962 10191 10195 10205 10241 10263 
0
0
RIGHT
0
1
7
1287 1288 9020 9021 9056 9091 9093 
0
0
TOP
0
1
8
798 799 7594 7599 7618 7620 7621 7639 
0
0
0
0
0
