0
1
0
Assembly-1
1
PART-1-1
PART-1
1
PART-1-1
14
-2147483647
0
48 1 16 5 0 1 0 -1 -1 11003 1 -1879048189 1 11003 
0
1
PART-1-1
14
-2147483647
0
48 1 16 5 0 1 0 -1 -1 19605 1 -1879048189 1 19605 
0
0
1
PART-1-1
1
FULLMESH
0
1
14
-2147483647
48 1 16 5 0 1 0 -1 -1 19605 1 -1879048189 1 19605 
0
0
0
0
1
PART-1-1
4
BOTTOM
0
1
7
1124 1125 8197 8217 8225 8228 8236 
0
0
LEFT
0
1
6
961 962 9007 9017 9026 9031 
0
0
RIGHT
0
1
7
1287 1288 10942 10954 10959 10965 10968 
0
0
TOP
0
1
7
798 799 10277 10282 10289 10310 10317 
0
0
0
0
0
