0
1
0
Assembly-1
1
PART-1-1
PART-1
1
PART-1-1
14
-2147483647
0
48 1 16 5 0 1 0 -1 -1 14791 1 -1879048189 1 14791 
0
1
PART-1-1
14
-2147483647
0
48 1 16 5 0 1 0 -1 -1 27167 1 -1879048189 1 27167 
0
0
1
PART-1-1
1
FULLMESH
0
1
14
-2147483647
48 1 16 5 0 1 0 -1 -1 27167 1 -1879048189 1 27167 
0
0
0
0
1
PART-1-1
4
BOTTOM
0
1
14
1124 1125 14201 14227 14241 14244 14254 14260 14261 14276 14279 14288 14341 14346 
0
0
LEFT
0
1
16
961 962 13098 13176 13230 13268 13273 13706 13722 13724 13727 13742 13746 13751 13758 13773 
0
0
RIGHT
0
1
15
1287 1288 10098 11444 11445 11447 11489 11493 11498 11501 11502 11520 11525 11918 11919 
0
0
TOP
0
1
13
798 799 13448 13542 13830 13849 13874 13885 13898 13908 13909 13910 14095 
0
0
0
0
0
