0
1
0
Assembly-1
1
PART-1-1
PART-1
1
PART-1-1
14
-2147483647
0
48 1 16 5 0 1 0 -1 -1 18270 1 -1879048189 1 18270 
0
1
PART-1-1
14
-2147483647
0
48 1 16 5 0 1 0 -1 -1 34205 1 -1879048189 1 34205 
0
0
1
PART-1-1
1
FULLMESH
0
1
14
-2147483647
48 1 16 5 0 1 0 -1 -1 34205 1 -1879048189 1 34205 
0
0
0
0
1
PART-1-1
4
BOTTOM
0
1
17
1124 1125 17419 17496 17797 17798 17819 17853 17858 17860 17862 17963 17981 17991 18018 18024 18032 
0
0
LEFT
0
1
17
961 962 14567 15206 15226 15242 15250 15251 15258 16077 16083 16807 16808 17180 17184 17585 17940 
0
0
RIGHT
0
1
17
1287 1288 15652 15677 16178 16202 16280 16282 16312 16314 16876 16884 17195 17196 17197 17203 17596 
0
0
TOP
0
1
17
798 799 16647 16683 16684 16695 16714 16768 16778 17166 17173 17917 17919 17921 18001 18003 18009 
0
0
0
0
0
