0
1
0
Assembly-1
1
PART-1-1
PART-1
1
PART-1-1
14
-2147483647
0
48 1 16 5 0 1 0 -1 -1 21720 1 -1879048189 1 21720 
0
1
PART-1-1
14
-2147483647
0
48 1 16 5 0 1 0 -1 -1 40993 1 -1879048189 1 40993 
0
0
1
PART-1-1
1
FULLMESH
0
1
14
-2147483647
48 1 16 5 0 1 0 -1 -1 40993 1 -1879048189 1 40993 
0
0
0
0
1
PART-1-1
4
BOTTOM
0
1
17
1124 1125 18790 20215 20222 20223 20250 20284 20292 20310 20324 20333 20828 20844 20855 21148 21149 
0
0
LEFT
0
1
17
961 962 19656 20119 20694 20699 20708 20730 20740 20748 20750 21081 21087 21131 21303 21311 21714 
0
0
RIGHT
0
1
17
1287 1288 17865 17938 17999 18116 18117 18862 18864 18866 18870 18879 19345 19353 19356 19860 20343 
0
0
TOP
0
1
17
798 799 20521 20557 20581 20583 20585 20964 20967 20982 20983 21015 21184 21187 21217 21220 21236 
0
0
0
0
0
