0
1
0
Assembly-1
1
PART-1-1
PART-1
1
PART-1-1
14
-2147483647
0
48 1 16 5 0 1 0 -1 -1 10043 1 -1879048189 1 10043 
0
1
PART-1-1
14
-2147483647
0
48 1 16 5 0 1 0 -1 -1 17882 1 -1879048189 1 17882 
0
0
1
PART-1-1
1
FULLMESH
0
1
14
-2147483647
48 1 16 5 0 1 0 -1 -1 17882 1 -1879048189 1 17882 
0
0
0
0
1
PART-1-1
4
BOTTOM
0
1
8
1124 1125 8809 8812 8833 8857 9127 9128 
0
0
LEFT
0
1
8
961 962 9078 9100 9112 9195 9199 9200 
0
0
RIGHT
0
1
9
1287 1288 9266 9267 9707 9710 9713 9724 10032 
0
0
TOP
0
1
8
798 799 9982 9985 9992 9993 10021 10026 
0
0
0
0
0
