0
1
0
Assembly-1
1
PART-1-1
PART-1
1
PART-1-1
14
-2147483647
0
48 1 16 5 0 1 0 -1 -1 11060 1 -1879048189 1 11060 
0
1
PART-1-1
14
-2147483647
0
48 1 16 5 0 1 0 -1 -1 19704 1 -1879048189 1 19704 
0
0
1
PART-1-1
1
FULLMESH
0
1
14
-2147483647
48 1 16 5 0 1 0 -1 -1 19704 1 -1879048189 1 19704 
0
0
0
0
1
PART-1-1
4
BOTTOM
0
1
12
1124 1125 9751 9815 9862 9881 9897 10116 10117 10118 10123 10202 
0
0
LEFT
0
1
13
961 962 8355 8590 8602 8976 8979 8985 8989 8990 9001 9012 9174 
0
0
RIGHT
0
1
14
1287 1288 10171 10223 10225 10251 10258 10262 10267 10576 10578 10588 10591 10596 
0
0
TOP
0
1
12
798 799 7873 8091 8116 8122 8129 8150 8153 8154 8156 8172 
0
0
0
0
0
