0
1
0
Assembly-1
1
PART-1-1
PART-1
1
PART-1-1
14
-2147483647
0
48 1 16 5 0 1 0 -1 -1 13902 1 -1879048189 1 13902 
0
1
PART-1-1
14
-2147483647
0
48 1 16 5 0 1 0 -1 -1 25609 1 -1879048189 1 25609 
0
0
1
PART-1-1
1
FULLMESH
0
1
14
-2147483647
48 1 16 5 0 1 0 -1 -1 25609 1 -1879048189 1 25609 
0
0
0
0
1
PART-1-1
4
BOTTOM
0
1
16
1124 1125 10680 11114 11131 11142 11152 11155 11159 11172 11198 11199 11729 11733 13205 13219 
0
0
LEFT
0
1
15
961 962 11296 11323 11324 11347 11363 11395 11396 11408 11423 11435 11437 11447 11812 
0
0
RIGHT
0
1
16
1287 1288 10509 10526 10569 10826 10848 10855 11551 11588 11596 11597 11608 11610 11621 13213 
0
0
TOP
0
1
15
798 799 12203 12225 12281 12286 12289 12300 12304 12313 12324 12377 12384 12391 12395 
0
0
0
0
0
