0
1
0
Assembly-1
1
PART-1-1
PART-1
1
PART-1-1
14
-2147483647
0
48 1 16 5 0 1 0 -1 -1 15104 1 -1879048189 1 15104 
0
1
PART-1-1
14
-2147483647
0
48 1 16 5 0 1 0 -1 -1 28056 1 -1879048189 1 28056 
0
0
1
PART-1-1
1
FULLMESH
0
1
14
-2147483647
48 1 16 5 0 1 0 -1 -1 28056 1 -1879048189 1 28056 
0
0
0
0
1
PART-1-1
4
BOTTOM
0
1
17
1124 1125 12180 12304 12349 12366 12368 12372 12384 12385 12391 12405 12429 12695 12696 12702 13024 
0
0
LEFT
0
1
17
961 962 11354 12528 13422 13539 13545 13550 13571 13660 13661 13667 13669 13670 13724 13874 14036 
0
0
RIGHT
0
1
17
1287 1288 13327 13349 13391 13481 13501 13502 13511 13520 13533 13627 13628 13637 13644 13652 13715 
0
0
TOP
0
1
17
798 799 13849 13946 13954 13983 13984 13987 13989 14004 14006 14010 14018 14019 14051 14060 14651 
0
0
0
0
0
