0
1
0
Assembly-1
1
PART-1-1
PART-1
1
PART-1-1
14
-2147483647
0
48 1 16 5 0 1 0 -1 -1 14465 1 -1879048189 1 14465 
0
1
PART-1-1
14
-2147483647
0
48 1 16 5 0 1 0 -1 -1 26828 1 -1879048189 1 26828 
0
0
1
PART-1-1
1
FULLMESH
0
1
14
-2147483647
48 1 16 5 0 1 0 -1 -1 26828 1 -1879048189 1 26828 
0
0
0
0
1
PART-1-1
4
BOTTOM
0
1
17
1124 1125 13889 14169 14199 14231 14271 14279 14283 14286 14296 14304 14309 14317 14325 14328 14337 
0
0
LEFT
0
1
17
961 962 13109 13392 13432 13454 13467 13526 13731 13736 13755 13764 13768 13770 14012 14013 14125 
0
0
RIGHT
0
1
15
1287 1288 13188 13672 13677 13691 13695 13971 13975 13983 13987 13988 13999 14105 14120 
0
0
TOP
0
1
17
798 799 12040 12539 12596 12620 12628 12793 12809 12810 12814 12819 13021 13022 13024 13040 13299 
0
0
0
0
0
