0
1
0
Assembly-1
1
PART-1-1
PART-1
1
PART-1-1
14
-2147483647
0
48 1 16 5 0 1 0 -1 -1 16238 1 -1879048189 1 16238 
0
1
PART-1-1
14
-2147483647
0
48 1 16 5 0 1 0 -1 -1 29766 1 -1879048189 1 29766 
0
0
1
PART-1-1
1
FULLMESH
0
1
14
-2147483647
48 1 16 5 0 1 0 -1 -1 29766 1 -1879048189 1 29766 
0
0
0
0
1
PART-1-1
4
BOTTOM
0
1
17
1124 1125 10993 11037 11070 11072 11082 11095 11388 11698 11772 11793 11799 11810 12172 12178 12985 
0
0
LEFT
0
1
17
961 962 12943 12974 12977 13405 13424 13432 13435 13449 13452 13470 13483 13815 13818 13991 13999 
0
0
RIGHT
0
1
17
1287 1288 13616 13645 13647 13852 13858 13873 13924 13941 14017 14048 14067 14102 14121 14128 14139 
0
0
TOP
0
1
17
798 799 10576 10596 11231 11485 11503 11522 11533 11536 11555 11559 11560 11875 12067 12070 12075 
0
0
0
0
0
