0
1
0
Assembly-1
1
PART-1-1
PART-1
1
PART-1-1
14
-2147483647
0
48 1 16 5 0 1 0 -1 -1 14994 1 -1879048189 1 14994 
0
1
PART-1-1
14
-2147483647
0
48 1 16 5 0 1 0 -1 -1 27306 1 -1879048189 1 27306 
0
0
1
PART-1-1
1
FULLMESH
0
1
14
-2147483647
48 1 16 5 0 1 0 -1 -1 27306 1 -1879048189 1 27306 
0
0
0
0
1
PART-1-1
4
BOTTOM
0
1
14
1124 1125 12959 12996 13022 13034 13165 13180 13186 13198 13215 13262 13264 13267 
0
0
LEFT
0
1
16
961 962 10595 10600 10722 10723 10724 10776 10814 10840 10842 10844 10853 10865 10881 10884 
0
0
RIGHT
0
1
13
1287 1288 9511 9525 9548 9565 9571 9577 9578 9582 14918 14921 14922 
0
0
TOP
0
1
14
798 799 6537 6588 8005 9389 9390 9397 9408 9419 9426 9919 9924 9927 
0
0
0
0
0
