0
1
0
Assembly-1
1
PART-1-1
PART-1
1
PART-1-1
14
-2147483647
0
48 1 16 5 0 1 0 -1 -1 19281 1 -1879048189 1 19281 
0
1
PART-1-1
14
-2147483647
0
48 1 16 5 0 1 0 -1 -1 36423 1 -1879048189 1 36423 
0
0
1
PART-1-1
1
FULLMESH
0
1
14
-2147483647
48 1 16 5 0 1 0 -1 -1 36423 1 -1879048189 1 36423 
0
0
0
0
1
PART-1-1
4
BOTTOM
0
1
17
1124 1125 17595 17610 17849 18044 18062 18071 18080 18082 18242 18244 18248 18289 18298 18327 18333 
0
0
LEFT
0
1
15
961 962 17336 17408 17424 17435 17440 17452 17455 17461 17746 17751 17997 18001 19260 
0
0
RIGHT
0
1
16
1287 1288 16786 16832 18013 18029 18033 18035 18226 18279 18281 18604 18605 18775 19246 19247 
0
0
TOP
0
1
16
798 799 18850 18875 19009 19013 19020 19078 19086 19092 19102 19105 19109 19115 19119 19274 
0
0
0
0
0
