0
1
0
Assembly-1
1
PART-1-1
PART-1
1
PART-1-1
14
-2147483647
0
48 1 16 5 0 1 0 -1 -1 19182 1 -1879048189 1 19182 
0
1
PART-1-1
14
-2147483647
0
48 1 16 5 0 1 0 -1 -1 36200 1 -1879048189 1 36200 
0
0
1
PART-1-1
1
FULLMESH
0
1
14
-2147483647
48 1 16 5 0 1 0 -1 -1 36200 1 -1879048189 1 36200 
0
0
0
0
1
PART-1-1
4
BOTTOM
0
1
17
1124 1125 16996 17049 17061 17092 17339 17341 17601 17603 17613 17615 17616 17869 17943 17946 17959 
0
0
LEFT
0
1
17
961 962 12524 12586 12590 12615 12620 12628 12631 12660 12665 14221 14231 14238 14911 14922 15238 
0
0
RIGHT
0
1
17
1287 1288 16390 16808 16824 16826 16845 16874 17265 17282 17456 17464 17474 17484 17485 18287 18357 
0
0
TOP
0
1
17
798 799 18015 18052 18073 18136 18142 18144 18324 18378 18379 18384 18456 18464 18479 18483 18487 
0
0
0
0
0
