0
1
0
Assembly-1
1
PART-1-1
PART-1
1
PART-1-1
14
-2147483647
0
48 1 16 5 0 1 0 -1 -1 15608 1 -1879048189 1 15608 
0
1
PART-1-1
14
-2147483647
0
48 1 16 5 0 1 0 -1 -1 28843 1 -1879048189 1 28843 
0
0
1
PART-1-1
1
FULLMESH
0
1
14
-2147483647
48 1 16 5 0 1 0 -1 -1 28843 1 -1879048189 1 28843 
0
0
0
0
1
PART-1-1
4
BOTTOM
0
1
10
1124 1125 12431 12432 12546 12548 12555 12569 12899 12918 
0
0
LEFT
0
1
11
961 962 13179 13180 13183 13203 13208 13235 13238 13245 13269 
0
0
RIGHT
0
1
11
1287 1288 15423 15426 15446 15508 15517 15528 15531 15539 15548 
0
0
TOP
0
1
10
798 799 15071 15114 15132 15138 15141 15145 15185 15187 
0
0
0
0
0
