0
1
0
Assembly-1
1
PART-1-1
PART-1
1
PART-1-1
14
-2147483647
0
48 1 16 5 0 1 0 -1 -1 15458 1 -1879048189 1 15458 
0
1
PART-1-1
14
-2147483647
0
48 1 16 5 0 1 0 -1 -1 28615 1 -1879048189 1 28615 
0
0
1
PART-1-1
1
FULLMESH
0
1
14
-2147483647
48 1 16 5 0 1 0 -1 -1 28615 1 -1879048189 1 28615 
0
0
0
0
1
PART-1-1
4
BOTTOM
0
1
11
1124 1125 11102 11932 12382 12390 12408 13501 13507 13873 13879 
0
0
LEFT
0
1
10
961 962 14970 15059 15063 15075 15087 15163 15170 15176 
0
0
RIGHT
0
1
11
1287 1288 10291 11023 11037 11865 11876 11881 11882 11892 12373 
0
0
TOP
0
1
11
798 799 13662 14089 14113 14298 14305 14326 14330 14333 14334 
0
0
0
0
0
