0
1
0
Assembly-1
1
PART-1-1
PART-1
1
PART-1-1
14
-2147483647
0
48 1 16 5 0 1 0 -1 -1 16275 1 -1879048189 1 16275 
0
1
PART-1-1
14
-2147483647
0
48 1 16 5 0 1 0 -1 -1 30211 1 -1879048189 1 30211 
0
0
1
PART-1-1
1
FULLMESH
0
1
14
-2147483647
48 1 16 5 0 1 0 -1 -1 30211 1 -1879048189 1 30211 
0
0
0
0
1
PART-1-1
4
BOTTOM
0
1
6
1124 1125 15582 15599 15612 15617 
0
0
LEFT
0
1
8
961 962 16214 16224 16236 16253 16254 16258 
0
0
RIGHT
0
1
8
1287 1288 15973 16005 16015 16032 16038 16043 
0
0
TOP
0
1
8
798 799 15116 15124 15128 15130 15139 15174 
0
0
0
0
0
