0
1
0
Assembly-1
1
PART-1-1
PART-1
1
PART-1-1
14
-2147483647
0
48 1 16 5 0 1 0 -1 -1 7264 1 -1879048189 1 7264 
0
1
PART-1-1
14
-2147483647
0
48 1 16 5 0 1 0 -1 -1 12270 1 -1879048189 1 12270 
0
0
1
PART-1-1
1
FULLMESH
0
1
14
-2147483647
48 1 16 5 0 1 0 -1 -1 12270 1 -1879048189 1 12270 
0
0
0
0
1
PART-1-1
4
BOTTOM
0
1
6
1124 1125 5933 5944 5948 5953 
0
0
LEFT
0
1
8
961 962 7165 7183 7188 7197 7201 7207 
0
0
RIGHT
0
1
5
1287 1288 6118 6144 6151 
0
0
TOP
0
1
9
798 799 7025 7039 7040 7042 7056 7058 7229 
0
0
0
0
0
