0
1
0
Assembly-1
1
PART-1-1
PART-1
1
PART-1-1
14
-2147483647
0
48 1 16 5 0 1 0 -1 -1 13670 1 -1879048189 1 13670 
0
1
PART-1-1
14
-2147483647
0
48 1 16 5 0 1 0 -1 -1 25273 1 -1879048189 1 25273 
0
0
1
PART-1-1
1
FULLMESH
0
1
14
-2147483647
48 1 16 5 0 1 0 -1 -1 25273 1 -1879048189 1 25273 
0
0
0
0
1
PART-1-1
4
BOTTOM
0
1
6
1124 1125 13631 13647 13654 13662 
0
0
LEFT
0
1
6
961 962 13428 13430 13433 13439 
0
0
RIGHT
0
1
5
1287 1288 13219 13221 13236 
0
0
TOP
0
1
6
798 799 13336 13365 13371 13375 
0
0
0
0
0
