0
1
0
Assembly-1
1
PART-1-1
PART-1
1
PART-1-1
14
-2147483647
0
48 1 16 5 0 1 0 -1 -1 23582 1 -1879048189 1 23582 
0
1
PART-1-1
14
-2147483647
0
48 1 16 5 0 1 0 -1 -1 44478 1 -1879048189 1 44478 
0
0
1
PART-1-1
1
FULLMESH
0
1
14
-2147483647
48 1 16 5 0 1 0 -1 -1 44478 1 -1879048189 1 44478 
0
0
0
0
1
PART-1-1
4
BOTTOM
0
1
13
1124 1125 21819 22290 22318 22320 22322 22327 22348 22387 22695 22696 22708 
0
0
LEFT
0
1
15
961 962 19888 20043 20054 20056 20073 20507 20591 20592 21610 21612 21968 22504 22514 
0
0
RIGHT
0
1
16
1287 1288 23003 23191 23199 23214 23249 23260 23267 23269 23280 23292 23294 23307 23329 23386 
0
0
TOP
0
1
16
798 799 22198 22249 22568 22569 22571 22648 22898 22902 23125 23127 23129 23133 23143 23166 
0
0
0
0
0
