0
1
0
Assembly-1
1
PART-1-1
PART-1
1
PART-1-1
14
-2147483647
0
48 1 16 5 0 1 0 -1 -1 19491 1 -1879048189 1 19491 
0
1
PART-1-1
14
-2147483647
0
48 1 16 5 0 1 0 -1 -1 36736 1 -1879048189 1 36736 
0
0
1
PART-1-1
1
FULLMESH
0
1
14
-2147483647
48 1 16 5 0 1 0 -1 -1 36736 1 -1879048189 1 36736 
0
0
0
0
1
PART-1-1
4
BOTTOM
0
1
17
1124 1125 16367 16383 16392 16454 16460 16509 16962 16965 16968 16973 16978 16988 17631 17642 18063 
0
0
LEFT
0
1
16
961 962 9598 9639 9713 12070 12072 12077 12122 12984 12989 13010 13375 13383 19409 19412 
0
0
RIGHT
0
1
16
1287 1288 17808 18129 18179 18194 18197 18205 18218 18232 18252 18259 18263 18266 18514 18519 
0
0
TOP
0
1
17
798 799 17203 17302 17533 17535 17581 17582 17586 17592 17980 17988 18000 18014 18477 18480 18630 
0
0
0
0
0
