0
1
0
Assembly-1
1
PART-1-1
PART-1
1
PART-1-1
14
-2147483647
0
48 1 16 5 0 1 0 -1 -1 16875 1 -1879048189 1 16875 
0
1
PART-1-1
14
-2147483647
0
48 1 16 5 0 1 0 -1 -1 31195 1 -1879048189 1 31195 
0
0
1
PART-1-1
1
FULLMESH
0
1
14
-2147483647
48 1 16 5 0 1 0 -1 -1 31195 1 -1879048189 1 31195 
0
0
0
0
1
PART-1-1
4
BOTTOM
0
1
16
1124 1125 11844 12251 12275 12277 12293 12296 12299 12303 12304 12309 12679 12695 12698 13397 
0
0
LEFT
0
1
16
961 962 14063 14064 14074 14084 14088 14093 14122 14133 14147 14437 14489 14602 14615 14742 
0
0
RIGHT
0
1
16
1287 1288 15101 15368 15381 15392 15395 15400 15431 15469 15472 15474 15518 15540 15543 15548 
0
0
TOP
0
1
16
798 799 14680 14841 14880 14891 14895 14896 14901 14908 14920 14944 14945 14956 16744 16748 
0
0
0
0
0
