0
1
0
Assembly-1
1
PART-1-1
PART-1
1
PART-1-1
14
-2147483647
0
48 1 16 5 0 1 0 -1 -1 14186 1 -1879048189 1 14186 
0
1
PART-1-1
14
-2147483647
0
48 1 16 5 0 1 0 -1 -1 26339 1 -1879048189 1 26339 
0
0
1
PART-1-1
1
FULLMESH
0
1
14
-2147483647
48 1 16 5 0 1 0 -1 -1 26339 1 -1879048189 1 26339 
0
0
0
0
1
PART-1-1
4
BOTTOM
0
1
7
1124 1125 13403 13443 13451 13460 13486 
0
0
LEFT
0
1
8
961 962 13062 13066 13068 13077 13129 13132 
0
0
RIGHT
0
1
8
1287 1288 14142 14145 14165 14166 14176 14182 
0
0
TOP
0
1
9
798 799 13228 13498 13509 13514 13518 13523 13529 
0
0
0
0
0
