0
1
0
Assembly-1
1
PART-1-1
PART-1
1
PART-1-1
14
-2147483647
0
48 1 16 5 0 1 0 -1 -1 12039 1 -1879048189 1 12039 
0
1
PART-1-1
14
-2147483647
0
48 1 16 5 0 1 0 -1 -1 21830 1 -1879048189 1 21830 
0
0
1
PART-1-1
1
FULLMESH
0
1
14
-2147483647
48 1 16 5 0 1 0 -1 -1 21830 1 -1879048189 1 21830 
0
0
0
0
1
PART-1-1
4
BOTTOM
0
1
12
1124 1125 11163 11206 11217 11221 11223 11360 11362 11405 11413 11419 
0
0
LEFT
0
1
10
961 962 11042 11055 11066 11082 11093 11115 11121 11124 
0
0
RIGHT
0
1
10
1287 1288 10669 11269 11288 11296 11317 11328 11334 11396 
0
0
TOP
0
1
10
798 799 10183 10190 10430 10431 10673 10681 10685 10694 
0
0
0
0
0
