0
1
0
Assembly-1
1
PART-1-1
PART-1
1
PART-1-1
14
-2147483647
0
48 1 16 5 0 1 0 -1 -1 13880 1 -1879048189 1 13880 
0
1
PART-1-1
14
-2147483647
0
48 1 16 5 0 1 0 -1 -1 25808 1 -1879048189 1 25808 
0
0
1
PART-1-1
1
FULLMESH
0
1
14
-2147483647
48 1 16 5 0 1 0 -1 -1 25808 1 -1879048189 1 25808 
0
0
0
0
1
PART-1-1
4
BOTTOM
0
1
17
1124 1125 12081 12492 12505 12525 12535 12537 12549 12556 12590 12592 12594 12615 12623 12626 12814 
0
0
LEFT
0
1
16
961 962 10817 10861 10896 10898 10927 10930 11551 11561 11562 11580 11589 11855 11856 11870 
0
0
RIGHT
0
1
17
1287 1288 13265 13616 13622 13632 13649 13676 13680 13698 13705 13706 13757 13767 13780 13790 13803 
0
0
TOP
0
1
17
798 799 12180 12335 12730 12735 12738 12740 12746 13020 13031 13038 13041 13087 13100 13527 13528 
0
0
0
0
0
