0
1
0
Assembly-1
1
PART-1-1
PART-1
1
PART-1-1
14
-2147483647
0
48 1 16 5 0 1 0 -1 -1 15204 1 -1879048189 1 15204 
0
1
PART-1-1
14
-2147483647
0
48 1 16 5 0 1 0 -1 -1 28333 1 -1879048189 1 28333 
0
0
1
PART-1-1
1
FULLMESH
0
1
14
-2147483647
48 1 16 5 0 1 0 -1 -1 28333 1 -1879048189 1 28333 
0
0
0
0
1
PART-1-1
4
BOTTOM
0
1
17
1124 1125 14254 14296 14298 14299 14304 14327 14344 14670 14676 14679 14680 14692 14697 14801 14806 
0
0
LEFT
0
1
17
961 962 11929 11996 12007 12061 12062 12119 12126 12128 12129 12130 12136 12139 12900 12905 12909 
0
0
RIGHT
0
1
17
1287 1288 13395 13470 13474 13490 13497 13498 13507 13537 13575 13590 13907 13941 13943 14219 15174 
0
0
TOP
0
1
16
798 799 14446 14454 14497 14507 14510 14529 14543 14550 14551 14564 14766 14767 14770 15192 
0
0
0
0
0
