0
1
0
Assembly-1
1
PART-1-1
PART-1
1
PART-1-1
14
-2147483647
0
48 1 16 5 0 1 0 -1 -1 11541 1 -1879048189 1 11541 
0
1
PART-1-1
14
-2147483647
0
48 1 16 5 0 1 0 -1 -1 21101 1 -1879048189 1 21101 
0
0
1
PART-1-1
1
FULLMESH
0
1
14
-2147483647
48 1 16 5 0 1 0 -1 -1 21101 1 -1879048189 1 21101 
0
0
0
0
1
PART-1-1
4
BOTTOM
0
1
11
1124 1125 10720 10998 11001 11154 11159 11167 11177 11208 11212 
0
0
LEFT
0
1
9
961 962 10340 10380 10381 10636 10650 10664 10943 
0
0
RIGHT
0
1
10
1287 1288 10454 10476 10819 10829 10842 10847 11044 11048 
0
0
TOP
0
1
12
798 799 11331 11333 11380 11384 11391 11392 11450 11476 11482 11489 
0
0
0
0
0
