0
1
0
Assembly-1
1
PART-1-1
PART-1
1
PART-1-1
14
-2147483647
0
48 1 16 5 0 1 0 -1 -1 18448 1 -1879048189 1 18448 
0
1
PART-1-1
14
-2147483647
0
48 1 16 5 0 1 0 -1 -1 34686 1 -1879048189 1 34686 
0
0
1
PART-1-1
1
FULLMESH
0
1
14
-2147483647
48 1 16 5 0 1 0 -1 -1 34686 1 -1879048189 1 34686 
0
0
0
0
1
PART-1-1
4
BOTTOM
0
1
17
1124 1125 16189 16265 16278 16284 16771 16776 16790 16990 16997 17009 17023 17033 17395 17402 17403 
0
0
LEFT
0
1
17
961 962 16916 17423 17427 17466 17492 17493 17510 17512 17513 17535 17548 17553 17557 17635 17638 
0
0
RIGHT
0
1
17
1287 1288 13649 14210 14261 14283 14289 14293 14869 14901 15622 15631 15646 15670 15672 15675 16060 
0
0
TOP
0
1
17
798 799 12728 12800 12909 12934 12935 12937 12944 12945 12994 12995 12999 13016 13023 13688 14302 
0
0
0
0
0
