0
1
0
Assembly-1
1
PART-1-1
PART-1
1
PART-1-1
14
-2147483647
0
48 1 16 5 0 1 0 -1 -1 13507 1 -1879048189 1 13507 
0
1
PART-1-1
14
-2147483647
0
48 1 16 5 0 1 0 -1 -1 24963 1 -1879048189 1 24963 
0
0
1
PART-1-1
1
FULLMESH
0
1
14
-2147483647
48 1 16 5 0 1 0 -1 -1 24963 1 -1879048189 1 24963 
0
0
0
0
1
PART-1-1
4
BOTTOM
0
1
17
1124 1125 8454 8496 8498 8782 8787 8790 8794 9384 9385 9393 9408 9422 9428 9801 10258 
0
0
LEFT
0
1
17
961 962 12809 13230 13283 13287 13298 13305 13310 13317 13326 13330 13331 13333 13352 13386 13390 
0
0
RIGHT
0
1
15
1287 1288 10510 10655 10665 10778 10792 10796 10811 10816 10821 10849 10851 10882 10895 
0
0
TOP
0
1
17
798 799 9584 9629 9708 9913 9916 9927 9935 9961 9979 9982 10453 10470 10734 10742 10747 
0
0
0
0
0
