0
1
0
Assembly-1
1
PART-1-1
PART-1
1
PART-1-1
14
-2147483647
0
48 1 16 5 0 1 0 -1 -1 16717 1 -1879048189 1 16717 
0
1
PART-1-1
14
-2147483647
0
48 1 16 5 0 1 0 -1 -1 31225 1 -1879048189 1 31225 
0
0
1
PART-1-1
1
FULLMESH
0
1
14
-2147483647
48 1 16 5 0 1 0 -1 -1 31225 1 -1879048189 1 31225 
0
0
0
0
1
PART-1-1
4
BOTTOM
0
1
15
1124 1125 16372 16398 16427 16485 16502 16507 16510 16516 16524 16536 16537 16542 16702 
0
0
LEFT
0
1
16
961 962 15391 15581 15605 15641 15650 15656 15659 15660 15667 15716 15723 15757 15811 15814 
0
0
RIGHT
0
1
13
1287 1288 14356 14867 14868 14878 15075 15093 15098 15449 15458 15470 15555 
0
0
TOP
0
1
12
798 799 14644 14690 14701 14727 14729 14730 15025 15034 15384 16678 
0
0
0
0
0
