0
1
0
Assembly-1
1
PART-1-1
PART-1
1
PART-1-1
14
-2147483647
0
48 1 16 5 0 1 0 -1 -1 16310 1 -1879048189 1 16310 
0
1
PART-1-1
14
-2147483647
0
48 1 16 5 0 1 0 -1 -1 30452 1 -1879048189 1 30452 
0
0
1
PART-1-1
1
FULLMESH
0
1
14
-2147483647
48 1 16 5 0 1 0 -1 -1 30452 1 -1879048189 1 30452 
0
0
0
0
1
PART-1-1
4
BOTTOM
0
1
9
1124 1125 14547 14580 14761 14795 14805 14893 14896 
0
0
LEFT
0
1
9
961 962 15345 15349 15447 15566 16249 16254 16300 
0
0
RIGHT
0
1
10
1287 1288 15669 15673 15689 15697 15764 15772 15778 15783 
0
0
TOP
0
1
9
798 799 15892 15908 15912 15916 15917 15923 15948 
0
0
0
0
0
