0
1
0
Assembly-1
1
PART-1-1
PART-1
1
PART-1-1
14
-2147483647
0
48 1 16 5 0 1 0 -1 -1 12841 1 -1879048189 1 12841 
0
1
PART-1-1
14
-2147483647
0
48 1 16 5 0 1 0 -1 -1 23517 1 -1879048189 1 23517 
0
0
1
PART-1-1
1
FULLMESH
0
1
14
-2147483647
48 1 16 5 0 1 0 -1 -1 23517 1 -1879048189 1 23517 
0
0
0
0
1
PART-1-1
4
BOTTOM
0
1
11
1124 1125 11750 12017 12023 12032 12035 12039 12109 12112 12829 
0
0
LEFT
0
1
11
961 962 10949 10974 10977 10995 11013 11118 11123 11135 11138 
0
0
RIGHT
0
1
13
1287 1288 10135 11397 11401 11403 11407 11410 12771 12780 12782 12785 12790 
0
0
TOP
0
1
10
798 799 12242 12295 12304 12337 12346 12377 12381 12389 
0
0
0
0
0
