0
1
0
Assembly-1
1
PART-1-1
PART-1
1
PART-1-1
14
-2147483647
0
48 1 16 5 0 1 0 -1 -1 23783 1 -1879048189 1 23783 
0
1
PART-1-1
14
-2147483647
0
48 1 16 5 0 1 0 -1 -1 45184 1 -1879048189 1 45184 
0
0
1
PART-1-1
1
FULLMESH
0
1
14
-2147483647
48 1 16 5 0 1 0 -1 -1 45184 1 -1879048189 1 45184 
0
0
0
0
1
PART-1-1
4
BOTTOM
0
1
19
1124 1125 22657 22659 22692 22696 22699 22708 22727 22731 22732 22744 22747 23027 23032 23184 23186 23610 23611 
0
0
LEFT
0
1
17
961 962 22405 23314 23341 23343 23345 23358 23387 23390 23402 23410 23429 23447 23462 23521 23523 
0
0
RIGHT
0
1
17
1287 1288 21797 22526 22530 22569 22878 22881 22886 22912 22925 22939 22945 22958 23482 23538 23770 
0
0
TOP
0
1
18
798 799 21321 22075 22083 22113 22124 22130 22140 22146 22147 22148 22156 22157 22372 22382 22811 22829 
0
0
0
0
0
