0
1
0
Assembly-1
1
PART-1-1
PART-1
1
PART-1-1
14
-2147483647
0
48 1 16 5 0 1 0 -1 -1 11355 1 -1879048189 1 11355 
0
1
PART-1-1
14
-2147483647
0
48 1 16 5 0 1 0 -1 -1 20801 1 -1879048189 1 20801 
0
0
1
PART-1-1
1
FULLMESH
0
1
14
-2147483647
48 1 16 5 0 1 0 -1 -1 20801 1 -1879048189 1 20801 
0
0
0
0
1
PART-1-1
4
BOTTOM
0
1
11
1124 1125 10241 10307 10318 10323 10334 10337 10341 10454 10763 
0
0
LEFT
0
1
12
961 962 10535 10550 10581 10601 10602 10603 10629 10778 10788 10789 
0
0
RIGHT
0
1
14
1287 1288 9196 9497 9504 9514 9525 9770 9777 9788 9790 9793 9941 9944 
0
0
TOP
0
1
13
798 799 11077 11155 11174 11175 11181 11188 11191 11232 11311 11312 11323 
0
0
0
0
0
