0
1
0
Assembly-1
1
PART-1-1
PART-1
1
PART-1-1
14
-2147483647
0
48 1 16 5 0 1 0 -1 -1 17250 1 -1879048189 1 17250 
0
1
PART-1-1
14
-2147483647
0
48 1 16 5 0 1 0 -1 -1 31968 1 -1879048189 1 31968 
0
0
1
PART-1-1
1
FULLMESH
0
1
14
-2147483647
48 1 16 5 0 1 0 -1 -1 31968 1 -1879048189 1 31968 
0
0
0
0
1
PART-1-1
4
BOTTOM
0
1
17
1124 1125 11045 11140 11479 11584 11593 11596 11599 11610 11613 11618 11626 12113 12115 12132 12134 
0
0
LEFT
0
1
17
961 962 12382 12445 12448 12487 12501 12524 13014 13017 13084 13089 13236 13264 13381 13391 13394 
0
0
RIGHT
0
1
17
1287 1288 8717 9260 9326 10225 10234 10240 10776 10782 10788 10797 10801 10815 10817 10822 10837 
0
0
TOP
0
1
17
798 799 12094 12751 12785 13146 13149 13156 13159 13161 13166 13282 13290 13295 13296 13298 13403 
0
0
0
0
0
