0
1
0
Assembly-1
1
PART-1-1
PART-1
1
PART-1-1
14
-2147483647
0
48 1 16 5 0 1 0 -1 -1 24464 1 -1879048189 1 24464 
0
1
PART-1-1
14
-2147483647
0
48 1 16 5 0 1 0 -1 -1 46320 1 -1879048189 1 46320 
0
0
1
PART-1-1
1
FULLMESH
0
1
14
-2147483647
48 1 16 5 0 1 0 -1 -1 46320 1 -1879048189 1 46320 
0
0
0
0
1
PART-1-1
4
BOTTOM
0
1
17
1124 1125 23962 23973 24075 24087 24114 24120 24178 24186 24191 24202 24210 24212 24213 24222 24330 
0
0
LEFT
0
1
17
961 962 23306 23346 23398 23675 23685 23686 23727 23741 23742 23750 23754 23767 23780 24439 24457 
0
0
RIGHT
0
1
17
1287 1288 20353 20363 20386 20394 20396 20397 21442 21500 21511 21514 21522 21524 21545 24238 24240 
0
0
TOP
0
1
17
798 799 22214 23017 23029 23038 23805 23807 23810 23815 23825 23828 23836 23837 23853 23876 23902 
0
0
0
0
0
