0
1
0
Assembly-1
1
PART-1-1
PART-1
1
PART-1-1
14
-2147483647
0
48 1 16 5 0 1 0 -1 -1 14948 1 -1879048189 1 14948 
0
1
PART-1-1
14
-2147483647
0
48 1 16 5 0 1 0 -1 -1 27849 1 -1879048189 1 27849 
0
0
1
PART-1-1
1
FULLMESH
0
1
14
-2147483647
48 1 16 5 0 1 0 -1 -1 27849 1 -1879048189 1 27849 
0
0
0
0
1
PART-1-1
4
BOTTOM
0
1
14
1124 1125 13868 13913 13914 14115 14120 14121 14135 14423 14431 14461 14464 14465 
0
0
LEFT
0
1
11
961 962 12996 13005 13038 13044 13051 13058 13078 13520 13747 
0
0
RIGHT
0
1
12
1287 1288 14239 14311 14336 14340 14512 14566 14573 14575 14582 14588 
0
0
TOP
0
1
13
798 799 14725 14760 14786 14790 14815 14817 14818 14824 14825 14830 14841 
0
0
0
0
0
