0
1
0
Assembly-1
1
PART-1-1
PART-1
1
PART-1-1
14
-2147483647
0
48 1 16 5 0 1 0 -1 -1 12399 1 -1879048189 1 12399 
0
1
PART-1-1
14
-2147483647
0
48 1 16 5 0 1 0 -1 -1 22388 1 -1879048189 1 22388 
0
0
1
PART-1-1
1
FULLMESH
0
1
14
-2147483647
48 1 16 5 0 1 0 -1 -1 22388 1 -1879048189 1 22388 
0
0
0
0
1
PART-1-1
4
BOTTOM
0
1
9
1124 1125 11798 11805 11821 11850 11853 11866 12302 
0
0
LEFT
0
1
9
961 962 11158 11174 11210 11284 11286 11394 12275 
0
0
RIGHT
0
1
9
1287 1288 10404 10476 10478 10485 10486 10492 12390 
0
0
TOP
0
1
9
798 799 11890 11909 11911 11913 11933 11937 11966 
0
0
0
0
0
