0
1
0
Assembly-1
1
PART-1-1
PART-1
1
PART-1-1
14
-2147483647
0
48 1 16 5 0 1 0 -1 -1 16872 1 -1879048189 1 16872 
0
1
PART-1-1
14
-2147483647
0
48 1 16 5 0 1 0 -1 -1 31676 1 -1879048189 1 31676 
0
0
1
PART-1-1
1
FULLMESH
0
1
14
-2147483647
48 1 16 5 0 1 0 -1 -1 31676 1 -1879048189 1 31676 
0
0
0
0
1
PART-1-1
4
BOTTOM
0
1
17
1124 1125 16440 16519 16575 16587 16605 16629 16631 16637 16638 16653 16693 16699 16708 16839 16859 
0
0
LEFT
0
1
17
961 962 15617 15668 15678 15952 15957 15959 15964 15979 15980 16015 16142 16223 16228 16238 16241 
0
0
RIGHT
0
1
17
1287 1288 13522 13586 13628 14387 14405 14412 14453 14470 14479 14482 14491 14927 14953 15340 15346 
0
0
TOP
0
1
17
798 799 14268 15252 15255 15277 15284 15290 15301 15323 15325 15565 15570 15585 15594 15605 16828 
0
0
0
0
0
