0
1
0
Assembly-1
1
PART-1-1
PART-1
1
PART-1-1
14
-2147483647
0
48 1 16 5 0 1 0 -1 -1 12662 1 -1879048189 1 12662 
0
1
PART-1-1
14
-2147483647
0
48 1 16 5 0 1 0 -1 -1 22663 1 -1879048189 1 22663 
0
0
1
PART-1-1
1
FULLMESH
0
1
14
-2147483647
48 1 16 5 0 1 0 -1 -1 22663 1 -1879048189 1 22663 
0
0
0
0
1
PART-1-1
4
BOTTOM
0
1
12
1124 1125 10833 10902 10927 10929 10933 10948 10949 10951 10960 11000 
0
0
LEFT
0
1
12
961 962 8937 9114 9122 9124 9126 9129 9636 9648 9847 9848 
0
0
RIGHT
0
1
12
1287 1288 9275 9286 9287 9300 9308 9314 9326 9337 9360 9370 
0
0
TOP
0
1
9
798 799 10409 10699 10712 10727 10729 10743 10785 
0
0
0
0
0
