0
1
0
Assembly-1
1
PART-1-1
PART-1
1
PART-1-1
14
-2147483647
0
48 1 16 5 0 1 0 -1 -1 15547 1 -1879048189 1 15547 
0
1
PART-1-1
14
-2147483647
0
48 1 16 5 0 1 0 -1 -1 29200 1 -1879048189 1 29200 
0
0
1
PART-1-1
1
FULLMESH
0
1
14
-2147483647
48 1 16 5 0 1 0 -1 -1 29200 1 -1879048189 1 29200 
0
0
0
0
1
PART-1-1
4
BOTTOM
0
1
15
1124 1125 13348 13557 13564 13573 13585 13593 13602 13617 13631 13632 13644 14014 14023 
0
0
LEFT
0
1
17
961 962 15124 15308 15326 15329 15334 15335 15355 15401 15412 15427 15430 15453 15461 15465 15536 
0
0
RIGHT
0
1
14
1287 1288 14787 14840 14851 14860 14861 14905 14910 14912 15039 15232 15233 15449 
0
0
TOP
0
1
17
798 799 13834 13958 14339 14348 14365 14368 14423 14427 14428 14430 14443 14453 14456 14458 14756 
0
0
0
0
0
