0
1
0
Assembly-1
1
PART-1-1
PART-1
1
PART-1-1
14
-2147483647
0
48 1 16 5 0 1 0 -1 -1 16710 1 -1879048189 1 16710 
0
1
PART-1-1
14
-2147483647
0
48 1 16 5 0 1 0 -1 -1 30926 1 -1879048189 1 30926 
0
0
1
PART-1-1
1
FULLMESH
0
1
14
-2147483647
48 1 16 5 0 1 0 -1 -1 30926 1 -1879048189 1 30926 
0
0
0
0
1
PART-1-1
4
BOTTOM
0
1
14
1124 1125 15591 16131 16221 16229 16237 16245 16253 16297 16309 16316 16318 16331 
0
0
LEFT
0
1
13
961 962 10311 10360 10376 10399 10411 10414 10926 10946 10961 10985 16671 
0
0
RIGHT
0
1
15
1287 1288 14984 15364 15892 15897 15906 15910 15916 15920 15937 15946 15955 15960 15963 
0
0
TOP
0
1
15
798 799 14602 15975 15976 15981 15988 15998 16010 16011 16014 16024 16036 16047 16067 
0
0
0
0
0
