0
1
0
Assembly-1
1
PART-1-1
PART-1
1
PART-1-1
14
-2147483647
0
48 1 16 5 0 1 0 -1 -1 17357 1 -1879048189 1 17357 
0
1
PART-1-1
14
-2147483647
0
48 1 16 5 0 1 0 -1 -1 32066 1 -1879048189 1 32066 
0
0
1
PART-1-1
1
FULLMESH
0
1
14
-2147483647
48 1 16 5 0 1 0 -1 -1 32066 1 -1879048189 1 32066 
0
0
0
0
1
PART-1-1
4
BOTTOM
0
1
16
1124 1125 13971 14407 14411 14421 14833 14972 14973 14976 14989 15000 15010 15015 15036 15040 
0
0
LEFT
0
1
16
961 962 12043 12051 12576 12580 12596 12612 12613 12615 12621 12634 12638 12639 12643 13823 
0
0
RIGHT
0
1
13
1287 1288 12252 13589 13601 13839 13882 14261 14287 14302 14312 14319 14786 
0
0
TOP
0
1
15
798 799 13742 14021 14042 14045 14079 14081 14084 14092 14112 14123 14171 14467 14468 
0
0
0
0
0
