0
1
0
Assembly-1
1
PART-1-1
PART-1
1
PART-1-1
14
-2147483647
0
48 1 16 5 0 1 0 -1 -1 10574 1 -1879048189 1 10574 
0
1
PART-1-1
14
-2147483647
0
48 1 16 5 0 1 0 -1 -1 19167 1 -1879048189 1 19167 
0
0
1
PART-1-1
1
FULLMESH
0
1
14
-2147483647
48 1 16 5 0 1 0 -1 -1 19167 1 -1879048189 1 19167 
0
0
0
0
1
PART-1-1
4
BOTTOM
0
1
13
1124 1125 9884 9924 9930 9967 9980 9990 9991 9993 10008 10012 10015 
0
0
LEFT
0
1
10
961 962 9487 9709 9728 9731 9834 9840 9842 9865 
0
0
RIGHT
0
1
15
1287 1288 8137 8146 8158 8232 8234 8248 8250 8253 8257 8264 8275 8281 10362 
0
0
TOP
0
1
14
798 799 8865 8983 8991 8995 8999 9010 9025 9171 9180 9234 9240 9301 
0
0
0
0
0
