0
1
0
Assembly-1
1
PART-1-1
PART-1
1
PART-1-1
14
-2147483647
0
48 1 16 5 0 1 0 -1 -1 7398 1 -1879048189 1 7398 
0
1
PART-1-1
14
-2147483647
0
48 1 16 5 0 1 0 -1 -1 12661 1 -1879048189 1 12661 
0
0
1
PART-1-1
1
FULLMESH
0
1
14
-2147483647
48 1 16 5 0 1 0 -1 -1 12661 1 -1879048189 1 12661 
0
0
0
0
1
PART-1-1
4
BOTTOM
0
1
7
1124 1125 6410 6432 6434 6436 6438 
0
0
LEFT
0
1
6
961 962 7311 7353 7355 7357 
0
0
RIGHT
0
1
6
1287 1288 5734 5739 5744 5747 
0
0
TOP
0
1
7
798 799 6039 6073 6080 6084 7151 
0
0
0
0
0
