0
1
0
Assembly-1
1
PART-1-1
PART-1
1
PART-1-1
14
-2147483647
0
48 1 16 5 0 1 0 -1 -1 9635 1 -1879048189 1 9635 
0
1
PART-1-1
14
-2147483647
0
48 1 16 5 0 1 0 -1 -1 16917 1 -1879048189 1 16917 
0
0
1
PART-1-1
1
FULLMESH
0
1
14
-2147483647
48 1 16 5 0 1 0 -1 -1 16917 1 -1879048189 1 16917 
0
0
0
0
1
PART-1-1
4
BOTTOM
0
1
9
1124 1125 9371 9386 9392 9407 9418 9422 9430 
0
0
LEFT
0
1
9
961 962 7583 7613 7624 7635 7651 7655 7680 
0
0
RIGHT
0
1
9
1287 1288 4864 4869 4876 4909 4911 4931 4978 
0
0
TOP
0
1
8
798 799 8766 8789 8802 8806 8825 8848 
0
0
0
0
0
