0
1
0
Assembly-1
1
PART-1-1
PART-1
1
PART-1-1
14
-2147483647
0
48 1 16 5 0 1 0 -1 -1 8908 1 -1879048189 1 8908 
0
1
PART-1-1
14
-2147483647
0
48 1 16 5 0 1 0 -1 -1 15246 1 -1879048189 1 15246 
0
0
1
PART-1-1
1
FULLMESH
0
1
14
-2147483647
48 1 16 5 0 1 0 -1 -1 15246 1 -1879048189 1 15246 
0
0
0
0
1
PART-1-1
4
BOTTOM
0
1
7
1124 1125 4495 4513 4526 4536 4545 
0
0
LEFT
0
1
8
961 962 8844 8856 8862 8867 8869 8877 
0
0
RIGHT
0
1
6
1287 1288 8474 8484 8494 8885 
0
0
TOP
0
1
5
798 799 7673 7689 7699 
0
0
0
0
0
