0
1
0
Assembly-1
1
PART-1-1
PART-1
1
PART-1-1
14
-2147483647
0
48 1 16 5 0 1 0 -1 -1 10414 1 -1879048189 1 10414 
0
1
PART-1-1
14
-2147483647
0
48 1 16 5 0 1 0 -1 -1 18507 1 -1879048189 1 18507 
0
0
1
PART-1-1
1
FULLMESH
0
1
14
-2147483647
48 1 16 5 0 1 0 -1 -1 18507 1 -1879048189 1 18507 
0
0
0
0
1
PART-1-1
4
BOTTOM
0
1
9
1124 1125 7157 7169 7455 7472 7479 7485 8476 
0
0
LEFT
0
1
10
961 962 8507 8535 8551 8554 8559 8563 8569 8579 
0
0
RIGHT
0
1
12
1287 1288 6949 6975 7097 7212 7218 7225 7230 7234 7236 7498 
0
0
TOP
0
1
12
798 799 7526 7535 7594 7600 7627 7640 7644 8615 8621 8626 
0
0
0
0
0
