0
1
0
Assembly-1
1
PART-1-1
PART-1
1
PART-1-1
14
-2147483647
0
48 1 16 5 0 1 0 -1 -1 20489 1 -1879048189 1 20489 
0
1
PART-1-1
14
-2147483647
0
48 1 16 5 0 1 0 -1 -1 38688 1 -1879048189 1 38688 
0
0
1
PART-1-1
1
FULLMESH
0
1
14
-2147483647
48 1 16 5 0 1 0 -1 -1 38688 1 -1879048189 1 38688 
0
0
0
0
1
PART-1-1
4
BOTTOM
0
1
15
1124 1125 20091 20092 20096 20117 20218 20262 20283 20289 20302 20308 20310 20329 20338 
0
0
LEFT
0
1
17
961 962 19166 19512 19519 19520 19525 19542 19547 19553 19573 19590 19593 19776 19785 19865 19874 
0
0
RIGHT
0
1
16
1287 1288 18621 19426 19441 19442 19450 19456 19460 19463 19713 19721 19725 19850 19975 19977 
0
0
TOP
0
1
15
798 799 18255 18257 18295 18296 18300 18323 18326 18329 18333 18390 18393 18852 18857 
0
0
0
0
0
