0
1
0
Assembly-1
1
PART-1-1
PART-1
1
PART-1-1
14
-2147483647
0
48 1 16 5 0 1 0 -1 -1 10406 1 -1879048189 1 10406 
0
1
PART-1-1
14
-2147483647
0
48 1 16 5 0 1 0 -1 -1 18695 1 -1879048189 1 18695 
0
0
1
PART-1-1
1
FULLMESH
0
1
14
-2147483647
48 1 16 5 0 1 0 -1 -1 18695 1 -1879048189 1 18695 
0
0
0
0
1
PART-1-1
4
BOTTOM
0
1
9
1124 1125 7400 7685 7694 7765 7767 7771 7831 
0
0
LEFT
0
1
9
961 962 9911 9951 9952 9956 9962 9997 10000 
0
0
RIGHT
0
1
9
1287 1288 10335 10358 10364 10375 10378 10381 10383 
0
0
TOP
0
1
8
798 799 8173 8186 8239 8296 8298 8314 
0
0
0
0
0
