0
1
0
Assembly-1
1
PART-1-1
PART-1
1
PART-1-1
14
-2147483647
0
48 1 16 5 0 1 0 -1 -1 11434 1 -1879048189 1 11434 
0
1
PART-1-1
14
-2147483647
0
48 1 16 5 0 1 0 -1 -1 20770 1 -1879048189 1 20770 
0
0
1
PART-1-1
1
FULLMESH
0
1
14
-2147483647
48 1 16 5 0 1 0 -1 -1 20770 1 -1879048189 1 20770 
0
0
0
0
1
PART-1-1
4
BOTTOM
0
1
8
1124 1125 11007 11026 11051 11061 11071 11213 
0
0
LEFT
0
1
9
961 962 10767 10809 10972 11123 11192 11414 11420 
0
0
RIGHT
0
1
9
1287 1288 11270 11280 11308 11322 11324 11341 11352 
0
0
TOP
0
1
9
798 799 9554 9569 9606 9608 9611 9614 9754 
0
0
0
0
0
