0
1
0
Assembly-1
1
PART-1-1
PART-1
1
PART-1-1
14
-2147483647
0
48 1 16 5 0 1 0 -1 -1 12262 1 -1879048189 1 12262 
0
1
PART-1-1
14
-2147483647
0
48 1 16 5 0 1 0 -1 -1 22545 1 -1879048189 1 22545 
0
0
1
PART-1-1
1
FULLMESH
0
1
14
-2147483647
48 1 16 5 0 1 0 -1 -1 22545 1 -1879048189 1 22545 
0
0
0
0
1
PART-1-1
4
BOTTOM
0
1
17
1124 1125 8599 8685 8695 8990 9017 9021 9028 9233 9235 9371 9374 9380 9382 9387 9391 
0
0
LEFT
0
1
16
961 962 11798 11826 11868 11896 11917 11932 11934 11944 12006 12017 12039 12074 12164 12184 
0
0
RIGHT
0
1
17
1287 1288 10612 10852 10885 10889 10899 10902 10909 10933 10940 10955 10957 11068 11070 11075 11080 
0
0
TOP
0
1
17
798 799 9710 9757 10032 10033 10067 10187 10189 10194 10198 10199 10203 10211 10220 10221 10683 
0
0
0
0
0
