0
1
0
Assembly-1
1
PART-1-1
PART-1
1
PART-1-1
14
-2147483647
0
48 1 16 5 0 1 0 -1 -1 19299 1 -1879048189 1 19299 
0
1
PART-1-1
14
-2147483647
0
48 1 16 5 0 1 0 -1 -1 35796 1 -1879048189 1 35796 
0
0
1
PART-1-1
1
FULLMESH
0
1
14
-2147483647
48 1 16 5 0 1 0 -1 -1 35796 1 -1879048189 1 35796 
0
0
0
0
1
PART-1-1
4
BOTTOM
0
1
17
1124 1125 15446 15953 16000 16003 16029 16040 16159 16187 16210 16219 16223 16381 16382 16437 19297 
0
0
LEFT
0
1
17
961 962 15851 15853 16067 16094 16123 16256 16310 16312 16317 16322 16332 16335 16341 16357 16406 
0
0
RIGHT
0
1
17
1287 1288 14832 15521 15605 15612 15614 15618 15630 15641 15642 15789 15823 16052 16057 16387 19242 
0
0
TOP
0
1
17
798 799 14511 14513 14623 14634 14980 14988 15259 15267 15268 15271 15276 15280 15293 15864 15865 
0
0
0
0
0
