0
1
0
Assembly-1
1
PART-1-1
PART-1
1
PART-1-1
14
-2147483647
0
48 1 16 5 0 1 0 -1 -1 19826 1 -1879048189 1 19826 
0
1
PART-1-1
14
-2147483647
0
48 1 16 5 0 1 0 -1 -1 37392 1 -1879048189 1 37392 
0
0
1
PART-1-1
1
FULLMESH
0
1
14
-2147483647
48 1 16 5 0 1 0 -1 -1 37392 1 -1879048189 1 37392 
0
0
0
0
1
PART-1-1
4
BOTTOM
0
1
14
1124 1125 18201 18255 18264 18277 18283 18288 18291 18296 18316 18317 18320 19798 
0
0
LEFT
0
1
13
961 962 19108 19606 19607 19615 19616 19619 19627 19680 19698 19706 19714 
0
0
RIGHT
0
1
10
1287 1288 19011 19372 19383 19387 19406 19521 19555 19587 
0
0
TOP
0
1
17
798 799 19214 19258 19277 19278 19279 19474 19480 19484 19491 19501 19503 19630 19634 19641 19812 
0
0
0
0
0
