0
1
0
Assembly-1
1
PART-1-1
PART-1
1
PART-1-1
14
-2147483647
0
48 1 16 5 0 1 0 -1 -1 10072 1 -1879048189 1 10072 
0
1
PART-1-1
14
-2147483647
0
48 1 16 5 0 1 0 -1 -1 18243 1 -1879048189 1 18243 
0
0
1
PART-1-1
1
FULLMESH
0
1
14
-2147483647
48 1 16 5 0 1 0 -1 -1 18243 1 -1879048189 1 18243 
0
0
0
0
1
PART-1-1
4
BOTTOM
0
1
13
1124 1125 8851 9572 9582 9588 9702 9727 9731 9735 9797 10055 10064 
0
0
LEFT
0
1
11
961 962 9514 9623 9668 9670 9675 9684 9700 9722 9796 
0
0
RIGHT
0
1
14
1287 1288 9201 9278 9286 9299 9300 9318 9335 9341 9342 9350 9355 9601 
0
0
TOP
0
1
13
798 799 7899 7919 7968 7982 7992 7999 8454 8465 8466 8467 8474 
0
0
0
0
0
