0
1
0
Assembly-1
1
PART-1-1
PART-1
1
PART-1-1
14
-2147483647
0
48 1 16 5 0 1 0 -1 -1 13203 1 -1879048189 1 13203 
0
1
PART-1-1
14
-2147483647
0
48 1 16 5 0 1 0 -1 -1 24460 1 -1879048189 1 24460 
0
0
1
PART-1-1
1
FULLMESH
0
1
14
-2147483647
48 1 16 5 0 1 0 -1 -1 24460 1 -1879048189 1 24460 
0
0
0
0
1
PART-1-1
4
BOTTOM
0
1
12
1124 1125 12565 12917 12922 12931 12932 12943 12952 12962 13033 13034 
0
0
LEFT
0
1
11
961 962 10599 10646 10647 10665 10674 10685 11099 11106 11414 
0
0
RIGHT
0
1
11
1287 1288 12792 12861 12862 12872 12993 13003 13005 13012 13056 
0
0
TOP
0
1
17
798 799 11156 11162 11167 11188 11210 11220 11222 11225 11537 11543 11546 11647 11728 11729 13176 
0
0
0
0
0
