0
1
0
Assembly-1
1
PART-1-1
PART-1
1
PART-1-1
14
-2147483647
0
48 1 16 5 0 1 0 -1 -1 17987 1 -1879048189 1 17987 
0
1
PART-1-1
14
-2147483647
0
48 1 16 5 0 1 0 -1 -1 33583 1 -1879048189 1 33583 
0
0
1
PART-1-1
1
FULLMESH
0
1
14
-2147483647
48 1 16 5 0 1 0 -1 -1 33583 1 -1879048189 1 33583 
0
0
0
0
1
PART-1-1
4
BOTTOM
0
1
12
1124 1125 17157 17167 17168 17178 17203 17225 17231 17361 17397 17682 
0
0
LEFT
0
1
11
961 962 13348 14010 14023 14210 14487 14489 14795 14972 14989 
0
0
RIGHT
0
1
13
1287 1288 17635 17655 17738 17743 17744 17746 17749 17795 17808 17831 17861 
0
0
TOP
0
1
16
798 799 16584 16775 16810 16817 16820 16825 16830 17078 17113 17117 17122 17125 17126 17338 
0
0
0
0
0
