0
1
0
Assembly-1
1
PART-1-1
PART-1
1
PART-1-1
14
-2147483647
0
48 1 16 5 0 1 0 -1 -1 20978 1 -1879048189 1 20978 
0
1
PART-1-1
14
-2147483647
0
48 1 16 5 0 1 0 -1 -1 39824 1 -1879048189 1 39824 
0
0
1
PART-1-1
1
FULLMESH
0
1
14
-2147483647
48 1 16 5 0 1 0 -1 -1 39824 1 -1879048189 1 39824 
0
0
0
0
1
PART-1-1
4
BOTTOM
0
1
17
1124 1125 18834 19680 19707 19710 19717 19720 19724 19732 19756 19762 20096 20104 20116 20549 20558 
0
0
LEFT
0
1
17
961 962 17713 17716 17762 17774 17815 17821 17827 18351 18359 19059 19068 19072 19080 19120 19159 
0
0
RIGHT
0
1
17
1287 1288 20350 20419 20470 20478 20487 20488 20489 20495 20756 20769 20777 20778 20785 20824 20875 
0
0
TOP
0
1
17
798 799 18002 18005 18051 18063 18104 18110 18116 18448 18456 19199 19208 19212 19220 19260 19299 
0
0
0
0
0
