0
1
0
Assembly-1
1
PART-1-1
PART-1
1
PART-1-1
14
-2147483647
0
48 1 16 5 0 1 0 -1 -1 7684 1 -1879048189 1 7684 
0
1
PART-1-1
14
-2147483647
0
48 1 16 5 0 1 0 -1 -1 13279 1 -1879048189 1 13279 
0
0
1
PART-1-1
1
FULLMESH
0
1
14
-2147483647
48 1 16 5 0 1 0 -1 -1 13279 1 -1879048189 1 13279 
0
0
0
0
1
PART-1-1
4
BOTTOM
0
1
9
1124 1125 7515 7535 7557 7559 7563 7575 7579 
0
0
LEFT
0
1
7
961 962 7643 7650 7666 7674 7681 
0
0
RIGHT
0
1
6
1287 1288 5776 5837 5843 5903 
0
0
TOP
0
1
9
798 799 5808 5889 5896 5898 5900 5913 5929 
0
0
0
0
0
