0
1
0
Assembly-1
1
PART-1-1
PART-1
1
PART-1-1
14
-2147483647
0
48 1 16 5 0 1 0 -1 -1 16279 1 -1879048189 1 16279 
0
1
PART-1-1
14
-2147483647
0
48 1 16 5 0 1 0 -1 -1 29779 1 -1879048189 1 29779 
0
0
1
PART-1-1
1
FULLMESH
0
1
14
-2147483647
48 1 16 5 0 1 0 -1 -1 29779 1 -1879048189 1 29779 
0
0
0
0
1
PART-1-1
4
BOTTOM
0
1
8
1124 1125 15533 15534 15544 15548 15550 15560 
0
0
LEFT
0
1
6
961 962 15241 15252 15270 15275 
0
0
RIGHT
0
1
7
1287 1288 11781 11819 11825 11828 11831 
0
0
TOP
0
1
7
798 799 16226 16244 16247 16249 16265 
0
0
0
0
0
