0
1
0
Assembly-1
1
PART-1-1
PART-1
1
PART-1-1
14
-2147483647
0
48 1 16 5 0 1 0 -1 -1 13599 1 -1879048189 1 13599 
0
1
PART-1-1
14
-2147483647
0
48 1 16 5 0 1 0 -1 -1 25006 1 -1879048189 1 25006 
0
0
1
PART-1-1
1
FULLMESH
0
1
14
-2147483647
48 1 16 5 0 1 0 -1 -1 25006 1 -1879048189 1 25006 
0
0
0
0
1
PART-1-1
4
BOTTOM
0
1
17
1124 1125 10242 10386 10388 10882 10923 10938 10943 10955 10957 10959 10973 11002 11040 11417 11731 
0
0
LEFT
0
1
17
961 962 7889 8290 8293 8394 8447 8448 8449 8450 8460 8471 8480 9475 9477 9478 9497 
0
0
RIGHT
0
1
17
1287 1288 11109 12014 12032 12034 12043 12049 12050 12059 12060 12083 12430 12434 12455 12471 12480 
0
0
TOP
0
1
17
798 799 11851 11854 11930 11934 11977 12225 12248 12251 12262 12266 12371 12387 12389 12394 12412 
0
0
0
0
0
