0
1
0
Assembly-1
1
PART-1-1
PART-1
1
PART-1-1
14
-2147483647
0
48 1 16 5 0 1 0 -1 -1 13223 1 -1879048189 1 13223 
0
1
PART-1-1
14
-2147483647
0
48 1 16 5 0 1 0 -1 -1 24587 1 -1879048189 1 24587 
0
0
1
PART-1-1
1
FULLMESH
0
1
14
-2147483647
48 1 16 5 0 1 0 -1 -1 24587 1 -1879048189 1 24587 
0
0
0
0
1
PART-1-1
4
BOTTOM
0
1
12
1124 1125 11998 12004 12017 12261 12499 12525 12655 12656 13210 13215 
0
0
LEFT
0
1
12
961 962 12973 13007 13059 13062 13071 13073 13077 13078 13102 13104 
0
0
RIGHT
0
1
10
1287 1288 11671 11680 12071 12077 12080 12086 12090 12119 
0
0
TOP
0
1
14
798 799 12437 12451 12616 12627 12632 12635 12806 12811 12827 12839 12840 12843 
0
0
0
0
0
