0
1
0
Assembly-1
1
PART-1-1
PART-1
1
PART-1-1
14
-2147483647
0
48 1 16 5 0 1 0 -1 -1 17945 1 -1879048189 1 17945 
0
1
PART-1-1
14
-2147483647
0
48 1 16 5 0 1 0 -1 -1 33091 1 -1879048189 1 33091 
0
0
1
PART-1-1
1
FULLMESH
0
1
14
-2147483647
48 1 16 5 0 1 0 -1 -1 33091 1 -1879048189 1 33091 
0
0
0
0
1
PART-1-1
4
BOTTOM
0
1
14
1124 1125 17386 17397 17413 17421 17430 17447 17624 17754 17856 17859 17925 17930 
0
0
LEFT
0
1
15
961 962 13152 13200 13208 13218 13237 13699 13700 13704 13708 13710 13714 13719 13729 
0
0
RIGHT
0
1
13
1287 1288 16277 16826 16835 16837 16842 16883 17481 17496 17498 17517 17714 
0
0
TOP
0
1
13
798 799 16645 16672 16678 16930 16939 17723 17794 17815 17822 17832 17838 
0
0
0
0
0
