0
1
0
Assembly-1
1
PART-1-1
PART-1
1
PART-1-1
14
-2147483647
0
48 1 16 5 0 1 0 -1 -1 14858 1 -1879048189 1 14858 
0
1
PART-1-1
14
-2147483647
0
48 1 16 5 0 1 0 -1 -1 27483 1 -1879048189 1 27483 
0
0
1
PART-1-1
1
FULLMESH
0
1
14
-2147483647
48 1 16 5 0 1 0 -1 -1 27483 1 -1879048189 1 27483 
0
0
0
0
1
PART-1-1
4
BOTTOM
0
1
16
1124 1125 12234 12236 12273 12289 12820 12822 12827 12838 12850 12866 12872 12895 13186 13395 
0
0
LEFT
0
1
16
961 962 13545 13758 13777 13816 13829 13938 13947 13952 13962 13966 13986 13988 14089 14227 
0
0
RIGHT
0
1
17
1287 1288 11660 12504 12510 12524 12555 12561 12568 12579 12986 12990 13006 13277 13282 14781 14782 
0
0
TOP
0
1
15
798 799 14273 14372 14379 14387 14390 14391 14429 14444 14458 14477 14483 14506 14514 
0
0
0
0
0
