0
1
0
Assembly-1
1
PART-1-1
PART-1
1
PART-1-1
14
-2147483647
0
48 1 16 5 0 1 0 -1 -1 10245 1 -1879048189 1 10245 
0
1
PART-1-1
14
-2147483647
0
48 1 16 5 0 1 0 -1 -1 18239 1 -1879048189 1 18239 
0
0
1
PART-1-1
1
FULLMESH
0
1
14
-2147483647
48 1 16 5 0 1 0 -1 -1 18239 1 -1879048189 1 18239 
0
0
0
0
1
PART-1-1
4
BOTTOM
0
1
9
1124 1125 7301 7352 7384 7393 7396 7398 10241 
0
0
LEFT
0
1
9
961 962 8815 8836 8848 8854 8864 8891 8896 
0
0
RIGHT
0
1
9
1287 1288 6822 6861 6955 7024 7040 7041 7066 
0
0
TOP
0
1
9
798 799 8586 8600 8605 8606 8608 8630 8642 
0
0
0
0
0
