0
1
0
Assembly-1
1
PART-1-1
PART-1
1
PART-1-1
14
-2147483647
0
48 1 16 5 0 1 0 -1 -1 13749 1 -1879048189 1 13749 
0
1
PART-1-1
14
-2147483647
0
48 1 16 5 0 1 0 -1 -1 25329 1 -1879048189 1 25329 
0
0
1
PART-1-1
1
FULLMESH
0
1
14
-2147483647
48 1 16 5 0 1 0 -1 -1 25329 1 -1879048189 1 25329 
0
0
0
0
1
PART-1-1
4
BOTTOM
0
1
17
1124 1125 10596 10721 10737 10801 10811 10820 10839 10840 10852 10853 10876 10877 10887 10899 10909 
0
0
LEFT
0
1
17
961 962 7975 8211 8236 8237 8241 8252 8261 8273 8291 8294 8302 8308 8366 8382 13599 
0
0
RIGHT
0
1
17
1287 1288 6602 6684 6801 6810 6817 6818 6827 6829 6945 7032 7036 7038 7048 7068 7182 
0
0
TOP
0
1
17
798 799 12845 13181 13183 13203 13213 13215 13217 13229 13243 13255 13294 13304 13306 13349 13745 
0
0
0
0
0
