0
1
0
Assembly-1
1
PART-1-1
PART-1
1
PART-1-1
14
-2147483647
0
48 1 16 5 0 1 0 -1 -1 12141 1 -1879048189 1 12141 
0
1
PART-1-1
14
-2147483647
0
48 1 16 5 0 1 0 -1 -1 21680 1 -1879048189 1 21680 
0
0
1
PART-1-1
1
FULLMESH
0
1
14
-2147483647
48 1 16 5 0 1 0 -1 -1 21680 1 -1879048189 1 21680 
0
0
0
0
1
PART-1-1
4
BOTTOM
0
1
6
1124 1125 9919 9932 9948 9951 
0
0
LEFT
0
1
7
961 962 11678 11692 11701 11703 11707 
0
0
RIGHT
0
1
6
1287 1288 10882 10885 10892 10920 
0
0
TOP
0
1
7
798 799 12082 12092 12098 12101 12129 
0
0
0
0
0
