0
1
0
Assembly-1
1
PART-1-1
PART-1
1
PART-1-1
14
-2147483647
0
48 1 16 5 0 1 0 -1 -1 14888 1 -1879048189 1 14888 
0
1
PART-1-1
14
-2147483647
0
48 1 16 5 0 1 0 -1 -1 27660 1 -1879048189 1 27660 
0
0
1
PART-1-1
1
FULLMESH
0
1
14
-2147483647
48 1 16 5 0 1 0 -1 -1 27660 1 -1879048189 1 27660 
0
0
0
0
1
PART-1-1
4
BOTTOM
0
1
7
1124 1125 13789 13790 14032 14039 14104 
0
0
LEFT
0
1
8
961 962 14771 14797 14804 14838 14839 14844 
0
0
RIGHT
0
1
9
1287 1288 13892 13928 14064 14069 14076 14116 14128 
0
0
TOP
0
1
9
798 799 14196 14228 14236 14238 14239 14245 14253 
0
0
0
0
0
