0
1
0
Assembly-1
1
PART-1-1
PART-1
1
PART-1-1
14
-2147483647
0
48 1 16 5 0 1 0 -1 -1 15798 1 -1879048189 1 15798 
0
1
PART-1-1
14
-2147483647
0
48 1 16 5 0 1 0 -1 -1 29405 1 -1879048189 1 29405 
0
0
1
PART-1-1
1
FULLMESH
0
1
14
-2147483647
48 1 16 5 0 1 0 -1 -1 29405 1 -1879048189 1 29405 
0
0
0
0
1
PART-1-1
4
BOTTOM
0
1
9
1124 1125 15573 15588 15594 15596 15623 15631 15637 
0
0
LEFT
0
1
9
961 962 14305 14403 14436 14545 14559 14564 14569 
0
0
RIGHT
0
1
11
1287 1288 14047 14503 14509 14513 14519 14521 14524 14549 15767 
0
0
TOP
0
1
11
798 799 13122 13362 13366 13377 13388 13390 13396 13423 13428 
0
0
0
0
0
