0
1
0
Assembly-1
1
PART-1-1
PART-1
1
PART-1-1
14
-2147483647
0
48 1 16 5 0 1 0 -1 -1 12606 1 -1879048189 1 12606 
0
1
PART-1-1
14
-2147483647
0
48 1 16 5 0 1 0 -1 -1 22990 1 -1879048189 1 22990 
0
0
1
PART-1-1
1
FULLMESH
0
1
14
-2147483647
48 1 16 5 0 1 0 -1 -1 22990 1 -1879048189 1 22990 
0
0
0
0
1
PART-1-1
4
BOTTOM
0
1
9
1124 1125 12156 12162 12184 12186 12205 12210 12596 
0
0
LEFT
0
1
9
961 962 11853 11976 11983 11985 12006 12016 12416 
0
0
RIGHT
0
1
9
1287 1288 10829 10831 10859 11095 11411 11418 12569 
0
0
TOP
0
1
9
798 799 12375 12396 12411 12415 12450 12452 12465 
0
0
0
0
0
