0
1
0
Assembly-1
1
PART-1-1
PART-1
1
PART-1-1
14
-2147483647
0
48 1 16 5 0 1 0 -1 -1 17991 1 -1879048189 1 17991 
0
1
PART-1-1
14
-2147483647
0
48 1 16 5 0 1 0 -1 -1 33563 1 -1879048189 1 33563 
0
0
1
PART-1-1
1
FULLMESH
0
1
14
-2147483647
48 1 16 5 0 1 0 -1 -1 33563 1 -1879048189 1 33563 
0
0
0
0
1
PART-1-1
4
BOTTOM
0
1
9
1124 1125 17067 17094 17113 17114 17125 17126 17134 
0
0
LEFT
0
1
8
961 962 17828 17905 17908 17930 17933 17940 
0
0
RIGHT
0
1
9
1287 1288 17189 17198 17200 17207 17301 17315 17317 
0
0
TOP
0
1
9
798 799 17513 17606 17621 17622 17624 17627 17641 
0
0
0
0
0
