0
1
0
Assembly-1
1
PART-1-1
PART-1
1
PART-1-1
14
-2147483647
0
48 1 16 5 0 1 0 -1 -1 14589 1 -1879048189 1 14589 
0
1
PART-1-1
14
-2147483647
0
48 1 16 5 0 1 0 -1 -1 27259 1 -1879048189 1 27259 
0
0
1
PART-1-1
1
FULLMESH
0
1
14
-2147483647
48 1 16 5 0 1 0 -1 -1 27259 1 -1879048189 1 27259 
0
0
0
0
1
PART-1-1
4
BOTTOM
0
1
8
1124 1125 13051 13096 13104 13112 13113 13123 
0
0
LEFT
0
1
9
961 962 13795 13850 13859 13864 13931 13932 13935 
0
0
RIGHT
0
1
9
1287 1288 13254 13268 13270 13293 13294 13307 13309 
0
0
TOP
0
1
9
798 799 14513 14539 14555 14557 14566 14576 14580 
0
0
0
0
0
