0
1
0
Assembly-1
1
PART-1-1
PART-1
1
PART-1-1
14
-2147483647
0
48 1 16 5 0 1 0 -1 -1 10426 1 -1879048189 1 10426 
0
1
PART-1-1
14
-2147483647
0
48 1 16 5 0 1 0 -1 -1 18785 1 -1879048189 1 18785 
0
0
1
PART-1-1
1
FULLMESH
0
1
14
-2147483647
48 1 16 5 0 1 0 -1 -1 18785 1 -1879048189 1 18785 
0
0
0
0
1
PART-1-1
4
BOTTOM
0
1
13
1124 1125 8879 8897 8979 8980 8987 8988 8995 9000 9021 9025 9034 
0
0
LEFT
0
1
16
961 962 8406 8452 8482 8483 8486 8490 8491 8506 8512 8694 8696 8702 8733 8736 
0
0
RIGHT
0
1
12
1287 1288 7989 8179 8194 8222 8228 8363 8366 8371 8374 8682 
0
0
TOP
0
1
12
798 799 9957 9986 10103 10109 10134 10185 10191 10193 10207 10209 
0
0
0
0
0
