0
1
0
Assembly-1
1
PART-1-1
PART-1
1
PART-1-1
14
-2147483647
0
48 1 16 5 0 1 0 -1 -1 16587 1 -1879048189 1 16587 
0
1
PART-1-1
14
-2147483647
0
48 1 16 5 0 1 0 -1 -1 31001 1 -1879048189 1 31001 
0
0
1
PART-1-1
1
FULLMESH
0
1
14
-2147483647
48 1 16 5 0 1 0 -1 -1 31001 1 -1879048189 1 31001 
0
0
0
0
1
PART-1-1
4
BOTTOM
0
1
17
1124 1125 14739 15205 15222 15225 15229 15230 15625 15626 15781 15784 15973 15975 15984 16263 16566 
0
0
LEFT
0
1
17
961 962 15046 15075 15081 15085 15288 15302 15330 15672 15675 15682 15684 15706 15714 15797 15999 
0
0
RIGHT
0
1
17
1287 1288 15920 15964 16197 16198 16216 16225 16231 16250 16294 16295 16311 16434 16443 16451 16576 
0
0
TOP
0
1
17
798 799 13590 13622 13752 13770 13772 13784 13787 13795 13798 13812 14013 14027 14037 14389 14427 
0
0
0
0
0
