0
1
0
Assembly-1
1
PART-1-1
PART-1
1
PART-1-1
14
-2147483647
0
48 1 16 5 0 1 0 -1 -1 17973 1 -1879048189 1 17973 
0
1
PART-1-1
14
-2147483647
0
48 1 16 5 0 1 0 -1 -1 33803 1 -1879048189 1 33803 
0
0
1
PART-1-1
1
FULLMESH
0
1
14
-2147483647
48 1 16 5 0 1 0 -1 -1 33803 1 -1879048189 1 33803 
0
0
0
0
1
PART-1-1
4
BOTTOM
0
1
17
1124 1125 13117 13235 14312 14329 14331 14352 14373 14374 14414 14427 15055 15064 15071 15081 17925 
0
0
LEFT
0
1
17
961 962 17493 17550 17551 17559 17562 17591 17594 17615 17622 17635 17665 17679 17705 17710 17955 
0
0
RIGHT
0
1
17
1287 1288 15875 15937 15995 16004 16031 16032 16036 16061 16066 16694 16696 16700 16706 16715 16732 
0
0
TOP
0
1
17
798 799 16633 17112 17161 17174 17190 17196 17205 17276 17278 17299 17314 17332 17361 17374 17405 
0
0
0
0
0
