0
1
0
Assembly-1
1
PART-1-1
PART-1
1
PART-1-1
14
-2147483647
0
48 1 16 5 0 1 0 -1 -1 17841 1 -1879048189 1 17841 
0
1
PART-1-1
14
-2147483647
0
48 1 16 5 0 1 0 -1 -1 32783 1 -1879048189 1 32783 
0
0
1
PART-1-1
1
FULLMESH
0
1
14
-2147483647
48 1 16 5 0 1 0 -1 -1 32783 1 -1879048189 1 32783 
0
0
0
0
1
PART-1-1
4
BOTTOM
0
1
13
1124 1125 17159 17203 17221 17247 17257 17275 17280 17290 17314 17359 17365 
0
0
LEFT
0
1
17
961 962 13987 13994 14005 14011 14389 14399 14409 15273 15276 15282 15606 15610 15614 15618 15876 
0
0
RIGHT
0
1
13
1287 1288 14808 14810 14817 15414 15445 15455 15462 15467 15748 15768 15770 
0
0
TOP
0
1
16
798 799 16800 16936 16945 16957 16960 16970 16983 17007 17017 17106 17764 17771 17774 17775 
0
0
0
0
0
