0
1
0
Assembly-1
1
PART-1-1
PART-1
1
PART-1-1
14
-2147483647
0
48 1 16 5 0 1 0 -1 -1 8288 1 -1879048189 1 8288 
0
1
PART-1-1
14
-2147483647
0
48 1 16 5 0 1 0 -1 -1 14246 1 -1879048189 1 14246 
0
0
1
PART-1-1
1
FULLMESH
0
1
14
-2147483647
48 1 16 5 0 1 0 -1 -1 14246 1 -1879048189 1 14246 
0
0
0
0
1
PART-1-1
4
BOTTOM
0
1
7
1124 1125 7223 7232 7235 7236 7237 
0
0
LEFT
0
1
8
961 962 8246 8263 8267 8278 8280 8282 
0
0
RIGHT
0
1
8
1287 1288 6399 6401 6417 6424 6433 6618 
0
0
TOP
0
1
6
798 799 6717 6725 6747 6756 
0
0
0
0
0
