0
1
0
Assembly-1
1
PART-1-1
PART-1
1
PART-1-1
14
-2147483647
0
48 1 16 5 0 1 0 -1 -1 14736 1 -1879048189 1 14736 
0
1
PART-1-1
14
-2147483647
0
48 1 16 5 0 1 0 -1 -1 27286 1 -1879048189 1 27286 
0
0
1
PART-1-1
1
FULLMESH
0
1
14
-2147483647
48 1 16 5 0 1 0 -1 -1 27286 1 -1879048189 1 27286 
0
0
0
0
1
PART-1-1
4
BOTTOM
0
1
12
1124 1125 12345 12358 12626 12766 12768 12770 12771 12831 12853 12856 
0
0
LEFT
0
1
13
961 962 12583 12698 12716 12731 12741 12745 12750 12753 12754 12760 12799 
0
0
RIGHT
0
1
12
1287 1288 14537 14580 14584 14608 14617 14622 14632 14635 14640 14648 
0
0
TOP
0
1
11
798 799 11878 12001 12004 12006 12007 12009 12018 12039 12044 
0
0
0
0
0
