0
1
0
Assembly-1
1
PART-1-1
PART-1
1
PART-1-1
14
-2147483647
0
48 1 16 5 0 1 0 -1 -1 14280 1 -1879048189 1 14280 
0
1
PART-1-1
14
-2147483647
0
48 1 16 5 0 1 0 -1 -1 26513 1 -1879048189 1 26513 
0
0
1
PART-1-1
1
FULLMESH
0
1
14
-2147483647
48 1 16 5 0 1 0 -1 -1 26513 1 -1879048189 1 26513 
0
0
0
0
1
PART-1-1
4
BOTTOM
0
1
16
1124 1125 12274 12486 12511 12516 12655 12661 12663 12664 12773 12774 12782 13002 13004 14257 
0
0
LEFT
0
1
16
961 962 11120 11179 11215 11216 11230 11231 11238 11240 11246 11961 11969 11972 12009 12549 
0
0
RIGHT
0
1
14
1287 1288 13881 13960 14001 14025 14034 14044 14050 14053 14055 14056 14065 14066 
0
0
TOP
0
1
13
798 799 13183 13231 13233 13237 13364 13373 13376 13389 13397 13399 13475 
0
0
0
0
0
