0
1
0
Assembly-1
1
PART-1-1
PART-1
1
PART-1-1
14
-2147483647
0
48 1 16 5 0 1 0 -1 -1 17697 1 -1879048189 1 17697 
0
1
PART-1-1
14
-2147483647
0
48 1 16 5 0 1 0 -1 -1 33261 1 -1879048189 1 33261 
0
0
1
PART-1-1
1
FULLMESH
0
1
14
-2147483647
48 1 16 5 0 1 0 -1 -1 33261 1 -1879048189 1 33261 
0
0
0
0
1
PART-1-1
4
BOTTOM
0
1
16
1124 1125 15043 15087 15697 15713 15719 15722 15729 15733 15754 15755 15765 16002 16004 16010 
0
0
LEFT
0
1
17
961 962 14356 14827 14878 14888 15146 15159 15167 15169 15170 15175 15186 15202 15482 15486 15768 
0
0
RIGHT
0
1
17
1287 1288 17335 17493 17496 17573 17582 17583 17627 17630 17638 17641 17643 17652 17683 17690 17693 
0
0
TOP
0
1
15
798 799 15649 15814 15894 15909 15911 15915 15917 15923 15971 15972 15982 15990 15993 
0
0
0
0
0
