0
1
0
Assembly-1
1
PART-1-1
PART-1
1
PART-1-1
14
-2147483647
0
48 1 16 5 0 1 0 -1 -1 15104 1 -1879048189 1 15104 
0
1
PART-1-1
14
-2147483647
0
48 1 16 5 0 1 0 -1 -1 28248 1 -1879048189 1 28248 
0
0
1
PART-1-1
1
FULLMESH
0
1
14
-2147483647
48 1 16 5 0 1 0 -1 -1 28248 1 -1879048189 1 28248 
0
0
0
0
1
PART-1-1
4
BOTTOM
0
1
9
1124 1125 14205 14252 14253 14263 14268 14280 14292 
0
0
LEFT
0
1
9
961 962 13792 13810 13813 13820 13903 14068 14076 
0
0
RIGHT
0
1
9
1287 1288 13897 13939 14105 14109 14113 14115 14222 
0
0
TOP
0
1
9
798 799 14919 14969 14976 14984 14995 15071 15074 
0
0
0
0
0
