0
1
0
Assembly-1
1
PART-1-1
PART-1
1
PART-1-1
14
-2147483647
0
48 1 16 5 0 1 0 -1 -1 15015 1 -1879048189 1 15015 
0
1
PART-1-1
14
-2147483647
0
48 1 16 5 0 1 0 -1 -1 27655 1 -1879048189 1 27655 
0
0
1
PART-1-1
1
FULLMESH
0
1
14
-2147483647
48 1 16 5 0 1 0 -1 -1 27655 1 -1879048189 1 27655 
0
0
0
0
1
PART-1-1
4
BOTTOM
0
1
7
1124 1125 13520 13554 13563 13569 13574 
0
0
LEFT
0
1
5
961 962 14923 14958 14969 
0
0
RIGHT
0
1
7
1287 1288 14241 14291 14293 14296 14299 
0
0
TOP
0
1
7
798 799 13302 13313 13318 13329 13337 
0
0
0
0
0
