0
1
0
Assembly-1
1
PART-1-1
PART-1
1
PART-1-1
14
-2147483647
0
48 1 16 5 0 1 0 -1 -1 16128 1 -1879048189 1 16128 
0
1
PART-1-1
14
-2147483647
0
48 1 16 5 0 1 0 -1 -1 29399 1 -1879048189 1 29399 
0
0
1
PART-1-1
1
FULLMESH
0
1
14
-2147483647
48 1 16 5 0 1 0 -1 -1 29399 1 -1879048189 1 29399 
0
0
0
0
1
PART-1-1
4
BOTTOM
0
1
12
1124 1125 15272 15500 15505 15512 15514 15518 15525 15532 15932 15940 
0
0
LEFT
0
1
13
961 962 13336 13792 13799 13825 13838 13839 14180 14499 14505 14808 14813 
0
0
RIGHT
0
1
13
1287 1288 15721 15748 15756 15757 15762 15771 15778 15781 15879 15885 15887 
0
0
TOP
0
1
13
798 799 13890 13918 13921 13929 13961 13985 13992 14011 14013 14016 14022 
0
0
0
0
0
