0
1
0
Assembly-1
1
PART-1-1
PART-1
1
PART-1-1
14
-2147483647
0
48 1 16 5 0 1 0 -1 -1 12957 1 -1879048189 1 12957 
0
1
PART-1-1
14
-2147483647
0
48 1 16 5 0 1 0 -1 -1 23908 1 -1879048189 1 23908 
0
0
1
PART-1-1
1
FULLMESH
0
1
14
-2147483647
48 1 16 5 0 1 0 -1 -1 23908 1 -1879048189 1 23908 
0
0
0
0
1
PART-1-1
4
BOTTOM
0
1
17
1124 1125 12325 12403 12474 12484 12509 12516 12518 12527 12535 12536 12616 12660 12687 12693 12727 
0
0
LEFT
0
1
17
961 962 11409 11610 11639 11858 11859 11868 11941 11949 12045 12048 12069 12169 12170 12195 12675 
0
0
RIGHT
0
1
17
1287 1288 11273 11457 11683 11700 11701 11703 11709 11718 11723 11724 11975 11980 12097 12100 12102 
0
0
TOP
0
1
17
798 799 8637 9875 9878 9896 9898 9911 9917 9923 9962 9963 9990 10000 10007 10458 12920 
0
0
0
0
0
