0
1
0
Assembly-1
1
PART-1-1
PART-1
1
PART-1-1
14
-2147483647
0
48 1 16 5 0 1 0 -1 -1 13594 1 -1879048189 1 13594 
0
1
PART-1-1
14
-2147483647
0
48 1 16 5 0 1 0 -1 -1 24594 1 -1879048189 1 24594 
0
0
1
PART-1-1
1
FULLMESH
0
1
14
-2147483647
48 1 16 5 0 1 0 -1 -1 24594 1 -1879048189 1 24594 
0
0
0
0
1
PART-1-1
4
BOTTOM
0
1
9
1124 1125 12897 12901 12922 12938 12953 12971 12992 
0
0
LEFT
0
1
11
961 962 10954 11037 11062 11073 11078 11089 11188 11192 11194 
0
0
RIGHT
0
1
10
1287 1288 11750 11796 11843 11845 11880 11899 11902 11952 
0
0
TOP
0
1
9
798 799 11937 11938 11940 11990 12065 12070 12074 
0
0
0
0
0
