0
1
0
Assembly-1
1
PART-1-1
PART-1
1
PART-1-1
14
-2147483647
0
48 1 16 5 0 1 0 -1 -1 13415 1 -1879048189 1 13415 
0
1
PART-1-1
14
-2147483647
0
48 1 16 5 0 1 0 -1 -1 24774 1 -1879048189 1 24774 
0
0
1
PART-1-1
1
FULLMESH
0
1
14
-2147483647
48 1 16 5 0 1 0 -1 -1 24774 1 -1879048189 1 24774 
0
0
0
0
1
PART-1-1
4
BOTTOM
0
1
16
1124 1125 10519 10548 10628 10692 10693 10716 10727 10733 10740 10762 10768 10869 10876 10880 
0
0
LEFT
0
1
17
961 962 9667 9674 9711 9718 9724 9742 9746 9748 9751 9762 9782 9796 9798 10161 10443 
0
0
RIGHT
0
1
15
1287 1288 7012 7325 7353 7920 7935 7937 7940 7942 7945 8010 8014 8035 8226 
0
0
TOP
0
1
16
798 799 13046 13145 13161 13186 13188 13196 13198 13208 13216 13217 13218 13233 13239 13240 
0
0
0
0
0
