0
1
0
Assembly-1
1
PART-1-1
PART-1
1
PART-1-1
14
-2147483647
0
48 1 16 5 0 1 0 -1 -1 15732 1 -1879048189 1 15732 
0
1
PART-1-1
14
-2147483647
0
48 1 16 5 0 1 0 -1 -1 29247 1 -1879048189 1 29247 
0
0
1
PART-1-1
1
FULLMESH
0
1
14
-2147483647
48 1 16 5 0 1 0 -1 -1 29247 1 -1879048189 1 29247 
0
0
0
0
1
PART-1-1
4
BOTTOM
0
1
17
1124 1125 12333 12350 12382 12385 12436 12449 13153 13155 13158 13161 13163 13175 13180 13471 13475 
0
0
LEFT
0
1
17
961 962 8964 9008 11002 11005 11009 11010 11015 11028 11995 12968 12997 13004 13009 13015 13396 
0
0
RIGHT
0
1
17
1287 1288 15007 15104 15212 15233 15237 15240 15251 15253 15255 15264 15277 15297 15319 15322 15333 
0
0
TOP
0
1
16
798 799 13751 13752 13754 13786 13794 13797 13821 13822 13825 13945 14082 15694 15708 15714 
0
0
0
0
0
