0
1
0
Assembly-1
1
PART-1-1
PART-1
1
PART-1-1
14
-2147483647
0
48 1 16 5 0 1 0 -1 -1 14536 1 -1879048189 1 14536 
0
1
PART-1-1
14
-2147483647
0
48 1 16 5 0 1 0 -1 -1 26985 1 -1879048189 1 26985 
0
0
1
PART-1-1
1
FULLMESH
0
1
14
-2147483647
48 1 16 5 0 1 0 -1 -1 26985 1 -1879048189 1 26985 
0
0
0
0
1
PART-1-1
4
BOTTOM
0
1
8
1124 1125 12371 12467 12475 12480 12647 12682 
0
0
LEFT
0
1
7
961 962 14478 14488 14490 14509 14513 
0
0
RIGHT
0
1
9
1287 1288 13520 13561 13628 13632 13637 13641 13653 
0
0
TOP
0
1
9
798 799 13817 13828 13846 13849 13855 13865 13971 
0
0
0
0
0
