0
1
0
Assembly-1
1
PART-1-1
PART-1
1
PART-1-1
14
-2147483647
0
48 1 16 5 0 1 0 -1 -1 9227 1 -1879048189 1 9227 
0
1
PART-1-1
14
-2147483647
0
48 1 16 5 0 1 0 -1 -1 16398 1 -1879048189 1 16398 
0
0
1
PART-1-1
1
FULLMESH
0
1
14
-2147483647
48 1 16 5 0 1 0 -1 -1 16398 1 -1879048189 1 16398 
0
0
0
0
1
PART-1-1
4
BOTTOM
0
1
9
1124 1125 6419 6422 6451 6453 6454 6469 6481 
0
0
LEFT
0
1
10
961 962 5704 5838 5903 6013 6015 6023 6136 8456 
0
0
RIGHT
0
1
10
1287 1288 7587 7633 7658 7679 7688 7689 7695 7712 
0
0
TOP
0
1
9
798 799 9012 9017 9101 9103 9113 9117 9124 
0
0
0
0
0
