0
1
0
Assembly-1
1
PART-1-1
PART-1
1
PART-1-1
14
-2147483647
0
48 1 16 5 0 1 0 -1 -1 18285 1 -1879048189 1 18285 
0
1
PART-1-1
14
-2147483647
0
48 1 16 5 0 1 0 -1 -1 34586 1 -1879048189 1 34586 
0
0
1
PART-1-1
1
FULLMESH
0
1
14
-2147483647
48 1 16 5 0 1 0 -1 -1 34586 1 -1879048189 1 34586 
0
0
0
0
1
PART-1-1
4
BOTTOM
0
1
17
1124 1125 14834 16162 16168 16172 16558 16569 17295 17305 17636 17645 17649 17665 17673 17876 17888 
0
0
LEFT
0
1
17
961 962 15302 15409 15426 15440 15443 15475 15487 15492 15504 16208 16214 16216 16217 16578 18239 
0
0
RIGHT
0
1
17
1287 1288 17032 17041 17154 17170 17348 17371 17381 17731 17742 17743 17765 17766 17771 17903 18082 
0
0
TOP
0
1
17
798 799 17581 17589 17841 17852 17858 17966 17989 17994 18042 18044 18046 18069 18094 18096 18275 
0
0
0
0
0
