0
1
0
Assembly-1
1
PART-1-1
PART-1
1
PART-1-1
14
-2147483647
0
48 1 16 5 0 1 0 -1 -1 8800 1 -1879048189 1 8800 
0
1
PART-1-1
14
-2147483647
0
48 1 16 5 0 1 0 -1 -1 15291 1 -1879048189 1 15291 
0
0
1
PART-1-1
1
FULLMESH
0
1
14
-2147483647
48 1 16 5 0 1 0 -1 -1 15291 1 -1879048189 1 15291 
0
0
0
0
1
PART-1-1
4
BOTTOM
0
1
8
1124 1125 8562 8578 8584 8587 8592 8600 
0
0
LEFT
0
1
7
961 962 5571 5582 5595 5598 5604 
0
0
RIGHT
0
1
8
1287 1288 6665 6679 6715 6725 6726 6732 
0
0
TOP
0
1
7
798 799 8674 8694 8696 8698 8699 
0
0
0
0
0
