0
1
0
Assembly-1
1
PART-1-1
PART-1
1
PART-1-1
14
-2147483647
0
48 1 16 5 0 1 0 -1 -1 7804 1 -1879048189 1 7804 
0
1
PART-1-1
14
-2147483647
0
48 1 16 5 0 1 0 -1 -1 13764 1 -1879048189 1 13764 
0
0
1
PART-1-1
1
FULLMESH
0
1
14
-2147483647
48 1 16 5 0 1 0 -1 -1 13764 1 -1879048189 1 13764 
0
0
0
0
1
PART-1-1
4
BOTTOM
0
1
9
1124 1125 6045 6046 6391 6517 6519 6528 7781 
0
0
LEFT
0
1
9
961 962 6269 6286 6304 6434 6436 6539 6775 
0
0
RIGHT
0
1
9
1287 1288 7607 7669 7725 7735 7740 7743 7751 
0
0
TOP
0
1
9
798 799 7376 7384 7391 7397 7398 7400 7693 
0
0
0
0
0
