0
1
0
Assembly-1
1
PART-1-1
PART-1
1
PART-1-1
14
-2147483647
0
48 1 16 5 0 1 0 -1 -1 16849 1 -1879048189 1 16849 
0
1
PART-1-1
14
-2147483647
0
48 1 16 5 0 1 0 -1 -1 31426 1 -1879048189 1 31426 
0
0
1
PART-1-1
1
FULLMESH
0
1
14
-2147483647
48 1 16 5 0 1 0 -1 -1 31426 1 -1879048189 1 31426 
0
0
0
0
1
PART-1-1
4
BOTTOM
0
1
16
1124 1125 14559 15161 15178 15188 15195 15501 15558 15566 15567 15573 15800 15804 15963 15967 
0
0
LEFT
0
1
16
961 962 15362 15721 15726 15742 15745 15750 15765 15823 15827 15832 15833 15836 15852 16053 
0
0
RIGHT
0
1
17
1287 1288 15517 15796 15883 15890 15898 15906 15917 15920 15923 15927 15936 15939 15999 16014 16066 
0
0
TOP
0
1
17
798 799 13669 13724 14044 14092 14102 14119 14120 14122 14666 14667 14673 14678 14684 14686 15032 
0
0
0
0
0
