0
1
0
Assembly-1
1
PART-1-1
PART-1
1
PART-1-1
14
-2147483647
0
48 1 16 5 0 1 0 -1 -1 13721 1 -1879048189 1 13721 
0
1
PART-1-1
14
-2147483647
0
48 1 16 5 0 1 0 -1 -1 24786 1 -1879048189 1 24786 
0
0
1
PART-1-1
1
FULLMESH
0
1
14
-2147483647
48 1 16 5 0 1 0 -1 -1 24786 1 -1879048189 1 24786 
0
0
0
0
1
PART-1-1
4
BOTTOM
0
1
15
1124 1125 9219 9239 9266 9279 9285 9287 9291 9292 9302 9305 9314 9345 9352 
0
0
LEFT
0
1
16
961 962 6311 6388 6402 6422 6432 6439 6441 6443 6446 6448 6450 6465 6497 6515 
0
0
RIGHT
0
1
15
1287 1288 11366 11397 11407 11424 11430 11437 11449 11490 11498 11503 11505 11510 11511 
0
0
TOP
0
1
12
798 799 13535 13536 13546 13605 13626 13635 13651 13675 13693 13701 
0
0
0
0
0
