0
1
0
Assembly-1
1
PART-1-1
PART-1
1
PART-1-1
14
-2147483647
0
48 1 16 5 0 1 0 -1 -1 14573 1 -1879048189 1 14573 
0
1
PART-1-1
14
-2147483647
0
48 1 16 5 0 1 0 -1 -1 26729 1 -1879048189 1 26729 
0
0
1
PART-1-1
1
FULLMESH
0
1
14
-2147483647
48 1 16 5 0 1 0 -1 -1 26729 1 -1879048189 1 26729 
0
0
0
0
1
PART-1-1
4
BOTTOM
0
1
9
1124 1125 13081 13119 13426 13619 13625 13635 13654 
0
0
LEFT
0
1
10
961 962 14182 14200 14231 14232 14244 14313 14321 14329 
0
0
RIGHT
0
1
10
1287 1288 13943 14479 14487 14500 14508 14513 14531 14541 
0
0
TOP
0
1
9
798 799 12472 12480 12983 13560 13575 13591 14547 
0
0
0
0
0
