0
1
0
Assembly-1
1
PART-1-1
PART-1
1
PART-1-1
14
-2147483647
0
48 1 16 5 0 1 0 -1 -1 18569 1 -1879048189 1 18569 
0
1
PART-1-1
14
-2147483647
0
48 1 16 5 0 1 0 -1 -1 34221 1 -1879048189 1 34221 
0
0
1
PART-1-1
1
FULLMESH
0
1
14
-2147483647
48 1 16 5 0 1 0 -1 -1 34221 1 -1879048189 1 34221 
0
0
0
0
1
PART-1-1
4
BOTTOM
0
1
13
1124 1125 13179 13217 13230 13671 13684 13686 13695 13721 13728 13730 13731 
0
0
LEFT
0
1
16
961 962 11041 11199 11202 11238 11240 11248 11251 11253 11257 11260 12262 12266 12271 12602 
0
0
RIGHT
0
1
13
1287 1288 15638 15750 15756 15757 15776 15777 15781 15804 15813 15821 15860 
0
0
TOP
0
1
15
798 799 16116 16287 16293 16302 16313 16315 16321 16324 16338 16344 16346 16349 16353 
0
0
0
0
0
