0
1
0
Assembly-1
1
PART-1-1
PART-1
1
PART-1-1
14
-2147483647
0
48 1 16 5 0 1 0 -1 -1 9890 1 -1879048189 1 9890 
0
1
PART-1-1
14
-2147483647
0
48 1 16 5 0 1 0 -1 -1 17762 1 -1879048189 1 17762 
0
0
1
PART-1-1
1
FULLMESH
0
1
14
-2147483647
48 1 16 5 0 1 0 -1 -1 17762 1 -1879048189 1 17762 
0
0
0
0
1
PART-1-1
4
BOTTOM
0
1
9
1124 1125 9433 9451 9465 9484 9485 9487 9489 
0
0
LEFT
0
1
9
961 962 8946 8951 8958 8960 8962 8977 8991 
0
0
RIGHT
0
1
10
1287 1288 8737 9294 9322 9326 9341 9391 9396 9398 
0
0
TOP
0
1
9
798 799 8838 8861 8867 9066 9074 9081 9174 
0
0
0
0
0
