0
1
0
Assembly-1
1
PART-1-1
PART-1
1
PART-1-1
14
-2147483647
0
48 1 16 5 0 1 0 -1 -1 17736 1 -1879048189 1 17736 
0
1
PART-1-1
14
-2147483647
0
48 1 16 5 0 1 0 -1 -1 33415 1 -1879048189 1 33415 
0
0
1
PART-1-1
1
FULLMESH
0
1
14
-2147483647
48 1 16 5 0 1 0 -1 -1 33415 1 -1879048189 1 33415 
0
0
0
0
1
PART-1-1
4
BOTTOM
0
1
16
1124 1125 16006 16550 16558 16568 16575 16583 16588 16590 16592 16769 16778 16789 16790 17081 
0
0
LEFT
0
1
14
961 962 16239 16251 16268 16288 16604 16815 16834 16835 16840 16843 17087 17500 
0
0
RIGHT
0
1
15
1287 1288 16932 16978 16991 17002 17014 17031 17055 17059 17063 17070 17186 17187 17190 
0
0
TOP
0
1
14
798 799 17554 17610 17650 17655 17659 17664 17667 17680 17683 17695 17704 17705 
0
0
0
0
0
