0
1
0
Assembly-1
1
PART-1-1
PART-1
1
PART-1-1
14
-2147483647
0
48 1 16 5 0 1 0 -1 -1 17026 1 -1879048189 1 17026 
0
1
PART-1-1
14
-2147483647
0
48 1 16 5 0 1 0 -1 -1 31899 1 -1879048189 1 31899 
0
0
1
PART-1-1
1
FULLMESH
0
1
14
-2147483647
48 1 16 5 0 1 0 -1 -1 31899 1 -1879048189 1 31899 
0
0
0
0
1
PART-1-1
4
BOTTOM
0
1
16
1124 1125 16026 16029 16077 16092 16095 16133 16287 16289 16301 16307 16478 16745 16751 16752 
0
0
LEFT
0
1
16
961 962 14477 15248 15253 15280 15286 15475 15477 15478 15481 15482 15740 15742 15761 15996 
0
0
RIGHT
0
1
17
1287 1288 16616 16640 16671 16672 16695 16700 16719 16720 16722 16725 16734 16738 16783 16836 16840 
0
0
TOP
0
1
16
798 799 12632 12682 12694 12726 12751 12763 12784 12787 13944 13964 14519 14532 14537 14959 
0
0
0
0
0
