0
1
0
Assembly-1
1
PART-1-1
PART-1
1
PART-1-1
14
-2147483647
0
48 1 16 5 0 1 0 -1 -1 22276 1 -1879048189 1 22276 
0
1
PART-1-1
14
-2147483647
0
48 1 16 5 0 1 0 -1 -1 42127 1 -1879048189 1 42127 
0
0
1
PART-1-1
1
FULLMESH
0
1
14
-2147483647
48 1 16 5 0 1 0 -1 -1 42127 1 -1879048189 1 42127 
0
0
0
0
1
PART-1-1
4
BOTTOM
0
1
17
1124 1125 17880 19520 19535 19542 19544 19545 20122 20126 20127 20139 20141 20650 20653 20951 21695 
0
0
LEFT
0
1
17
961 962 19007 19077 19134 19144 19152 19157 19173 19176 19191 19195 19611 19619 19626 20225 20487 
0
0
RIGHT
0
1
17
1287 1288 21464 21505 21522 21530 21633 21640 21643 21742 21746 21748 21753 21756 21811 21839 21842 
0
0
TOP
0
1
17
798 799 20411 20869 20885 20887 20896 20903 20904 21382 21390 21669 21671 21676 21689 21819 21824 
0
0
0
0
0
