0
1
0
Assembly-1
1
PART-1-1
PART-1
1
PART-1-1
14
-2147483647
0
48 1 16 5 0 1 0 -1 -1 16330 1 -1879048189 1 16330 
0
1
PART-1-1
14
-2147483647
0
48 1 16 5 0 1 0 -1 -1 29866 1 -1879048189 1 29866 
0
0
1
PART-1-1
1
FULLMESH
0
1
14
-2147483647
48 1 16 5 0 1 0 -1 -1 29866 1 -1879048189 1 29866 
0
0
0
0
1
PART-1-1
4
BOTTOM
0
1
14
1124 1125 12105 12166 12204 12221 12222 12224 12240 12270 12466 12469 12476 12477 
0
0
LEFT
0
1
13
961 962 15924 15944 15954 15964 15972 15987 16004 16006 16014 16023 16028 
0
0
RIGHT
0
1
12
1287 1288 11258 11313 11316 11322 11323 11329 11727 11731 11733 11736 
0
0
TOP
0
1
16
798 799 14770 15180 15183 15224 15227 15238 15242 15244 15245 15254 15455 15670 15671 15829 
0
0
0
0
0
