0
1
0
Assembly-1
1
PART-1-1
PART-1
1
PART-1-1
14
-2147483647
0
48 1 16 5 0 1 0 -1 -1 20677 1 -1879048189 1 20677 
0
1
PART-1-1
14
-2147483647
0
48 1 16 5 0 1 0 -1 -1 38628 1 -1879048189 1 38628 
0
0
1
PART-1-1
1
FULLMESH
0
1
14
-2147483647
48 1 16 5 0 1 0 -1 -1 38628 1 -1879048189 1 38628 
0
0
0
0
1
PART-1-1
4
BOTTOM
0
1
15
1124 1125 18602 18619 18628 18697 18698 18700 18717 18730 18731 18737 18754 18759 18793 
0
0
LEFT
0
1
12
961 962 20298 20312 20331 20348 20357 20359 20361 20365 20376 20377 
0
0
RIGHT
0
1
12
1287 1288 16637 16973 16987 16988 16995 17117 17320 17326 17335 17338 
0
0
TOP
0
1
13
798 799 18844 18853 18868 18883 18908 18914 18915 18924 18937 18939 18961 
0
0
0
0
0
