0
1
0
Assembly-1
1
PART-1-1
PART-1
1
PART-1-1
14
-2147483647
0
48 1 16 5 0 1 0 -1 -1 15435 1 -1879048189 1 15435 
0
1
PART-1-1
14
-2147483647
0
48 1 16 5 0 1 0 -1 -1 28535 1 -1879048189 1 28535 
0
0
1
PART-1-1
1
FULLMESH
0
1
14
-2147483647
48 1 16 5 0 1 0 -1 -1 28535 1 -1879048189 1 28535 
0
0
0
0
1
PART-1-1
4
BOTTOM
0
1
9
1124 1125 12798 12815 12842 12865 12889 13062 13380 
0
0
LEFT
0
1
10
961 962 13829 13842 13844 13981 14434 14438 14505 14512 
0
0
RIGHT
0
1
12
1287 1288 14573 14585 14599 14608 14614 14616 14619 14627 15420 15427 
0
0
TOP
0
1
9
798 799 14024 14039 14046 14051 14053 14059 14078 
0
0
0
0
0
