0
1
0
Assembly-1
1
PART-1-1
PART-1
1
PART-1-1
14
-2147483647
0
48 1 16 5 0 1 0 -1 -1 10237 1 -1879048189 1 10237 
0
1
PART-1-1
14
-2147483647
0
48 1 16 5 0 1 0 -1 -1 18113 1 -1879048189 1 18113 
0
0
1
PART-1-1
1
FULLMESH
0
1
14
-2147483647
48 1 16 5 0 1 0 -1 -1 18113 1 -1879048189 1 18113 
0
0
0
0
1
PART-1-1
4
BOTTOM
0
1
8
1124 1125 8630 8641 8647 8651 8658 8661 
0
0
LEFT
0
1
6
961 962 9968 9998 10001 10017 
0
0
RIGHT
0
1
7
1287 1288 8148 8165 8183 8186 8187 
0
0
TOP
0
1
7
798 799 9090 9122 9129 9131 9134 
0
0
0
0
0
