0
1
0
Assembly-1
1
PART-1-1
PART-1
1
PART-1-1
14
-2147483647
0
48 1 16 5 0 1 0 -1 -1 13210 1 -1879048189 1 13210 
0
1
PART-1-1
14
-2147483647
0
48 1 16 5 0 1 0 -1 -1 24236 1 -1879048189 1 24236 
0
0
1
PART-1-1
1
FULLMESH
0
1
14
-2147483647
48 1 16 5 0 1 0 -1 -1 24236 1 -1879048189 1 24236 
0
0
0
0
1
PART-1-1
4
BOTTOM
0
1
13
1124 1125 11189 11202 11210 11224 11225 11979 11982 11987 12001 12007 12231 
0
0
LEFT
0
1
15
961 962 12994 13051 13054 13061 13070 13073 13075 13076 13094 13107 13114 13119 13121 
0
0
RIGHT
0
1
13
1287 1288 12162 12172 12377 12560 12561 12564 12566 12568 12574 12577 12583 
0
0
TOP
0
1
15
798 799 12293 12422 12431 12447 12449 12450 12457 12460 12462 12463 12509 12511 12515 
0
0
0
0
0
