0
1
0
Assembly-1
1
PART-1-1
PART-1
1
PART-1-1
14
-2147483647
0
48 1 16 5 0 1 0 -1 -1 16982 1 -1879048189 1 16982 
0
1
PART-1-1
14
-2147483647
0
48 1 16 5 0 1 0 -1 -1 31149 1 -1879048189 1 31149 
0
0
1
PART-1-1
1
FULLMESH
0
1
14
-2147483647
48 1 16 5 0 1 0 -1 -1 31149 1 -1879048189 1 31149 
0
0
0
0
1
PART-1-1
4
BOTTOM
0
1
9
1124 1125 16133 16159 16325 16450 16453 16678 16714 
0
0
LEFT
0
1
9
961 962 14672 14676 14697 14706 14950 14957 15172 
0
0
RIGHT
0
1
9
1287 1288 16564 16566 16575 16594 16615 16654 16960 
0
0
TOP
0
1
10
798 799 16066 16417 16431 16436 16439 16442 16671 16674 
0
0
0
0
0
