0
1
0
Assembly-1
1
PART-1-1
PART-1
1
PART-1-1
14
-2147483647
0
48 1 16 5 0 1 0 -1 -1 18161 1 -1879048189 1 18161 
0
1
PART-1-1
14
-2147483647
0
48 1 16 5 0 1 0 -1 -1 34111 1 -1879048189 1 34111 
0
0
1
PART-1-1
1
FULLMESH
0
1
14
-2147483647
48 1 16 5 0 1 0 -1 -1 34111 1 -1879048189 1 34111 
0
0
0
0
1
PART-1-1
4
BOTTOM
0
1
17
1124 1125 16760 16861 16873 16905 16978 16982 16984 17012 17018 17022 17041 17049 17050 17052 17057 
0
0
LEFT
0
1
14
961 962 13764 14272 14283 14303 14312 14333 14365 14366 14367 14379 14831 14833 
0
0
RIGHT
0
1
11
1287 1288 17742 17852 17867 17879 17885 17895 17896 18021 18146 
0
0
TOP
0
1
17
798 799 17438 17597 17605 17610 17634 17800 17803 17804 17809 17826 17954 17969 17970 17975 18031 
0
0
0
0
0
