0
1
0
Assembly-1
1
PART-1-1
PART-1
1
PART-1-1
14
-2147483647
0
48 1 16 5 0 1 0 -1 -1 12546 1 -1879048189 1 12546 
0
1
PART-1-1
14
-2147483647
0
48 1 16 5 0 1 0 -1 -1 23124 1 -1879048189 1 23124 
0
0
1
PART-1-1
1
FULLMESH
0
1
14
-2147483647
48 1 16 5 0 1 0 -1 -1 23124 1 -1879048189 1 23124 
0
0
0
0
1
PART-1-1
4
BOTTOM
0
1
9
1124 1125 11303 11331 11354 11368 11369 11382 11400 
0
0
LEFT
0
1
9
961 962 11757 11780 11792 11793 11804 11872 11873 
0
0
RIGHT
0
1
9
1287 1288 12432 12442 12452 12454 12463 12476 12485 
0
0
TOP
0
1
9
798 799 12269 12282 12289 12312 12516 12521 12526 
0
0
0
0
0
