0
1
0
Assembly-1
1
PART-1-1
PART-1
1
PART-1-1
14
-2147483647
0
48 1 16 5 0 1 0 -1 -1 16120 1 -1879048189 1 16120 
0
1
PART-1-1
14
-2147483647
0
48 1 16 5 0 1 0 -1 -1 30225 1 -1879048189 1 30225 
0
0
1
PART-1-1
1
FULLMESH
0
1
14
-2147483647
48 1 16 5 0 1 0 -1 -1 30225 1 -1879048189 1 30225 
0
0
0
0
1
PART-1-1
4
BOTTOM
0
1
17
1124 1125 13547 13873 13897 13915 13981 13984 14029 14031 14032 14700 14705 14717 14870 14872 14873 
0
0
LEFT
0
1
17
961 962 13775 13792 14571 14582 14587 14656 14824 14859 14984 15104 15105 15108 15113 15121 15229 
0
0
RIGHT
0
1
17
1287 1288 15764 15823 15830 15841 15870 15917 15918 15926 15933 15939 15941 15945 15961 15972 15979 
0
0
TOP
0
1
16
798 799 12713 12732 13385 13397 13411 13414 13419 13422 13652 14791 14930 14960 15103 16099 
0
0
0
0
0
