0
1
0
Assembly-1
1
PART-1-1
PART-1
1
PART-1-1
14
-2147483647
0
48 1 16 5 0 1 0 -1 -1 16619 1 -1879048189 1 16619 
0
1
PART-1-1
14
-2147483647
0
48 1 16 5 0 1 0 -1 -1 30768 1 -1879048189 1 30768 
0
0
1
PART-1-1
1
FULLMESH
0
1
14
-2147483647
48 1 16 5 0 1 0 -1 -1 30768 1 -1879048189 1 30768 
0
0
0
0
1
PART-1-1
4
BOTTOM
0
1
11
1124 1125 12145 12148 12548 12556 12557 12559 12562 12563 12580 
0
0
LEFT
0
1
15
961 962 11501 11504 11761 11770 11778 11798 11825 11828 11835 12096 12274 12703 12705 
0
0
RIGHT
0
1
16
1287 1288 13609 13670 13714 13855 13863 13889 13901 13906 13912 13913 13915 13916 13928 13936 
0
0
TOP
0
1
12
798 799 16331 16332 16350 16402 16408 16437 16454 16456 16496 16503 
0
0
0
0
0
