0
1
0
Assembly-1
1
PART-1-1
PART-1
1
PART-1-1
14
-2147483647
0
48 1 16 5 0 1 0 -1 -1 15127 1 -1879048189 1 15127 
0
1
PART-1-1
14
-2147483647
0
48 1 16 5 0 1 0 -1 -1 28308 1 -1879048189 1 28308 
0
0
1
PART-1-1
1
FULLMESH
0
1
14
-2147483647
48 1 16 5 0 1 0 -1 -1 28308 1 -1879048189 1 28308 
0
0
0
0
1
PART-1-1
4
BOTTOM
0
1
17
1124 1125 13946 13969 14003 14013 14014 14018 14339 14340 14356 14375 14551 14552 14664 14666 14674 
0
0
LEFT
0
1
17
961 962 13557 14447 14615 14833 14839 14846 14848 14865 14867 14872 14926 14935 14950 15119 15125 
0
0
RIGHT
0
1
16
1287 1288 12396 12444 12539 12549 13347 13355 13358 13365 13373 13377 14058 14424 14568 14574 
0
0
TOP
0
1
16
798 799 14507 14647 14751 14767 14772 14789 14894 14895 14999 15003 15019 15025 15042 15043 
0
0
0
0
0
