0
1
0
Assembly-1
1
PART-1-1
PART-1
1
PART-1-1
14
-2147483647
0
48 1 16 5 0 1 0 -1 -1 16150 1 -1879048189 1 16150 
0
1
PART-1-1
14
-2147483647
0
48 1 16 5 0 1 0 -1 -1 30176 1 -1879048189 1 30176 
0
0
1
PART-1-1
1
FULLMESH
0
1
14
-2147483647
48 1 16 5 0 1 0 -1 -1 30176 1 -1879048189 1 30176 
0
0
0
0
1
PART-1-1
4
BOTTOM
0
1
12
1124 1125 12990 12991 13047 13070 13072 13088 13092 13097 13385 13386 
0
0
LEFT
0
1
9
961 962 15354 15371 15373 15387 15405 15407 15570 
0
0
RIGHT
0
1
12
1287 1288 14694 14717 14728 14883 14911 14919 14920 14922 14992 16126 
0
0
TOP
0
1
10
798 799 15837 15898 15927 15953 15957 15984 15987 15990 
0
0
0
0
0
