0
1
0
Assembly-1
1
PART-1-1
PART-1
1
PART-1-1
14
-2147483647
0
48 1 16 5 0 1 0 -1 -1 19476 1 -1879048189 1 19476 
0
1
PART-1-1
14
-2147483647
0
48 1 16 5 0 1 0 -1 -1 36567 1 -1879048189 1 36567 
0
0
1
PART-1-1
1
FULLMESH
0
1
14
-2147483647
48 1 16 5 0 1 0 -1 -1 36567 1 -1879048189 1 36567 
0
0
0
0
1
PART-1-1
4
BOTTOM
0
1
17
1124 1125 17532 17570 17577 18159 18160 18163 18593 18908 18912 19299 19302 19304 19305 19313 19440 
0
0
LEFT
0
1
17
961 962 17267 18012 18018 18022 18023 18033 18434 18476 18513 18518 18523 18524 18528 18540 19471 
0
0
RIGHT
0
1
16
1287 1288 18971 19064 19089 19103 19106 19111 19114 19125 19126 19159 19160 19161 19162 19176 
0
0
TOP
0
1
17
798 799 18617 18635 18640 18660 18663 18665 18687 18705 18711 18714 18719 19031 19268 19325 19331 
0
0
0
0
0
