0
1
0
Assembly-1
1
PART-1-1
PART-1
1
PART-1-1
14
-2147483647
0
48 1 16 5 0 1 0 -1 -1 20217 1 -1879048189 1 20217 
0
1
PART-1-1
14
-2147483647
0
48 1 16 5 0 1 0 -1 -1 38078 1 -1879048189 1 38078 
0
0
1
PART-1-1
1
FULLMESH
0
1
14
-2147483647
48 1 16 5 0 1 0 -1 -1 38078 1 -1879048189 1 38078 
0
0
0
0
1
PART-1-1
4
BOTTOM
0
1
17
1124 1125 16958 19014 19337 19349 19358 19367 19368 19382 19387 19593 19595 19597 19922 20206 20214 
0
0
LEFT
0
1
16
961 962 13101 13146 13150 14785 14814 14816 14820 14821 14839 14844 14847 14866 14870 15693 
0
0
RIGHT
0
1
15
1287 1288 19764 19813 19832 19843 19853 19856 19898 19907 19992 19994 20035 20038 20059 
0
0
TOP
0
1
15
798 799 17770 17849 17857 17871 17881 17884 17887 17906 17929 17948 17980 18303 19326 
0
0
0
0
0
