0
1
0
Assembly-1
1
PART-1-1
PART-1
1
PART-1-1
14
-2147483647
0
48 1 16 5 0 1 0 -1 -1 13786 1 -1879048189 1 13786 
0
1
PART-1-1
14
-2147483647
0
48 1 16 5 0 1 0 -1 -1 25487 1 -1879048189 1 25487 
0
0
1
PART-1-1
1
FULLMESH
0
1
14
-2147483647
48 1 16 5 0 1 0 -1 -1 25487 1 -1879048189 1 25487 
0
0
0
0
1
PART-1-1
4
BOTTOM
0
1
17
1124 1125 13032 13088 13155 13161 13166 13167 13171 13201 13237 13266 13280 13368 13369 13382 13395 
0
0
LEFT
0
1
17
961 962 12310 12336 12400 12406 12413 12417 12433 12460 12461 12462 12476 12485 12809 12926 12927 
0
0
RIGHT
0
1
17
1287 1288 10667 11071 11204 11214 11226 11236 11242 11246 11258 11276 11295 11612 12743 12749 13730 
0
0
TOP
0
1
17
798 799 11558 12157 12181 12194 12197 12201 12220 12227 12662 12678 12694 12696 12700 12724 12731 
0
0
0
0
0
