0
1
0
Assembly-1
1
PART-1-1
PART-1
1
PART-1-1
14
-2147483647
0
48 1 16 5 0 1 0 -1 -1 12527 1 -1879048189 1 12527 
0
1
PART-1-1
14
-2147483647
0
48 1 16 5 0 1 0 -1 -1 23098 1 -1879048189 1 23098 
0
0
1
PART-1-1
1
FULLMESH
0
1
14
-2147483647
48 1 16 5 0 1 0 -1 -1 23098 1 -1879048189 1 23098 
0
0
0
0
1
PART-1-1
4
BOTTOM
0
1
16
1124 1125 10912 10933 10975 10979 11202 11278 11289 11298 11300 11308 11316 11512 11515 11919 
0
0
LEFT
0
1
15
961 962 11886 12155 12165 12168 12169 12193 12214 12244 12247 12255 12399 12406 12494 
0
0
RIGHT
0
1
16
1287 1288 9471 9555 9557 10299 10303 10307 10682 10991 11367 11393 11394 11544 11549 11552 
0
0
TOP
0
1
17
798 799 11085 11163 11982 11996 12000 12002 12014 12015 12016 12019 12020 12071 12086 12090 12115 
0
0
0
0
0
