0
1
0
Assembly-1
1
PART-1-1
PART-1
1
PART-1-1
14
-2147483647
0
48 1 16 5 0 1 0 -1 -1 6990 1 -1879048189 1 6990 
0
1
PART-1-1
14
-2147483647
0
48 1 16 5 0 1 0 -1 -1 12122 1 -1879048189 1 12122 
0
0
1
PART-1-1
1
FULLMESH
0
1
14
-2147483647
48 1 16 5 0 1 0 -1 -1 12122 1 -1879048189 1 12122 
0
0
0
0
1
PART-1-1
4
BOTTOM
0
1
6
1124 1125 6586 6609 6610 6619 
0
0
LEFT
0
1
7
961 962 6529 6574 6625 6628 6631 
0
0
RIGHT
0
1
6
1287 1288 6314 6330 6365 6371 
0
0
TOP
0
1
6
798 799 6917 6942 6947 6962 
0
0
0
0
0
