0
1
0
Assembly-1
1
PART-1-1
PART-1
1
PART-1-1
14
-2147483647
0
48 1 16 5 0 1 0 -1 -1 11147 1 -1879048189 1 11147 
0
1
PART-1-1
14
-2147483647
0
48 1 16 5 0 1 0 -1 -1 20384 1 -1879048189 1 20384 
0
0
1
PART-1-1
1
FULLMESH
0
1
14
-2147483647
48 1 16 5 0 1 0 -1 -1 20384 1 -1879048189 1 20384 
0
0
0
0
1
PART-1-1
4
BOTTOM
0
1
15
1124 1125 10351 10385 10430 10434 10446 10450 10452 10453 10460 10780 10783 10948 11134 
0
0
LEFT
0
1
17
961 962 9735 9788 9899 9948 9960 9964 9985 9991 9993 10001 10009 10013 10027 10041 10110 
0
0
RIGHT
0
1
16
1287 1288 9310 9317 9322 9352 9616 9623 9631 9870 10103 10153 10287 10802 10959 11130 
0
0
TOP
0
1
16
798 799 10711 10902 10908 10932 10934 10965 10971 10973 10988 10999 11006 11027 11030 11054 
0
0
0
0
0
