0
1
0
Assembly-1
1
PART-1-1
PART-1
1
PART-1-1
14
-2147483647
0
48 1 16 5 0 1 0 -1 -1 15012 1 -1879048189 1 15012 
0
1
PART-1-1
14
-2147483647
0
48 1 16 5 0 1 0 -1 -1 28030 1 -1879048189 1 28030 
0
0
1
PART-1-1
1
FULLMESH
0
1
14
-2147483647
48 1 16 5 0 1 0 -1 -1 28030 1 -1879048189 1 28030 
0
0
0
0
1
PART-1-1
4
BOTTOM
0
1
9
1124 1125 13994 14004 14011 14030 14051 14069 14994 
0
0
LEFT
0
1
9
961 962 14236 14261 14264 14275 14444 14445 14997 
0
0
RIGHT
0
1
8
1287 1288 14667 14711 14713 14732 14735 14786 
0
0
TOP
0
1
8
798 799 14863 14897 14912 14922 14926 14935 
0
0
0
0
0
