0
1
0
Assembly-1
1
PART-1-1
PART-1
1
PART-1-1
14
-2147483647
0
48 1 16 5 0 1 0 -1 -1 15992 1 -1879048189 1 15992 
0
1
PART-1-1
14
-2147483647
0
48 1 16 5 0 1 0 -1 -1 29812 1 -1879048189 1 29812 
0
0
1
PART-1-1
1
FULLMESH
0
1
14
-2147483647
48 1 16 5 0 1 0 -1 -1 29812 1 -1879048189 1 29812 
0
0
0
0
1
PART-1-1
4
BOTTOM
0
1
16
1124 1125 13675 13762 13765 13791 14056 14280 14290 14302 14304 14436 14437 14444 14449 15950 
0
0
LEFT
0
1
17
961 962 14590 14683 14724 14763 14771 14773 14774 14777 14783 14786 14795 14804 14871 15141 15152 
0
0
RIGHT
0
1
15
1287 1288 9684 9693 9724 9731 9732 10466 10482 10491 10499 10501 10525 11049 15978 
0
0
TOP
0
1
17
798 799 15558 15685 15717 15723 15733 15734 15735 15740 15741 15745 15749 15756 15764 15786 15861 
0
0
0
0
0
