0
1
0
Assembly-1
1
PART-1-1
PART-1
1
PART-1-1
14
-2147483647
0
48 1 16 5 0 1 0 -1 -1 16729 1 -1879048189 1 16729 
0
1
PART-1-1
14
-2147483647
0
48 1 16 5 0 1 0 -1 -1 30916 1 -1879048189 1 30916 
0
0
1
PART-1-1
1
FULLMESH
0
1
14
-2147483647
48 1 16 5 0 1 0 -1 -1 30916 1 -1879048189 1 30916 
0
0
0
0
1
PART-1-1
4
BOTTOM
0
1
17
1124 1125 12106 12124 12517 12518 12529 12547 12562 12567 12570 12575 12862 13763 14270 14548 14723 
0
0
LEFT
0
1
16
961 962 15014 15015 15091 15100 15206 15215 15217 15233 15234 15253 15254 15272 15286 16371 
0
0
RIGHT
0
1
16
1287 1288 13985 14188 14387 14392 14402 14404 14408 14410 14429 14436 14441 14446 14630 14679 
0
0
TOP
0
1
16
798 799 13476 14292 14315 14324 14325 14565 14584 14586 14610 14621 14622 14738 14757 14759 
0
0
0
0
0
