0
1
0
Assembly-1
1
PART-1-1
PART-1
1
PART-1-1
14
-2147483647
0
48 1 16 5 0 1 0 -1 -1 16566 1 -1879048189 1 16566 
0
1
PART-1-1
14
-2147483647
0
48 1 16 5 0 1 0 -1 -1 30894 1 -1879048189 1 30894 
0
0
1
PART-1-1
1
FULLMESH
0
1
14
-2147483647
48 1 16 5 0 1 0 -1 -1 30894 1 -1879048189 1 30894 
0
0
0
0
1
PART-1-1
4
BOTTOM
0
1
17
1124 1125 13817 14513 14541 14623 14647 15139 15142 15144 15153 15338 15487 15601 15602 15609 15809 
0
0
LEFT
0
1
17
961 962 16031 16205 16283 16294 16325 16329 16344 16350 16358 16360 16411 16417 16433 16448 16556 
0
0
RIGHT
0
1
16
1287 1288 15901 15910 15959 16124 16188 16191 16241 16266 16274 16445 16455 16456 16457 16565 
0
0
TOP
0
1
17
798 799 13337 13710 13713 13715 13720 14028 14034 14037 14045 14409 14598 14603 15128 15133 15462 
0
0
0
0
0
