0
1
0
Assembly-1
1
PART-1-1
PART-1
1
PART-1-1
14
-2147483647
0
48 1 16 5 0 1 0 -1 -1 12620 1 -1879048189 1 12620 
0
1
PART-1-1
14
-2147483647
0
48 1 16 5 0 1 0 -1 -1 22995 1 -1879048189 1 22995 
0
0
1
PART-1-1
1
FULLMESH
0
1
14
-2147483647
48 1 16 5 0 1 0 -1 -1 22995 1 -1879048189 1 22995 
0
0
0
0
1
PART-1-1
4
BOTTOM
0
1
14
1124 1125 10352 10538 10729 10737 10753 10756 10757 10761 10776 10780 10782 10786 
0
0
LEFT
0
1
12
961 962 9837 10611 10624 10628 10631 10637 10644 10657 10791 11241 
0
0
RIGHT
0
1
11
1287 1288 11132 11193 11195 11205 11212 11228 11278 11284 11292 
0
0
TOP
0
1
12
798 799 9746 9944 9969 9972 9976 9980 9994 10192 10200 10213 
0
0
0
0
0
