0
1
0
Assembly-1
1
PART-1-1
PART-1
1
PART-1-1
14
-2147483647
0
48 1 16 5 0 1 0 -1 -1 13067 1 -1879048189 1 13067 
0
1
PART-1-1
14
-2147483647
0
48 1 16 5 0 1 0 -1 -1 24121 1 -1879048189 1 24121 
0
0
1
PART-1-1
1
FULLMESH
0
1
14
-2147483647
48 1 16 5 0 1 0 -1 -1 24121 1 -1879048189 1 24121 
0
0
0
0
1
PART-1-1
4
BOTTOM
0
1
9
1124 1125 11249 11294 11300 11303 11305 11356 11358 
0
0
LEFT
0
1
9
961 962 12129 12132 12134 12142 12156 12158 12170 
0
0
RIGHT
0
1
8
1287 1288 12990 13003 13008 13010 13014 13049 
0
0
TOP
0
1
8
798 799 12608 12629 12633 12645 12659 12660 
0
0
0
0
0
