0
1
0
Assembly-1
1
PART-1-1
PART-1
1
PART-1-1
14
-2147483647
0
48 1 16 5 0 1 0 -1 -1 18178 1 -1879048189 1 18178 
0
1
PART-1-1
14
-2147483647
0
48 1 16 5 0 1 0 -1 -1 33758 1 -1879048189 1 33758 
0
0
1
PART-1-1
1
FULLMESH
0
1
14
-2147483647
48 1 16 5 0 1 0 -1 -1 33758 1 -1879048189 1 33758 
0
0
0
0
1
PART-1-1
4
BOTTOM
0
1
16
1124 1125 16806 16834 17100 17109 17114 17116 17120 17126 17143 17147 17226 18159 18163 18164 
0
0
LEFT
0
1
15
961 962 15461 15529 15565 15584 15601 15603 15604 15636 15639 15648 15924 15933 16105 
0
0
RIGHT
0
1
14
1287 1288 16447 17050 17071 17186 17188 17191 17201 17203 17204 17211 17233 17242 
0
0
TOP
0
1
16
798 799 15146 15229 15246 15266 15268 15269 15272 15286 15299 15300 15321 15327 15344 15801 
0
0
0
0
0
