0
1
0
Assembly-1
1
PART-1-1
PART-1
1
PART-1-1
14
-2147483647
0
48 1 16 5 0 1 0 -1 -1 11316 1 -1879048189 1 11316 
0
1
PART-1-1
14
-2147483647
0
48 1 16 5 0 1 0 -1 -1 20732 1 -1879048189 1 20732 
0
0
1
PART-1-1
1
FULLMESH
0
1
14
-2147483647
48 1 16 5 0 1 0 -1 -1 20732 1 -1879048189 1 20732 
0
0
0
0
1
PART-1-1
4
BOTTOM
0
1
5
1124 1125 11275 11281 11290 
0
0
LEFT
0
1
7
961 962 11190 11216 11217 11236 11239 
0
0
RIGHT
0
1
5
1287 1288 10904 10909 10921 
0
0
TOP
0
1
7
798 799 9682 9703 9710 9712 9720 
0
0
0
0
0
