0
1
0
Assembly-1
1
PART-1-1
PART-1
1
PART-1-1
14
-2147483647
0
48 1 16 5 0 1 0 -1 -1 12103 1 -1879048189 1 12103 
0
1
PART-1-1
14
-2147483647
0
48 1 16 5 0 1 0 -1 -1 22135 1 -1879048189 1 22135 
0
0
1
PART-1-1
1
FULLMESH
0
1
14
-2147483647
48 1 16 5 0 1 0 -1 -1 22135 1 -1879048189 1 22135 
0
0
0
0
1
PART-1-1
4
BOTTOM
0
1
9
1124 1125 11630 12040 12050 12058 12063 12066 12068 
0
0
LEFT
0
1
9
961 962 11421 11423 11424 11446 11470 11475 11521 
0
0
RIGHT
0
1
9
1287 1288 10789 10812 10814 10816 10819 11139 11233 
0
0
TOP
0
1
9
798 799 11883 11940 11952 11953 11954 11977 11981 
0
0
0
0
0
