0
1
0
Assembly-1
1
PART-1-1
PART-1
1
PART-1-1
14
-2147483647
0
48 1 16 5 0 1 0 -1 -1 6624 1 -1879048189 1 6624 
0
1
PART-1-1
14
-2147483647
0
48 1 16 5 0 1 0 -1 -1 11417 1 -1879048189 1 11417 
0
0
1
PART-1-1
1
FULLMESH
0
1
14
-2147483647
48 1 16 5 0 1 0 -1 -1 11417 1 -1879048189 1 11417 
0
0
0
0
1
PART-1-1
4
BOTTOM
0
1
6
1124 1125 6421 6423 6430 6434 
0
0
LEFT
0
1
9
961 962 5094 5099 5129 5130 5132 5136 5141 
0
0
RIGHT
0
1
5
1287 1288 5919 5925 5939 
0
0
TOP
0
1
7
798 799 6577 6590 6598 6601 6606 
0
0
0
0
0
