0
1
0
Assembly-1
1
PART-1-1
PART-1
1
PART-1-1
14
-2147483647
0
48 1 16 5 0 1 0 -1 -1 14599 1 -1879048189 1 14599 
0
1
PART-1-1
14
-2147483647
0
48 1 16 5 0 1 0 -1 -1 27310 1 -1879048189 1 27310 
0
0
1
PART-1-1
1
FULLMESH
0
1
14
-2147483647
48 1 16 5 0 1 0 -1 -1 27310 1 -1879048189 1 27310 
0
0
0
0
1
PART-1-1
4
BOTTOM
0
1
16
1124 1125 14055 14096 14215 14236 14242 14246 14278 14289 14292 14293 14298 14308 14359 14367 
0
0
LEFT
0
1
17
961 962 11242 11325 11477 11479 11604 11619 11624 11628 11631 11633 11645 11690 12638 12641 12648 
0
0
RIGHT
0
1
17
1287 1288 12088 12396 12719 13035 13038 13052 13078 13082 13089 13093 13144 13355 13356 14565 14568 
0
0
TOP
0
1
17
798 799 9216 10437 10458 10802 10821 10826 10828 10833 11136 11153 11545 11547 11740 12490 12655 
0
0
0
0
0
