0
1
0
Assembly-1
1
PART-1-1
PART-1
1
PART-1-1
14
-2147483647
0
48 1 16 5 0 1 0 -1 -1 12020 1 -1879048189 1 12020 
0
1
PART-1-1
14
-2147483647
0
48 1 16 5 0 1 0 -1 -1 22006 1 -1879048189 1 22006 
0
0
1
PART-1-1
1
FULLMESH
0
1
14
-2147483647
48 1 16 5 0 1 0 -1 -1 22006 1 -1879048189 1 22006 
0
0
0
0
1
PART-1-1
4
BOTTOM
0
1
15
1124 1125 11373 11495 11499 11527 11546 11553 11557 11602 11607 11611 11612 11615 11636 
0
0
LEFT
0
1
16
961 962 8351 8431 8529 8536 8602 8605 8611 8631 8943 8949 8954 9166 9171 9173 
0
0
RIGHT
0
1
15
1287 1288 10854 10856 10942 10948 10965 10978 10982 10984 10987 11083 11084 11832 11834 
0
0
TOP
0
1
15
798 799 10241 10273 10281 10284 10306 10311 10322 10329 10333 10371 10577 10590 10593 
0
0
0
0
0
