0
1
0
Assembly-1
1
PART-1-1
PART-1
1
PART-1-1
14
-2147483647
0
48 1 16 5 0 1 0 -1 -1 15288 1 -1879048189 1 15288 
0
1
PART-1-1
14
-2147483647
0
48 1 16 5 0 1 0 -1 -1 28388 1 -1879048189 1 28388 
0
0
1
PART-1-1
1
FULLMESH
0
1
14
-2147483647
48 1 16 5 0 1 0 -1 -1 28388 1 -1879048189 1 28388 
0
0
0
0
1
PART-1-1
4
BOTTOM
0
1
15
1124 1125 14818 14972 15002 15023 15035 15043 15059 15067 15069 15097 15109 15113 15121 
0
0
LEFT
0
1
17
961 962 12243 12255 12289 12294 12295 12303 12304 12631 12641 12644 12652 13637 13701 13776 15156 
0
0
RIGHT
0
1
16
1287 1288 13665 13973 14000 14007 14017 14020 14023 14028 14030 14038 14084 14088 14093 15176 
0
0
TOP
0
1
17
798 799 11645 12515 12530 12539 12735 12739 12744 12746 13029 13046 13381 13382 13384 13625 15163 
0
0
0
0
0
