0
1
0
Assembly-1
1
PART-1-1
PART-1
1
PART-1-1
14
-2147483647
0
48 1 16 5 0 1 0 -1 -1 14168 1 -1879048189 1 14168 
0
1
PART-1-1
14
-2147483647
0
48 1 16 5 0 1 0 -1 -1 25827 1 -1879048189 1 25827 
0
0
1
PART-1-1
1
FULLMESH
0
1
14
-2147483647
48 1 16 5 0 1 0 -1 -1 25827 1 -1879048189 1 25827 
0
0
0
0
1
PART-1-1
4
BOTTOM
0
1
6
1124 1125 13978 13983 13994 13995 
0
0
LEFT
0
1
6
961 962 10152 10158 10170 10226 
0
0
RIGHT
0
1
6
1287 1288 11888 11902 11913 11914 
0
0
TOP
0
1
6
798 799 14123 14134 14138 14161 
0
0
0
0
0
