0
1
0
Assembly-1
1
PART-1-1
PART-1
1
PART-1-1
14
-2147483647
0
48 1 16 5 0 1 0 -1 -1 20646 1 -1879048189 1 20646 
0
1
PART-1-1
14
-2147483647
0
48 1 16 5 0 1 0 -1 -1 38735 1 -1879048189 1 38735 
0
0
1
PART-1-1
1
FULLMESH
0
1
14
-2147483647
48 1 16 5 0 1 0 -1 -1 38735 1 -1879048189 1 38735 
0
0
0
0
1
PART-1-1
4
BOTTOM
0
1
17
1124 1125 18918 19832 20077 20115 20119 20122 20126 20136 20187 20195 20206 20209 20374 20435 20438 
0
0
LEFT
0
1
17
961 962 17275 19496 19518 19543 19552 19575 19594 19608 19610 19900 19908 19912 19948 20218 20220 
0
0
RIGHT
0
1
17
1287 1288 15926 17347 17389 17411 17429 17431 17435 17469 18992 19001 19017 19024 19035 19041 19045 
0
0
TOP
0
1
17
798 799 19201 19211 19220 19235 19698 19743 19754 19759 20233 20238 20276 20401 20446 20447 20454 
0
0
0
0
0
