0
1
0
Assembly-1
1
PART-1-1
PART-1
1
PART-1-1
14
-2147483647
0
48 1 16 5 0 1 0 -1 -1 17732 1 -1879048189 1 17732 
0
1
PART-1-1
14
-2147483647
0
48 1 16 5 0 1 0 -1 -1 33268 1 -1879048189 1 33268 
0
0
1
PART-1-1
1
FULLMESH
0
1
14
-2147483647
48 1 16 5 0 1 0 -1 -1 33268 1 -1879048189 1 33268 
0
0
0
0
1
PART-1-1
4
BOTTOM
0
1
9
1124 1125 14974 15003 15013 15014 15020 15845 16175 
0
0
LEFT
0
1
10
961 962 16429 16470 16473 16475 16760 16764 16775 17258 
0
0
RIGHT
0
1
9
1287 1288 17438 17549 17563 17565 17580 17587 17594 
0
0
TOP
0
1
11
798 799 14025 14505 14518 14519 14529 15246 15250 15253 15690 
0
0
0
0
0
