0
1
0
Assembly-1
1
PART-1-1
PART-1
1
PART-1-1
14
-2147483647
0
48 1 16 5 0 1 0 -1 -1 8555 1 -1879048189 1 8555 
0
1
PART-1-1
14
-2147483647
0
48 1 16 5 0 1 0 -1 -1 15279 1 -1879048189 1 15279 
0
0
1
PART-1-1
1
FULLMESH
0
1
14
-2147483647
48 1 16 5 0 1 0 -1 -1 15279 1 -1879048189 1 15279 
0
0
0
0
1
PART-1-1
4
BOTTOM
0
1
6
1124 1125 7570 7574 7604 7605 
0
0
LEFT
0
1
9
961 962 8160 8175 8178 8184 8185 8188 8532 
0
0
RIGHT
0
1
7
1287 1288 8448 8470 8497 8510 8513 
0
0
TOP
0
1
7
798 799 7985 7986 8002 8549 8552 
0
0
0
0
0
