0
1
0
Assembly-1
1
PART-1-1
PART-1
1
PART-1-1
14
-2147483647
0
48 1 16 5 0 1 0 -1 -1 12861 1 -1879048189 1 12861 
0
1
PART-1-1
14
-2147483647
0
48 1 16 5 0 1 0 -1 -1 23251 1 -1879048189 1 23251 
0
0
1
PART-1-1
1
FULLMESH
0
1
14
-2147483647
48 1 16 5 0 1 0 -1 -1 23251 1 -1879048189 1 23251 
0
0
0
0
1
PART-1-1
4
BOTTOM
0
1
15
1124 1125 8468 8709 8926 8950 8958 8960 8965 8971 8985 9018 9028 9033 9042 
0
0
LEFT
0
1
17
961 962 6916 6955 7452 7453 7457 7466 7468 7474 8565 8568 8574 8585 8587 8592 8596 
0
0
RIGHT
0
1
17
1287 1288 8040 8791 9063 9075 9077 9078 9080 9085 9088 9101 9102 9106 9111 9208 9244 
0
0
TOP
0
1
15
798 799 12339 12529 12633 12663 12669 12696 12705 12727 12729 12737 12769 12773 12813 
0
0
0
0
0
