0
1
0
Assembly-1
1
PART-1-1
PART-1
1
PART-1-1
14
-2147483647
0
48 1 16 5 0 1 0 -1 -1 13229 1 -1879048189 1 13229 
0
1
PART-1-1
14
-2147483647
0
48 1 16 5 0 1 0 -1 -1 24365 1 -1879048189 1 24365 
0
0
1
PART-1-1
1
FULLMESH
0
1
14
-2147483647
48 1 16 5 0 1 0 -1 -1 24365 1 -1879048189 1 24365 
0
0
0
0
1
PART-1-1
4
BOTTOM
0
1
9
1124 1125 12892 12903 12908 12913 12954 12976 12983 
0
0
LEFT
0
1
9
961 962 12662 12760 12762 12772 12782 12793 12797 
0
0
RIGHT
0
1
9
1287 1288 12686 12696 12704 12726 12739 12845 12874 
0
0
TOP
0
1
9
798 799 13146 13169 13173 13184 13190 13202 13208 
0
0
0
0
0
