0
1
0
Assembly-1
1
PART-1-1
PART-1
1
PART-1-1
14
-2147483647
0
48 1 16 5 0 1 0 -1 -1 19138 1 -1879048189 1 19138 
0
1
PART-1-1
14
-2147483647
0
48 1 16 5 0 1 0 -1 -1 35857 1 -1879048189 1 35857 
0
0
1
PART-1-1
1
FULLMESH
0
1
14
-2147483647
48 1 16 5 0 1 0 -1 -1 35857 1 -1879048189 1 35857 
0
0
0
0
1
PART-1-1
4
BOTTOM
0
1
17
1124 1125 15631 15680 16400 16405 16407 16431 16889 17261 17270 17275 17691 17692 18128 18457 18460 
0
0
LEFT
0
1
17
961 962 17788 18309 18331 18335 18488 18609 18619 18626 18634 18668 18672 18675 18686 18688 18703 
0
0
RIGHT
0
1
17
1287 1288 17923 17926 18047 18054 18087 18091 18406 18407 18411 18419 18420 18431 18433 18524 18527 
0
0
TOP
0
1
16
798 799 16845 17231 17624 17626 17627 18108 18116 18446 18556 18558 18567 19096 19097 19104 
0
0
0
0
0
