0
1
0
Assembly-1
1
PART-1-1
PART-1
1
PART-1-1
14
-2147483647
0
48 1 16 5 0 1 0 -1 -1 15673 1 -1879048189 1 15673 
0
1
PART-1-1
14
-2147483647
0
48 1 16 5 0 1 0 -1 -1 28830 1 -1879048189 1 28830 
0
0
1
PART-1-1
1
FULLMESH
0
1
14
-2147483647
48 1 16 5 0 1 0 -1 -1 28830 1 -1879048189 1 28830 
0
0
0
0
1
PART-1-1
4
BOTTOM
0
1
9
1124 1125 15270 15294 15302 15305 15306 15307 15331 
0
0
LEFT
0
1
8
961 962 12302 12311 12324 12342 12660 12791 
0
0
RIGHT
0
1
7
1287 1288 15563 15568 15586 15591 15616 
0
0
TOP
0
1
7
798 799 14515 14518 14526 14548 14580 
0
0
0
0
0
