0
1
0
Assembly-1
1
PART-1-1
PART-1
1
PART-1-1
14
-2147483647
0
48 1 16 5 0 1 0 -1 -1 12196 1 -1879048189 1 12196 
0
1
PART-1-1
14
-2147483647
0
48 1 16 5 0 1 0 -1 -1 21811 1 -1879048189 1 21811 
0
0
1
PART-1-1
1
FULLMESH
0
1
14
-2147483647
48 1 16 5 0 1 0 -1 -1 21811 1 -1879048189 1 21811 
0
0
0
0
1
PART-1-1
4
BOTTOM
0
1
7
1124 1125 11458 11477 11491 11500 11504 
0
0
LEFT
0
1
7
961 962 10353 10356 10372 10374 10378 
0
0
RIGHT
0
1
7
1287 1288 11083 11088 11095 11110 11112 
0
0
TOP
0
1
5
798 799 12147 12149 12181 
0
0
0
0
0
