0
1
0
Assembly-1
1
PART-1-1
PART-1
1
PART-1-1
14
-2147483647
0
48 1 16 5 0 1 0 -1 -1 17488 1 -1879048189 1 17488 
0
1
PART-1-1
14
-2147483647
0
48 1 16 5 0 1 0 -1 -1 32643 1 -1879048189 1 32643 
0
0
1
PART-1-1
1
FULLMESH
0
1
14
-2147483647
48 1 16 5 0 1 0 -1 -1 32643 1 -1879048189 1 32643 
0
0
0
0
1
PART-1-1
4
BOTTOM
0
1
12
1124 1125 16711 16768 16782 16791 16794 16844 16893 16953 16954 16958 
0
0
LEFT
0
1
9
961 962 17409 17412 17415 17419 17424 17433 17449 
0
0
RIGHT
0
1
10
1287 1288 16192 16195 16490 16494 16496 16500 16612 17481 
0
0
TOP
0
1
12
798 799 16980 16992 16994 16995 17010 17021 17022 17024 17026 17031 
0
0
0
0
0
