0
1
0
Assembly-1
1
PART-1-1
PART-1
1
PART-1-1
14
-2147483647
0
48 1 16 5 0 1 0 -1 -1 13165 1 -1879048189 1 13165 
0
1
PART-1-1
14
-2147483647
0
48 1 16 5 0 1 0 -1 -1 23692 1 -1879048189 1 23692 
0
0
1
PART-1-1
1
FULLMESH
0
1
14
-2147483647
48 1 16 5 0 1 0 -1 -1 23692 1 -1879048189 1 23692 
0
0
0
0
1
PART-1-1
4
BOTTOM
0
1
8
1124 1125 11335 11358 11359 11361 11373 11384 
0
0
LEFT
0
1
8
961 962 13054 13063 13077 13079 13086 13096 
0
0
RIGHT
0
1
9
1287 1288 12807 12827 12831 12836 12866 12881 13157 
0
0
TOP
0
1
9
798 799 10815 10825 10827 10836 10842 10846 10853 
0
0
0
0
0
