0
1
0
Assembly-1
1
PART-1-1
PART-1
1
PART-1-1
14
-2147483647
0
48 1 16 5 0 1 0 -1 -1 17259 1 -1879048189 1 17259 
0
1
PART-1-1
14
-2147483647
0
48 1 16 5 0 1 0 -1 -1 32150 1 -1879048189 1 32150 
0
0
1
PART-1-1
1
FULLMESH
0
1
14
-2147483647
48 1 16 5 0 1 0 -1 -1 32150 1 -1879048189 1 32150 
0
0
0
0
1
PART-1-1
4
BOTTOM
0
1
13
1124 1125 14642 14703 14733 14734 14738 14750 14767 14834 15052 15077 15079 
0
0
LEFT
0
1
15
961 962 15857 15921 15925 15932 15968 15978 15988 16014 16018 16022 16030 16452 16454 
0
0
RIGHT
0
1
16
1287 1288 16413 16419 16621 16627 16632 16637 16638 16648 16876 16879 16895 16897 16995 16997 
0
0
TOP
0
1
13
798 799 16960 16965 17061 17110 17117 17125 17132 17135 17140 17149 17166 
0
0
0
0
0
