0
1
0
Assembly-1
1
PART-1-1
PART-1
1
PART-1-1
14
-2147483647
0
48 1 16 5 0 1 0 -1 -1 13664 1 -1879048189 1 13664 
0
1
PART-1-1
14
-2147483647
0
48 1 16 5 0 1 0 -1 -1 24811 1 -1879048189 1 24811 
0
0
1
PART-1-1
1
FULLMESH
0
1
14
-2147483647
48 1 16 5 0 1 0 -1 -1 24811 1 -1879048189 1 24811 
0
0
0
0
1
PART-1-1
4
BOTTOM
0
1
8
1124 1125 12812 12845 12860 12862 12865 12883 
0
0
LEFT
0
1
9
961 962 11637 11663 11664 11676 11689 11695 11701 
0
0
RIGHT
0
1
8
1287 1288 10899 10902 11129 11261 11273 11368 
0
0
TOP
0
1
9
798 799 13536 13580 13598 13604 13620 13623 13638 
0
0
0
0
0
