0
1
0
Assembly-1
1
PART-1-1
PART-1
1
PART-1-1
14
-2147483647
0
48 1 16 5 0 1 0 -1 -1 20779 1 -1879048189 1 20779 
0
1
PART-1-1
14
-2147483647
0
48 1 16 5 0 1 0 -1 -1 39034 1 -1879048189 1 39034 
0
0
1
PART-1-1
1
FULLMESH
0
1
14
-2147483647
48 1 16 5 0 1 0 -1 -1 39034 1 -1879048189 1 39034 
0
0
0
0
1
PART-1-1
4
BOTTOM
0
1
17
1124 1125 17737 17939 18022 18072 18075 18088 18091 18098 18104 18108 18301 18308 18310 18311 18329 
0
0
LEFT
0
1
17
961 962 16506 16962 16968 16969 16976 16997 16999 17002 17034 17044 17047 17058 17072 17405 17791 
0
0
RIGHT
0
1
17
1287 1288 18523 18755 18760 18782 18783 18784 18790 18803 18807 18813 18885 18912 18921 18945 20765 
0
0
TOP
0
1
16
798 799 17892 18644 18658 18661 18669 18681 18710 18851 18857 18866 18896 18898 18901 18934 
0
0
0
0
0
