0
1
0
Assembly-1
1
PART-1-1
PART-1
1
PART-1-1
14
-2147483647
0
48 1 16 5 0 1 0 -1 -1 14099 1 -1879048189 1 14099 
0
1
PART-1-1
14
-2147483647
0
48 1 16 5 0 1 0 -1 -1 26187 1 -1879048189 1 26187 
0
0
1
PART-1-1
1
FULLMESH
0
1
14
-2147483647
48 1 16 5 0 1 0 -1 -1 26187 1 -1879048189 1 26187 
0
0
0
0
1
PART-1-1
4
BOTTOM
0
1
6
1124 1125 14024 14042 14061 14063 
0
0
LEFT
0
1
9
961 962 13417 13458 13464 13470 13474 13481 13493 
0
0
RIGHT
0
1
9
1287 1288 12957 12962 12971 12979 12984 12995 13077 
0
0
TOP
0
1
8
798 799 13252 13272 13273 13339 13341 13349 
0
0
0
0
0
