0
1
0
Assembly-1
1
PART-1-1
PART-1
1
PART-1-1
14
-2147483647
0
48 1 16 5 0 1 0 -1 -1 12650 1 -1879048189 1 12650 
0
1
PART-1-1
14
-2147483647
0
48 1 16 5 0 1 0 -1 -1 23242 1 -1879048189 1 23242 
0
0
1
PART-1-1
1
FULLMESH
0
1
14
-2147483647
48 1 16 5 0 1 0 -1 -1 23242 1 -1879048189 1 23242 
0
0
0
0
1
PART-1-1
4
BOTTOM
0
1
11
1124 1125 11019 11040 11071 11072 11088 11107 11151 11163 11168 
0
0
LEFT
0
1
11
961 962 12347 12395 12410 12419 12423 12452 12454 12466 12470 
0
0
RIGHT
0
1
12
1287 1288 10620 10783 10785 10793 10795 10905 10908 10915 12624 12631 
0
0
TOP
0
1
11
798 799 9869 9944 9987 9988 9990 10002 10004 10009 10016 
0
0
0
0
0
