0
1
0
Assembly-1
1
PART-1-1
PART-1
1
PART-1-1
14
-2147483647
0
48 1 16 5 0 1 0 -1 -1 18999 1 -1879048189 1 18999 
0
1
PART-1-1
14
-2147483647
0
48 1 16 5 0 1 0 -1 -1 35318 1 -1879048189 1 35318 
0
0
1
PART-1-1
1
FULLMESH
0
1
14
-2147483647
48 1 16 5 0 1 0 -1 -1 35318 1 -1879048189 1 35318 
0
0
0
0
1
PART-1-1
4
BOTTOM
0
1
17
1124 1125 10660 10806 10810 10813 10815 10861 10926 10942 10946 10960 10965 10983 10989 10992 11004 
0
0
LEFT
0
1
17
961 962 8101 8147 8185 8720 8723 8735 8741 8747 8751 8766 9569 9579 9580 9778 9964 
0
0
RIGHT
0
1
17
1287 1288 15539 15600 15616 15627 15655 15664 15847 15849 15858 15871 15883 15890 15892 15906 15932 
0
0
TOP
0
1
17
798 799 18565 18627 18709 18770 18778 18782 18783 18796 18804 18812 18821 18825 18970 18979 18993 
0
0
0
0
0
