0
1
0
Assembly-1
1
PART-1-1
PART-1
1
PART-1-1
14
-2147483647
0
48 1 16 5 0 1 0 -1 -1 15262 1 -1879048189 1 15262 
0
1
PART-1-1
14
-2147483647
0
48 1 16 5 0 1 0 -1 -1 28341 1 -1879048189 1 28341 
0
0
1
PART-1-1
1
FULLMESH
0
1
14
-2147483647
48 1 16 5 0 1 0 -1 -1 28341 1 -1879048189 1 28341 
0
0
0
0
1
PART-1-1
4
BOTTOM
0
1
17
1124 1125 14665 14784 14823 14831 14861 14862 14863 14876 14882 14906 14907 14922 15008 15019 15038 
0
0
LEFT
0
1
17
961 962 11611 11655 11670 11676 11688 11706 11710 12447 12834 12849 13169 13532 13739 13744 15218 
0
0
RIGHT
0
1
17
1287 1288 13382 13418 13424 13433 13786 13789 13798 13802 13808 13813 13977 13992 13994 13996 14125 
0
0
TOP
0
1
17
798 799 12123 13194 13202 13209 13210 13233 13329 13332 13339 13545 13554 13560 13751 13756 15249 
0
0
0
0
0
