0
1
0
Assembly-1
1
PART-1-1
PART-1
1
PART-1-1
14
-2147483647
0
48 1 16 5 0 1 0 -1 -1 13445 1 -1879048189 1 13445 
0
1
PART-1-1
14
-2147483647
0
48 1 16 5 0 1 0 -1 -1 24685 1 -1879048189 1 24685 
0
0
1
PART-1-1
1
FULLMESH
0
1
14
-2147483647
48 1 16 5 0 1 0 -1 -1 24685 1 -1879048189 1 24685 
0
0
0
0
1
PART-1-1
4
BOTTOM
0
1
8
1124 1125 11894 11904 11907 11914 11918 12014 
0
0
LEFT
0
1
9
961 962 12132 12166 12171 12177 12187 12193 12197 
0
0
RIGHT
0
1
8
1287 1288 13282 13285 13324 13332 13336 13381 
0
0
TOP
0
1
9
798 799 11785 11976 12094 12095 12097 12337 12343 
0
0
0
0
0
