0
1
0
Assembly-1
1
PART-1-1
PART-1
1
PART-1-1
14
-2147483647
0
48 1 16 5 0 1 0 -1 -1 14354 1 -1879048189 1 14354 
0
1
PART-1-1
14
-2147483647
0
48 1 16 5 0 1 0 -1 -1 26435 1 -1879048189 1 26435 
0
0
1
PART-1-1
1
FULLMESH
0
1
14
-2147483647
48 1 16 5 0 1 0 -1 -1 26435 1 -1879048189 1 26435 
0
0
0
0
1
PART-1-1
4
BOTTOM
0
1
17
1124 1125 5955 5960 6110 6163 6182 6196 6198 6213 6281 6330 6333 6362 6368 6371 6405 
0
0
LEFT
0
1
17
961 962 8431 8486 8724 8739 8762 8767 8877 8886 8891 8966 8970 8989 9015 9030 9033 
0
0
RIGHT
0
1
18
1287 1288 11129 11185 11222 11225 11315 11334 11342 11352 11360 11367 11382 11391 11423 11494 11496 11544 
0
0
TOP
0
1
17
798 799 13821 13948 13972 13979 13980 14069 14070 14073 14081 14091 14188 14210 14217 14291 14314 
0
0
0
0
0
