0
1
0
Assembly-1
1
PART-1-1
PART-1
1
PART-1-1
14
-2147483647
0
48 1 16 5 0 1 0 -1 -1 16240 1 -1879048189 1 16240 
0
1
PART-1-1
14
-2147483647
0
48 1 16 5 0 1 0 -1 -1 30395 1 -1879048189 1 30395 
0
0
1
PART-1-1
1
FULLMESH
0
1
14
-2147483647
48 1 16 5 0 1 0 -1 -1 30395 1 -1879048189 1 30395 
0
0
0
0
1
PART-1-1
4
BOTTOM
0
1
17
1124 1125 15221 15490 15538 15551 15556 15586 15593 15602 15608 15616 15619 15744 15753 15825 15836 
0
0
LEFT
0
1
17
961 962 15855 16004 16023 16104 16107 16109 16113 16138 16139 16140 16147 16155 16165 16174 16180 
0
0
RIGHT
0
1
15
1287 1288 14401 15093 15135 15137 15139 15393 15394 15397 15401 15423 15433 15445 15450 
0
0
TOP
0
1
17
798 799 13109 13159 13666 14153 14160 14167 14169 14182 14185 14190 14192 14210 14452 15467 15472 
0
0
0
0
0
