0
1
0
Assembly-1
1
PART-1-1
PART-1
1
PART-1-1
14
-2147483647
0
48 1 16 5 0 1 0 -1 -1 17821 1 -1879048189 1 17821 
0
1
PART-1-1
14
-2147483647
0
48 1 16 5 0 1 0 -1 -1 33263 1 -1879048189 1 33263 
0
0
1
PART-1-1
1
FULLMESH
0
1
14
-2147483647
48 1 16 5 0 1 0 -1 -1 33263 1 -1879048189 1 33263 
0
0
0
0
1
PART-1-1
4
BOTTOM
0
1
13
1124 1125 16737 16774 16795 16799 16830 17779 17786 17788 17792 17794 17798 
0
0
LEFT
0
1
10
961 962 16397 16411 16502 16508 16514 16519 16642 16702 
0
0
RIGHT
0
1
13
1287 1288 15542 15552 15598 15814 15817 15820 15821 15825 15827 16200 17726 
0
0
TOP
0
1
11
798 799 17367 17486 17495 17498 17515 17527 17582 17583 17819 
0
0
0
0
0
