0
1
0
Assembly-1
1
PART-1-1
PART-1
1
PART-1-1
14
-2147483647
0
48 1 16 5 0 1 0 -1 -1 13090 1 -1879048189 1 13090 
0
1
PART-1-1
14
-2147483647
0
48 1 16 5 0 1 0 -1 -1 23553 1 -1879048189 1 23553 
0
0
1
PART-1-1
1
FULLMESH
0
1
14
-2147483647
48 1 16 5 0 1 0 -1 -1 23553 1 -1879048189 1 23553 
0
0
0
0
1
PART-1-1
4
BOTTOM
0
1
12
1124 1125 11078 11082 11083 11097 11130 11132 11166 11172 11174 11180 
0
0
LEFT
0
1
12
961 962 9064 9272 9274 9290 9296 9319 9320 9352 9353 9447 
0
0
RIGHT
0
1
10
1287 1288 8216 8272 8512 8516 8529 8563 8568 11228 
0
0
TOP
0
1
11
798 799 9455 9467 9474 9507 9553 9555 9558 9564 9568 
0
0
0
0
0
