0
1
0
Assembly-1
1
PART-1-1
PART-1
1
PART-1-1
14
-2147483647
0
48 1 16 5 0 1 0 -1 -1 26151 1 -1879048189 1 26151 
0
1
PART-1-1
14
-2147483647
0
48 1 16 5 0 1 0 -1 -1 49612 1 -1879048189 1 49612 
0
0
1
PART-1-1
1
FULLMESH
0
1
14
-2147483647
48 1 16 5 0 1 0 -1 -1 49612 1 -1879048189 1 49612 
0
0
0
0
1
PART-1-1
4
BOTTOM
0
1
17
1124 1125 24693 24758 24759 25077 25082 25085 25305 25319 25321 25326 25334 25531 25806 25813 25848 
0
0
LEFT
0
1
17
961 962 23811 23818 23826 24900 25161 25175 25461 25466 25595 25606 25607 25612 25625 25635 26121 
0
0
RIGHT
0
1
17
1287 1288 23580 24832 24851 25354 25355 25362 25393 25550 25551 25564 25566 25569 25711 25728 25772 
0
0
TOP
0
1
17
798 799 24009 24041 24394 24400 24940 25162 25168 25184 25188 25190 25651 25744 25750 25755 25792 
0
0
0
0
0
