0
1
0
Assembly-1
1
PART-1-1
PART-1
1
PART-1-1
14
-2147483647
0
48 1 16 5 0 1 0 -1 -1 14409 1 -1879048189 1 14409 
0
1
PART-1-1
14
-2147483647
0
48 1 16 5 0 1 0 -1 -1 26496 1 -1879048189 1 26496 
0
0
1
PART-1-1
1
FULLMESH
0
1
14
-2147483647
48 1 16 5 0 1 0 -1 -1 26496 1 -1879048189 1 26496 
0
0
0
0
1
PART-1-1
4
BOTTOM
0
1
15
1124 1125 10538 10553 11129 11160 11190 11195 11198 11394 11770 12097 12111 12113 14348 
0
0
LEFT
0
1
15
961 962 11587 12191 12222 12227 12242 12245 12267 12282 12293 12295 12304 12314 14351 
0
0
RIGHT
0
1
15
1287 1288 12551 12923 12928 12938 12943 12944 13033 13037 13042 13046 13286 13338 13345 
0
0
TOP
0
1
16
798 799 13115 13190 13196 13245 13249 13255 13257 13310 13314 13318 13350 13357 13359 13363 
0
0
0
0
0
