0
1
0
Assembly-1
1
PART-1-1
PART-1
1
PART-1-1
14
-2147483647
0
48 1 16 5 0 1 0 -1 -1 15631 1 -1879048189 1 15631 
0
1
PART-1-1
14
-2147483647
0
48 1 16 5 0 1 0 -1 -1 28998 1 -1879048189 1 28998 
0
0
1
PART-1-1
1
FULLMESH
0
1
14
-2147483647
48 1 16 5 0 1 0 -1 -1 28998 1 -1879048189 1 28998 
0
0
0
0
1
PART-1-1
4
BOTTOM
0
1
9
1124 1125 14123 14374 14379 14381 14430 14435 14445 
0
0
LEFT
0
1
9
961 962 15148 15199 15205 15210 15213 15224 15266 
0
0
RIGHT
0
1
9
1287 1288 15472 15530 15531 15532 15533 15582 15591 
0
0
TOP
0
1
9
798 799 13984 14046 14054 14057 14289 14294 14359 
0
0
0
0
0
