0
1
0
Assembly-1
1
PART-1-1
PART-1
1
PART-1-1
14
-2147483647
0
48 1 16 5 0 1 0 -1 -1 10027 1 -1879048189 1 10027 
0
1
PART-1-1
14
-2147483647
0
48 1 16 5 0 1 0 -1 -1 17786 1 -1879048189 1 17786 
0
0
1
PART-1-1
1
FULLMESH
0
1
14
-2147483647
48 1 16 5 0 1 0 -1 -1 17786 1 -1879048189 1 17786 
0
0
0
0
1
PART-1-1
4
BOTTOM
0
1
9
1124 1125 7306 7482 7530 7532 7539 7775 7782 
0
0
LEFT
0
1
9
961 962 9841 9874 9875 9884 9888 9890 9941 
0
0
RIGHT
0
1
9
1287 1288 7605 7611 7823 7901 7909 8001 8043 
0
0
TOP
0
1
9
798 799 8221 8257 8263 8266 8272 8276 9111 
0
0
0
0
0
