0
1
0
Assembly-1
1
PART-1-1
PART-1
1
PART-1-1
14
-2147483647
0
48 1 16 5 0 1 0 -1 -1 17343 1 -1879048189 1 17343 
0
1
PART-1-1
14
-2147483647
0
48 1 16 5 0 1 0 -1 -1 31899 1 -1879048189 1 31899 
0
0
1
PART-1-1
1
FULLMESH
0
1
14
-2147483647
48 1 16 5 0 1 0 -1 -1 31899 1 -1879048189 1 31899 
0
0
0
0
1
PART-1-1
4
BOTTOM
0
1
11
1124 1125 16322 16699 16908 16919 16923 16924 16946 16977 16994 
0
0
LEFT
0
1
12
961 962 16223 16396 16418 16420 16422 16431 16432 16580 16593 16606 
0
0
RIGHT
0
1
13
1287 1288 16797 16818 16839 16841 16847 16850 16851 16856 16973 16990 17334 
0
0
TOP
0
1
12
798 799 14140 14190 14218 14226 14236 14237 14247 14255 14260 14265 
0
0
0
0
0
