0
1
0
Assembly-1
1
PART-1-1
PART-1
1
PART-1-1
14
-2147483647
0
48 1 16 5 0 1 0 -1 -1 9407 1 -1879048189 1 9407 
0
1
PART-1-1
14
-2147483647
0
48 1 16 5 0 1 0 -1 -1 16750 1 -1879048189 1 16750 
0
0
1
PART-1-1
1
FULLMESH
0
1
14
-2147483647
48 1 16 5 0 1 0 -1 -1 16750 1 -1879048189 1 16750 
0
0
0
0
1
PART-1-1
4
BOTTOM
0
1
8
1124 1125 9355 9360 9363 9368 9393 9402 
0
0
LEFT
0
1
7
961 962 8580 8610 8612 8626 8641 
0
0
RIGHT
0
1
8
1287 1288 9289 9290 9296 9299 9329 9336 
0
0
TOP
0
1
9
798 799 9076 9093 9119 9133 9148 9150 9158 
0
0
0
0
0
