0
1
0
Assembly-1
1
PART-1-1
PART-1
1
PART-1-1
14
-2147483647
0
48 1 16 5 0 1 0 -1 -1 9018 1 -1879048189 1 9018 
0
1
PART-1-1
14
-2147483647
0
48 1 16 5 0 1 0 -1 -1 15708 1 -1879048189 1 15708 
0
0
1
PART-1-1
1
FULLMESH
0
1
14
-2147483647
48 1 16 5 0 1 0 -1 -1 15708 1 -1879048189 1 15708 
0
0
0
0
1
PART-1-1
4
BOTTOM
0
1
9
1124 1125 7808 7830 7834 7836 7851 7855 7861 
0
0
LEFT
0
1
8
961 962 7128 7139 7146 7148 7188 7208 
0
0
RIGHT
0
1
9
1287 1288 5818 5838 5855 5858 5866 5871 5872 
0
0
TOP
0
1
8
798 799 8952 8958 8965 8971 8974 8980 
0
0
0
0
0
