0
1
0
Assembly-1
1
PART-1-1
PART-1
1
PART-1-1
14
-2147483647
0
48 1 16 5 0 1 0 -1 -1 15142 1 -1879048189 1 15142 
0
1
PART-1-1
14
-2147483647
0
48 1 16 5 0 1 0 -1 -1 28039 1 -1879048189 1 28039 
0
0
1
PART-1-1
1
FULLMESH
0
1
14
-2147483647
48 1 16 5 0 1 0 -1 -1 28039 1 -1879048189 1 28039 
0
0
0
0
1
PART-1-1
4
BOTTOM
0
1
17
1124 1125 14099 14127 14154 14214 14220 14223 14228 14229 14230 14250 14272 14308 14311 15109 15113 
0
0
LEFT
0
1
15
961 962 13052 13379 13387 13746 13751 13752 13766 13768 13775 14033 14072 14081 14085 
0
0
RIGHT
0
1
14
1287 1288 12855 12898 12901 12914 12939 12943 12965 12977 13166 13172 13192 13193 
0
0
TOP
0
1
15
798 799 14342 14370 14399 14474 14517 14529 14533 14543 14544 14576 14592 14597 14602 
0
0
0
0
0
