0
1
0
Assembly-1
1
PART-1-1
PART-1
1
PART-1-1
14
-2147483647
0
48 1 16 5 0 1 0 -1 -1 12285 1 -1879048189 1 12285 
0
1
PART-1-1
14
-2147483647
0
48 1 16 5 0 1 0 -1 -1 22374 1 -1879048189 1 22374 
0
0
1
PART-1-1
1
FULLMESH
0
1
14
-2147483647
48 1 16 5 0 1 0 -1 -1 22374 1 -1879048189 1 22374 
0
0
0
0
1
PART-1-1
4
BOTTOM
0
1
8
1124 1125 10924 10930 10933 10935 10940 10984 
0
0
LEFT
0
1
8
961 962 10683 10696 10710 10714 10730 10734 
0
0
RIGHT
0
1
8
1287 1288 12024 12035 12042 12047 12049 12058 
0
0
TOP
0
1
6
798 799 12232 12237 12240 12249 
0
0
0
0
0
