0
1
0
Assembly-1
1
PART-1-1
PART-1
1
PART-1-1
14
-2147483647
0
48 1 16 5 0 1 0 -1 -1 15558 1 -1879048189 1 15558 
0
1
PART-1-1
14
-2147483647
0
48 1 16 5 0 1 0 -1 -1 28591 1 -1879048189 1 28591 
0
0
1
PART-1-1
1
FULLMESH
0
1
14
-2147483647
48 1 16 5 0 1 0 -1 -1 28591 1 -1879048189 1 28591 
0
0
0
0
1
PART-1-1
4
BOTTOM
0
1
6
1124 1125 14153 14180 14183 14184 
0
0
LEFT
0
1
5
961 962 15509 15514 15532 
0
0
RIGHT
0
1
6
1287 1288 15002 15010 15011 15019 
0
0
TOP
0
1
6
798 799 14814 14830 14852 14861 
0
0
0
0
0
