0
1
0
Assembly-1
1
PART-1-1
PART-1
1
PART-1-1
14
-2147483647
0
48 1 16 5 0 1 0 -1 -1 17717 1 -1879048189 1 17717 
0
1
PART-1-1
14
-2147483647
0
48 1 16 5 0 1 0 -1 -1 33255 1 -1879048189 1 33255 
0
0
1
PART-1-1
1
FULLMESH
0
1
14
-2147483647
48 1 16 5 0 1 0 -1 -1 33255 1 -1879048189 1 33255 
0
0
0
0
1
PART-1-1
4
BOTTOM
0
1
15
1124 1125 17477 17495 17532 17537 17539 17545 17547 17550 17553 17565 17573 17575 17583 
0
0
LEFT
0
1
11
961 962 16212 16272 16288 16591 16637 16643 16647 16660 16662 
0
0
RIGHT
0
1
11
1287 1288 16800 16806 17069 17163 17188 17189 17198 17213 17243 
0
0
TOP
0
1
11
798 799 15608 15627 16005 16037 16386 16536 16544 16548 16611 
0
0
0
0
0
