0
1
0
Assembly-1
1
PART-1-1
PART-1
1
PART-1-1
14
-2147483647
0
48 1 16 5 0 1 0 -1 -1 11187 1 -1879048189 1 11187 
0
1
PART-1-1
14
-2147483647
0
48 1 16 5 0 1 0 -1 -1 20487 1 -1879048189 1 20487 
0
0
1
PART-1-1
1
FULLMESH
0
1
14
-2147483647
48 1 16 5 0 1 0 -1 -1 20487 1 -1879048189 1 20487 
0
0
0
0
1
PART-1-1
4
BOTTOM
0
1
10
1124 1125 10807 10922 10964 10985 10993 11007 11025 11045 
0
0
LEFT
0
1
11
961 962 10260 10434 10493 10500 10510 10512 10520 10592 10608 
0
0
RIGHT
0
1
12
1287 1288 8827 8854 8878 8884 8893 8900 9001 9002 9003 9009 
0
0
TOP
0
1
13
798 799 9488 9577 9596 9618 9629 9630 9635 9645 9649 9666 9668 
0
0
0
0
0
