0
1
0
Assembly-1
1
PART-1-1
PART-1
1
PART-1-1
14
-2147483647
0
48 1 16 5 0 1 0 -1 -1 12267 1 -1879048189 1 12267 
0
1
PART-1-1
14
-2147483647
0
48 1 16 5 0 1 0 -1 -1 22126 1 -1879048189 1 22126 
0
0
1
PART-1-1
1
FULLMESH
0
1
14
-2147483647
48 1 16 5 0 1 0 -1 -1 22126 1 -1879048189 1 22126 
0
0
0
0
1
PART-1-1
4
BOTTOM
0
1
14
1124 1125 8652 8973 8994 8995 8999 9002 9005 9007 9035 9086 9104 9108 
0
0
LEFT
0
1
14
961 962 11795 11808 11850 11911 11940 11942 11947 11949 11971 11987 12042 12044 
0
0
RIGHT
0
1
12
1287 1288 7376 7412 7428 7442 7443 7454 7769 8267 8275 8278 
0
0
TOP
0
1
13
798 799 7978 8468 8480 8490 8502 8503 8759 8769 8773 8964 9080 
0
0
0
0
0
