0
1
0
Assembly-1
1
PART-1-1
PART-1
1
PART-1-1
14
-2147483647
0
48 1 16 5 0 1 0 -1 -1 16217 1 -1879048189 1 16217 
0
1
PART-1-1
14
-2147483647
0
48 1 16 5 0 1 0 -1 -1 30275 1 -1879048189 1 30275 
0
0
1
PART-1-1
1
FULLMESH
0
1
14
-2147483647
48 1 16 5 0 1 0 -1 -1 30275 1 -1879048189 1 30275 
0
0
0
0
1
PART-1-1
4
BOTTOM
0
1
16
1124 1125 14418 14904 14915 14923 14936 14939 14941 14949 15268 15270 15426 15427 15435 15445 
0
0
LEFT
0
1
17
961 962 13623 14317 14793 14805 15183 15186 15188 15550 15555 15662 15665 15669 15685 15687 15867 
0
0
RIGHT
0
1
17
1287 1288 15091 15620 15759 15786 15793 15806 15856 15885 15887 15896 15901 15904 15919 16202 16208 
0
0
TOP
0
1
16
798 799 14020 14558 14587 14589 15006 15035 15036 15037 15041 15297 15300 15304 15462 15590 
0
0
0
0
0
