0
1
0
Assembly-1
1
PART-1-1
PART-1
1
PART-1-1
14
-2147483647
0
48 1 16 5 0 1 0 -1 -1 23713 1 -1879048189 1 23713 
0
1
PART-1-1
14
-2147483647
0
48 1 16 5 0 1 0 -1 -1 44587 1 -1879048189 1 44587 
0
0
1
PART-1-1
1
FULLMESH
0
1
14
-2147483647
48 1 16 5 0 1 0 -1 -1 44587 1 -1879048189 1 44587 
0
0
0
0
1
PART-1-1
4
BOTTOM
0
1
16
1124 1125 23082 23126 23145 23161 23170 23178 23183 23187 23190 23197 23198 23217 23218 23543 
0
0
LEFT
0
1
15
961 962 22287 22428 22442 22448 22463 22464 22466 22489 22500 22517 22958 22967 23279 
0
0
RIGHT
0
1
14
1287 1288 22991 23290 23411 23422 23444 23445 23448 23449 23468 23536 23539 23541 
0
0
TOP
0
1
14
798 799 22019 22076 22116 22117 22123 22141 22142 22157 22166 22647 22649 23314 
0
0
0
0
0
