0
1
0
Assembly-1
1
PART-1-1
PART-1
1
PART-1-1
14
-2147483647
0
48 1 16 5 0 1 0 -1 -1 12902 1 -1879048189 1 12902 
0
1
PART-1-1
14
-2147483647
0
48 1 16 5 0 1 0 -1 -1 23708 1 -1879048189 1 23708 
0
0
1
PART-1-1
1
FULLMESH
0
1
14
-2147483647
48 1 16 5 0 1 0 -1 -1 23708 1 -1879048189 1 23708 
0
0
0
0
1
PART-1-1
4
BOTTOM
0
1
9
1124 1125 10652 10669 10673 10678 10679 10690 12130 
0
0
LEFT
0
1
8
961 962 12079 12085 12086 12096 12111 12180 
0
0
RIGHT
0
1
9
1287 1288 12810 12823 12837 12856 12857 12870 12880 
0
0
TOP
0
1
8
798 799 11533 11555 11567 12157 12161 12164 
0
0
0
0
0
