0
1
0
Assembly-1
1
PART-1-1
PART-1
1
PART-1-1
14
-2147483647
0
48 1 16 5 0 1 0 -1 -1 16017 1 -1879048189 1 16017 
0
1
PART-1-1
14
-2147483647
0
48 1 16 5 0 1 0 -1 -1 29794 1 -1879048189 1 29794 
0
0
1
PART-1-1
1
FULLMESH
0
1
14
-2147483647
48 1 16 5 0 1 0 -1 -1 29794 1 -1879048189 1 29794 
0
0
0
0
1
PART-1-1
4
BOTTOM
0
1
15
1124 1125 15032 15343 15351 15354 15374 15381 15386 15387 15415 15424 15430 15565 16008 
0
0
LEFT
0
1
15
961 962 14406 14426 14436 14438 14452 14464 14465 14471 14474 14681 14691 14699 16002 
0
0
RIGHT
0
1
16
1287 1288 15473 15508 15615 15622 15624 15636 15640 15652 15658 15663 15666 15667 15670 15808 
0
0
TOP
0
1
13
798 799 13726 13730 13740 13759 13765 14242 14249 14251 14261 14262 14266 
0
0
0
0
0
