0
1
0
Assembly-1
1
PART-1-1
PART-1
1
PART-1-1
14
-2147483647
0
48 1 16 5 0 1 0 -1 -1 15318 1 -1879048189 1 15318 
0
1
PART-1-1
14
-2147483647
0
48 1 16 5 0 1 0 -1 -1 28649 1 -1879048189 1 28649 
0
0
1
PART-1-1
1
FULLMESH
0
1
14
-2147483647
48 1 16 5 0 1 0 -1 -1 28649 1 -1879048189 1 28649 
0
0
0
0
1
PART-1-1
4
BOTTOM
0
1
12
1124 1125 14710 14859 14869 14873 14883 14891 14896 14898 14914 15029 
0
0
LEFT
0
1
10
961 962 15079 15109 15117 15122 15143 15153 15164 15191 
0
0
RIGHT
0
1
11
1287 1288 14472 14479 14497 14636 14644 14855 15169 15298 15299 
0
0
TOP
0
1
10
798 799 12748 12784 13196 13202 13485 13813 13817 13821 
0
0
0
0
0
