0
1
0
Assembly-1
1
PART-1-1
PART-1
1
PART-1-1
14
-2147483647
0
48 1 16 5 0 1 0 -1 -1 11827 1 -1879048189 1 11827 
0
1
PART-1-1
14
-2147483647
0
48 1 16 5 0 1 0 -1 -1 21720 1 -1879048189 1 21720 
0
0
1
PART-1-1
1
FULLMESH
0
1
14
-2147483647
48 1 16 5 0 1 0 -1 -1 21720 1 -1879048189 1 21720 
0
0
0
0
1
PART-1-1
4
BOTTOM
0
1
17
1124 1125 8561 8602 8628 8644 8646 8649 9516 9517 9529 9537 9740 9768 11764 11811 11816 
0
0
LEFT
0
1
16
961 962 7277 8314 8321 8335 8347 8354 8364 9236 9241 9246 9267 9283 9287 11765 
0
0
RIGHT
0
1
16
1287 1288 9829 9857 10076 10085 10088 10091 10098 10100 10102 10190 10372 10446 10588 10594 
0
0
TOP
0
1
17
798 799 11378 11416 11441 11448 11449 11538 11539 11543 11551 11597 11601 11603 11609 11610 11624 
0
0
0
0
0
