0
1
0
Assembly-1
1
PART-1-1
PART-1
1
PART-1-1
14
-2147483647
0
48 1 16 5 0 1 0 -1 -1 12436 1 -1879048189 1 12436 
0
1
PART-1-1
14
-2147483647
0
48 1 16 5 0 1 0 -1 -1 22434 1 -1879048189 1 22434 
0
0
1
PART-1-1
1
FULLMESH
0
1
14
-2147483647
48 1 16 5 0 1 0 -1 -1 22434 1 -1879048189 1 22434 
0
0
0
0
1
PART-1-1
4
BOTTOM
0
1
14
1124 1125 9347 9396 9422 9438 9439 9444 9449 9450 9456 9473 9476 9478 
0
0
LEFT
0
1
13
961 962 10001 10004 10005 10364 10367 10371 10374 10381 10383 10872 10882 
0
0
RIGHT
0
1
15
1287 1288 10950 10989 11008 11017 11020 11163 11577 11627 11631 11676 11686 11690 11699 
0
0
TOP
0
1
16
798 799 10733 11235 11240 11243 11244 11252 11253 11256 11275 11278 11282 11324 11326 11414 
0
0
0
0
0
