0
1
0
Assembly-1
1
PART-1-1
PART-1
1
PART-1-1
14
-2147483647
0
48 1 16 5 0 1 0 -1 -1 12050 1 -1879048189 1 12050 
0
1
PART-1-1
14
-2147483647
0
48 1 16 5 0 1 0 -1 -1 21989 1 -1879048189 1 21989 
0
0
1
PART-1-1
1
FULLMESH
0
1
14
-2147483647
48 1 16 5 0 1 0 -1 -1 21989 1 -1879048189 1 21989 
0
0
0
0
1
PART-1-1
4
BOTTOM
0
1
9
1124 1125 10751 10892 10896 10907 10911 10920 10926 
0
0
LEFT
0
1
9
961 962 11610 11623 11631 11634 11649 11650 11659 
0
0
RIGHT
0
1
9
1287 1288 11892 11927 11930 11935 11945 11948 11968 
0
0
TOP
0
1
9
798 799 9942 9974 10047 10171 10173 10180 10261 
0
0
0
0
0
