0
1
0
Assembly-1
1
PART-1-1
PART-1
1
PART-1-1
14
-2147483647
0
48 1 16 5 0 1 0 -1 -1 21394 1 -1879048189 1 21394 
0
1
PART-1-1
14
-2147483647
0
48 1 16 5 0 1 0 -1 -1 39962 1 -1879048189 1 39962 
0
0
1
PART-1-1
1
FULLMESH
0
1
14
-2147483647
48 1 16 5 0 1 0 -1 -1 39962 1 -1879048189 1 39962 
0
0
0
0
1
PART-1-1
4
BOTTOM
0
1
9
1124 1125 20543 20546 20571 20595 20606 20616 20621 
0
0
LEFT
0
1
10
961 962 21262 21271 21274 21275 21292 21312 21350 21353 
0
0
RIGHT
0
1
9
1287 1288 20018 20085 20087 20102 20106 20110 20112 
0
0
TOP
0
1
10
798 799 19596 19600 19690 19693 19697 19699 20154 21373 
0
0
0
0
0
