0
1
0
Assembly-1
1
PART-1-1
PART-1
1
PART-1-1
14
-2147483647
0
48 1 16 5 0 1 0 -1 -1 15405 1 -1879048189 1 15405 
0
1
PART-1-1
14
-2147483647
0
48 1 16 5 0 1 0 -1 -1 28855 1 -1879048189 1 28855 
0
0
1
PART-1-1
1
FULLMESH
0
1
14
-2147483647
48 1 16 5 0 1 0 -1 -1 28855 1 -1879048189 1 28855 
0
0
0
0
1
PART-1-1
4
BOTTOM
0
1
14
1124 1125 14687 14834 14836 14845 14952 14957 14962 14963 15016 15033 15043 15054 
0
0
LEFT
0
1
12
961 962 15114 15196 15203 15214 15215 15247 15273 15274 15282 15283 
0
0
RIGHT
0
1
13
1287 1288 14545 14859 14865 14877 14975 14977 14981 14991 15062 15064 15396 
0
0
TOP
0
1
15
798 799 14574 14625 14751 14757 14902 14909 14911 14915 14916 14925 14995 15001 15006 
0
0
0
0
0
