0
1
0
Assembly-1
1
PART-1-1
PART-1
1
PART-1-1
14
-2147483647
0
48 1 16 5 0 1 0 -1 -1 10086 1 -1879048189 1 10086 
0
1
PART-1-1
14
-2147483647
0
48 1 16 5 0 1 0 -1 -1 17745 1 -1879048189 1 17745 
0
0
1
PART-1-1
1
FULLMESH
0
1
14
-2147483647
48 1 16 5 0 1 0 -1 -1 17745 1 -1879048189 1 17745 
0
0
0
0
1
PART-1-1
4
BOTTOM
0
1
9
1124 1125 6943 6977 6978 6985 7000 7008 9545 
0
0
LEFT
0
1
9
961 962 9898 9907 9948 9954 9967 10054 10057 
0
0
RIGHT
0
1
9
1287 1288 6298 6467 6479 6491 6492 6567 6572 
0
0
TOP
0
1
8
798 799 9436 9479 9481 9487 9504 9533 
0
0
0
0
0
