0
1
0
Assembly-1
1
PART-1-1
PART-1
1
PART-1-1
14
-2147483647
0
48 1 16 5 0 1 0 -1 -1 16559 1 -1879048189 1 16559 
0
1
PART-1-1
14
-2147483647
0
48 1 16 5 0 1 0 -1 -1 30739 1 -1879048189 1 30739 
0
0
1
PART-1-1
1
FULLMESH
0
1
14
-2147483647
48 1 16 5 0 1 0 -1 -1 30739 1 -1879048189 1 30739 
0
0
0
0
1
PART-1-1
4
BOTTOM
0
1
17
1124 1125 13659 13732 14087 14104 14107 14131 14135 14342 14344 14347 14706 14897 14909 14913 14916 
0
0
LEFT
0
1
16
961 962 11145 12140 12146 12156 12163 12190 12196 12232 12550 12555 12573 12574 12575 13035 
0
0
RIGHT
0
1
17
1287 1288 14675 14678 14692 14877 14888 14962 14969 14977 14984 14994 15012 15022 15034 15039 15054 
0
0
TOP
0
1
16
798 799 9846 9966 10014 10071 10915 10918 10923 10927 11276 15664 15665 15675 15684 16367 
0
0
0
0
0
