0
1
0
Assembly-1
1
PART-1-1
PART-1
1
PART-1-1
14
-2147483647
0
48 1 16 5 0 1 0 -1 -1 16301 1 -1879048189 1 16301 
0
1
PART-1-1
14
-2147483647
0
48 1 16 5 0 1 0 -1 -1 30555 1 -1879048189 1 30555 
0
0
1
PART-1-1
1
FULLMESH
0
1
14
-2147483647
48 1 16 5 0 1 0 -1 -1 30555 1 -1879048189 1 30555 
0
0
0
0
1
PART-1-1
4
BOTTOM
0
1
17
1124 1125 13964 15514 15538 15543 15573 15581 15596 15610 15964 15968 16094 16095 16143 16173 16179 
0
0
LEFT
0
1
17
961 962 13780 14599 14601 14624 14646 14647 14660 14678 15342 15345 15349 15357 15385 15393 16291 
0
0
RIGHT
0
1
17
1287 1288 14247 14286 14300 14307 14311 14320 14999 15031 15041 15047 15051 15646 15649 15664 15877 
0
0
TOP
0
1
17
798 799 15729 15730 15909 15915 15917 16005 16012 16020 16031 16036 16044 16086 16155 16157 16166 
0
0
0
0
0
