0
1
0
Assembly-1
1
PART-1-1
PART-1
1
PART-1-1
14
-2147483647
0
48 1 16 5 0 1 0 -1 -1 10861 1 -1879048189 1 10861 
0
1
PART-1-1
14
-2147483647
0
48 1 16 5 0 1 0 -1 -1 19415 1 -1879048189 1 19415 
0
0
1
PART-1-1
1
FULLMESH
0
1
14
-2147483647
48 1 16 5 0 1 0 -1 -1 19415 1 -1879048189 1 19415 
0
0
0
0
1
PART-1-1
4
BOTTOM
0
1
8
1124 1125 9320 9344 9367 9370 9378 9381 
0
0
LEFT
0
1
8
961 962 7670 7679 7694 7701 7703 7707 
0
0
RIGHT
0
1
7
1287 1288 10364 10392 10406 10413 10421 
0
0
TOP
0
1
5
798 799 10806 10813 10820 
0
0
0
0
0
