0
1
0
Assembly-1
1
PART-1-1
PART-1
1
PART-1-1
14
-2147483647
0
48 1 16 5 0 1 0 -1 -1 15585 1 -1879048189 1 15585 
0
1
PART-1-1
14
-2147483647
0
48 1 16 5 0 1 0 -1 -1 29172 1 -1879048189 1 29172 
0
0
1
PART-1-1
1
FULLMESH
0
1
14
-2147483647
48 1 16 5 0 1 0 -1 -1 29172 1 -1879048189 1 29172 
0
0
0
0
1
PART-1-1
4
BOTTOM
0
1
11
1124 1125 14664 14789 14810 14985 15076 15078 15158 15168 15170 
0
0
LEFT
0
1
10
961 962 14707 14723 14730 14738 14870 15103 15106 15119 
0
0
RIGHT
0
1
10
1287 1288 15308 15313 15464 15495 15507 15516 15522 15524 
0
0
TOP
0
1
10
798 799 14013 14018 14514 14521 14532 14541 14545 14772 
0
0
0
0
0
