0
1
0
Assembly-1
1
PART-1-1
PART-1
1
PART-1-1
14
-2147483647
0
48 1 16 5 0 1 0 -1 -1 13063 1 -1879048189 1 13063 
0
1
PART-1-1
14
-2147483647
0
48 1 16 5 0 1 0 -1 -1 24174 1 -1879048189 1 24174 
0
0
1
PART-1-1
1
FULLMESH
0
1
14
-2147483647
48 1 16 5 0 1 0 -1 -1 24174 1 -1879048189 1 24174 
0
0
0
0
1
PART-1-1
4
BOTTOM
0
1
9
1124 1125 12361 12390 12392 12411 12419 12633 12663 
0
0
LEFT
0
1
9
961 962 11847 11871 11888 12025 12064 12137 12146 
0
0
RIGHT
0
1
9
1287 1288 12891 12912 12919 12942 12952 12965 12973 
0
0
TOP
0
1
9
798 799 12264 12587 12593 12600 12609 12614 13056 
0
0
0
0
0
