0
1
0
Assembly-1
1
PART-1-1
PART-1
1
PART-1-1
14
-2147483647
0
48 1 16 5 0 1 0 -1 -1 14328 1 -1879048189 1 14328 
0
1
PART-1-1
14
-2147483647
0
48 1 16 5 0 1 0 -1 -1 26413 1 -1879048189 1 26413 
0
0
1
PART-1-1
1
FULLMESH
0
1
14
-2147483647
48 1 16 5 0 1 0 -1 -1 26413 1 -1879048189 1 26413 
0
0
0
0
1
PART-1-1
4
BOTTOM
0
1
13
1124 1125 13513 13516 13687 13693 13706 13717 13722 13729 13732 14309 14311 
0
0
LEFT
0
1
15
961 962 13215 13223 13228 13233 13239 13260 13263 13272 13378 13384 13394 13395 13614 
0
0
RIGHT
0
1
14
1287 1288 10395 10410 10439 10459 10567 10569 10857 10876 10882 11025 11027 14282 
0
0
TOP
0
1
14
798 799 12679 12684 12692 12712 12740 12744 12750 13070 13416 13423 13624 13631 
0
0
0
0
0
