0
1
0
Assembly-1
1
PART-1-1
PART-1
1
PART-1-1
14
-2147483647
0
48 1 16 5 0 1 0 -1 -1 8353 1 -1879048189 1 8353 
0
1
PART-1-1
14
-2147483647
0
48 1 16 5 0 1 0 -1 -1 14798 1 -1879048189 1 14798 
0
0
1
PART-1-1
1
FULLMESH
0
1
14
-2147483647
48 1 16 5 0 1 0 -1 -1 14798 1 -1879048189 1 14798 
0
0
0
0
1
PART-1-1
4
BOTTOM
0
1
9
1124 1125 8172 8197 8210 8213 8220 8223 8228 
0
0
LEFT
0
1
10
961 962 7814 7829 7835 7849 7920 7924 7927 7930 
0
0
RIGHT
0
1
9
1287 1288 7616 7880 7884 7942 7957 7990 7991 
0
0
TOP
0
1
11
798 799 6430 6434 6449 6451 6751 6754 6951 6963 7069 
0
0
0
0
0
