0
1
0
Assembly-1
1
PART-1-1
PART-1
1
PART-1-1
14
-2147483647
0
48 1 16 5 0 1 0 -1 -1 17303 1 -1879048189 1 17303 
0
1
PART-1-1
14
-2147483647
0
48 1 16 5 0 1 0 -1 -1 31810 1 -1879048189 1 31810 
0
0
1
PART-1-1
1
FULLMESH
0
1
14
-2147483647
48 1 16 5 0 1 0 -1 -1 31810 1 -1879048189 1 31810 
0
0
0
0
1
PART-1-1
4
BOTTOM
0
1
15
1124 1125 15434 15455 15583 15591 15601 15608 15698 15717 15726 15732 15771 15833 16356 
0
0
LEFT
0
1
15
961 962 14718 14734 14765 14877 14882 14890 14899 14901 14912 14916 14920 15149 15378 
0
0
RIGHT
0
1
15
1287 1288 12653 13233 13234 13238 13240 13574 14189 14248 14258 14260 14263 14517 14525 
0
0
TOP
0
1
9
798 799 11798 11828 11833 11868 11873 11895 11903 
0
0
0
0
0
