0
1
0
Assembly-1
1
PART-1-1
PART-1
1
PART-1-1
14
-2147483647
0
48 1 16 5 0 1 0 -1 -1 14299 1 -1879048189 1 14299 
0
1
PART-1-1
14
-2147483647
0
48 1 16 5 0 1 0 -1 -1 26310 1 -1879048189 1 26310 
0
0
1
PART-1-1
1
FULLMESH
0
1
14
-2147483647
48 1 16 5 0 1 0 -1 -1 26310 1 -1879048189 1 26310 
0
0
0
0
1
PART-1-1
4
BOTTOM
0
1
14
1124 1125 11782 11927 11955 12006 12078 12082 12288 12290 12433 12438 12482 12669 
0
0
LEFT
0
1
16
961 962 13848 13923 13937 14025 14034 14038 14043 14047 14059 14064 14072 14074 14077 14081 
0
0
RIGHT
0
1
15
1287 1288 10900 11059 11079 11105 11109 11120 11133 11142 11198 11199 11203 12310 12313 
0
0
TOP
0
1
16
798 799 12943 12944 13132 13141 13144 13154 13332 13463 13469 13470 13474 13485 13491 13523 
0
0
0
0
0
