0
1
0
Assembly-1
1
PART-1-1
PART-1
1
PART-1-1
14
-2147483647
0
48 1 16 5 0 1 0 -1 -1 12408 1 -1879048189 1 12408 
0
1
PART-1-1
14
-2147483647
0
48 1 16 5 0 1 0 -1 -1 22913 1 -1879048189 1 22913 
0
0
1
PART-1-1
1
FULLMESH
0
1
14
-2147483647
48 1 16 5 0 1 0 -1 -1 22913 1 -1879048189 1 22913 
0
0
0
0
1
PART-1-1
4
BOTTOM
0
1
11
1124 1125 12295 12318 12335 12341 12346 12347 12379 12391 12395 
0
0
LEFT
0
1
11
961 962 10032 10063 10065 10072 10079 10089 10552 10553 10558 
0
0
RIGHT
0
1
9
1287 1288 11286 11342 11347 11353 11359 11360 11395 
0
0
TOP
0
1
11
798 799 10676 10683 10753 10756 10846 10908 10914 11148 11815 
0
0
0
0
0
