0
1
0
Assembly-1
1
PART-1-1
PART-1
1
PART-1-1
14
-2147483647
0
48 1 16 5 0 1 0 -1 -1 15696 1 -1879048189 1 15696 
0
1
PART-1-1
14
-2147483647
0
48 1 16 5 0 1 0 -1 -1 29433 1 -1879048189 1 29433 
0
0
1
PART-1-1
1
FULLMESH
0
1
14
-2147483647
48 1 16 5 0 1 0 -1 -1 29433 1 -1879048189 1 29433 
0
0
0
0
1
PART-1-1
4
BOTTOM
0
1
17
1124 1125 12489 12652 12680 13629 13635 13644 13655 14460 14468 14471 14481 14657 14666 14672 14675 
0
0
LEFT
0
1
17
961 962 14369 15320 15322 15331 15333 15342 15365 15371 15379 15390 15513 15523 15531 15544 15577 
0
0
RIGHT
0
1
17
1287 1288 14705 14977 14982 15010 15027 15162 15172 15175 15193 15199 15201 15205 15243 15263 15269 
0
0
TOP
0
1
17
798 799 13009 14550 14553 14762 15057 15082 15109 15115 15276 15278 15279 15283 15290 15494 15506 
0
0
0
0
0
