0
1
0
Assembly-1
1
PART-1-1
PART-1
1
PART-1-1
14
-2147483647
0
48 1 16 5 0 1 0 -1 -1 11825 1 -1879048189 1 11825 
0
1
PART-1-1
14
-2147483647
0
48 1 16 5 0 1 0 -1 -1 21458 1 -1879048189 1 21458 
0
0
1
PART-1-1
1
FULLMESH
0
1
14
-2147483647
48 1 16 5 0 1 0 -1 -1 21458 1 -1879048189 1 21458 
0
0
0
0
1
PART-1-1
4
BOTTOM
0
1
16
1124 1125 8823 8846 8889 8890 8891 8894 8913 9321 9325 9326 9344 9351 9356 9367 
0
0
LEFT
0
1
14
961 962 10311 10450 10461 10463 10464 10471 10478 10484 10485 10487 10504 10510 
0
0
RIGHT
0
1
12
1287 1288 9411 9579 9580 9798 9931 9933 10022 10049 10056 10069 
0
0
TOP
0
1
12
798 799 9611 9821 9827 9940 9943 9948 9950 11242 11251 11256 
0
0
0
0
0
