0
1
0
Assembly-1
1
PART-1-1
PART-1
1
PART-1-1
14
-2147483647
0
48 1 16 5 0 1 0 -1 -1 18437 1 -1879048189 1 18437 
0
1
PART-1-1
14
-2147483647
0
48 1 16 5 0 1 0 -1 -1 34471 1 -1879048189 1 34471 
0
0
1
PART-1-1
1
FULLMESH
0
1
14
-2147483647
48 1 16 5 0 1 0 -1 -1 34471 1 -1879048189 1 34471 
0
0
0
0
1
PART-1-1
4
BOTTOM
0
1
9
1124 1125 18071 18130 18133 18153 18156 18160 18412 
0
0
LEFT
0
1
9
961 962 17950 17961 17975 17999 18017 18023 18027 
0
0
RIGHT
0
1
9
1287 1288 18355 18359 18377 18379 18387 18393 18395 
0
0
TOP
0
1
9
798 799 18253 18281 18288 18295 18296 18304 18314 
0
0
0
0
0
