0
1
0
Assembly-1
1
PART-1-1
PART-1
1
PART-1-1
14
-2147483647
0
48 1 16 5 0 1 0 -1 -1 20840 1 -1879048189 1 20840 
0
1
PART-1-1
14
-2147483647
0
48 1 16 5 0 1 0 -1 -1 39191 1 -1879048189 1 39191 
0
0
1
PART-1-1
1
FULLMESH
0
1
14
-2147483647
48 1 16 5 0 1 0 -1 -1 39191 1 -1879048189 1 39191 
0
0
0
0
1
PART-1-1
4
BOTTOM
0
1
17
1124 1125 20008 20073 20125 20174 20207 20217 20240 20247 20257 20273 20278 20283 20285 20287 20293 
0
0
LEFT
0
1
17
961 962 13836 13883 13895 13943 13947 13948 13959 13963 14812 14814 14819 15520 16585 17124 17149 
0
0
RIGHT
0
1
17
1287 1288 18600 19043 19166 19175 19188 19201 19407 19415 19429 19432 19726 19867 19868 19893 19895 
0
0
TOP
0
1
17
798 799 17849 18179 18185 18894 18895 18896 19102 19104 19108 19114 19229 19233 19251 19795 19798 
0
0
0
0
0
