0
1
0
Assembly-1
1
PART-1-1
PART-1
1
PART-1-1
14
-2147483647
0
48 1 16 5 0 1 0 -1 -1 10939 1 -1879048189 1 10939 
0
1
PART-1-1
14
-2147483647
0
48 1 16 5 0 1 0 -1 -1 19776 1 -1879048189 1 19776 
0
0
1
PART-1-1
1
FULLMESH
0
1
14
-2147483647
48 1 16 5 0 1 0 -1 -1 19776 1 -1879048189 1 19776 
0
0
0
0
1
PART-1-1
4
BOTTOM
0
1
9
1124 1125 8907 9066 9086 9092 9345 9348 9360 
0
0
LEFT
0
1
9
961 962 9248 9298 9303 9314 9318 9388 9409 
0
0
RIGHT
0
1
9
1287 1288 10815 10833 10852 10853 10877 10917 10931 
0
0
TOP
0
1
9
798 799 8849 8850 8857 9024 9036 9037 9187 
0
0
0
0
0
