0
1
0
Assembly-1
1
PART-1-1
PART-1
1
PART-1-1
14
-2147483647
0
48 1 16 5 0 1 0 -1 -1 12148 1 -1879048189 1 12148 
0
1
PART-1-1
14
-2147483647
0
48 1 16 5 0 1 0 -1 -1 22123 1 -1879048189 1 22123 
0
0
1
PART-1-1
1
FULLMESH
0
1
14
-2147483647
48 1 16 5 0 1 0 -1 -1 22123 1 -1879048189 1 22123 
0
0
0
0
1
PART-1-1
4
BOTTOM
0
1
17
1124 1125 7313 7366 7379 7526 7529 7532 7539 7552 7554 7569 7598 7599 7606 12091 12114 
0
0
LEFT
0
1
17
961 962 11854 11871 11873 11902 11926 11932 11943 11945 11946 11959 11983 11985 12003 12023 12025 
0
0
RIGHT
0
1
17
1287 1288 4831 5006 5021 5025 5032 5035 5045 5058 5059 5061 5108 5122 5138 5140 5188 
0
0
TOP
0
1
17
798 799 9235 9527 9671 9673 9676 9679 9688 9690 9721 9723 9742 9749 9750 9755 9770 
0
0
0
0
0
