0
1
0
Assembly-1
1
PART-1-1
PART-1
1
PART-1-1
14
-2147483647
0
48 1 16 5 0 1 0 -1 -1 15178 1 -1879048189 1 15178 
0
1
PART-1-1
14
-2147483647
0
48 1 16 5 0 1 0 -1 -1 27924 1 -1879048189 1 27924 
0
0
1
PART-1-1
1
FULLMESH
0
1
14
-2147483647
48 1 16 5 0 1 0 -1 -1 27924 1 -1879048189 1 27924 
0
0
0
0
1
PART-1-1
4
BOTTOM
0
1
12
1124 1125 13419 13592 13611 13613 13615 13626 13634 14351 14352 14417 
0
0
LEFT
0
1
12
961 962 14316 14804 14811 14822 14823 14829 15001 15003 15044 15060 
0
0
RIGHT
0
1
11
1287 1288 14924 14942 14948 14960 14970 14979 14982 14987 15032 
0
0
TOP
0
1
11
798 799 11934 11947 12198 12199 12420 12427 12430 13183 13184 
0
0
0
0
0
