0
1
0
Assembly-1
1
PART-1-1
PART-1
1
PART-1-1
14
-2147483647
0
48 1 16 5 0 1 0 -1 -1 13194 1 -1879048189 1 13194 
0
1
PART-1-1
14
-2147483647
0
48 1 16 5 0 1 0 -1 -1 23928 1 -1879048189 1 23928 
0
0
1
PART-1-1
1
FULLMESH
0
1
14
-2147483647
48 1 16 5 0 1 0 -1 -1 23928 1 -1879048189 1 23928 
0
0
0
0
1
PART-1-1
4
BOTTOM
0
1
13
1124 1125 11644 11702 11770 11795 11798 11820 11823 11828 11861 12005 12013 
0
0
LEFT
0
1
13
961 962 7170 7208 7223 7229 7236 7243 7250 7253 7445 7654 7656 
0
0
RIGHT
0
1
12
1287 1288 11439 11918 11924 11948 11949 11959 11975 11979 11982 11983 
0
0
TOP
0
1
11
798 799 10545 10576 10594 10601 10610 10613 10620 11029 11038 
0
0
0
0
0
