0
1
0
Assembly-1
1
PART-1-1
PART-1
1
PART-1-1
14
-2147483647
0
48 1 16 5 0 1 0 -1 -1 8622 1 -1879048189 1 8622 
0
1
PART-1-1
14
-2147483647
0
48 1 16 5 0 1 0 -1 -1 15255 1 -1879048189 1 15255 
0
0
1
PART-1-1
1
FULLMESH
0
1
14
-2147483647
48 1 16 5 0 1 0 -1 -1 15255 1 -1879048189 1 15255 
0
0
0
0
1
PART-1-1
4
BOTTOM
0
1
9
1124 1125 8047 8054 8099 8106 8116 8124 8125 
0
0
LEFT
0
1
8
961 962 8478 8483 8552 8575 8582 8605 
0
0
RIGHT
0
1
9
1287 1288 8214 8228 8249 8264 8273 8282 8289 
0
0
TOP
0
1
8
798 799 7584 7585 7590 7601 7604 7681 
0
0
0
0
0
