0
1
0
Assembly-1
1
PART-1-1
PART-1
1
PART-1-1
14
-2147483647
0
48 1 16 5 0 1 0 -1 -1 13236 1 -1879048189 1 13236 
0
1
PART-1-1
14
-2147483647
0
48 1 16 5 0 1 0 -1 -1 24050 1 -1879048189 1 24050 
0
0
1
PART-1-1
1
FULLMESH
0
1
14
-2147483647
48 1 16 5 0 1 0 -1 -1 24050 1 -1879048189 1 24050 
0
0
0
0
1
PART-1-1
4
BOTTOM
0
1
8
1124 1125 12159 12172 12189 12193 12200 13222 
0
0
LEFT
0
1
8
961 962 10997 11142 11208 11211 11216 11221 
0
0
RIGHT
0
1
8
1287 1288 13145 13156 13157 13170 13172 13180 
0
0
TOP
0
1
8
798 799 11895 11910 11913 12007 12015 12036 
0
0
0
0
0
