0
1
0
Assembly-1
1
PART-1-1
PART-1
1
PART-1-1
14
-2147483647
0
48 1 16 5 0 1 0 -1 -1 17242 1 -1879048189 1 17242 
0
1
PART-1-1
14
-2147483647
0
48 1 16 5 0 1 0 -1 -1 32499 1 -1879048189 1 32499 
0
0
1
PART-1-1
1
FULLMESH
0
1
14
-2147483647
48 1 16 5 0 1 0 -1 -1 32499 1 -1879048189 1 32499 
0
0
0
0
1
PART-1-1
4
BOTTOM
0
1
15
1124 1125 16757 16974 17028 17042 17064 17066 17083 17085 17092 17098 17120 17126 17227 
0
0
LEFT
0
1
17
961 962 13560 13604 15365 15739 15742 15754 15757 15913 15915 15939 15941 15944 15948 16088 16090 
0
0
RIGHT
0
1
16
1287 1288 16490 16539 16555 16594 16597 16605 16625 16857 16861 16864 16866 16868 16884 17005 
0
0
TOP
0
1
16
798 799 15064 15066 15173 15223 15260 15261 15572 15577 15583 15845 16037 16041 16042 16056 
0
0
0
0
0
