0
1
0
Assembly-1
1
PART-1-1
PART-1
1
PART-1-1
14
-2147483647
0
48 1 16 5 0 1 0 -1 -1 10935 1 -1879048189 1 10935 
0
1
PART-1-1
14
-2147483647
0
48 1 16 5 0 1 0 -1 -1 19802 1 -1879048189 1 19802 
0
0
1
PART-1-1
1
FULLMESH
0
1
14
-2147483647
48 1 16 5 0 1 0 -1 -1 19802 1 -1879048189 1 19802 
0
0
0
0
1
PART-1-1
4
BOTTOM
0
1
11
1124 1125 10641 10708 10736 10760 10761 10775 10806 10840 10933 
0
0
LEFT
0
1
14
961 962 5123 5164 5165 5175 5179 5181 5191 5196 5207 5219 5220 5224 
0
0
RIGHT
0
1
11
1287 1288 6741 6800 6908 6925 6929 6939 7060 7064 7086 
0
0
TOP
0
1
11
798 799 8818 8820 8856 8875 8881 8949 8951 8972 8977 
0
0
0
0
0
