0
1
0
Assembly-1
1
PART-1-1
PART-1
1
PART-1-1
14
-2147483647
0
48 1 16 5 0 1 0 -1 -1 9388 1 -1879048189 1 9388 
0
1
PART-1-1
14
-2147483647
0
48 1 16 5 0 1 0 -1 -1 16852 1 -1879048189 1 16852 
0
0
1
PART-1-1
1
FULLMESH
0
1
14
-2147483647
48 1 16 5 0 1 0 -1 -1 16852 1 -1879048189 1 16852 
0
0
0
0
1
PART-1-1
4
BOTTOM
0
1
9
1124 1125 8330 8342 8414 8434 8438 8440 8447 
0
0
LEFT
0
1
9
961 962 8165 8174 8182 8183 8246 8261 8313 
0
0
RIGHT
0
1
9
1287 1288 9260 9266 9274 9279 9328 9333 9340 
0
0
TOP
0
1
9
798 799 8473 8476 8510 8524 8527 8541 8542 
0
0
0
0
0
