0
1
0
Assembly-1
1
PART-1-1
PART-1
1
PART-1-1
14
-2147483647
0
48 1 16 5 0 1 0 -1 -1 19981 1 -1879048189 1 19981 
0
1
PART-1-1
14
-2147483647
0
48 1 16 5 0 1 0 -1 -1 37597 1 -1879048189 1 37597 
0
0
1
PART-1-1
1
FULLMESH
0
1
14
-2147483647
48 1 16 5 0 1 0 -1 -1 37597 1 -1879048189 1 37597 
0
0
0
0
1
PART-1-1
4
BOTTOM
0
1
17
1124 1125 15550 16971 16978 17012 17442 17759 17770 17783 17791 18083 18087 18094 18396 18405 18414 
0
0
LEFT
0
1
17
961 962 15682 15704 15746 16426 16435 16444 16449 16459 16506 16512 16519 17044 17052 17061 17067 
0
0
RIGHT
0
1
17
1287 1288 18970 19017 19214 19241 19253 19322 19323 19337 19358 19361 19372 19374 19382 19385 19391 
0
0
TOP
0
1
17
798 799 18233 18294 18335 18342 18369 18370 18371 18796 18834 18845 18857 18860 18918 18957 18959 
0
0
0
0
0
