0
1
0
Assembly-1
1
PART-1-1
PART-1
1
PART-1-1
14
-2147483647
0
48 1 16 5 0 1 0 -1 -1 11945 1 -1879048189 1 11945 
0
1
PART-1-1
14
-2147483647
0
48 1 16 5 0 1 0 -1 -1 22002 1 -1879048189 1 22002 
0
0
1
PART-1-1
1
FULLMESH
0
1
14
-2147483647
48 1 16 5 0 1 0 -1 -1 22002 1 -1879048189 1 22002 
0
0
0
0
1
PART-1-1
4
BOTTOM
0
1
13
1124 1125 11669 11755 11767 11771 11780 11801 11802 11824 11825 11829 11844 
0
0
LEFT
0
1
12
961 962 10857 11162 11274 11289 11331 11358 11362 11365 11375 11919 
0
0
RIGHT
0
1
13
1287 1288 10542 10719 10885 10887 10915 10920 10924 10927 10934 10936 11944 
0
0
TOP
0
1
12
798 799 10578 10948 10958 10972 10979 10980 10990 10995 10998 11302 
0
0
0
0
0
