0
1
0
Assembly-1
1
PART-1-1
PART-1
1
PART-1-1
14
-2147483647
0
48 1 16 5 0 1 0 -1 -1 11216 1 -1879048189 1 11216 
0
1
PART-1-1
14
-2147483647
0
48 1 16 5 0 1 0 -1 -1 20310 1 -1879048189 1 20310 
0
0
1
PART-1-1
1
FULLMESH
0
1
14
-2147483647
48 1 16 5 0 1 0 -1 -1 20310 1 -1879048189 1 20310 
0
0
0
0
1
PART-1-1
4
BOTTOM
0
1
8
1124 1125 9590 9596 9617 9630 9729 9867 
0
0
LEFT
0
1
9
961 962 11033 11045 11063 11074 11083 11094 11125 
0
0
RIGHT
0
1
9
1287 1288 10100 10111 10122 10151 10154 10155 10288 
0
0
TOP
0
1
9
798 799 10343 10390 10408 10409 10423 10436 10437 
0
0
0
0
0
