0
1
0
Assembly-1
1
PART-1-1
PART-1
1
PART-1-1
14
-2147483647
0
48 1 16 5 0 1 0 -1 -1 16893 1 -1879048189 1 16893 
0
1
PART-1-1
14
-2147483647
0
48 1 16 5 0 1 0 -1 -1 31625 1 -1879048189 1 31625 
0
0
1
PART-1-1
1
FULLMESH
0
1
14
-2147483647
48 1 16 5 0 1 0 -1 -1 31625 1 -1879048189 1 31625 
0
0
0
0
1
PART-1-1
4
BOTTOM
0
1
16
1124 1125 15026 15606 15634 15646 15648 15653 15806 15816 15911 15966 15981 15989 16015 16530 
0
0
LEFT
0
1
17
961 962 12429 12439 12484 12497 12498 12524 12547 13380 13406 13410 13918 13930 13942 14295 16855 
0
0
RIGHT
0
1
16
1287 1288 13567 13579 14026 14056 14058 14059 14063 14407 14416 14423 14425 14453 14579 14939 
0
0
TOP
0
1
17
798 799 16133 16433 16474 16494 16516 16523 16561 16565 16577 16633 16658 16661 16662 16666 16675 
0
0
0
0
0
