0
1
0
Assembly-1
1
PART-1-1
PART-1
1
PART-1-1
14
-2147483647
0
48 1 16 5 0 1 0 -1 -1 14527 1 -1879048189 1 14527 
0
1
PART-1-1
14
-2147483647
0
48 1 16 5 0 1 0 -1 -1 26741 1 -1879048189 1 26741 
0
0
1
PART-1-1
1
FULLMESH
0
1
14
-2147483647
48 1 16 5 0 1 0 -1 -1 26741 1 -1879048189 1 26741 
0
0
0
0
1
PART-1-1
4
BOTTOM
0
1
7
1124 1125 14203 14220 14224 14229 14231 
0
0
LEFT
0
1
6
961 962 13380 13422 13432 13435 
0
0
RIGHT
0
1
6
1287 1288 14329 14334 14346 14498 
0
0
TOP
0
1
5
798 799 14481 14483 14493 
0
0
0
0
0
