0
1
0
Assembly-1
1
PART-1-1
PART-1
1
PART-1-1
14
-2147483647
0
48 1 16 5 0 1 0 -1 -1 10991 1 -1879048189 1 10991 
0
1
PART-1-1
14
-2147483647
0
48 1 16 5 0 1 0 -1 -1 20125 1 -1879048189 1 20125 
0
0
1
PART-1-1
1
FULLMESH
0
1
14
-2147483647
48 1 16 5 0 1 0 -1 -1 20125 1 -1879048189 1 20125 
0
0
0
0
1
PART-1-1
4
BOTTOM
0
1
7
1124 1125 9905 9944 9957 10115 10117 
0
0
LEFT
0
1
8
961 962 10447 10448 10500 10530 10537 10657 
0
0
RIGHT
0
1
9
1287 1288 10163 10164 10171 10178 10182 10288 10291 
0
0
TOP
0
1
9
798 799 10845 10890 10895 10904 10906 10909 10915 
0
0
0
0
0
