0
1
0
Assembly-1
1
PART-1-1
PART-1
1
PART-1-1
14
-2147483647
0
48 1 16 5 0 1 0 -1 -1 12459 1 -1879048189 1 12459 
0
1
PART-1-1
14
-2147483647
0
48 1 16 5 0 1 0 -1 -1 22977 1 -1879048189 1 22977 
0
0
1
PART-1-1
1
FULLMESH
0
1
14
-2147483647
48 1 16 5 0 1 0 -1 -1 22977 1 -1879048189 1 22977 
0
0
0
0
1
PART-1-1
4
BOTTOM
0
1
17
1124 1125 11197 11247 11292 11295 11296 11302 11306 11309 11310 11312 11387 11388 11495 11498 11502 
0
0
LEFT
0
1
17
961 962 10752 10791 10821 10827 10830 10835 10836 10840 10979 11016 11034 11060 11083 11090 11157 
0
0
RIGHT
0
1
14
1287 1288 12003 12029 12049 12228 12288 12302 12308 12312 12324 12327 12331 12334 
0
0
TOP
0
1
15
798 799 9401 9410 9450 9451 9462 9472 9484 9495 9750 9760 9767 9772 10452 
0
0
0
0
0
