0
1
0
Assembly-1
1
PART-1-1
PART-1
1
PART-1-1
14
-2147483647
0
48 1 16 5 0 1 0 -1 -1 12384 1 -1879048189 1 12384 
0
1
PART-1-1
14
-2147483647
0
48 1 16 5 0 1 0 -1 -1 22840 1 -1879048189 1 22840 
0
0
1
PART-1-1
1
FULLMESH
0
1
14
-2147483647
48 1 16 5 0 1 0 -1 -1 22840 1 -1879048189 1 22840 
0
0
0
0
1
PART-1-1
4
BOTTOM
0
1
10
1124 1125 10660 10951 10966 10978 10984 10991 10993 10998 
0
0
LEFT
0
1
10
961 962 12129 12140 12145 12156 12170 12177 12272 12275 
0
0
RIGHT
0
1
9
1287 1288 11960 12044 12048 12050 12064 12065 12195 
0
0
TOP
0
1
11
798 799 11752 11808 11809 11810 11821 11824 11892 11976 11986 
0
0
0
0
0
