0
1
0
Assembly-1
1
PART-1-1
PART-1
1
PART-1-1
14
-2147483647
0
48 1 16 5 0 1 0 -1 -1 13377 1 -1879048189 1 13377 
0
1
PART-1-1
14
-2147483647
0
48 1 16 5 0 1 0 -1 -1 24422 1 -1879048189 1 24422 
0
0
1
PART-1-1
1
FULLMESH
0
1
14
-2147483647
48 1 16 5 0 1 0 -1 -1 24422 1 -1879048189 1 24422 
0
0
0
0
1
PART-1-1
4
BOTTOM
0
1
13
1124 1125 11134 11406 11457 11461 11465 11469 11470 11482 11599 11605 11643 
0
0
LEFT
0
1
16
961 962 11256 11268 11331 11448 11494 11508 11521 11522 11539 11543 11547 11553 11654 11658 
0
0
RIGHT
0
1
16
1287 1288 10748 10897 10920 10922 10927 10933 10936 11067 11072 11077 11084 11347 11350 11559 
0
0
TOP
0
1
15
798 799 10000 10053 10058 10063 10088 10108 10110 10113 10123 10129 10134 10137 10154 
0
0
0
0
0
