0
1
0
Assembly-1
1
PART-1-1
PART-1
1
PART-1-1
14
-2147483647
0
48 1 16 5 0 1 0 -1 -1 20418 1 -1879048189 1 20418 
0
1
PART-1-1
14
-2147483647
0
48 1 16 5 0 1 0 -1 -1 38463 1 -1879048189 1 38463 
0
0
1
PART-1-1
1
FULLMESH
0
1
14
-2147483647
48 1 16 5 0 1 0 -1 -1 38463 1 -1879048189 1 38463 
0
0
0
0
1
PART-1-1
4
BOTTOM
0
1
17
1124 1125 10638 10644 10646 10647 10659 11401 11405 11440 11446 11451 11455 12929 12930 12931 15372 
0
0
LEFT
0
1
17
961 962 16610 16623 17742 17751 17761 17771 17778 17792 17799 17826 17830 18286 18317 18458 18585 
0
0
RIGHT
0
1
17
1287 1288 15234 15686 16762 16779 16799 16800 16804 16825 16829 16831 16842 16848 17075 17076 17089 
0
0
TOP
0
1
17
798 799 16261 17153 17175 17517 17866 17881 17889 17891 17896 17918 17923 17930 17944 17958 20267 
0
0
0
0
0
