0
1
0
Assembly-1
1
PART-1-1
PART-1
1
PART-1-1
14
-2147483647
0
48 1 16 5 0 1 0 -1 -1 11918 1 -1879048189 1 11918 
0
1
PART-1-1
14
-2147483647
0
48 1 16 5 0 1 0 -1 -1 21930 1 -1879048189 1 21930 
0
0
1
PART-1-1
1
FULLMESH
0
1
14
-2147483647
48 1 16 5 0 1 0 -1 -1 21930 1 -1879048189 1 21930 
0
0
0
0
1
PART-1-1
4
BOTTOM
0
1
11
1124 1125 11647 11718 11748 11759 11774 11778 11793 11802 11911 
0
0
LEFT
0
1
11
961 962 10466 10791 10809 10823 10827 10834 10845 10856 10862 
0
0
RIGHT
0
1
14
1287 1288 10688 10689 10702 10712 10713 10731 10735 10737 10740 10998 11021 11886 
0
0
TOP
0
1
10
798 799 10569 10592 10608 10611 11127 11131 11150 11897 
0
0
0
0
0
