0
1
0
Assembly-1
1
PART-1-1
PART-1
1
PART-1-1
14
-2147483647
0
48 1 16 5 0 1 0 -1 -1 13593 1 -1879048189 1 13593 
0
1
PART-1-1
14
-2147483647
0
48 1 16 5 0 1 0 -1 -1 24866 1 -1879048189 1 24866 
0
0
1
PART-1-1
1
FULLMESH
0
1
14
-2147483647
48 1 16 5 0 1 0 -1 -1 24866 1 -1879048189 1 24866 
0
0
0
0
1
PART-1-1
4
BOTTOM
0
1
16
1124 1125 10388 10474 10477 10488 10514 10517 10520 10522 10584 10592 10593 10603 13354 13355 
0
0
LEFT
0
1
17
961 962 7359 7378 8134 8137 8138 8139 8170 8173 8342 8383 8399 8717 8719 8916 9266 
0
0
RIGHT
0
1
17
1287 1288 12655 12672 12756 12801 12824 12827 12828 12837 12840 12842 12848 12879 12884 12890 12900 
0
0
TOP
0
1
17
798 799 9008 9053 9078 9095 9106 9113 9120 9122 9311 9319 9322 9833 9843 9896 9897 
0
0
0
0
0
