0
1
0
Assembly-1
1
PART-1-1
PART-1
1
PART-1-1
14
-2147483647
0
48 1 16 5 0 1 0 -1 -1 10191 1 -1879048189 1 10191 
0
1
PART-1-1
14
-2147483647
0
48 1 16 5 0 1 0 -1 -1 18000 1 -1879048189 1 18000 
0
0
1
PART-1-1
1
FULLMESH
0
1
14
-2147483647
48 1 16 5 0 1 0 -1 -1 18000 1 -1879048189 1 18000 
0
0
0
0
1
PART-1-1
4
BOTTOM
0
1
8
1124 1125 6877 6879 6917 6918 6926 6935 
0
0
LEFT
0
1
9
961 962 7389 7483 7502 7509 7517 7519 7549 
0
0
RIGHT
0
1
9
1287 1288 7598 7599 7659 7667 7679 7684 7698 
0
0
TOP
0
1
8
798 799 6323 6338 6388 6401 6405 6519 
0
0
0
0
0
