0
1
0
Assembly-1
1
PART-1-1
PART-1
1
PART-1-1
14
-2147483647
0
48 1 16 5 0 1 0 -1 -1 14476 1 -1879048189 1 14476 
0
1
PART-1-1
14
-2147483647
0
48 1 16 5 0 1 0 -1 -1 26817 1 -1879048189 1 26817 
0
0
1
PART-1-1
1
FULLMESH
0
1
14
-2147483647
48 1 16 5 0 1 0 -1 -1 26817 1 -1879048189 1 26817 
0
0
0
0
1
PART-1-1
4
BOTTOM
0
1
17
1124 1125 13859 14144 14156 14163 14169 14269 14292 14295 14302 14303 14314 14315 14355 14375 14384 
0
0
LEFT
0
1
16
961 962 11399 12292 12370 12389 12410 12427 12428 12433 12439 13049 13050 13066 13074 13342 
0
0
RIGHT
0
1
17
1287 1288 11559 11618 11800 12574 12599 12610 12615 12624 13135 13136 13145 13166 13170 13173 14192 
0
0
TOP
0
1
17
798 799 13417 13657 13665 13668 13698 13700 13706 13708 13710 13716 13719 13973 13975 14005 14335 
0
0
0
0
0
