0
1
0
Assembly-1
1
PART-1-1
PART-1
1
PART-1-1
14
-2147483647
0
48 1 16 5 0 1 0 -1 -1 12429 1 -1879048189 1 12429 
0
1
PART-1-1
14
-2147483647
0
48 1 16 5 0 1 0 -1 -1 22481 1 -1879048189 1 22481 
0
0
1
PART-1-1
1
FULLMESH
0
1
14
-2147483647
48 1 16 5 0 1 0 -1 -1 22481 1 -1879048189 1 22481 
0
0
0
0
1
PART-1-1
4
BOTTOM
0
1
9
1124 1125 9267 9386 9686 9691 10057 10402 12168 
0
0
LEFT
0
1
9
961 962 10081 10128 10130 10140 10148 10149 10158 
0
0
RIGHT
0
1
9
1287 1288 10286 10333 10459 10463 10479 10488 10546 
0
0
TOP
0
1
9
798 799 10762 10778 10833 10835 10837 10848 10853 
0
0
0
0
0
