0
1
0
Assembly-1
1
PART-1-1
PART-1
1
PART-1-1
14
-2147483647
0
48 1 16 5 0 1 0 -1 -1 21782 1 -1879048189 1 21782 
0
1
PART-1-1
14
-2147483647
0
48 1 16 5 0 1 0 -1 -1 40952 1 -1879048189 1 40952 
0
0
1
PART-1-1
1
FULLMESH
0
1
14
-2147483647
48 1 16 5 0 1 0 -1 -1 40952 1 -1879048189 1 40952 
0
0
0
0
1
PART-1-1
4
BOTTOM
0
1
17
1124 1125 21159 21266 21454 21484 21490 21492 21493 21501 21511 21534 21545 21546 21563 21565 21595 
0
0
LEFT
0
1
16
961 962 20009 20028 20064 20065 20069 20095 20107 20358 20366 20374 20380 20601 20606 20691 
0
0
RIGHT
0
1
17
1287 1288 18361 18810 18814 18835 18848 18877 18883 18885 18886 18900 18904 19030 19577 19582 21779 
0
0
TOP
0
1
17
798 799 20259 20570 20684 20770 20779 20968 20971 20975 20988 21000 21015 21306 21309 21312 21319 
0
0
0
0
0
