0
1
0
Assembly-1
1
PART-1-1
PART-1
1
PART-1-1
14
-2147483647
0
48 1 16 5 0 1 0 -1 -1 12553 1 -1879048189 1 12553 
0
1
PART-1-1
14
-2147483647
0
48 1 16 5 0 1 0 -1 -1 23258 1 -1879048189 1 23258 
0
0
1
PART-1-1
1
FULLMESH
0
1
14
-2147483647
48 1 16 5 0 1 0 -1 -1 23258 1 -1879048189 1 23258 
0
0
0
0
1
PART-1-1
4
BOTTOM
0
1
8
1124 1125 10856 10981 10984 11000 11160 11320 
0
0
LEFT
0
1
8
961 962 12289 12436 12439 12453 12487 12548 
0
0
RIGHT
0
1
9
1287 1288 12319 12328 12334 12339 12341 12355 12471 
0
0
TOP
0
1
9
798 799 11143 11300 11313 11426 11536 11566 11568 
0
0
0
0
0
