0
1
0
Assembly-1
1
PART-1-1
PART-1
1
PART-1-1
14
-2147483647
0
48 1 16 5 0 1 0 -1 -1 11754 1 -1879048189 1 11754 
0
1
PART-1-1
14
-2147483647
0
48 1 16 5 0 1 0 -1 -1 21111 1 -1879048189 1 21111 
0
0
1
PART-1-1
1
FULLMESH
0
1
14
-2147483647
48 1 16 5 0 1 0 -1 -1 21111 1 -1879048189 1 21111 
0
0
0
0
1
PART-1-1
4
BOTTOM
0
1
6
1124 1125 11093 11095 11100 11112 
0
0
LEFT
0
1
6
961 962 11279 11281 11309 11329 
0
0
RIGHT
0
1
6
1287 1288 11323 11342 11739 11750 
0
0
TOP
0
1
6
798 799 11149 11161 11162 11246 
0
0
0
0
0
