0
1
0
Assembly-1
1
PART-1-1
PART-1
1
PART-1-1
14
-2147483647
0
48 1 16 5 0 1 0 -1 -1 11024 1 -1879048189 1 11024 
0
1
PART-1-1
14
-2147483647
0
48 1 16 5 0 1 0 -1 -1 19877 1 -1879048189 1 19877 
0
0
1
PART-1-1
1
FULLMESH
0
1
14
-2147483647
48 1 16 5 0 1 0 -1 -1 19877 1 -1879048189 1 19877 
0
0
0
0
1
PART-1-1
4
BOTTOM
0
1
8
1124 1125 9665 9677 9683 9684 9687 9698 
0
0
LEFT
0
1
7
961 962 10936 10943 10969 10973 10986 
0
0
RIGHT
0
1
9
1287 1288 8594 8618 8702 8703 8731 8733 10669 
0
0
TOP
0
1
7
798 799 10702 10708 10722 10740 10743 
0
0
0
0
0
