0
1
0
Assembly-1
1
PART-1-1
PART-1
1
PART-1-1
14
-2147483647
0
48 1 16 5 0 1 0 -1 -1 13982 1 -1879048189 1 13982 
0
1
PART-1-1
14
-2147483647
0
48 1 16 5 0 1 0 -1 -1 25911 1 -1879048189 1 25911 
0
0
1
PART-1-1
1
FULLMESH
0
1
14
-2147483647
48 1 16 5 0 1 0 -1 -1 25911 1 -1879048189 1 25911 
0
0
0
0
1
PART-1-1
4
BOTTOM
0
1
9
1124 1125 13772 13781 13815 13885 13899 13900 13979 
0
0
LEFT
0
1
9
961 962 11925 11970 11971 11980 11993 12002 12066 
0
0
RIGHT
0
1
9
1287 1288 13440 13443 13499 13504 13508 13627 13634 
0
0
TOP
0
1
9
798 799 13051 13066 13204 13205 13240 13254 13329 
0
0
0
0
0
