0
1
0
Assembly-1
1
PART-1-1
PART-1
1
PART-1-1
14
-2147483647
0
48 1 16 5 0 1 0 -1 -1 18107 1 -1879048189 1 18107 
0
1
PART-1-1
14
-2147483647
0
48 1 16 5 0 1 0 -1 -1 33678 1 -1879048189 1 33678 
0
0
1
PART-1-1
1
FULLMESH
0
1
14
-2147483647
48 1 16 5 0 1 0 -1 -1 33678 1 -1879048189 1 33678 
0
0
0
0
1
PART-1-1
4
BOTTOM
0
1
8
1124 1125 17115 17122 17141 17152 17162 17164 
0
0
LEFT
0
1
9
961 962 17979 17997 18027 18029 18032 18046 18052 
0
0
RIGHT
0
1
9
1287 1288 17497 17513 17516 17521 17522 17527 17534 
0
0
TOP
0
1
9
798 799 17061 17078 17085 17244 17248 17254 17262 
0
0
0
0
0
