0
1
0
Assembly-1
1
PART-1-1
PART-1
1
PART-1-1
14
-2147483647
0
48 1 16 5 0 1 0 -1 -1 14378 1 -1879048189 1 14378 
0
1
PART-1-1
14
-2147483647
0
48 1 16 5 0 1 0 -1 -1 26495 1 -1879048189 1 26495 
0
0
1
PART-1-1
1
FULLMESH
0
1
14
-2147483647
48 1 16 5 0 1 0 -1 -1 26495 1 -1879048189 1 26495 
0
0
0
0
1
PART-1-1
4
BOTTOM
0
1
11
1124 1125 12695 12713 13060 13063 13064 13357 13360 13372 13377 
0
0
LEFT
0
1
10
961 962 12740 12749 13085 13106 13141 13142 13147 13154 
0
0
RIGHT
0
1
12
1287 1288 14250 14280 14304 14307 14330 14333 14343 14357 14362 14371 
0
0
TOP
0
1
11
798 799 13757 13819 13823 13839 13851 13853 13856 13867 13882 
0
0
0
0
0
