0
1
0
Assembly-1
1
PART-1-1
PART-1
1
PART-1-1
14
-2147483647
0
48 1 16 5 0 1 0 -1 -1 11643 1 -1879048189 1 11643 
0
1
PART-1-1
14
-2147483647
0
48 1 16 5 0 1 0 -1 -1 21136 1 -1879048189 1 21136 
0
0
1
PART-1-1
1
FULLMESH
0
1
14
-2147483647
48 1 16 5 0 1 0 -1 -1 21136 1 -1879048189 1 21136 
0
0
0
0
1
PART-1-1
4
BOTTOM
0
1
7
1124 1125 11596 11613 11622 11628 11629 
0
0
LEFT
0
1
5
961 962 10691 10721 10723 
0
0
RIGHT
0
1
5
1287 1288 11382 11387 11538 
0
0
TOP
0
1
7
798 799 10527 10534 10541 10542 10545 
0
0
0
0
0
