0
1
0
Assembly-1
1
PART-1-1
PART-1
1
PART-1-1
14
-2147483647
0
48 1 16 5 0 1 0 -1 -1 17794 1 -1879048189 1 17794 
0
1
PART-1-1
14
-2147483647
0
48 1 16 5 0 1 0 -1 -1 33359 1 -1879048189 1 33359 
0
0
1
PART-1-1
1
FULLMESH
0
1
14
-2147483647
48 1 16 5 0 1 0 -1 -1 33359 1 -1879048189 1 33359 
0
0
0
0
1
PART-1-1
4
BOTTOM
0
1
16
1124 1125 17516 17568 17583 17603 17624 17625 17628 17650 17653 17656 17664 17673 17688 17786 
0
0
LEFT
0
1
14
961 962 14481 14503 14527 14537 14539 14547 15065 15070 15358 15364 15381 15382 
0
0
RIGHT
0
1
17
1287 1288 16786 16811 16854 16856 16860 16865 16871 16878 16910 16930 16931 16941 16947 16978 17135 
0
0
TOP
0
1
13
798 799 15872 16121 16182 16193 16196 16198 16204 16205 16609 16756 17760 
0
0
0
0
0
