0
1
0
Assembly-1
1
PART-1-1
PART-1
1
PART-1-1
14
-2147483647
0
48 1 16 5 0 1 0 -1 -1 16044 1 -1879048189 1 16044 
0
1
PART-1-1
14
-2147483647
0
48 1 16 5 0 1 0 -1 -1 30014 1 -1879048189 1 30014 
0
0
1
PART-1-1
1
FULLMESH
0
1
14
-2147483647
48 1 16 5 0 1 0 -1 -1 30014 1 -1879048189 1 30014 
0
0
0
0
1
PART-1-1
4
BOTTOM
0
1
11
1124 1125 15520 15533 15561 15563 15566 15569 15570 15804 15806 
0
0
LEFT
0
1
11
961 962 14887 14915 15151 15160 15165 15181 15186 15193 15202 
0
0
RIGHT
0
1
12
1287 1288 15774 15788 15794 15825 15830 15834 15843 15845 15850 15896 
0
0
TOP
0
1
13
798 799 14800 14972 15014 15020 15025 15032 15034 15220 15223 15400 15403 
0
0
0
0
0
