0
1
0
Assembly-1
1
PART-1-1
PART-1
1
PART-1-1
14
-2147483647
0
48 1 16 5 0 1 0 -1 -1 10610 1 -1879048189 1 10610 
0
1
PART-1-1
14
-2147483647
0
48 1 16 5 0 1 0 -1 -1 18957 1 -1879048189 1 18957 
0
0
1
PART-1-1
1
FULLMESH
0
1
14
-2147483647
48 1 16 5 0 1 0 -1 -1 18957 1 -1879048189 1 18957 
0
0
0
0
1
PART-1-1
4
BOTTOM
0
1
11
1124 1125 8424 8522 8537 8559 8563 8564 8584 8593 8597 
0
0
LEFT
0
1
12
961 962 6967 6984 7056 7068 7070 7071 7079 7080 7081 7085 
0
0
RIGHT
0
1
15
1287 1288 7194 7200 7203 7229 7235 7241 7249 7258 7259 7263 7282 7284 7285 
0
0
TOP
0
1
11
798 799 9311 9338 9348 9357 9378 9386 9406 9428 9430 
0
0
0
0
0
