0
1
0
Assembly-1
1
PART-1-1
PART-1
1
PART-1-1
14
-2147483647
0
48 1 16 5 0 1 0 -1 -1 17951 1 -1879048189 1 17951 
0
1
PART-1-1
14
-2147483647
0
48 1 16 5 0 1 0 -1 -1 33610 1 -1879048189 1 33610 
0
0
1
PART-1-1
1
FULLMESH
0
1
14
-2147483647
48 1 16 5 0 1 0 -1 -1 33610 1 -1879048189 1 33610 
0
0
0
0
1
PART-1-1
4
BOTTOM
0
1
15
1124 1125 17366 17385 17452 17466 17471 17513 17517 17520 17526 17640 17675 17716 17943 
0
0
LEFT
0
1
15
961 962 15556 16419 16429 17045 17046 17052 17147 17156 17162 17164 17166 17287 17541 
0
0
RIGHT
0
1
16
1287 1288 13093 13108 13869 13873 13879 13883 13891 13907 14816 14820 14825 14830 14832 14836 
0
0
TOP
0
1
15
798 799 16556 17311 17312 17317 17323 17327 17339 17561 17692 17721 17759 17925 17934 
0
0
0
0
0
