0
1
0
Assembly-1
1
PART-1-1
PART-1
1
PART-1-1
14
-2147483647
0
48 1 16 5 0 1 0 -1 -1 12389 1 -1879048189 1 12389 
0
1
PART-1-1
14
-2147483647
0
48 1 16 5 0 1 0 -1 -1 22740 1 -1879048189 1 22740 
0
0
1
PART-1-1
1
FULLMESH
0
1
14
-2147483647
48 1 16 5 0 1 0 -1 -1 22740 1 -1879048189 1 22740 
0
0
0
0
1
PART-1-1
4
BOTTOM
0
1
17
1124 1125 10338 10340 10680 10716 10718 10758 10775 10777 11064 11074 11076 11083 11123 11290 11742 
0
0
LEFT
0
1
17
961 962 6987 7085 7093 7176 7891 7899 7917 7918 8482 8487 8497 8989 8993 8994 9003 
0
0
RIGHT
0
1
17
1287 1288 11518 11564 11658 11664 11672 11678 11690 11697 11709 11717 11725 11902 11904 11915 12039 
0
0
TOP
0
1
17
798 799 11312 11323 11597 11601 11799 11815 11816 11845 11853 11941 11950 11956 11960 11980 12010 
0
0
0
0
0
