0
1
0
Assembly-1
1
PART-1-1
PART-1
1
PART-1-1
14
-2147483647
0
48 1 16 5 0 1 0 -1 -1 13640 1 -1879048189 1 13640 
0
1
PART-1-1
14
-2147483647
0
48 1 16 5 0 1 0 -1 -1 24559 1 -1879048189 1 24559 
0
0
1
PART-1-1
1
FULLMESH
0
1
14
-2147483647
48 1 16 5 0 1 0 -1 -1 24559 1 -1879048189 1 24559 
0
0
0
0
1
PART-1-1
4
BOTTOM
0
1
11
1124 1125 11743 11856 11857 11862 11869 11875 11887 11889 11895 
0
0
LEFT
0
1
10
961 962 12626 12644 12646 12656 12659 12663 12685 12690 
0
0
RIGHT
0
1
10
1287 1288 11118 11142 11171 11203 11290 11311 11322 12718 
0
0
TOP
0
1
13
798 799 10608 10732 10755 10760 10765 10769 10771 10774 10777 10792 10812 
0
0
0
0
0
