0
1
0
Assembly-1
1
PART-1-1
PART-1
1
PART-1-1
14
-2147483647
0
48 1 16 5 0 1 0 -1 -1 10708 1 -1879048189 1 10708 
0
1
PART-1-1
14
-2147483647
0
48 1 16 5 0 1 0 -1 -1 19118 1 -1879048189 1 19118 
0
0
1
PART-1-1
1
FULLMESH
0
1
14
-2147483647
48 1 16 5 0 1 0 -1 -1 19118 1 -1879048189 1 19118 
0
0
0
0
1
PART-1-1
4
BOTTOM
0
1
6
1124 1125 10057 10070 10071 10084 
0
0
LEFT
0
1
7
961 962 10596 10627 10628 10632 10638 
0
0
RIGHT
0
1
5
1287 1288 9202 9204 9225 
0
0
TOP
0
1
6
798 799 10669 10689 10692 10702 
0
0
0
0
0
