0
1
0
Assembly-1
1
PART-1-1
PART-1
1
PART-1-1
14
-2147483647
0
48 1 16 5 0 1 0 -1 -1 14760 1 -1879048189 1 14760 
0
1
PART-1-1
14
-2147483647
0
48 1 16 5 0 1 0 -1 -1 27276 1 -1879048189 1 27276 
0
0
1
PART-1-1
1
FULLMESH
0
1
14
-2147483647
48 1 16 5 0 1 0 -1 -1 27276 1 -1879048189 1 27276 
0
0
0
0
1
PART-1-1
4
BOTTOM
0
1
10
1124 1125 12031 12066 12071 12218 12246 12288 12295 12300 
0
0
LEFT
0
1
9
961 962 11457 11847 11859 11861 11864 11870 11965 
0
0
RIGHT
0
1
10
1287 1288 12168 12181 12194 12211 12231 12235 12264 14747 
0
0
TOP
0
1
9
798 799 11491 11556 11563 11568 11577 11583 11591 
0
0
0
0
0
