0
1
0
Assembly-1
1
PART-1-1
PART-1
1
PART-1-1
14
-2147483647
0
48 1 16 5 0 1 0 -1 -1 20906 1 -1879048189 1 20906 
0
1
PART-1-1
14
-2147483647
0
48 1 16 5 0 1 0 -1 -1 39668 1 -1879048189 1 39668 
0
0
1
PART-1-1
1
FULLMESH
0
1
14
-2147483647
48 1 16 5 0 1 0 -1 -1 39668 1 -1879048189 1 39668 
0
0
0
0
1
PART-1-1
4
BOTTOM
0
1
17
1124 1125 17466 17623 18459 18466 18476 18488 19183 19188 19224 19238 19638 19643 19651 19654 19659 
0
0
LEFT
0
1
17
961 962 18929 18934 18940 18951 18974 19021 19024 19774 19782 19803 19816 19821 19823 19830 20099 
0
0
RIGHT
0
1
17
1287 1288 19343 19486 20016 20017 20034 20036 20048 20129 20148 20150 20183 20196 20204 20208 20213 
0
0
TOP
0
1
17
798 799 20317 20435 20457 20471 20481 20482 20487 20512 20537 20540 20549 20583 20593 20594 20713 
0
0
0
0
0
