0
1
0
Assembly-1
1
PART-1-1
PART-1
1
PART-1-1
14
-2147483647
0
48 1 16 5 0 1 0 -1 -1 14191 1 -1879048189 1 14191 
0
1
PART-1-1
14
-2147483647
0
48 1 16 5 0 1 0 -1 -1 26469 1 -1879048189 1 26469 
0
0
1
PART-1-1
1
FULLMESH
0
1
14
-2147483647
48 1 16 5 0 1 0 -1 -1 26469 1 -1879048189 1 26469 
0
0
0
0
1
PART-1-1
4
BOTTOM
0
1
17
1124 1125 11724 12415 12416 12435 12438 12449 12455 12458 12459 12460 12473 12478 12765 13153 14162 
0
0
LEFT
0
1
17
961 962 11495 11771 11854 11869 12024 12030 12037 12055 12056 12077 12081 12089 12255 12273 13159 
0
0
RIGHT
0
1
17
1287 1288 11933 12150 12308 12561 12581 12680 12690 12694 12698 12822 12856 13051 13057 13062 13175 
0
0
TOP
0
1
17
798 799 13648 13815 13885 13886 13896 13897 13917 13948 13986 13988 13992 13995 13998 14063 14071 
0
0
0
0
0
