0
1
0
Assembly-1
1
PART-1-1
PART-1
1
PART-1-1
14
-2147483647
0
48 1 16 5 0 1 0 -1 -1 15920 1 -1879048189 1 15920 
0
1
PART-1-1
14
-2147483647
0
48 1 16 5 0 1 0 -1 -1 29698 1 -1879048189 1 29698 
0
0
1
PART-1-1
1
FULLMESH
0
1
14
-2147483647
48 1 16 5 0 1 0 -1 -1 29698 1 -1879048189 1 29698 
0
0
0
0
1
PART-1-1
4
BOTTOM
0
1
17
1124 1125 15147 15169 15307 15324 15433 15444 15453 15455 15477 15495 15500 15511 15561 15629 15646 
0
0
LEFT
0
1
17
961 962 14617 14674 14700 14715 14717 14725 14743 14782 14792 14821 14854 15006 15057 15064 15232 
0
0
RIGHT
0
1
17
1287 1288 12505 13153 13155 13583 13614 14042 14063 14065 14381 14386 14393 14402 14410 14593 15802 
0
0
TOP
0
1
17
798 799 13508 13528 13544 13922 13950 13952 13956 14344 14345 14360 14364 14371 14583 14961 15176 
0
0
0
0
0
