0
1
0
Assembly-1
1
PART-1-1
PART-1
1
PART-1-1
14
-2147483647
0
48 1 16 5 0 1 0 -1 -1 15988 1 -1879048189 1 15988 
0
1
PART-1-1
14
-2147483647
0
48 1 16 5 0 1 0 -1 -1 29714 1 -1879048189 1 29714 
0
0
1
PART-1-1
1
FULLMESH
0
1
14
-2147483647
48 1 16 5 0 1 0 -1 -1 29714 1 -1879048189 1 29714 
0
0
0
0
1
PART-1-1
4
BOTTOM
0
1
17
1124 1125 13112 13739 13757 13790 13796 14432 14435 14436 14441 14449 14453 14457 14756 14767 14772 
0
0
LEFT
0
1
17
961 962 15493 15495 15518 15524 15528 15531 15533 15605 15613 15677 15692 15693 15703 15719 15725 
0
0
RIGHT
0
1
17
1287 1288 13946 14036 14087 14090 14523 14524 14525 14537 14542 14550 14573 14585 14586 14592 14798 
0
0
TOP
0
1
16
798 799 12336 13346 13348 13350 13369 13383 13388 13400 13407 14165 14171 14172 14183 14604 
0
0
0
0
0
