0
1
0
Assembly-1
1
PART-1-1
PART-1
1
PART-1-1
14
-2147483647
0
48 1 16 5 0 1 0 -1 -1 12100 1 -1879048189 1 12100 
0
1
PART-1-1
14
-2147483647
0
48 1 16 5 0 1 0 -1 -1 22059 1 -1879048189 1 22059 
0
0
1
PART-1-1
1
FULLMESH
0
1
14
-2147483647
48 1 16 5 0 1 0 -1 -1 22059 1 -1879048189 1 22059 
0
0
0
0
1
PART-1-1
4
BOTTOM
0
1
16
1124 1125 11034 11147 11148 11161 11163 11169 11174 11190 11193 11202 11203 11209 11232 11237 
0
0
LEFT
0
1
17
961 962 11776 11842 11864 11867 11869 11889 11937 11940 11942 11943 11945 12016 12019 12021 12044 
0
0
RIGHT
0
1
16
1287 1288 8650 9281 9316 9328 9329 9335 9357 9674 9675 9681 9881 10210 10218 10220 
0
0
TOP
0
1
16
798 799 10162 10466 10471 10475 10483 10532 10533 10539 10544 10565 10569 10573 10580 10607 
0
0
0
0
0
