0
1
0
Assembly-1
1
PART-1-1
PART-1
1
PART-1-1
14
-2147483647
0
48 1 16 5 0 1 0 -1 -1 16809 1 -1879048189 1 16809 
0
1
PART-1-1
14
-2147483647
0
48 1 16 5 0 1 0 -1 -1 31004 1 -1879048189 1 31004 
0
0
1
PART-1-1
1
FULLMESH
0
1
14
-2147483647
48 1 16 5 0 1 0 -1 -1 31004 1 -1879048189 1 31004 
0
0
0
0
1
PART-1-1
4
BOTTOM
0
1
9
1124 1125 14243 14675 14679 14684 14686 14691 14696 
0
0
LEFT
0
1
9
961 962 16765 16766 16772 16776 16777 16783 16790 
0
0
RIGHT
0
1
7
1287 1288 14774 14782 15037 15048 15050 
0
0
TOP
0
1
9
798 799 16064 16068 16070 16078 16103 16111 16119 
0
0
0
0
0
