0
1
0
Assembly-1
1
PART-1-1
PART-1
1
PART-1-1
14
-2147483647
0
48 1 16 5 0 1 0 -1 -1 17723 1 -1879048189 1 17723 
0
1
PART-1-1
14
-2147483647
0
48 1 16 5 0 1 0 -1 -1 33174 1 -1879048189 1 33174 
0
0
1
PART-1-1
1
FULLMESH
0
1
14
-2147483647
48 1 16 5 0 1 0 -1 -1 33174 1 -1879048189 1 33174 
0
0
0
0
1
PART-1-1
4
BOTTOM
0
1
9
1124 1125 16304 16312 16315 16327 16370 16577 16580 
0
0
LEFT
0
1
9
961 962 17176 17203 17208 17225 17237 17273 17277 
0
0
RIGHT
0
1
9
1287 1288 17544 17591 17601 17609 17612 17625 17640 
0
0
TOP
0
1
9
798 799 15662 16211 16213 16455 16463 16471 16475 
0
0
0
0
0
