0
1
0
Assembly-1
1
PART-1-1
PART-1
1
PART-1-1
14
-2147483647
0
48 1 16 5 0 1 0 -1 -1 8847 1 -1879048189 1 8847 
0
1
PART-1-1
14
-2147483647
0
48 1 16 5 0 1 0 -1 -1 15793 1 -1879048189 1 15793 
0
0
1
PART-1-1
1
FULLMESH
0
1
14
-2147483647
48 1 16 5 0 1 0 -1 -1 15793 1 -1879048189 1 15793 
0
0
0
0
1
PART-1-1
4
BOTTOM
0
1
9
1124 1125 8093 8107 8112 8173 8178 8200 8213 
0
0
LEFT
0
1
9
961 962 7077 7119 7130 7134 7139 7648 7649 
0
0
RIGHT
0
1
9
1287 1288 7860 7873 7880 7989 7995 7996 8013 
0
0
TOP
0
1
9
798 799 8242 8351 8352 8369 8389 8407 8411 
0
0
0
0
0
