0
1
0
Assembly-1
1
PART-1-1
PART-1
1
PART-1-1
14
-2147483647
0
48 1 16 5 0 1 0 -1 -1 15229 1 -1879048189 1 15229 
0
1
PART-1-1
14
-2147483647
0
48 1 16 5 0 1 0 -1 -1 28222 1 -1879048189 1 28222 
0
0
1
PART-1-1
1
FULLMESH
0
1
14
-2147483647
48 1 16 5 0 1 0 -1 -1 28222 1 -1879048189 1 28222 
0
0
0
0
1
PART-1-1
4
BOTTOM
0
1
9
1124 1125 14509 14525 14526 14530 14531 14542 14550 
0
0
LEFT
0
1
9
961 962 14939 14949 14950 14954 14957 14958 14975 
0
0
RIGHT
0
1
7
1287 1288 13132 13145 13148 13161 13164 
0
0
TOP
0
1
9
798 799 15157 15178 15193 15198 15200 15203 15219 
0
0
0
0
0
