0
1
0
Assembly-1
1
PART-1-1
PART-1
1
PART-1-1
14
-2147483647
0
48 1 16 5 0 1 0 -1 -1 18388 1 -1879048189 1 18388 
0
1
PART-1-1
14
-2147483647
0
48 1 16 5 0 1 0 -1 -1 34182 1 -1879048189 1 34182 
0
0
1
PART-1-1
1
FULLMESH
0
1
14
-2147483647
48 1 16 5 0 1 0 -1 -1 34182 1 -1879048189 1 34182 
0
0
0
0
1
PART-1-1
4
BOTTOM
0
1
14
1124 1125 16761 16792 16813 16886 16888 16889 16917 16919 16926 16941 16954 17732 
0
0
LEFT
0
1
16
961 962 13587 13607 13618 13629 14217 14253 14254 14261 14833 14845 15630 16141 16144 16477 
0
0
RIGHT
0
1
14
1287 1288 15860 15875 15933 15959 15984 15986 15989 16000 16005 16021 16597 16602 
0
0
TOP
0
1
16
798 799 14683 14744 14773 14790 14794 14801 14802 14803 14804 14808 15618 16053 16085 16472 
0
0
0
0
0
