0
1
0
Assembly-1
1
PART-1-1
PART-1
1
PART-1-1
14
-2147483647
0
48 1 16 5 0 1 0 -1 -1 17303 1 -1879048189 1 17303 
0
1
PART-1-1
14
-2147483647
0
48 1 16 5 0 1 0 -1 -1 32028 1 -1879048189 1 32028 
0
0
1
PART-1-1
1
FULLMESH
0
1
14
-2147483647
48 1 16 5 0 1 0 -1 -1 32028 1 -1879048189 1 32028 
0
0
0
0
1
PART-1-1
4
BOTTOM
0
1
12
1124 1125 14794 15078 15094 15281 15284 15295 15296 15307 15308 15312 
0
0
LEFT
0
1
10
961 962 14035 14052 14071 14077 14098 14108 14445 14454 
0
0
RIGHT
0
1
9
1287 1288 16076 16202 16224 16250 16251 16375 16377 
0
0
TOP
0
1
11
798 799 9546 11024 11065 11089 11103 11107 11557 11558 11560 
0
0
0
0
0
