0
1
0
Assembly-1
1
PART-1-1
PART-1
1
PART-1-1
14
-2147483647
0
48 1 16 5 0 1 0 -1 -1 14080 1 -1879048189 1 14080 
0
1
PART-1-1
14
-2147483647
0
48 1 16 5 0 1 0 -1 -1 26278 1 -1879048189 1 26278 
0
0
1
PART-1-1
1
FULLMESH
0
1
14
-2147483647
48 1 16 5 0 1 0 -1 -1 26278 1 -1879048189 1 26278 
0
0
0
0
1
PART-1-1
4
BOTTOM
0
1
14
1124 1125 10493 10497 10548 10561 10572 10581 10583 11124 11144 11619 11640 11972 
0
0
LEFT
0
1
13
961 962 13261 13305 13313 13327 13341 13343 13351 13353 13355 13375 13486 
0
0
RIGHT
0
1
12
1287 1288 13835 13959 13964 13977 13980 13985 13987 14015 14016 14034 
0
0
TOP
0
1
14
798 799 13048 13070 13074 13201 13207 13272 13274 13278 13393 13484 14067 14071 
0
0
0
0
0
