0
1
0
Assembly-1
1
PART-1-1
PART-1
1
PART-1-1
14
-2147483647
0
48 1 16 5 0 1 0 -1 -1 15666 1 -1879048189 1 15666 
0
1
PART-1-1
14
-2147483647
0
48 1 16 5 0 1 0 -1 -1 29188 1 -1879048189 1 29188 
0
0
1
PART-1-1
1
FULLMESH
0
1
14
-2147483647
48 1 16 5 0 1 0 -1 -1 29188 1 -1879048189 1 29188 
0
0
0
0
1
PART-1-1
4
BOTTOM
0
1
14
1124 1125 15048 15223 15243 15244 15281 15286 15317 15321 15332 15335 15337 15370 
0
0
LEFT
0
1
16
961 962 13585 13617 13854 14011 14032 14040 14041 14044 14047 14252 14265 14272 14282 14283 
0
0
RIGHT
0
1
17
1287 1288 15167 15369 15381 15389 15395 15396 15397 15399 15400 15413 15416 15421 15424 15505 15516 
0
0
TOP
0
1
13
798 799 14136 14139 14142 14168 14169 14312 14365 14435 14449 14463 14721 
0
0
0
0
0
