0
1
0
Assembly-1
1
PART-1-1
PART-1
1
PART-1-1
14
-2147483647
0
48 1 16 5 0 1 0 -1 -1 16733 1 -1879048189 1 16733 
0
1
PART-1-1
14
-2147483647
0
48 1 16 5 0 1 0 -1 -1 31104 1 -1879048189 1 31104 
0
0
1
PART-1-1
1
FULLMESH
0
1
14
-2147483647
48 1 16 5 0 1 0 -1 -1 31104 1 -1879048189 1 31104 
0
0
0
0
1
PART-1-1
4
BOTTOM
0
1
13
1124 1125 14695 14699 15003 15007 15013 15019 15102 15107 15113 15115 15324 
0
0
LEFT
0
1
14
961 962 13310 13317 13361 13402 13404 13938 13956 13961 16690 16696 16701 16706 
0
0
RIGHT
0
1
14
1287 1288 15696 15706 15815 15856 15857 15863 15865 15887 15890 15895 15902 15913 
0
0
TOP
0
1
13
798 799 12987 14283 14310 14312 14648 14649 14657 14660 14662 14678 14681 
0
0
0
0
0
