0
1
0
Assembly-1
1
PART-1-1
PART-1
1
PART-1-1
14
-2147483647
0
48 1 16 5 0 1 0 -1 -1 11477 1 -1879048189 1 11477 
0
1
PART-1-1
14
-2147483647
0
48 1 16 5 0 1 0 -1 -1 20707 1 -1879048189 1 20707 
0
0
1
PART-1-1
1
FULLMESH
0
1
14
-2147483647
48 1 16 5 0 1 0 -1 -1 20707 1 -1879048189 1 20707 
0
0
0
0
1
PART-1-1
4
BOTTOM
0
1
16
1124 1125 9696 9706 10068 10079 10080 10081 10084 10093 10097 10123 10262 10264 10304 10305 
0
0
LEFT
0
1
15
961 962 8916 8932 8948 8951 8952 8964 8981 9232 9238 9243 9246 9253 9674 
0
0
RIGHT
0
1
13
1287 1288 9613 9624 9750 9870 9875 9888 10145 10147 10275 10283 10317 
0
0
TOP
0
1
15
798 799 10410 10487 10513 10518 10532 10559 10565 10571 10577 10590 10594 10596 10602 
0
0
0
0
0
