0
1
0
Assembly-1
1
PART-1-1
PART-1
1
PART-1-1
14
-2147483647
0
48 1 16 5 0 1 0 -1 -1 15524 1 -1879048189 1 15524 
0
1
PART-1-1
14
-2147483647
0
48 1 16 5 0 1 0 -1 -1 28611 1 -1879048189 1 28611 
0
0
1
PART-1-1
1
FULLMESH
0
1
14
-2147483647
48 1 16 5 0 1 0 -1 -1 28611 1 -1879048189 1 28611 
0
0
0
0
1
PART-1-1
4
BOTTOM
0
1
5
1124 1125 14589 14600 14620 
0
0
LEFT
0
1
5
961 962 15459 15469 15483 
0
0
RIGHT
0
1
6
1287 1288 15328 15336 15341 15343 
0
0
TOP
0
1
6
798 799 15497 15504 15509 15516 
0
0
0
0
0
