0
1
0
Assembly-1
1
PART-1-1
PART-1
1
PART-1-1
14
-2147483647
0
48 1 16 5 0 1 0 -1 -1 20137 1 -1879048189 1 20137 
0
1
PART-1-1
14
-2147483647
0
48 1 16 5 0 1 0 -1 -1 38099 1 -1879048189 1 38099 
0
0
1
PART-1-1
1
FULLMESH
0
1
14
-2147483647
48 1 16 5 0 1 0 -1 -1 38099 1 -1879048189 1 38099 
0
0
0
0
1
PART-1-1
4
BOTTOM
0
1
17
1124 1125 18164 18189 18274 18316 18321 18333 18337 18359 19093 19679 19686 19687 19945 19950 20020 
0
0
LEFT
0
1
17
961 962 18835 19359 19362 19421 19456 19467 19468 19473 19776 19788 19789 19792 19970 19976 20124 
0
0
RIGHT
0
1
17
1287 1288 18505 18536 18679 18688 18702 18731 18734 18737 18739 19201 19212 19218 19234 19738 19743 
0
0
TOP
0
1
17
798 799 17821 19003 19522 19544 19556 19557 19584 19592 19836 19856 19860 19870 19872 19880 19890 
0
0
0
0
0
