0
1
0
Assembly-1
1
PART-1-1
PART-1
1
PART-1-1
14
-2147483647
0
48 1 16 5 0 1 0 -1 -1 12099 1 -1879048189 1 12099 
0
1
PART-1-1
14
-2147483647
0
48 1 16 5 0 1 0 -1 -1 21989 1 -1879048189 1 21989 
0
0
1
PART-1-1
1
FULLMESH
0
1
14
-2147483647
48 1 16 5 0 1 0 -1 -1 21989 1 -1879048189 1 21989 
0
0
0
0
1
PART-1-1
4
BOTTOM
0
1
9
1124 1125 10871 10907 10910 10919 10921 10925 10933 
0
0
LEFT
0
1
9
961 962 11315 11332 11348 11354 11355 11363 11391 
0
0
RIGHT
0
1
9
1287 1288 11991 12002 12003 12005 12007 12013 12021 
0
0
TOP
0
1
8
798 799 9892 9949 9950 9952 9981 12050 
0
0
0
0
0
