0
1
0
Assembly-1
1
PART-1-1
PART-1
1
PART-1-1
14
-2147483647
0
48 1 16 5 0 1 0 -1 -1 19198 1 -1879048189 1 19198 
0
1
PART-1-1
14
-2147483647
0
48 1 16 5 0 1 0 -1 -1 36306 1 -1879048189 1 36306 
0
0
1
PART-1-1
1
FULLMESH
0
1
14
-2147483647
48 1 16 5 0 1 0 -1 -1 36306 1 -1879048189 1 36306 
0
0
0
0
1
PART-1-1
4
BOTTOM
0
1
17
1124 1125 14571 14810 15324 15327 15334 15336 15345 15814 15817 16237 16250 16889 16897 16903 16908 
0
0
LEFT
0
1
15
961 962 18131 18203 18216 18229 18242 18258 18267 18296 18302 18312 18317 18324 18804 
0
0
RIGHT
0
1
16
1287 1288 18569 18904 18912 18917 18945 19007 19015 19020 19024 19046 19063 19065 19076 19084 
0
0
TOP
0
1
16
798 799 16665 17267 17276 17280 17285 17303 17726 17741 17759 17760 17766 17827 17830 18614 
0
0
0
0
0
