0
1
0
Assembly-1
1
PART-1-1
PART-1
1
PART-1-1
14
-2147483647
0
48 1 16 5 0 1 0 -1 -1 11444 1 -1879048189 1 11444 
0
1
PART-1-1
14
-2147483647
0
48 1 16 5 0 1 0 -1 -1 20846 1 -1879048189 1 20846 
0
0
1
PART-1-1
1
FULLMESH
0
1
14
-2147483647
48 1 16 5 0 1 0 -1 -1 20846 1 -1879048189 1 20846 
0
0
0
0
1
PART-1-1
4
BOTTOM
0
1
15
1124 1125 10052 10429 10594 10600 10602 10609 10623 10758 10770 10803 10804 10818 10911 
0
0
LEFT
0
1
16
961 962 10968 11025 11029 11048 11058 11059 11063 11076 11079 11183 11191 11195 11206 11211 
0
0
RIGHT
0
1
16
1287 1288 8457 8483 8927 8934 8952 9129 9140 9142 9149 9153 9163 9502 9513 9582 
0
0
TOP
0
1
15
798 799 9294 9338 9426 9434 9450 9462 9478 9569 9573 9575 9578 10142 10148 
0
0
0
0
0
