0
1
0
Assembly-1
1
PART-1-1
PART-1
1
PART-1-1
14
-2147483647
0
48 1 16 5 0 1 0 -1 -1 9974 1 -1879048189 1 9974 
0
1
PART-1-1
14
-2147483647
0
48 1 16 5 0 1 0 -1 -1 18012 1 -1879048189 1 18012 
0
0
1
PART-1-1
1
FULLMESH
0
1
14
-2147483647
48 1 16 5 0 1 0 -1 -1 18012 1 -1879048189 1 18012 
0
0
0
0
1
PART-1-1
4
BOTTOM
0
1
12
1124 1125 9769 9781 9838 9846 9862 9866 9891 9902 9904 9912 
0
0
LEFT
0
1
12
961 962 8639 8661 8694 8698 8751 8759 8761 8780 8789 9945 
0
0
RIGHT
0
1
13
1287 1288 8506 8524 8588 8600 8609 8678 8680 8723 8725 8729 8734 
0
0
TOP
0
1
12
798 799 7807 8217 8240 8241 8244 8247 8256 8261 8267 8341 
0
0
0
0
0
