0
1
0
Assembly-1
1
PART-1-1
PART-1
1
PART-1-1
14
-2147483647
0
48 1 16 5 0 1 0 -1 -1 13389 1 -1879048189 1 13389 
0
1
PART-1-1
14
-2147483647
0
48 1 16 5 0 1 0 -1 -1 24887 1 -1879048189 1 24887 
0
0
1
PART-1-1
1
FULLMESH
0
1
14
-2147483647
48 1 16 5 0 1 0 -1 -1 24887 1 -1879048189 1 24887 
0
0
0
0
1
PART-1-1
4
BOTTOM
0
1
9
1124 1125 12664 12685 12690 12747 12750 12756 12760 
0
0
LEFT
0
1
8
961 962 11628 11637 11686 11688 11814 11816 
0
0
RIGHT
0
1
9
1287 1288 12510 12513 12534 12573 12581 12583 13373 
0
0
TOP
0
1
8
798 799 13269 13275 13286 13309 13314 13382 
0
0
0
0
0
