0
1
0
Assembly-1
1
PART-1-1
PART-1
1
PART-1-1
14
-2147483647
0
48 1 16 5 0 1 0 -1 -1 8691 1 -1879048189 1 8691 
0
1
PART-1-1
14
-2147483647
0
48 1 16 5 0 1 0 -1 -1 14476 1 -1879048189 1 14476 
0
0
1
PART-1-1
1
FULLMESH
0
1
14
-2147483647
48 1 16 5 0 1 0 -1 -1 14476 1 -1879048189 1 14476 
0
0
0
0
1
PART-1-1
4
BOTTOM
0
1
7
1124 1125 5930 5937 5944 5951 5953 
0
0
LEFT
0
1
6
961 962 3310 3334 3344 5964 
0
0
RIGHT
0
1
7
1287 1288 6642 6653 6654 6657 6687 
0
0
TOP
0
1
6
798 799 7348 7376 7381 7388 
0
0
0
0
0
