0
1
0
Assembly-1
1
PART-1-1
PART-1
1
PART-1-1
14
-2147483647
0
48 1 16 5 0 1 0 -1 -1 12969 1 -1879048189 1 12969 
0
1
PART-1-1
14
-2147483647
0
48 1 16 5 0 1 0 -1 -1 23464 1 -1879048189 1 23464 
0
0
1
PART-1-1
1
FULLMESH
0
1
14
-2147483647
48 1 16 5 0 1 0 -1 -1 23464 1 -1879048189 1 23464 
0
0
0
0
1
PART-1-1
4
BOTTOM
0
1
5
1124 1125 12744 12755 12758 
0
0
LEFT
0
1
6
961 962 11091 11123 11125 11146 
0
0
RIGHT
0
1
6
1287 1288 12921 12947 12948 12955 
0
0
TOP
0
1
6
798 799 11804 11821 11825 11838 
0
0
0
0
0
