0
1
0
Assembly-1
1
PART-1-1
PART-1
1
PART-1-1
14
-2147483647
0
48 1 16 5 0 1 0 -1 -1 18069 1 -1879048189 1 18069 
0
1
PART-1-1
14
-2147483647
0
48 1 16 5 0 1 0 -1 -1 34051 1 -1879048189 1 34051 
0
0
1
PART-1-1
1
FULLMESH
0
1
14
-2147483647
48 1 16 5 0 1 0 -1 -1 34051 1 -1879048189 1 34051 
0
0
0
0
1
PART-1-1
4
BOTTOM
0
1
17
1124 1125 16818 17356 17403 17489 17505 17507 17525 17534 17535 17543 17547 17559 17597 17611 17614 
0
0
LEFT
0
1
17
961 962 15581 15597 15606 16078 16112 16509 16511 16525 16527 16915 16945 16947 17204 17206 17209 
0
0
RIGHT
0
1
17
1287 1288 15852 15982 16444 16832 16844 16850 16851 16853 16881 16903 16905 17141 17162 17179 17303 
0
0
TOP
0
1
17
798 799 15351 15715 15726 16205 16213 16237 16243 16260 16270 16546 16965 16970 16982 18037 18042 
0
0
0
0
0
