0
1
0
Assembly-1
1
PART-1-1
PART-1
1
PART-1-1
14
-2147483647
0
48 1 16 5 0 1 0 -1 -1 16827 1 -1879048189 1 16827 
0
1
PART-1-1
14
-2147483647
0
48 1 16 5 0 1 0 -1 -1 31108 1 -1879048189 1 31108 
0
0
1
PART-1-1
1
FULLMESH
0
1
14
-2147483647
48 1 16 5 0 1 0 -1 -1 31108 1 -1879048189 1 31108 
0
0
0
0
1
PART-1-1
4
BOTTOM
0
1
17
1124 1125 12649 13195 13204 13207 13229 13235 13663 13664 13688 13698 14103 14398 14405 14417 14418 
0
0
LEFT
0
1
17
961 962 14161 14569 14600 14620 14622 14625 14626 14641 14646 14648 14663 14686 14774 14778 14809 
0
0
RIGHT
0
1
17
1287 1288 9371 9460 10009 10018 10021 10100 10945 10948 10949 10962 10970 11989 12005 12006 12007 
0
0
TOP
0
1
17
798 799 13622 13821 13853 13886 14019 14031 14033 14035 14036 14037 14056 14363 14369 14820 14838 
0
0
0
0
0
