0
1
0
Assembly-1
1
PART-1-1
PART-1
1
PART-1-1
14
-2147483647
0
48 1 16 5 0 1 0 -1 -1 14865 1 -1879048189 1 14865 
0
1
PART-1-1
14
-2147483647
0
48 1 16 5 0 1 0 -1 -1 27407 1 -1879048189 1 27407 
0
0
1
PART-1-1
1
FULLMESH
0
1
14
-2147483647
48 1 16 5 0 1 0 -1 -1 27407 1 -1879048189 1 27407 
0
0
0
0
1
PART-1-1
4
BOTTOM
0
1
15
1124 1125 11724 11759 11762 11773 11774 11778 11795 12175 12188 12204 12206 12207 12216 
0
0
LEFT
0
1
12
961 962 13226 13272 13294 13329 13439 13446 13469 13597 14841 14844 
0
0
RIGHT
0
1
14
1287 1288 13575 13948 13955 13962 13972 13998 14027 14032 14039 14044 14055 14846 
0
0
TOP
0
1
14
798 799 12997 13374 13382 13383 13482 13483 13489 13504 13508 13538 13624 13637 
0
0
0
0
0
