0
1
0
Assembly-1
1
PART-1-1
PART-1
1
PART-1-1
14
-2147483647
0
48 1 16 5 0 1 0 -1 -1 15925 1 -1879048189 1 15925 
0
1
PART-1-1
14
-2147483647
0
48 1 16 5 0 1 0 -1 -1 29528 1 -1879048189 1 29528 
0
0
1
PART-1-1
1
FULLMESH
0
1
14
-2147483647
48 1 16 5 0 1 0 -1 -1 29528 1 -1879048189 1 29528 
0
0
0
0
1
PART-1-1
4
BOTTOM
0
1
9
1124 1125 15837 15841 15875 15898 15902 15910 15917 
0
0
LEFT
0
1
9
961 962 15598 15604 15646 15651 15654 15657 15679 
0
0
RIGHT
0
1
9
1287 1288 14003 14110 14118 14137 14144 14147 14176 
0
0
TOP
0
1
8
798 799 14199 14213 14228 14240 14242 14251 
0
0
0
0
0
