0
1
0
Assembly-1
1
PART-1-1
PART-1
1
PART-1-1
14
-2147483647
0
48 1 16 5 0 1 0 -1 -1 15334 1 -1879048189 1 15334 
0
1
PART-1-1
14
-2147483647
0
48 1 16 5 0 1 0 -1 -1 28625 1 -1879048189 1 28625 
0
0
1
PART-1-1
1
FULLMESH
0
1
14
-2147483647
48 1 16 5 0 1 0 -1 -1 28625 1 -1879048189 1 28625 
0
0
0
0
1
PART-1-1
4
BOTTOM
0
1
12
1124 1125 14053 14322 14517 14523 14731 14740 14745 14747 14749 14750 
0
0
LEFT
0
1
12
961 962 12896 13859 13872 13874 13880 13911 13917 13918 13920 14338 
0
0
RIGHT
0
1
10
1287 1288 14918 14961 15126 15143 15145 15158 15208 15215 
0
0
TOP
0
1
11
798 799 14659 15022 15025 15092 15105 15111 15173 15176 15181 
0
0
0
0
0
