0
1
0
Assembly-1
1
PART-1-1
PART-1
1
PART-1-1
14
-2147483647
0
48 1 16 5 0 1 0 -1 -1 12108 1 -1879048189 1 12108 
0
1
PART-1-1
14
-2147483647
0
48 1 16 5 0 1 0 -1 -1 22356 1 -1879048189 1 22356 
0
0
1
PART-1-1
1
FULLMESH
0
1
14
-2147483647
48 1 16 5 0 1 0 -1 -1 22356 1 -1879048189 1 22356 
0
0
0
0
1
PART-1-1
4
BOTTOM
0
1
9
1124 1125 10509 10588 10623 10686 10711 10713 10725 
0
0
LEFT
0
1
9
961 962 10877 10896 10923 10951 10954 10958 10986 
0
0
RIGHT
0
1
9
1287 1288 11957 11969 11984 12021 12051 12055 12073 
0
0
TOP
0
1
9
798 799 10418 10441 10442 10470 10474 10660 10696 
0
0
0
0
0
