0
1
0
Assembly-1
1
PART-1-1
PART-1
1
PART-1-1
14
-2147483647
0
48 1 16 5 0 1 0 -1 -1 12915 1 -1879048189 1 12915 
0
1
PART-1-1
14
-2147483647
0
48 1 16 5 0 1 0 -1 -1 23611 1 -1879048189 1 23611 
0
0
1
PART-1-1
1
FULLMESH
0
1
14
-2147483647
48 1 16 5 0 1 0 -1 -1 23611 1 -1879048189 1 23611 
0
0
0
0
1
PART-1-1
4
BOTTOM
0
1
17
1124 1125 11443 11555 11575 11583 11598 11605 12060 12061 12070 12073 12110 12120 12135 12298 12307 
0
0
LEFT
0
1
17
961 962 11737 11767 11794 11819 11820 11827 11835 11846 12600 12602 12649 12667 12669 12674 12728 
0
0
RIGHT
0
1
17
1287 1288 8870 8937 9396 9400 9404 9408 9414 10711 10748 10769 10784 10789 10792 10793 12144 
0
0
TOP
0
1
17
798 799 12394 12433 12437 12474 12504 12514 12516 12533 12543 12578 12632 12638 12644 12723 12885 
0
0
0
0
0
