0
1
0
Assembly-1
1
PART-1-1
PART-1
1
PART-1-1
14
-2147483647
0
48 1 16 5 0 1 0 -1 -1 15493 1 -1879048189 1 15493 
0
1
PART-1-1
14
-2147483647
0
48 1 16 5 0 1 0 -1 -1 28898 1 -1879048189 1 28898 
0
0
1
PART-1-1
1
FULLMESH
0
1
14
-2147483647
48 1 16 5 0 1 0 -1 -1 28898 1 -1879048189 1 28898 
0
0
0
0
1
PART-1-1
4
BOTTOM
0
1
10
1124 1125 12877 12920 12951 13273 13469 13471 13480 13788 
0
0
LEFT
0
1
13
961 962 13341 13579 13647 13650 13672 14295 14324 14357 14361 14362 14741 
0
0
RIGHT
0
1
14
1287 1288 14848 14906 14930 14990 14993 14995 14997 15012 15015 15044 15050 15052 
0
0
TOP
0
1
13
798 799 14497 14634 14649 14657 14772 14774 14776 14961 14965 14968 15018 
0
0
0
0
0
