0
1
0
Assembly-1
1
PART-1-1
PART-1
1
PART-1-1
14
-2147483647
0
48 1 16 5 0 1 0 -1 -1 13932 1 -1879048189 1 13932 
0
1
PART-1-1
14
-2147483647
0
48 1 16 5 0 1 0 -1 -1 25373 1 -1879048189 1 25373 
0
0
1
PART-1-1
1
FULLMESH
0
1
14
-2147483647
48 1 16 5 0 1 0 -1 -1 25373 1 -1879048189 1 25373 
0
0
0
0
1
PART-1-1
4
BOTTOM
0
1
9
1124 1125 10036 10042 10073 10077 10116 10118 10133 
0
0
LEFT
0
1
9
961 962 13680 13738 13744 13771 13775 13785 13791 
0
0
RIGHT
0
1
9
1287 1288 9782 9783 9836 9850 9880 9908 9911 
0
0
TOP
0
1
9
798 799 9205 9334 9436 9437 9542 9548 9715 
0
0
0
0
0
