0
1
0
Assembly-1
1
PART-1-1
PART-1
1
PART-1-1
14
-2147483647
0
48 1 16 5 0 1 0 -1 -1 13465 1 -1879048189 1 13465 
0
1
PART-1-1
14
-2147483647
0
48 1 16 5 0 1 0 -1 -1 24678 1 -1879048189 1 24678 
0
0
1
PART-1-1
1
FULLMESH
0
1
14
-2147483647
48 1 16 5 0 1 0 -1 -1 24678 1 -1879048189 1 24678 
0
0
0
0
1
PART-1-1
4
BOTTOM
0
1
9
1124 1125 12697 12698 12726 12727 12737 12923 12927 
0
0
LEFT
0
1
9
961 962 11792 11800 11844 11867 11869 11882 12019 
0
0
RIGHT
0
1
9
1287 1288 13286 13297 13300 13307 13309 13320 13341 
0
0
TOP
0
1
9
798 799 12549 12592 12601 12618 12620 12623 12843 
0
0
0
0
0
