0
1
0
Assembly-1
1
PART-1-1
PART-1
1
PART-1-1
14
-2147483647
0
48 1 16 5 0 1 0 -1 -1 12134 1 -1879048189 1 12134 
0
1
PART-1-1
14
-2147483647
0
48 1 16 5 0 1 0 -1 -1 21485 1 -1879048189 1 21485 
0
0
1
PART-1-1
1
FULLMESH
0
1
14
-2147483647
48 1 16 5 0 1 0 -1 -1 21485 1 -1879048189 1 21485 
0
0
0
0
1
PART-1-1
4
BOTTOM
0
1
6
1124 1125 8219 8221 8223 8226 
0
0
LEFT
0
1
7
961 962 7898 7912 7917 7919 7943 
0
0
RIGHT
0
1
7
1287 1288 12016 12037 12038 12043 12050 
0
0
TOP
0
1
6
798 799 11235 11248 11250 11254 
0
0
0
0
0
