0
1
0
Assembly-1
1
PART-1-1
PART-1
1
PART-1-1
14
-2147483647
0
48 1 16 5 0 1 0 -1 -1 19956 1 -1879048189 1 19956 
0
1
PART-1-1
14
-2147483647
0
48 1 16 5 0 1 0 -1 -1 37562 1 -1879048189 1 37562 
0
0
1
PART-1-1
1
FULLMESH
0
1
14
-2147483647
48 1 16 5 0 1 0 -1 -1 37562 1 -1879048189 1 37562 
0
0
0
0
1
PART-1-1
4
BOTTOM
0
1
16
1124 1125 19019 19152 19157 19165 19167 19199 19210 19219 19252 19259 19273 19296 19318 19324 
0
0
LEFT
0
1
17
961 962 16616 16631 16664 16667 16671 16682 16684 16699 16700 16705 16707 16712 16740 17044 17102 
0
0
RIGHT
0
1
17
1287 1288 16035 16049 16103 16120 16121 16133 16136 16145 16193 16273 16801 17113 17117 17125 17128 
0
0
TOP
0
1
16
798 799 16991 17268 17278 17284 17290 17323 17358 17360 17387 17393 17401 17615 17780 18279 
0
0
0
0
0
