0
1
0
Assembly-1
1
PART-1-1
PART-1
1
PART-1-1
14
-2147483647
0
48 1 16 5 0 1 0 -1 -1 19859 1 -1879048189 1 19859 
0
1
PART-1-1
14
-2147483647
0
48 1 16 5 0 1 0 -1 -1 37493 1 -1879048189 1 37493 
0
0
1
PART-1-1
1
FULLMESH
0
1
14
-2147483647
48 1 16 5 0 1 0 -1 -1 37493 1 -1879048189 1 37493 
0
0
0
0
1
PART-1-1
4
BOTTOM
0
1
16
1124 1125 18094 18116 18134 18155 18176 18206 18764 18765 18774 19401 19697 19729 19737 19740 
0
0
LEFT
0
1
17
961 962 18680 18688 18713 18724 18732 19312 19324 19330 19369 19370 19373 19564 19645 19653 19657 
0
0
RIGHT
0
1
15
1287 1288 18914 18930 18984 18996 18997 19006 19007 19469 19472 19476 19617 19681 19682 
0
0
TOP
0
1
14
798 799 18408 18502 19088 19091 19111 19130 19134 19501 19507 19512 19519 19623 
0
0
0
0
0
