0
1
0
Assembly-1
1
PART-1-1
PART-1
1
PART-1-1
14
-2147483647
0
48 1 16 5 0 1 0 -1 -1 10595 1 -1879048189 1 10595 
0
1
PART-1-1
14
-2147483647
0
48 1 16 5 0 1 0 -1 -1 19140 1 -1879048189 1 19140 
0
0
1
PART-1-1
1
FULLMESH
0
1
14
-2147483647
48 1 16 5 0 1 0 -1 -1 19140 1 -1879048189 1 19140 
0
0
0
0
1
PART-1-1
4
BOTTOM
0
1
11
1124 1125 8434 8733 8746 8754 8812 8913 8919 8925 9182 
0
0
LEFT
0
1
15
961 962 7874 7988 7989 8012 8092 8100 8105 8130 8132 8553 8559 10279 10282 
0
0
RIGHT
0
1
12
1287 1288 9840 9891 9897 9909 9936 9940 9950 9951 9960 9991 
0
0
TOP
0
1
12
798 799 9087 9100 9136 9146 9164 9167 9288 9559 9565 10287 
0
0
0
0
0
