0
1
0
Assembly-1
1
PART-1-1
PART-1
1
PART-1-1
14
-2147483647
0
48 1 16 5 0 1 0 -1 -1 12131 1 -1879048189 1 12131 
0
1
PART-1-1
14
-2147483647
0
48 1 16 5 0 1 0 -1 -1 22349 1 -1879048189 1 22349 
0
0
1
PART-1-1
1
FULLMESH
0
1
14
-2147483647
48 1 16 5 0 1 0 -1 -1 22349 1 -1879048189 1 22349 
0
0
0
0
1
PART-1-1
4
BOTTOM
0
1
16
1124 1125 9753 9755 9943 10215 10220 10257 10263 10269 10282 10283 10292 10295 10300 10303 
0
0
LEFT
0
1
14
961 962 11154 11221 11227 11231 11253 11264 11271 11277 11281 11286 11290 11425 
0
0
RIGHT
0
1
15
1287 1288 9540 10445 10468 10509 10520 10535 10553 10563 10573 10576 10577 10586 10592 
0
0
TOP
0
1
15
798 799 11752 11822 11824 11825 11827 11834 11842 11847 11854 11980 11982 11994 12121 
0
0
0
0
0
