0
1
0
Assembly-1
1
PART-1-1
PART-1
1
PART-1-1
14
-2147483647
0
48 1 16 5 0 1 0 -1 -1 15333 1 -1879048189 1 15333 
0
1
PART-1-1
14
-2147483647
0
48 1 16 5 0 1 0 -1 -1 28217 1 -1879048189 1 28217 
0
0
1
PART-1-1
1
FULLMESH
0
1
14
-2147483647
48 1 16 5 0 1 0 -1 -1 28217 1 -1879048189 1 28217 
0
0
0
0
1
PART-1-1
4
BOTTOM
0
1
17
1124 1125 9725 9750 9756 9760 9794 9796 9811 10263 10264 10269 10273 11114 11118 11392 11394 
0
0
LEFT
0
1
15
961 962 11212 11811 12065 12072 12269 12280 12418 12432 12448 12449 12454 12456 12544 
0
0
RIGHT
0
1
17
1287 1288 12186 12203 12319 12347 12363 12369 12373 12387 12401 12488 12492 12496 12513 12518 12572 
0
0
TOP
0
1
17
798 799 14062 14093 14097 14099 14104 14112 14113 14121 14135 14153 14256 14264 14267 14268 14327 
0
0
0
0
0
