0
1
0
Assembly-1
1
PART-1-1
PART-1
1
PART-1-1
14
-2147483647
0
48 1 16 5 0 1 0 -1 -1 13099 1 -1879048189 1 13099 
0
1
PART-1-1
14
-2147483647
0
48 1 16 5 0 1 0 -1 -1 23379 1 -1879048189 1 23379 
0
0
1
PART-1-1
1
FULLMESH
0
1
14
-2147483647
48 1 16 5 0 1 0 -1 -1 23379 1 -1879048189 1 23379 
0
0
0
0
1
PART-1-1
4
BOTTOM
0
1
6
1124 1125 12174 12175 12184 12196 
0
0
LEFT
0
1
8
961 962 11613 11629 11633 11638 11640 12557 
0
0
RIGHT
0
1
7
1287 1288 12377 12380 12387 12395 12400 
0
0
TOP
0
1
7
798 799 13053 13056 13062 13076 13079 
0
0
0
0
0
