0
1
0
Assembly-1
1
PART-1-1
PART-1
1
PART-1-1
14
-2147483647
0
48 1 16 5 0 1 0 -1 -1 15190 1 -1879048189 1 15190 
0
1
PART-1-1
14
-2147483647
0
48 1 16 5 0 1 0 -1 -1 28094 1 -1879048189 1 28094 
0
0
1
PART-1-1
1
FULLMESH
0
1
14
-2147483647
48 1 16 5 0 1 0 -1 -1 28094 1 -1879048189 1 28094 
0
0
0
0
1
PART-1-1
4
BOTTOM
0
1
17
1124 1125 14314 14380 14392 14399 14406 14407 14417 14432 14557 14563 14645 14671 14939 14944 15176 
0
0
LEFT
0
1
17
961 962 13493 13682 13715 13727 13734 13744 13757 13758 13806 13807 14100 14131 14134 14141 14464 
0
0
RIGHT
0
1
17
1287 1288 11470 11555 11626 11629 12232 12235 12243 12246 12857 12859 12866 12867 12883 12885 12917 
0
0
TOP
0
1
17
798 799 14795 14967 14979 14988 15016 15017 15021 15023 15028 15037 15041 15085 15099 15101 15103 
0
0
0
0
0
