0
1
0
Assembly-1
1
PART-1-1
PART-1
1
PART-1-1
14
-2147483647
0
48 1 16 5 0 1 0 -1 -1 15022 1 -1879048189 1 15022 
0
1
PART-1-1
14
-2147483647
0
48 1 16 5 0 1 0 -1 -1 28085 1 -1879048189 1 28085 
0
0
1
PART-1-1
1
FULLMESH
0
1
14
-2147483647
48 1 16 5 0 1 0 -1 -1 28085 1 -1879048189 1 28085 
0
0
0
0
1
PART-1-1
4
BOTTOM
0
1
17
1124 1125 12052 13408 13637 13638 13650 13670 13672 13690 13693 13874 13881 13883 13888 14401 14409 
0
0
LEFT
0
1
17
961 962 14213 14615 14650 14657 14659 14663 14668 14789 14794 14824 14825 14833 14839 14841 14858 
0
0
RIGHT
0
1
17
1287 1288 11350 11452 11478 12198 12216 12260 12261 12274 12286 12292 12295 12672 12686 12688 12697 
0
0
TOP
0
1
17
798 799 14424 14529 14559 14569 14683 14706 14709 14717 14720 14725 14738 14757 14765 15002 15008 
0
0
0
0
0
