0
1
0
Assembly-1
1
PART-1-1
PART-1
1
PART-1-1
14
-2147483647
0
48 1 16 5 0 1 0 -1 -1 11964 1 -1879048189 1 11964 
0
1
PART-1-1
14
-2147483647
0
48 1 16 5 0 1 0 -1 -1 21344 1 -1879048189 1 21344 
0
0
1
PART-1-1
1
FULLMESH
0
1
14
-2147483647
48 1 16 5 0 1 0 -1 -1 21344 1 -1879048189 1 21344 
0
0
0
0
1
PART-1-1
4
BOTTOM
0
1
9
1124 1125 10650 10670 10696 10735 10752 10761 11646 
0
0
LEFT
0
1
9
961 962 9714 9735 9746 9748 9752 9755 9953 
0
0
RIGHT
0
1
9
1287 1288 11114 11118 11131 11141 11179 11184 11656 
0
0
TOP
0
1
9
798 799 9809 9822 9833 9846 9857 9901 9904 
0
0
0
0
0
