0
1
0
Assembly-1
1
PART-1-1
PART-1
1
PART-1-1
14
-2147483647
0
48 1 16 5 0 1 0 -1 -1 11903 1 -1879048189 1 11903 
0
1
PART-1-1
14
-2147483647
0
48 1 16 5 0 1 0 -1 -1 21701 1 -1879048189 1 21701 
0
0
1
PART-1-1
1
FULLMESH
0
1
14
-2147483647
48 1 16 5 0 1 0 -1 -1 21701 1 -1879048189 1 21701 
0
0
0
0
1
PART-1-1
4
BOTTOM
0
1
10
1124 1125 9893 10045 10055 10056 10190 10228 10235 10242 
0
0
LEFT
0
1
11
961 962 9019 9033 9047 9077 9079 9086 9103 9118 9554 
0
0
RIGHT
0
1
12
1287 1288 8760 8792 8797 8800 8831 8835 8924 8931 11875 11880 
0
0
TOP
0
1
14
798 799 9964 10025 10082 10084 10124 10128 10139 10152 10156 10159 10168 10173 
0
0
0
0
0
