0
1
0
Assembly-1
1
PART-1-1
PART-1
1
PART-1-1
14
-2147483647
0
48 1 16 5 0 1 0 -1 -1 15688 1 -1879048189 1 15688 
0
1
PART-1-1
14
-2147483647
0
48 1 16 5 0 1 0 -1 -1 29326 1 -1879048189 1 29326 
0
0
1
PART-1-1
1
FULLMESH
0
1
14
-2147483647
48 1 16 5 0 1 0 -1 -1 29326 1 -1879048189 1 29326 
0
0
0
0
1
PART-1-1
4
BOTTOM
0
1
14
1124 1125 14599 14788 14812 14813 14826 14828 14866 15285 15403 15452 15453 15455 
0
0
LEFT
0
1
16
961 962 11733 11807 12035 12040 12043 12051 12059 12079 12084 12094 12101 12554 12555 15623 
0
0
RIGHT
0
1
14
1287 1288 15118 15211 15237 15255 15261 15264 15270 15278 15282 15376 15377 15417 
0
0
TOP
0
1
15
798 799 13193 13208 13223 13238 13266 13275 13293 13300 13307 13308 13323 13328 13547 
0
0
0
0
0
