0
1
0
Assembly-1
1
PART-1-1
PART-1
1
PART-1-1
14
-2147483647
0
48 1 16 5 0 1 0 -1 -1 11100 1 -1879048189 1 11100 
0
1
PART-1-1
14
-2147483647
0
48 1 16 5 0 1 0 -1 -1 19918 1 -1879048189 1 19918 
0
0
1
PART-1-1
1
FULLMESH
0
1
14
-2147483647
48 1 16 5 0 1 0 -1 -1 19918 1 -1879048189 1 19918 
0
0
0
0
1
PART-1-1
4
BOTTOM
0
1
9
1124 1125 10885 10892 10894 10902 10925 10936 10942 
0
0
LEFT
0
1
9
961 962 10501 10549 10567 10576 10579 10599 10614 
0
0
RIGHT
0
1
8
1287 1288 9786 9924 9982 10005 10009 10014 
0
0
TOP
0
1
9
798 799 10313 10327 10373 10390 10412 10422 10436 
0
0
0
0
0
