0
1
0
Assembly-1
1
PART-1-1
PART-1
1
PART-1-1
14
-2147483647
0
48 1 16 5 0 1 0 -1 -1 9377 1 -1879048189 1 9377 
0
1
PART-1-1
14
-2147483647
0
48 1 16 5 0 1 0 -1 -1 16456 1 -1879048189 1 16456 
0
0
1
PART-1-1
1
FULLMESH
0
1
14
-2147483647
48 1 16 5 0 1 0 -1 -1 16456 1 -1879048189 1 16456 
0
0
0
0
1
PART-1-1
4
BOTTOM
0
1
8
1124 1125 8357 8522 8651 8749 8750 8756 
0
0
LEFT
0
1
8
961 962 8388 8533 8541 8544 8546 8563 
0
0
RIGHT
0
1
9
1287 1288 8595 8600 8613 8689 8693 8695 8699 
0
0
TOP
0
1
9
798 799 8431 8629 8720 8726 8731 8737 8769 
0
0
0
0
0
