0
1
0
Assembly-1
1
PART-1-1
PART-1
1
PART-1-1
14
-2147483647
0
48 1 16 5 0 1 0 -1 -1 18990 1 -1879048189 1 18990 
0
1
PART-1-1
14
-2147483647
0
48 1 16 5 0 1 0 -1 -1 35536 1 -1879048189 1 35536 
0
0
1
PART-1-1
1
FULLMESH
0
1
14
-2147483647
48 1 16 5 0 1 0 -1 -1 35536 1 -1879048189 1 35536 
0
0
0
0
1
PART-1-1
4
BOTTOM
0
1
17
1124 1125 13865 13997 14382 14389 14404 14415 14427 14432 14433 14579 14593 15521 15991 16544 16750 
0
0
LEFT
0
1
17
961 962 16021 16034 16037 16057 16087 16150 16153 16164 16574 16578 16786 16792 16793 16796 18677 
0
0
RIGHT
0
1
17
1287 1288 15929 16410 16438 16488 16499 16644 16665 16673 16680 16684 16875 17108 17112 17118 18658 
0
0
TOP
0
1
17
798 799 17729 17842 17845 17853 17854 17946 17957 17958 18014 18059 18060 18066 18081 18690 18981 
0
0
0
0
0
