0
1
0
Assembly-1
1
PART-1-1
PART-1
1
PART-1-1
14
-2147483647
0
48 1 16 5 0 1 0 -1 -1 14162 1 -1879048189 1 14162 
0
1
PART-1-1
14
-2147483647
0
48 1 16 5 0 1 0 -1 -1 26253 1 -1879048189 1 26253 
0
0
1
PART-1-1
1
FULLMESH
0
1
14
-2147483647
48 1 16 5 0 1 0 -1 -1 26253 1 -1879048189 1 26253 
0
0
0
0
1
PART-1-1
4
BOTTOM
0
1
11
1124 1125 13672 13721 13739 13742 13755 13758 13809 13812 13835 
0
0
LEFT
0
1
12
961 962 12352 12372 12424 12432 12440 12442 12450 12454 12458 12608 
0
0
RIGHT
0
1
13
1287 1288 12820 13174 13224 13255 13257 13259 13262 13265 13341 13391 14143 
0
0
TOP
0
1
10
798 799 13331 13473 13488 13490 13502 13508 13516 13521 
0
0
0
0
0
