0
1
0
Assembly-1
1
PART-1-1
PART-1
1
PART-1-1
14
-2147483647
0
48 1 16 5 0 1 0 -1 -1 17748 1 -1879048189 1 17748 
0
1
PART-1-1
14
-2147483647
0
48 1 16 5 0 1 0 -1 -1 33365 1 -1879048189 1 33365 
0
0
1
PART-1-1
1
FULLMESH
0
1
14
-2147483647
48 1 16 5 0 1 0 -1 -1 33365 1 -1879048189 1 33365 
0
0
0
0
1
PART-1-1
4
BOTTOM
0
1
17
1124 1125 16186 16633 16645 16653 16661 16666 16668 16675 16872 17364 17379 17390 17392 17496 17502 
0
0
LEFT
0
1
17
961 962 17047 17218 17231 17236 17249 17274 17298 17305 17310 17327 17330 17442 17445 17458 17546 
0
0
RIGHT
0
1
17
1287 1288 13986 14005 14016 14890 15169 15182 15186 15698 15715 15719 15723 15724 15734 15738 15981 
0
0
TOP
0
1
17
798 799 15496 15576 15587 15608 15614 15618 15620 15622 15632 15778 16050 17334 17337 17486 17489 
0
0
0
0
0
