0
1
0
Assembly-1
1
PART-1-1
PART-1
1
PART-1-1
14
-2147483647
0
48 1 16 5 0 1 0 -1 -1 16249 1 -1879048189 1 16249 
0
1
PART-1-1
14
-2147483647
0
48 1 16 5 0 1 0 -1 -1 30193 1 -1879048189 1 30193 
0
0
1
PART-1-1
1
FULLMESH
0
1
14
-2147483647
48 1 16 5 0 1 0 -1 -1 30193 1 -1879048189 1 30193 
0
0
0
0
1
PART-1-1
4
BOTTOM
0
1
11
1124 1125 15113 15163 15177 15191 15197 15206 15207 15214 15216 
0
0
LEFT
0
1
11
961 962 16000 16032 16054 16078 16089 16138 16142 16244 16246 
0
0
RIGHT
0
1
10
1287 1288 13950 13955 13993 14003 14020 14025 14034 14309 
0
0
TOP
0
1
10
798 799 14410 14598 14659 14854 14861 14862 15053 15063 
0
0
0
0
0
