0
1
0
Assembly-1
1
PART-1-1
PART-1
1
PART-1-1
14
-2147483647
0
48 1 16 5 0 1 0 -1 -1 13073 1 -1879048189 1 13073 
0
1
PART-1-1
14
-2147483647
0
48 1 16 5 0 1 0 -1 -1 24167 1 -1879048189 1 24167 
0
0
1
PART-1-1
1
FULLMESH
0
1
14
-2147483647
48 1 16 5 0 1 0 -1 -1 24167 1 -1879048189 1 24167 
0
0
0
0
1
PART-1-1
4
BOTTOM
0
1
9
1124 1125 10342 10404 10407 10410 10414 10416 12765 
0
0
LEFT
0
1
8
961 962 12689 12708 12712 12734 12737 12746 
0
0
RIGHT
0
1
9
1287 1288 12919 12952 12971 12977 12988 13009 13014 
0
0
TOP
0
1
9
798 799 11368 11369 11389 11391 11392 11399 11406 
0
0
0
0
0
