0
1
0
Assembly-1
1
PART-1-1
PART-1
1
PART-1-1
14
-2147483647
0
48 1 16 5 0 1 0 -1 -1 15599 1 -1879048189 1 15599 
0
1
PART-1-1
14
-2147483647
0
48 1 16 5 0 1 0 -1 -1 28486 1 -1879048189 1 28486 
0
0
1
PART-1-1
1
FULLMESH
0
1
14
-2147483647
48 1 16 5 0 1 0 -1 -1 28486 1 -1879048189 1 28486 
0
0
0
0
1
PART-1-1
4
BOTTOM
0
1
9
1124 1125 14981 15003 15014 15018 15019 15202 15228 
0
0
LEFT
0
1
8
961 962 15247 15255 15300 15346 15350 15353 
0
0
RIGHT
0
1
9
1287 1288 15393 15397 15410 15418 15477 15481 15486 
0
0
TOP
0
1
9
798 799 14500 14524 14542 14543 14550 14554 14555 
0
0
0
0
0
