0
1
0
Assembly-1
1
PART-1-1
PART-1
1
PART-1-1
14
-2147483647
0
48 1 16 5 0 1 0 -1 -1 18460 1 -1879048189 1 18460 
0
1
PART-1-1
14
-2147483647
0
48 1 16 5 0 1 0 -1 -1 34642 1 -1879048189 1 34642 
0
0
1
PART-1-1
1
FULLMESH
0
1
14
-2147483647
48 1 16 5 0 1 0 -1 -1 34642 1 -1879048189 1 34642 
0
0
0
0
1
PART-1-1
4
BOTTOM
0
1
17
1124 1125 16558 16819 16832 16854 16859 16863 16883 16920 17124 17140 17159 17161 17308 17312 17434 
0
0
LEFT
0
1
17
961 962 15385 15413 15441 15458 15949 15964 15968 15972 15978 16425 16675 16682 16695 16697 18458 
0
0
RIGHT
0
1
17
1287 1288 16299 16382 16387 16999 17003 17007 17190 17194 17200 17319 17464 17465 17468 17486 17575 
0
0
TOP
0
1
17
798 799 14958 15100 15554 15563 15576 15580 15582 15602 15604 15619 15628 15635 15657 15998 16008 
0
0
0
0
0
