0
1
0
Assembly-1
1
PART-1-1
PART-1
1
PART-1-1
14
-2147483647
0
48 1 16 5 0 1 0 -1 -1 10400 1 -1879048189 1 10400 
0
1
PART-1-1
14
-2147483647
0
48 1 16 5 0 1 0 -1 -1 18469 1 -1879048189 1 18469 
0
0
1
PART-1-1
1
FULLMESH
0
1
14
-2147483647
48 1 16 5 0 1 0 -1 -1 18469 1 -1879048189 1 18469 
0
0
0
0
1
PART-1-1
4
BOTTOM
0
1
9
1124 1125 9236 9287 9303 9307 9310 9311 9313 
0
0
LEFT
0
1
7
961 962 7764 7776 7789 7790 7811 
0
0
RIGHT
0
1
8
1287 1288 10342 10364 10369 10371 10373 10376 
0
0
TOP
0
1
8
798 799 8539 8551 8560 8561 8564 8565 
0
0
0
0
0
