0
1
0
Assembly-1
1
PART-1-1
PART-1
1
PART-1-1
14
-2147483647
0
48 1 16 5 0 1 0 -1 -1 9963 1 -1879048189 1 9963 
0
1
PART-1-1
14
-2147483647
0
48 1 16 5 0 1 0 -1 -1 18079 1 -1879048189 1 18079 
0
0
1
PART-1-1
1
FULLMESH
0
1
14
-2147483647
48 1 16 5 0 1 0 -1 -1 18079 1 -1879048189 1 18079 
0
0
0
0
1
PART-1-1
4
BOTTOM
0
1
10
1124 1125 9030 9039 9043 9187 9190 9193 9197 9263 
0
0
LEFT
0
1
10
961 962 7981 8698 8710 8718 8728 8798 8800 9062 
0
0
RIGHT
0
1
9
1287 1288 8417 8436 8454 8472 8557 8576 8745 
0
0
TOP
0
1
9
798 799 9774 9783 9792 9812 9818 9840 9865 
0
0
0
0
0
