0
1
0
Assembly-1
1
PART-1-1
PART-1
1
PART-1-1
14
-2147483647
0
48 1 16 5 0 1 0 -1 -1 13777 1 -1879048189 1 13777 
0
1
PART-1-1
14
-2147483647
0
48 1 16 5 0 1 0 -1 -1 25473 1 -1879048189 1 25473 
0
0
1
PART-1-1
1
FULLMESH
0
1
14
-2147483647
48 1 16 5 0 1 0 -1 -1 25473 1 -1879048189 1 25473 
0
0
0
0
1
PART-1-1
4
BOTTOM
0
1
14
1124 1125 13396 13410 13443 13457 13622 13627 13628 13637 13638 13644 13653 13659 
0
0
LEFT
0
1
16
961 962 12430 12445 12485 12514 12519 12978 12980 13534 13539 13541 13576 13582 13761 13773 
0
0
RIGHT
0
1
12
1287 1288 10878 11290 11303 11309 11362 11367 11380 11725 11736 11739 
0
0
TOP
0
1
11
798 799 12767 13073 13081 13083 13140 13144 13149 13595 13663 
0
0
0
0
0
