0
1
0
Assembly-1
1
PART-1-1
PART-1
1
PART-1-1
14
-2147483647
0
48 1 16 5 0 1 0 -1 -1 11620 1 -1879048189 1 11620 
0
1
PART-1-1
14
-2147483647
0
48 1 16 5 0 1 0 -1 -1 20993 1 -1879048189 1 20993 
0
0
1
PART-1-1
1
FULLMESH
0
1
14
-2147483647
48 1 16 5 0 1 0 -1 -1 20993 1 -1879048189 1 20993 
0
0
0
0
1
PART-1-1
4
BOTTOM
0
1
12
1124 1125 8335 8954 8978 8985 9162 9177 9185 9549 11609 11615 
0
0
LEFT
0
1
10
961 962 9052 9239 9252 9254 9264 9284 9330 9566 
0
0
RIGHT
0
1
15
1287 1288 8413 8457 8814 8817 8822 8830 9017 9020 9023 9038 9042 9043 9044 
0
0
TOP
0
1
13
798 799 9433 9660 9662 9671 9673 9692 9696 9728 9734 9760 9762 
0
0
0
0
0
