0
1
0
Assembly-1
1
PART-1-1
PART-1
1
PART-1-1
14
-2147483647
0
48 1 16 5 0 1 0 -1 -1 19804 1 -1879048189 1 19804 
0
1
PART-1-1
14
-2147483647
0
48 1 16 5 0 1 0 -1 -1 37221 1 -1879048189 1 37221 
0
0
1
PART-1-1
1
FULLMESH
0
1
14
-2147483647
48 1 16 5 0 1 0 -1 -1 37221 1 -1879048189 1 37221 
0
0
0
0
1
PART-1-1
4
BOTTOM
0
1
17
1124 1125 17978 18320 18403 18422 18430 18464 18499 18502 18518 18525 18549 18551 18557 18561 18571 
0
0
LEFT
0
1
16
961 962 13525 13526 13538 13559 13568 13571 15492 15510 15515 16294 16300 16310 16333 16842 
0
0
RIGHT
0
1
16
1287 1288 15219 17305 17326 17331 17341 17371 17377 17380 17703 17716 17720 17729 17745 18237 
0
0
TOP
0
1
15
798 799 17670 18064 18076 18079 18161 18170 18175 18184 18362 18378 18385 18574 19790 
0
0
0
0
0
