0
1
0
Assembly-1
1
PART-1-1
PART-1
1
PART-1-1
14
-2147483647
0
48 1 16 5 0 1 0 -1 -1 9927 1 -1879048189 1 9927 
0
1
PART-1-1
14
-2147483647
0
48 1 16 5 0 1 0 -1 -1 17938 1 -1879048189 1 17938 
0
0
1
PART-1-1
1
FULLMESH
0
1
14
-2147483647
48 1 16 5 0 1 0 -1 -1 17938 1 -1879048189 1 17938 
0
0
0
0
1
PART-1-1
4
BOTTOM
0
1
13
1124 1125 9675 9727 9732 9735 9738 9740 9795 9808 9810 9821 9823 
0
0
LEFT
0
1
12
961 962 9221 9407 9418 9420 9439 9493 9498 9690 9905 9910 
0
0
RIGHT
0
1
13
1287 1288 9000 9040 9049 9123 9142 9145 9147 9155 9160 9282 9896 
0
0
TOP
0
1
10
798 799 8268 8269 8274 8437 8443 8453 8581 8585 
0
0
0
0
0
