0
1
0
Assembly-1
1
PART-1-1
PART-1
1
PART-1-1
14
-2147483647
0
48 1 16 5 0 1 0 -1 -1 10480 1 -1879048189 1 10480 
0
1
PART-1-1
14
-2147483647
0
48 1 16 5 0 1 0 -1 -1 18715 1 -1879048189 1 18715 
0
0
1
PART-1-1
1
FULLMESH
0
1
14
-2147483647
48 1 16 5 0 1 0 -1 -1 18715 1 -1879048189 1 18715 
0
0
0
0
1
PART-1-1
4
BOTTOM
0
1
7
1124 1125 8952 8958 9188 9201 9204 
0
0
LEFT
0
1
8
961 962 9727 9766 9866 9868 9871 9878 
0
0
RIGHT
0
1
8
1287 1288 9833 10007 10025 10030 10033 10081 
0
0
TOP
0
1
7
798 799 10072 10104 10105 10121 10122 
0
0
0
0
0
