0
1
0
Assembly-1
1
PART-1-1
PART-1
1
PART-1-1
14
-2147483647
0
48 1 16 5 0 1 0 -1 -1 9349 1 -1879048189 1 9349 
0
1
PART-1-1
14
-2147483647
0
48 1 16 5 0 1 0 -1 -1 16804 1 -1879048189 1 16804 
0
0
1
PART-1-1
1
FULLMESH
0
1
14
-2147483647
48 1 16 5 0 1 0 -1 -1 16804 1 -1879048189 1 16804 
0
0
0
0
1
PART-1-1
4
BOTTOM
0
1
9
1124 1125 9136 9223 9232 9235 9269 9273 9327 
0
0
LEFT
0
1
9
961 962 7915 7928 7945 7954 7965 9295 9296 
0
0
RIGHT
0
1
10
1287 1288 7151 7160 7171 7174 7175 7182 7201 7202 
0
0
TOP
0
1
11
798 799 6719 6736 6892 6908 6947 6950 6952 6955 6957 
0
0
0
0
0
