0
1
0
Assembly-1
1
PART-1-1
PART-1
1
PART-1-1
14
-2147483647
0
48 1 16 5 0 1 0 -1 -1 13475 1 -1879048189 1 13475 
0
1
PART-1-1
14
-2147483647
0
48 1 16 5 0 1 0 -1 -1 24465 1 -1879048189 1 24465 
0
0
1
PART-1-1
1
FULLMESH
0
1
14
-2147483647
48 1 16 5 0 1 0 -1 -1 24465 1 -1879048189 1 24465 
0
0
0
0
1
PART-1-1
4
BOTTOM
0
1
9
1124 1125 12703 12714 12837 12918 12935 12991 13146 
0
0
LEFT
0
1
10
961 962 13293 13317 13328 13337 13341 13356 13380 13383 
0
0
RIGHT
0
1
11
1287 1288 12496 12512 12520 12528 12729 12738 12748 12752 12862 
0
0
TOP
0
1
10
798 799 12637 12639 12663 12899 12963 12967 12972 12986 
0
0
0
0
0
