0
1
0
Assembly-1
1
PART-1-1
PART-1
1
PART-1-1
14
-2147483647
0
48 1 16 5 0 1 0 -1 -1 15405 1 -1879048189 1 15405 
0
1
PART-1-1
14
-2147483647
0
48 1 16 5 0 1 0 -1 -1 28484 1 -1879048189 1 28484 
0
0
1
PART-1-1
1
FULLMESH
0
1
14
-2147483647
48 1 16 5 0 1 0 -1 -1 28484 1 -1879048189 1 28484 
0
0
0
0
1
PART-1-1
4
BOTTOM
0
1
13
1124 1125 13189 13803 13918 14044 14045 14113 14122 14123 14140 14144 14220 
0
0
LEFT
0
1
13
961 962 14585 14643 14659 14707 14713 14719 14722 14724 14727 14733 14738 
0
0
RIGHT
0
1
14
1287 1288 13649 13674 13681 13702 13706 13712 13713 13714 13722 13736 13900 14035 
0
0
TOP
0
1
12
798 799 13399 13442 13446 13455 13464 13467 13833 13842 13843 13946 
0
0
0
0
0
