0
1
0
Assembly-1
1
PART-1-1
PART-1
1
PART-1-1
14
-2147483647
0
48 1 16 5 0 1 0 -1 -1 17656 1 -1879048189 1 17656 
0
1
PART-1-1
14
-2147483647
0
48 1 16 5 0 1 0 -1 -1 32839 1 -1879048189 1 32839 
0
0
1
PART-1-1
1
FULLMESH
0
1
14
-2147483647
48 1 16 5 0 1 0 -1 -1 32839 1 -1879048189 1 32839 
0
0
0
0
1
PART-1-1
4
BOTTOM
0
1
14
1124 1125 15500 15524 15548 16123 16128 16396 16414 16424 16433 16439 17636 17638 
0
0
LEFT
0
1
15
961 962 17398 17458 17463 17473 17503 17527 17539 17553 17554 17577 17588 17591 17597 
0
0
RIGHT
0
1
16
1287 1288 15935 15951 16016 16018 16372 16375 16575 16576 16587 16701 16705 16708 16750 16758 
0
0
TOP
0
1
16
798 799 15827 15843 15857 15868 15869 16270 16290 16309 16311 16539 16547 16552 16689 16695 
0
0
0
0
0
