0
1
0
Assembly-1
1
PART-1-1
PART-1
1
PART-1-1
14
-2147483647
0
48 1 16 5 0 1 0 -1 -1 12888 1 -1879048189 1 12888 
0
1
PART-1-1
14
-2147483647
0
48 1 16 5 0 1 0 -1 -1 23486 1 -1879048189 1 23486 
0
0
1
PART-1-1
1
FULLMESH
0
1
14
-2147483647
48 1 16 5 0 1 0 -1 -1 23486 1 -1879048189 1 23486 
0
0
0
0
1
PART-1-1
4
BOTTOM
0
1
15
1124 1125 12169 12312 12323 12337 12353 12372 12386 12396 12403 12408 12419 12432 12442 
0
0
LEFT
0
1
15
961 962 7781 8948 8951 8963 8970 8974 9606 9622 9623 10067 10079 10091 10511 
0
0
RIGHT
0
1
15
1287 1288 11133 11165 11186 11192 11546 11668 11678 11709 11712 11731 11742 11849 12034 
0
0
TOP
0
1
15
798 799 9081 9656 9689 9701 9706 10176 10539 10543 10546 10550 10555 10562 11204 
0
0
0
0
0
