0
1
0
Assembly-1
1
PART-1-1
PART-1
1
PART-1-1
14
-2147483647
0
48 1 16 5 0 1 0 -1 -1 14151 1 -1879048189 1 14151 
0
1
PART-1-1
14
-2147483647
0
48 1 16 5 0 1 0 -1 -1 25950 1 -1879048189 1 25950 
0
0
1
PART-1-1
1
FULLMESH
0
1
14
-2147483647
48 1 16 5 0 1 0 -1 -1 25950 1 -1879048189 1 25950 
0
0
0
0
1
PART-1-1
4
BOTTOM
0
1
15
1124 1125 10065 10604 10616 10978 10981 10988 10995 11000 11010 11016 11029 11031 11241 
0
0
LEFT
0
1
16
961 962 11383 11394 11431 11604 11608 11615 11629 11645 11653 11662 11673 11674 11676 13564 
0
0
RIGHT
0
1
15
1287 1288 9719 9789 10407 10885 10887 10897 10906 10916 10925 10930 10937 10939 10940 
0
0
TOP
0
1
12
798 799 9476 9505 10175 10178 10193 10210 10637 10653 10656 10660 
0
0
0
0
0
