0
1
0
Assembly-1
1
PART-1-1
PART-1
1
PART-1-1
14
-2147483647
0
48 1 16 5 0 1 0 -1 -1 18063 1 -1879048189 1 18063 
0
1
PART-1-1
14
-2147483647
0
48 1 16 5 0 1 0 -1 -1 34041 1 -1879048189 1 34041 
0
0
1
PART-1-1
1
FULLMESH
0
1
14
-2147483647
48 1 16 5 0 1 0 -1 -1 34041 1 -1879048189 1 34041 
0
0
0
0
1
PART-1-1
4
BOTTOM
0
1
16
1124 1125 17744 17841 17846 17863 17870 17871 17883 17900 17907 17916 17917 17918 17941 17950 
0
0
LEFT
0
1
12
961 962 16325 16562 16568 16863 16865 16893 16906 16915 16957 17167 
0
0
RIGHT
0
1
15
1287 1288 15840 17265 17266 17280 17290 17300 17314 17386 17390 17398 17401 17407 17716 
0
0
TOP
0
1
16
798 799 15868 16486 16488 16503 16506 16508 16518 16531 16839 17328 17333 17337 17341 17344 
0
0
0
0
0
