0
1
0
Assembly-1
1
PART-1-1
PART-1
1
PART-1-1
14
-2147483647
0
48 1 16 5 0 1 0 -1 -1 16513 1 -1879048189 1 16513 
0
1
PART-1-1
14
-2147483647
0
48 1 16 5 0 1 0 -1 -1 30866 1 -1879048189 1 30866 
0
0
1
PART-1-1
1
FULLMESH
0
1
14
-2147483647
48 1 16 5 0 1 0 -1 -1 30866 1 -1879048189 1 30866 
0
0
0
0
1
PART-1-1
4
BOTTOM
0
1
15
1124 1125 12307 12377 12384 12948 12992 12995 13002 13010 13015 13025 13964 13969 16472 
0
0
LEFT
0
1
16
961 962 15267 15474 15483 15492 15493 15642 15650 15655 15662 15664 15798 15804 15805 15886 
0
0
RIGHT
0
1
15
1287 1288 13545 13556 13596 13622 13673 13688 13694 13697 13708 13717 13718 13724 13734 
0
0
TOP
0
1
15
798 799 15297 15696 15745 15755 15764 15766 15767 15823 15824 15834 15849 15864 15871 
0
0
0
0
0
