0
1
0
Assembly-1
1
PART-1-1
PART-1
1
PART-1-1
14
-2147483647
0
48 1 16 5 0 1 0 -1 -1 17963 1 -1879048189 1 17963 
0
1
PART-1-1
14
-2147483647
0
48 1 16 5 0 1 0 -1 -1 33674 1 -1879048189 1 33674 
0
0
1
PART-1-1
1
FULLMESH
0
1
14
-2147483647
48 1 16 5 0 1 0 -1 -1 33674 1 -1879048189 1 33674 
0
0
0
0
1
PART-1-1
4
BOTTOM
0
1
13
1124 1125 12451 12830 12832 12840 12860 12944 12947 12949 12952 12963 12966 
0
0
LEFT
0
1
13
961 962 14694 14704 14780 14790 14799 14801 14808 14829 14834 14835 14846 
0
0
RIGHT
0
1
12
1287 1288 17619 17630 17639 17662 17670 17673 17725 17741 17785 17790 
0
0
TOP
0
1
13
798 799 16139 16144 16249 16252 16253 16257 16268 16285 16288 17936 17937 
0
0
0
0
0
