0
1
0
Assembly-1
1
PART-1-1
PART-1
1
PART-1-1
14
-2147483647
0
48 1 16 5 0 1 0 -1 -1 20744 1 -1879048189 1 20744 
0
1
PART-1-1
14
-2147483647
0
48 1 16 5 0 1 0 -1 -1 39156 1 -1879048189 1 39156 
0
0
1
PART-1-1
1
FULLMESH
0
1
14
-2147483647
48 1 16 5 0 1 0 -1 -1 39156 1 -1879048189 1 39156 
0
0
0
0
1
PART-1-1
4
BOTTOM
0
1
17
1124 1125 19444 19524 19541 19542 19559 19572 19586 19592 19596 19956 19958 19967 20203 20701 20706 
0
0
LEFT
0
1
16
961 962 19237 19305 20073 20103 20234 20236 20240 20334 20344 20349 20362 20369 20372 20479 
0
0
RIGHT
0
1
16
1287 1288 11530 11543 11627 11639 11642 11645 11653 13893 13897 13902 15056 15057 15074 20741 
0
0
TOP
0
1
17
798 799 19284 19309 20415 20424 20434 20468 20490 20496 20506 20517 20521 20523 20547 20720 20727 
0
0
0
0
0
