0
1
0
Assembly-1
1
PART-1-1
PART-1
1
PART-1-1
14
-2147483647
0
48 1 16 5 0 1 0 -1 -1 14870 1 -1879048189 1 14870 
0
1
PART-1-1
14
-2147483647
0
48 1 16 5 0 1 0 -1 -1 27563 1 -1879048189 1 27563 
0
0
1
PART-1-1
1
FULLMESH
0
1
14
-2147483647
48 1 16 5 0 1 0 -1 -1 27563 1 -1879048189 1 27563 
0
0
0
0
1
PART-1-1
4
BOTTOM
0
1
16
1124 1125 13621 13683 13705 13731 13742 13839 13843 13854 13860 13868 13879 13887 13892 13899 
0
0
LEFT
0
1
16
961 962 10176 10644 10665 10684 10689 10690 10697 10701 10714 10716 11204 11207 11238 14810 
0
0
RIGHT
0
1
17
1287 1288 11759 11855 11863 11899 12292 12297 12487 12512 12514 12868 12871 12884 12900 13141 13146 
0
0
TOP
0
1
16
798 799 12690 13270 13275 13312 13322 13324 13327 13334 13341 13375 13379 13380 13550 13559 
0
0
0
0
0
