0
1
0
Assembly-1
1
PART-1-1
PART-1
1
PART-1-1
14
-2147483647
0
48 1 16 5 0 1 0 -1 -1 16032 1 -1879048189 1 16032 
0
1
PART-1-1
14
-2147483647
0
48 1 16 5 0 1 0 -1 -1 29916 1 -1879048189 1 29916 
0
0
1
PART-1-1
1
FULLMESH
0
1
14
-2147483647
48 1 16 5 0 1 0 -1 -1 29916 1 -1879048189 1 29916 
0
0
0
0
1
PART-1-1
4
BOTTOM
0
1
9
1124 1125 15508 15543 15557 15572 15573 15580 15585 
0
0
LEFT
0
1
9
961 962 14608 14609 14624 14641 14662 14675 14689 
0
0
RIGHT
0
1
9
1287 1288 15912 15966 15970 15977 15986 15990 16004 
0
0
TOP
0
1
9
798 799 15047 15080 15117 15136 15137 15139 15143 
0
0
0
0
0
