0
1
0
Assembly-1
1
PART-1-1
PART-1
1
PART-1-1
14
-2147483647
0
48 1 16 5 0 1 0 -1 -1 23039 1 -1879048189 1 23039 
0
1
PART-1-1
14
-2147483647
0
48 1 16 5 0 1 0 -1 -1 43663 1 -1879048189 1 43663 
0
0
1
PART-1-1
1
FULLMESH
0
1
14
-2147483647
48 1 16 5 0 1 0 -1 -1 43663 1 -1879048189 1 43663 
0
0
0
0
1
PART-1-1
4
BOTTOM
0
1
17
1124 1125 21868 22367 22415 22439 22640 22646 22716 22719 22729 22754 22759 22763 22772 22773 22855 
0
0
LEFT
0
1
17
961 962 21464 21475 21479 21481 21523 21527 21532 21545 21546 21548 21552 22016 22053 22674 22826 
0
0
RIGHT
0
1
17
1287 1288 19245 19281 19292 19301 20421 20423 20435 20436 20450 20452 20463 20467 22129 22140 22835 
0
0
TOP
0
1
17
798 799 17831 18292 19387 19415 19416 19417 19480 19495 19563 20542 20554 20556 20562 21702 21706 
0
0
0
0
0
