0
1
0
Assembly-1
1
PART-1-1
PART-1
1
PART-1-1
14
-2147483647
0
48 1 16 5 0 1 0 -1 -1 14420 1 -1879048189 1 14420 
0
1
PART-1-1
14
-2147483647
0
48 1 16 5 0 1 0 -1 -1 26769 1 -1879048189 1 26769 
0
0
1
PART-1-1
1
FULLMESH
0
1
14
-2147483647
48 1 16 5 0 1 0 -1 -1 26769 1 -1879048189 1 26769 
0
0
0
0
1
PART-1-1
4
BOTTOM
0
1
9
1124 1125 12301 12333 12340 12359 12367 12368 12410 
0
0
LEFT
0
1
9
961 962 13261 13295 13329 13330 13367 13377 13379 
0
0
RIGHT
0
1
9
1287 1288 14312 14346 14373 14382 14385 14390 14393 
0
0
TOP
0
1
9
798 799 11735 12019 12027 12033 12049 12067 12212 
0
0
0
0
0
