0
1
0
Assembly-1
1
PART-1-1
PART-1
1
PART-1-1
14
-2147483647
0
48 1 16 5 0 1 0 -1 -1 21894 1 -1879048189 1 21894 
0
1
PART-1-1
14
-2147483647
0
48 1 16 5 0 1 0 -1 -1 41127 1 -1879048189 1 41127 
0
0
1
PART-1-1
1
FULLMESH
0
1
14
-2147483647
48 1 16 5 0 1 0 -1 -1 41127 1 -1879048189 1 41127 
0
0
0
0
1
PART-1-1
4
BOTTOM
0
1
17
1124 1125 18281 18346 18988 18991 19009 19017 19029 19421 19443 19730 19752 19753 19893 19899 19951 
0
0
LEFT
0
1
17
961 962 16626 16639 16680 17525 17544 17559 17564 17580 18142 18160 18169 18175 18178 18180 21734 
0
0
RIGHT
0
1
17
1287 1288 18398 18665 18673 18694 18714 18725 18730 18755 18775 18776 18777 18788 19117 19458 19465 
0
0
TOP
0
1
17
798 799 19330 19634 19825 19829 19855 19861 19876 19877 19933 19946 19960 19963 19964 19973 19982 
0
0
0
0
0
