0
1
0
Assembly-1
1
PART-1-1
PART-1
1
PART-1-1
14
-2147483647
0
48 1 16 5 0 1 0 -1 -1 16366 1 -1879048189 1 16366 
0
1
PART-1-1
14
-2147483647
0
48 1 16 5 0 1 0 -1 -1 30271 1 -1879048189 1 30271 
0
0
1
PART-1-1
1
FULLMESH
0
1
14
-2147483647
48 1 16 5 0 1 0 -1 -1 30271 1 -1879048189 1 30271 
0
0
0
0
1
PART-1-1
4
BOTTOM
0
1
9
1124 1125 15663 15686 15687 15691 15703 15707 15713 
0
0
LEFT
0
1
9
961 962 16223 16254 16274 16299 16303 16308 16312 
0
0
RIGHT
0
1
9
1287 1288 14656 14691 14713 14718 14724 14737 14747 
0
0
TOP
0
1
8
798 799 13934 13941 13944 13950 14154 14158 
0
0
0
0
0
