0
1
0
Assembly-1
1
PART-1-1
PART-1
1
PART-1-1
14
-2147483647
0
48 1 16 5 0 1 0 -1 -1 10571 1 -1879048189 1 10571 
0
1
PART-1-1
14
-2147483647
0
48 1 16 5 0 1 0 -1 -1 18858 1 -1879048189 1 18858 
0
0
1
PART-1-1
1
FULLMESH
0
1
14
-2147483647
48 1 16 5 0 1 0 -1 -1 18858 1 -1879048189 1 18858 
0
0
0
0
1
PART-1-1
4
BOTTOM
0
1
9
1124 1125 8030 8035 8042 8052 8060 8062 8089 
0
0
LEFT
0
1
9
961 962 9551 9554 9555 9560 9585 9591 9594 
0
0
RIGHT
0
1
9
1287 1288 7429 7447 7569 7579 7580 7586 7767 
0
0
TOP
0
1
9
798 799 7941 7951 8012 8115 8121 8126 10570 
0
0
0
0
0
