0
1
0
Assembly-1
1
PART-1-1
PART-1
1
PART-1-1
14
-2147483647
0
48 1 16 5 0 1 0 -1 -1 11698 1 -1879048189 1 11698 
0
1
PART-1-1
14
-2147483647
0
48 1 16 5 0 1 0 -1 -1 21461 1 -1879048189 1 21461 
0
0
1
PART-1-1
1
FULLMESH
0
1
14
-2147483647
48 1 16 5 0 1 0 -1 -1 21461 1 -1879048189 1 21461 
0
0
0
0
1
PART-1-1
4
BOTTOM
0
1
16
1124 1125 9462 9685 9693 9694 9734 9766 9782 9784 9788 9905 9921 9925 10072 10470 
0
0
LEFT
0
1
17
961 962 10720 10798 10806 10817 10993 11015 11017 11018 11096 11097 11142 11466 11482 11489 11590 
0
0
RIGHT
0
1
16
1287 1288 8924 9317 9328 9333 9359 9567 9572 9598 9620 9643 9867 9882 9885 10067 
0
0
TOP
0
1
17
798 799 11222 11252 11253 11288 11301 11302 11317 11323 11334 11335 11337 11341 11372 11375 11383 
0
0
0
0
0
