0
1
0
Assembly-1
1
PART-1-1
PART-1
1
PART-1-1
14
-2147483647
0
48 1 16 5 0 1 0 -1 -1 9238 1 -1879048189 1 9238 
0
1
PART-1-1
14
-2147483647
0
48 1 16 5 0 1 0 -1 -1 16446 1 -1879048189 1 16446 
0
0
1
PART-1-1
1
FULLMESH
0
1
14
-2147483647
48 1 16 5 0 1 0 -1 -1 16446 1 -1879048189 1 16446 
0
0
0
0
1
PART-1-1
4
BOTTOM
0
1
7
1124 1125 7951 7957 7963 7964 8055 
0
0
LEFT
0
1
7
961 962 9177 9198 9208 9219 9231 
0
0
RIGHT
0
1
8
1287 1288 8310 8338 8344 8366 8368 8374 
0
0
TOP
0
1
6
798 799 7647 7774 7778 7797 
0
0
0
0
0
