0
1
0
Assembly-1
1
PART-1-1
PART-1
1
PART-1-1
14
-2147483647
0
48 1 16 5 0 1 0 -1 -1 7904 1 -1879048189 1 7904 
0
1
PART-1-1
14
-2147483647
0
48 1 16 5 0 1 0 -1 -1 13959 1 -1879048189 1 13959 
0
0
1
PART-1-1
1
FULLMESH
0
1
14
-2147483647
48 1 16 5 0 1 0 -1 -1 13959 1 -1879048189 1 13959 
0
0
0
0
1
PART-1-1
4
BOTTOM
0
1
6
1124 1125 6424 6434 6439 6442 
0
0
LEFT
0
1
7
961 962 7877 7881 7889 7893 7896 
0
0
RIGHT
0
1
7
1287 1288 7480 7485 7507 7511 7513 
0
0
TOP
0
1
5
798 799 7332 7337 7351 
0
0
0
0
0
