0
1
0
Assembly-1
1
PART-1-1
PART-1
1
PART-1-1
14
-2147483647
0
48 1 16 5 0 1 0 -1 -1 8775 1 -1879048189 1 8775 
0
1
PART-1-1
14
-2147483647
0
48 1 16 5 0 1 0 -1 -1 15631 1 -1879048189 1 15631 
0
0
1
PART-1-1
1
FULLMESH
0
1
14
-2147483647
48 1 16 5 0 1 0 -1 -1 15631 1 -1879048189 1 15631 
0
0
0
0
1
PART-1-1
4
BOTTOM
0
1
9
1124 1125 8070 8160 8165 8170 8226 8231 8287 
0
0
LEFT
0
1
9
961 962 8119 8250 8257 8266 8320 8564 8568 
0
0
RIGHT
0
1
9
1287 1288 6655 6659 6683 6953 6956 7068 7069 
0
0
TOP
0
1
9
798 799 7633 7800 7809 7892 7895 7969 7976 
0
0
0
0
0
