0
1
0
Assembly-1
1
PART-1-1
PART-1
1
PART-1-1
14
-2147483647
0
48 1 16 5 0 1 0 -1 -1 12136 1 -1879048189 1 12136 
0
1
PART-1-1
14
-2147483647
0
48 1 16 5 0 1 0 -1 -1 22418 1 -1879048189 1 22418 
0
0
1
PART-1-1
1
FULLMESH
0
1
14
-2147483647
48 1 16 5 0 1 0 -1 -1 22418 1 -1879048189 1 22418 
0
0
0
0
1
PART-1-1
4
BOTTOM
0
1
9
1124 1125 10943 10948 10971 10977 10981 11254 11269 
0
0
LEFT
0
1
11
961 962 11819 11822 11932 12009 12012 12024 12031 12065 12070 
0
0
RIGHT
0
1
11
1287 1288 11540 11565 11574 11694 11697 11855 11860 12047 12063 
0
0
TOP
0
1
11
798 799 11027 11066 11067 11070 11085 11101 11115 11343 11570 
0
0
0
0
0
