0
1
0
Assembly-1
1
PART-1-1
PART-1
1
PART-1-1
14
-2147483647
0
48 1 16 5 0 1 0 -1 -1 20090 1 -1879048189 1 20090 
0
1
PART-1-1
14
-2147483647
0
48 1 16 5 0 1 0 -1 -1 37986 1 -1879048189 1 37986 
0
0
1
PART-1-1
1
FULLMESH
0
1
14
-2147483647
48 1 16 5 0 1 0 -1 -1 37986 1 -1879048189 1 37986 
0
0
0
0
1
PART-1-1
4
BOTTOM
0
1
17
1124 1125 15620 17170 17218 17231 17247 17266 17272 17277 17301 17304 17308 17948 17951 17968 20056 
0
0
LEFT
0
1
17
961 962 19021 19048 19063 19083 19090 19095 19108 19117 19125 19127 19232 19234 19248 19274 19278 
0
0
RIGHT
0
1
16
1287 1288 16526 17398 17455 17459 17472 17473 17477 17480 17494 17501 17508 17511 18017 18038 
0
0
TOP
0
1
17
798 799 16889 16977 18288 18324 18351 18353 18354 18356 18367 18381 18398 18418 18419 18423 18882 
0
0
0
0
0
