0
1
0
Assembly-1
1
PART-1-1
PART-1
1
PART-1-1
14
-2147483647
0
48 1 16 5 0 1 0 -1 -1 17836 1 -1879048189 1 17836 
0
1
PART-1-1
14
-2147483647
0
48 1 16 5 0 1 0 -1 -1 32643 1 -1879048189 1 32643 
0
0
1
PART-1-1
1
FULLMESH
0
1
14
-2147483647
48 1 16 5 0 1 0 -1 -1 32643 1 -1879048189 1 32643 
0
0
0
0
1
PART-1-1
4
BOTTOM
0
1
17
1124 1125 12817 13406 13407 13419 13420 13424 13426 13435 13440 13885 13886 14369 14382 14393 14582 
0
0
LEFT
0
1
16
961 962 13981 14077 14112 14129 14156 14157 14187 14502 14506 14509 14521 14524 14525 14684 
0
0
RIGHT
0
1
15
1287 1288 12463 13919 13925 13927 13936 13953 14417 14588 14606 14621 14642 14651 14656 
0
0
TOP
0
1
17
798 799 13714 13772 13851 13855 13860 14277 14294 14303 14312 14320 14324 14337 14338 14342 14344 
0
0
0
0
0
