0
1
0
Assembly-1
1
PART-1-1
PART-1
1
PART-1-1
14
-2147483647
0
48 1 16 5 0 1 0 -1 -1 12445 1 -1879048189 1 12445 
0
1
PART-1-1
14
-2147483647
0
48 1 16 5 0 1 0 -1 -1 22730 1 -1879048189 1 22730 
0
0
1
PART-1-1
1
FULLMESH
0
1
14
-2147483647
48 1 16 5 0 1 0 -1 -1 22730 1 -1879048189 1 22730 
0
0
0
0
1
PART-1-1
4
BOTTOM
0
1
15
1124 1125 10527 10642 10646 10655 10662 10667 10681 10691 10701 10717 10719 10768 12325 
0
0
LEFT
0
1
16
961 962 8343 8349 8400 8442 8483 8499 8503 8504 8751 8759 8762 8796 8806 9381 
0
0
RIGHT
0
1
17
1287 1288 10011 10045 10137 10142 10145 10243 10262 10370 10375 10377 10593 10596 12282 12288 12297 
0
0
TOP
0
1
13
798 799 9217 9909 10229 10307 10325 10339 10349 10354 10356 10753 12320 
0
0
0
0
0
