0
1
0
Assembly-1
1
PART-1-1
PART-1
1
PART-1-1
14
-2147483647
0
48 1 16 5 0 1 0 -1 -1 11159 1 -1879048189 1 11159 
0
1
PART-1-1
14
-2147483647
0
48 1 16 5 0 1 0 -1 -1 20237 1 -1879048189 1 20237 
0
0
1
PART-1-1
1
FULLMESH
0
1
14
-2147483647
48 1 16 5 0 1 0 -1 -1 20237 1 -1879048189 1 20237 
0
0
0
0
1
PART-1-1
4
BOTTOM
0
1
13
1124 1125 10576 10582 10592 10602 10610 10612 10614 10616 10619 10731 10916 
0
0
LEFT
0
1
10
961 962 8893 8903 9098 9107 9112 9115 9127 9137 
0
0
RIGHT
0
1
10
1287 1288 9249 9264 9265 9331 9332 9347 9363 9368 
0
0
TOP
0
1
11
798 799 10876 10958 10959 10970 10973 11000 11008 11032 11034 
0
0
0
0
0
