0
1
0
Assembly-1
1
PART-1-1
PART-1
1
PART-1-1
14
-2147483647
0
48 1 16 5 0 1 0 -1 -1 17503 1 -1879048189 1 17503 
0
1
PART-1-1
14
-2147483647
0
48 1 16 5 0 1 0 -1 -1 32736 1 -1879048189 1 32736 
0
0
1
PART-1-1
1
FULLMESH
0
1
14
-2147483647
48 1 16 5 0 1 0 -1 -1 32736 1 -1879048189 1 32736 
0
0
0
0
1
PART-1-1
4
BOTTOM
0
1
17
1124 1125 17200 17215 17229 17319 17324 17345 17347 17349 17372 17373 17388 17410 17423 17434 17441 
0
0
LEFT
0
1
17
961 962 15458 15524 15558 15559 15585 15600 15609 15615 15637 15638 15642 16166 16167 16169 16302 
0
0
RIGHT
0
1
17
1287 1288 15383 15986 15987 16010 16021 16214 16216 16219 16233 16234 16244 16247 16255 16320 16378 
0
0
TOP
0
1
16
798 799 14593 15858 15877 15887 16086 16136 16266 16269 16273 16286 16290 16345 16375 17471 
0
0
0
0
0
