0
1
0
Assembly-1
1
PART-1-1
PART-1
1
PART-1-1
14
-2147483647
0
48 1 16 5 0 1 0 -1 -1 11778 1 -1879048189 1 11778 
0
1
PART-1-1
14
-2147483647
0
48 1 16 5 0 1 0 -1 -1 21601 1 -1879048189 1 21601 
0
0
1
PART-1-1
1
FULLMESH
0
1
14
-2147483647
48 1 16 5 0 1 0 -1 -1 21601 1 -1879048189 1 21601 
0
0
0
0
1
PART-1-1
4
BOTTOM
0
1
8
1124 1125 9928 9984 9989 9991 9996 10002 
0
0
LEFT
0
1
8
961 962 10392 10412 10415 10419 10442 10453 
0
0
RIGHT
0
1
9
1287 1288 11303 11312 11314 11334 11338 11344 11348 
0
0
TOP
0
1
9
798 799 11640 11708 11718 11721 11726 11739 11757 
0
0
0
0
0
