0
1
0
Assembly-1
1
PART-1-1
PART-1
1
PART-1-1
14
-2147483647
0
48 1 16 5 0 1 0 -1 -1 12789 1 -1879048189 1 12789 
0
1
PART-1-1
14
-2147483647
0
48 1 16 5 0 1 0 -1 -1 23552 1 -1879048189 1 23552 
0
0
1
PART-1-1
1
FULLMESH
0
1
14
-2147483647
48 1 16 5 0 1 0 -1 -1 23552 1 -1879048189 1 23552 
0
0
0
0
1
PART-1-1
4
BOTTOM
0
1
7
1124 1125 12106 12135 12148 12150 12161 
0
0
LEFT
0
1
6
961 962 12728 12744 12749 12758 
0
0
RIGHT
0
1
7
1287 1288 11100 11110 11134 11168 11172 
0
0
TOP
0
1
6
798 799 11528 11530 11531 11541 
0
0
0
0
0
