0
1
0
Assembly-1
1
PART-1-1
PART-1
1
PART-1-1
14
-2147483647
0
48 1 16 5 0 1 0 -1 -1 13433 1 -1879048189 1 13433 
0
1
PART-1-1
14
-2147483647
0
48 1 16 5 0 1 0 -1 -1 24800 1 -1879048189 1 24800 
0
0
1
PART-1-1
1
FULLMESH
0
1
14
-2147483647
48 1 16 5 0 1 0 -1 -1 24800 1 -1879048189 1 24800 
0
0
0
0
1
PART-1-1
4
BOTTOM
0
1
9
1124 1125 13382 13413 13415 13416 13424 13428 13430 
0
0
LEFT
0
1
7
961 962 12979 12981 13002 13009 13058 
0
0
RIGHT
0
1
5
1287 1288 13051 13072 13078 
0
0
TOP
0
1
7
798 799 12913 12915 12925 12929 12945 
0
0
0
0
0
