0
1
0
Assembly-1
1
PART-1-1
PART-1
1
PART-1-1
14
-2147483647
0
48 1 16 5 0 1 0 -1 -1 16362 1 -1879048189 1 16362 
0
1
PART-1-1
14
-2147483647
0
48 1 16 5 0 1 0 -1 -1 30360 1 -1879048189 1 30360 
0
0
1
PART-1-1
1
FULLMESH
0
1
14
-2147483647
48 1 16 5 0 1 0 -1 -1 30360 1 -1879048189 1 30360 
0
0
0
0
1
PART-1-1
4
BOTTOM
0
1
16
1124 1125 13690 14543 14544 14942 14963 14969 14989 15397 15401 15405 15412 15473 15474 15486 
0
0
LEFT
0
1
16
961 962 10885 13144 13150 14175 14195 14197 14212 14221 14225 14230 14724 14727 14734 16335 
0
0
RIGHT
0
1
14
1287 1288 15994 16160 16202 16204 16207 16208 16218 16223 16229 16231 16243 16254 
0
0
TOP
0
1
16
798 799 15646 15672 15675 15681 15695 15758 15780 15788 15803 15914 15917 15921 16349 16355 
0
0
0
0
0
