0
1
0
Assembly-1
1
PART-1-1
PART-1
1
PART-1-1
14
-2147483647
0
48 1 16 5 0 1 0 -1 -1 12468 1 -1879048189 1 12468 
0
1
PART-1-1
14
-2147483647
0
48 1 16 5 0 1 0 -1 -1 22674 1 -1879048189 1 22674 
0
0
1
PART-1-1
1
FULLMESH
0
1
14
-2147483647
48 1 16 5 0 1 0 -1 -1 22674 1 -1879048189 1 22674 
0
0
0
0
1
PART-1-1
4
BOTTOM
0
1
16
1124 1125 8567 9453 9458 9460 9463 9468 9741 9768 9778 9786 9952 9959 9972 9980 
0
0
LEFT
0
1
16
961 962 11092 11460 11516 11537 11551 11560 11563 11570 11572 11573 11596 11602 11638 11659 
0
0
RIGHT
0
1
17
1287 1288 7449 7491 8828 8836 8848 8865 9188 9197 9198 9202 9206 9224 10348 10389 12057 
0
0
TOP
0
1
16
798 799 9583 9629 9691 9859 9867 9869 9875 9883 9905 9907 9915 10106 10112 12052 
0
0
0
0
0
