0
1
0
Assembly-1
1
PART-1-1
PART-1
1
PART-1-1
14
-2147483647
0
48 1 16 5 0 1 0 -1 -1 13916 1 -1879048189 1 13916 
0
1
PART-1-1
14
-2147483647
0
48 1 16 5 0 1 0 -1 -1 25843 1 -1879048189 1 25843 
0
0
1
PART-1-1
1
FULLMESH
0
1
14
-2147483647
48 1 16 5 0 1 0 -1 -1 25843 1 -1879048189 1 25843 
0
0
0
0
1
PART-1-1
4
BOTTOM
0
1
9
1124 1125 13033 13074 13089 13096 13101 13112 13147 
0
0
LEFT
0
1
9
961 962 13776 13803 13815 13862 13870 13884 13892 
0
0
RIGHT
0
1
9
1287 1288 11866 11869 11943 11962 11968 12123 12150 
0
0
TOP
0
1
9
798 799 12281 12292 12298 12327 12339 12346 12359 
0
0
0
0
0
