0
1
0
Assembly-1
1
PART-1-1
PART-1
1
PART-1-1
14
-2147483647
0
48 1 16 5 0 1 0 -1 -1 15025 1 -1879048189 1 15025 
0
1
PART-1-1
14
-2147483647
0
48 1 16 5 0 1 0 -1 -1 27900 1 -1879048189 1 27900 
0
0
1
PART-1-1
1
FULLMESH
0
1
14
-2147483647
48 1 16 5 0 1 0 -1 -1 27900 1 -1879048189 1 27900 
0
0
0
0
1
PART-1-1
4
BOTTOM
0
1
16
1124 1125 11804 12272 12288 12311 12322 12325 12343 12353 12356 12775 12778 12781 12795 12798 
0
0
LEFT
0
1
15
961 962 13218 13303 13307 13318 13322 13645 13748 13759 13771 14185 14192 14195 14214 
0
0
RIGHT
0
1
16
1287 1288 14323 14464 14477 14573 14606 14631 14637 14649 14653 14658 14660 14664 14665 14679 
0
0
TOP
0
1
16
798 799 13910 13927 13975 13978 14004 14015 14095 14167 14173 14377 14380 14566 14598 14603 
0
0
0
0
0
