0
1
0
Assembly-1
1
PART-1-1
PART-1
1
PART-1-1
14
-2147483647
0
48 1 16 5 0 1 0 -1 -1 18668 1 -1879048189 1 18668 
0
1
PART-1-1
14
-2147483647
0
48 1 16 5 0 1 0 -1 -1 34560 1 -1879048189 1 34560 
0
0
1
PART-1-1
1
FULLMESH
0
1
14
-2147483647
48 1 16 5 0 1 0 -1 -1 34560 1 -1879048189 1 34560 
0
0
0
0
1
PART-1-1
4
BOTTOM
0
1
17
1124 1125 16850 16858 16914 16917 16929 17147 17149 17159 17167 17173 17181 17189 17216 18166 18172 
0
0
LEFT
0
1
16
961 962 15904 15915 15995 16002 16009 16017 16242 16260 16263 16288 16293 16575 16579 18163 
0
0
RIGHT
0
1
17
1287 1288 13388 13427 13453 13462 13473 14169 14180 14191 14198 14227 14231 14281 15036 18141 18143 
0
0
TOP
0
1
16
798 799 15451 15598 16061 16079 16094 16100 16103 16106 16302 16305 16308 16322 16325 16334 
0
0
0
0
0
