0
1
0
Assembly-1
1
PART-1-1
PART-1
1
PART-1-1
14
-2147483647
0
48 1 16 5 0 1 0 -1 -1 11675 1 -1879048189 1 11675 
0
1
PART-1-1
14
-2147483647
0
48 1 16 5 0 1 0 -1 -1 21488 1 -1879048189 1 21488 
0
0
1
PART-1-1
1
FULLMESH
0
1
14
-2147483647
48 1 16 5 0 1 0 -1 -1 21488 1 -1879048189 1 21488 
0
0
0
0
1
PART-1-1
4
BOTTOM
0
1
14
1124 1125 11062 11211 11223 11240 11243 11244 11247 11504 11506 11508 11552 11601 
0
0
LEFT
0
1
12
961 962 8019 8044 8059 8078 8098 8260 8270 8272 8275 8279 
0
0
RIGHT
0
1
11
1287 1288 11175 11389 11407 11409 11429 11439 11443 11460 11523 
0
0
TOP
0
1
12
798 799 10415 10422 10431 10455 10481 10708 10718 11150 11156 11161 
0
0
0
0
0
