0
1
0
Assembly-1
1
PART-1-1
PART-1
1
PART-1-1
14
-2147483647
0
48 1 16 5 0 1 0 -1 -1 15448 1 -1879048189 1 15448 
0
1
PART-1-1
14
-2147483647
0
48 1 16 5 0 1 0 -1 -1 28986 1 -1879048189 1 28986 
0
0
1
PART-1-1
1
FULLMESH
0
1
14
-2147483647
48 1 16 5 0 1 0 -1 -1 28986 1 -1879048189 1 28986 
0
0
0
0
1
PART-1-1
4
BOTTOM
0
1
17
1124 1125 13848 13855 14485 14493 14497 14500 14503 14505 14904 14905 14911 14930 14934 14936 14942 
0
0
LEFT
0
1
16
961 962 14143 14585 14634 14649 14989 14991 14993 14999 15003 15180 15189 15309 15311 15319 
0
0
RIGHT
0
1
17
1287 1288 12715 13077 13087 13119 13124 13480 13949 13953 13958 13960 13961 13974 14176 14655 15027 
0
0
TOP
0
1
16
798 799 14415 14748 14757 14800 14806 14811 15070 15073 15254 15255 15265 15342 15356 15365 
0
0
0
0
0
