0
1
0
Assembly-1
1
PART-1-1
PART-1
1
PART-1-1
14
-2147483647
0
48 1 16 5 0 1 0 -1 -1 15798 1 -1879048189 1 15798 
0
1
PART-1-1
14
-2147483647
0
48 1 16 5 0 1 0 -1 -1 29056 1 -1879048189 1 29056 
0
0
1
PART-1-1
1
FULLMESH
0
1
14
-2147483647
48 1 16 5 0 1 0 -1 -1 29056 1 -1879048189 1 29056 
0
0
0
0
1
PART-1-1
4
BOTTOM
0
1
17
1124 1125 8662 8758 8760 9917 9931 9944 9949 9950 9952 9965 9967 9977 10654 10794 11231 
0
0
LEFT
0
1
16
961 962 13157 13195 13248 13293 13302 13303 13309 13320 13521 13523 13529 13536 14697 14708 
0
0
RIGHT
0
1
15
1287 1288 12533 12608 12612 12621 12635 12641 12929 12933 12940 13405 13559 13566 14684 
0
0
TOP
0
1
17
798 799 9109 10352 11042 11303 11313 11332 11337 11355 11364 11883 11887 11889 11890 11902 11915 
0
0
0
0
0
