0
1
0
Assembly-1
1
PART-1-1
PART-1
1
PART-1-1
14
-2147483647
0
48 1 16 5 0 1 0 -1 -1 19400 1 -1879048189 1 19400 
0
1
PART-1-1
14
-2147483647
0
48 1 16 5 0 1 0 -1 -1 36369 1 -1879048189 1 36369 
0
0
1
PART-1-1
1
FULLMESH
0
1
14
-2147483647
48 1 16 5 0 1 0 -1 -1 36369 1 -1879048189 1 36369 
0
0
0
0
1
PART-1-1
4
BOTTOM
0
1
17
1124 1125 14348 14453 14463 15877 15909 15932 15938 17153 17167 17169 17180 17183 17188 18209 19395 
0
0
LEFT
0
1
17
961 962 16752 18120 18126 18128 18131 18943 18989 19143 19147 19189 19242 19244 19250 19253 19275 
0
0
RIGHT
0
1
16
1287 1288 13055 13081 13090 13147 13153 13169 13174 14557 14563 14571 14575 14599 14601 15948 
0
0
TOP
0
1
17
798 799 15381 15403 15404 15478 15480 15486 15536 15561 16982 16983 16984 18146 18172 18712 19377 
0
0
0
0
0
