0
1
0
Assembly-1
1
PART-1-1
PART-1
1
PART-1-1
14
-2147483647
0
48 1 16 5 0 1 0 -1 -1 12482 1 -1879048189 1 12482 
0
1
PART-1-1
14
-2147483647
0
48 1 16 5 0 1 0 -1 -1 22548 1 -1879048189 1 22548 
0
0
1
PART-1-1
1
FULLMESH
0
1
14
-2147483647
48 1 16 5 0 1 0 -1 -1 22548 1 -1879048189 1 22548 
0
0
0
0
1
PART-1-1
4
BOTTOM
0
1
10
1124 1125 9000 9002 9026 9028 9049 9054 9074 9169 
0
0
LEFT
0
1
9
961 962 8510 8681 8843 9105 9110 11229 11235 
0
0
RIGHT
0
1
9
1287 1288 9558 9595 9604 9633 9635 9706 9709 
0
0
TOP
0
1
10
798 799 9686 9744 9749 9753 9754 9801 9810 9815 
0
0
0
0
0
