0
1
0
Assembly-1
1
PART-1-1
PART-1
1
PART-1-1
14
-2147483647
0
48 1 16 5 0 1 0 -1 -1 14847 1 -1879048189 1 14847 
0
1
PART-1-1
14
-2147483647
0
48 1 16 5 0 1 0 -1 -1 27044 1 -1879048189 1 27044 
0
0
1
PART-1-1
1
FULLMESH
0
1
14
-2147483647
48 1 16 5 0 1 0 -1 -1 27044 1 -1879048189 1 27044 
0
0
0
0
1
PART-1-1
4
BOTTOM
0
1
17
1124 1125 10787 10808 10900 10902 11014 11015 11017 11022 11055 11068 11076 11077 11083 11086 14803 
0
0
LEFT
0
1
15
961 962 10595 10658 10667 10673 10674 10732 10741 10745 10751 10774 10915 10925 10944 
0
0
RIGHT
0
1
17
1287 1288 8512 8532 8559 9295 9303 9306 9309 9653 9675 9690 9814 9824 9830 9832 9833 
0
0
TOP
0
1
17
798 799 13127 13440 13441 13444 13509 13518 13529 13537 13540 13559 13561 13566 13575 13591 14822 
0
0
0
0
0
