0
1
0
Assembly-1
1
PART-1-1
PART-1
1
PART-1-1
14
-2147483647
0
48 1 16 5 0 1 0 -1 -1 18056 1 -1879048189 1 18056 
0
1
PART-1-1
14
-2147483647
0
48 1 16 5 0 1 0 -1 -1 33691 1 -1879048189 1 33691 
0
0
1
PART-1-1
1
FULLMESH
0
1
14
-2147483647
48 1 16 5 0 1 0 -1 -1 33691 1 -1879048189 1 33691 
0
0
0
0
1
PART-1-1
4
BOTTOM
0
1
17
1124 1125 16981 17396 17398 17399 17412 17427 17575 17578 17596 17601 17743 17755 17871 17873 17883 
0
0
LEFT
0
1
17
961 962 17071 17271 17310 17482 17504 17527 17530 17535 17543 17615 17618 17684 17685 17700 18044 
0
0
RIGHT
0
1
17
1287 1288 16321 16324 16470 16490 16517 16518 16525 16545 16599 16914 16919 16949 16951 17198 17235 
0
0
TOP
0
1
17
798 799 14667 14698 14707 14717 14718 14721 14726 14735 14753 14755 14759 15641 15642 16088 16858 
0
0
0
0
0
