0
1
0
Assembly-1
1
PART-1-1
PART-1
1
PART-1-1
14
-2147483647
0
48 1 16 5 0 1 0 -1 -1 19341 1 -1879048189 1 19341 
0
1
PART-1-1
14
-2147483647
0
48 1 16 5 0 1 0 -1 -1 36461 1 -1879048189 1 36461 
0
0
1
PART-1-1
1
FULLMESH
0
1
14
-2147483647
48 1 16 5 0 1 0 -1 -1 36461 1 -1879048189 1 36461 
0
0
0
0
1
PART-1-1
4
BOTTOM
0
1
17
1124 1125 18465 18638 18649 18700 18705 18710 18714 18717 18726 18730 18732 18746 18752 18778 18786 
0
0
LEFT
0
1
17
961 962 13390 13440 13445 13452 13456 13457 13542 13593 13594 13597 14378 14379 14388 15168 15175 
0
0
RIGHT
0
1
17
1287 1288 17538 17597 17600 17749 17752 17781 17817 17825 17828 17829 17830 17844 18043 18059 18067 
0
0
TOP
0
1
17
798 799 13790 14475 14525 14529 14538 14591 14594 15226 15229 15702 15717 16888 17882 17884 19252 
0
0
0
0
0
