0
1
0
Assembly-1
1
PART-1-1
PART-1
1
PART-1-1
14
-2147483647
0
48 1 16 5 0 1 0 -1 -1 13077 1 -1879048189 1 13077 
0
1
PART-1-1
14
-2147483647
0
48 1 16 5 0 1 0 -1 -1 24219 1 -1879048189 1 24219 
0
0
1
PART-1-1
1
FULLMESH
0
1
14
-2147483647
48 1 16 5 0 1 0 -1 -1 24219 1 -1879048189 1 24219 
0
0
0
0
1
PART-1-1
4
BOTTOM
0
1
16
1124 1125 12344 12442 12446 12468 12477 12483 12485 12490 12928 12932 12934 12985 12988 12989 
0
0
LEFT
0
1
13
961 962 12572 12858 12864 12869 12871 12877 12882 12886 12899 12993 12996 
0
0
RIGHT
0
1
15
1287 1288 12514 12709 12718 12722 12731 12756 12758 12766 12804 12936 12941 12951 12955 
0
0
TOP
0
1
15
798 799 11626 11627 11673 11699 11701 11702 11703 11716 11721 11731 11742 11748 11759 
0
0
0
0
0
