0
1
0
Assembly-1
1
PART-1-1
PART-1
1
PART-1-1
14
-2147483647
0
48 1 16 5 0 1 0 -1 -1 17543 1 -1879048189 1 17543 
0
1
PART-1-1
14
-2147483647
0
48 1 16 5 0 1 0 -1 -1 32824 1 -1879048189 1 32824 
0
0
1
PART-1-1
1
FULLMESH
0
1
14
-2147483647
48 1 16 5 0 1 0 -1 -1 32824 1 -1879048189 1 32824 
0
0
0
0
1
PART-1-1
4
BOTTOM
0
1
9
1124 1125 16151 16158 16344 16640 16647 17478 17488 
0
0
LEFT
0
1
9
961 962 17080 17495 17496 17507 17508 17519 17524 
0
0
RIGHT
0
1
9
1287 1288 14214 14978 16097 16101 16103 16129 16632 
0
0
TOP
0
1
9
798 799 17248 17286 17290 17302 17312 17350 17540 
0
0
0
0
0
