0
1
0
Assembly-1
1
PART-1-1
PART-1
1
PART-1-1
14
-2147483647
0
48 1 16 5 0 1 0 -1 -1 6997 1 -1879048189 1 6997 
0
1
PART-1-1
14
-2147483647
0
48 1 16 5 0 1 0 -1 -1 11817 1 -1879048189 1 11817 
0
0
1
PART-1-1
1
FULLMESH
0
1
14
-2147483647
48 1 16 5 0 1 0 -1 -1 11817 1 -1879048189 1 11817 
0
0
0
0
1
PART-1-1
4
BOTTOM
0
1
8
1124 1125 6914 6922 6924 6944 6947 6959 
0
0
LEFT
0
1
7
961 962 6735 6744 6754 6769 6779 
0
0
RIGHT
0
1
7
1287 1288 6568 6642 6645 6655 6660 
0
0
TOP
0
1
8
798 799 5066 5078 5088 5095 5102 5104 
0
0
0
0
0
