0
1
0
Assembly-1
1
PART-1-1
PART-1
1
PART-1-1
14
-2147483647
0
48 1 16 5 0 1 0 -1 -1 9599 1 -1879048189 1 9599 
0
1
PART-1-1
14
-2147483647
0
48 1 16 5 0 1 0 -1 -1 17129 1 -1879048189 1 17129 
0
0
1
PART-1-1
1
FULLMESH
0
1
14
-2147483647
48 1 16 5 0 1 0 -1 -1 17129 1 -1879048189 1 17129 
0
0
0
0
1
PART-1-1
4
BOTTOM
0
1
9
1124 1125 7110 7113 7132 7190 7192 7283 9104 
0
0
LEFT
0
1
9
961 962 5726 5774 5800 5803 5814 5816 5881 
0
0
RIGHT
0
1
9
1287 1288 7524 7566 7576 7587 7592 7626 7631 
0
0
TOP
0
1
9
798 799 8904 9025 9031 9032 9036 9053 9056 
0
0
0
0
0
