0
1
0
Assembly-1
1
PART-1-1
PART-1
1
PART-1-1
14
-2147483647
0
48 1 16 5 0 1 0 -1 -1 22385 1 -1879048189 1 22385 
0
1
PART-1-1
14
-2147483647
0
48 1 16 5 0 1 0 -1 -1 42202 1 -1879048189 1 42202 
0
0
1
PART-1-1
1
FULLMESH
0
1
14
-2147483647
48 1 16 5 0 1 0 -1 -1 42202 1 -1879048189 1 42202 
0
0
0
0
1
PART-1-1
4
BOTTOM
0
1
16
1124 1125 21231 21315 21354 21380 21406 21524 21530 21534 21543 21544 21545 21565 21568 21580 
0
0
LEFT
0
1
16
961 962 18234 18646 18650 18667 18677 18684 18691 18699 18706 18843 19003 19008 19017 19022 
0
0
RIGHT
0
1
16
1287 1288 15936 16020 16069 16084 16558 16577 16579 16597 16601 16606 16613 16615 17241 17244 
0
0
TOP
0
1
16
798 799 15120 15621 15686 15690 15721 15730 15754 15779 16495 16500 16503 16510 16522 16529 
0
0
0
0
0
