0
1
0
Assembly-1
1
PART-1-1
PART-1
1
PART-1-1
14
-2147483647
0
48 1 16 5 0 1 0 -1 -1 19628 1 -1879048189 1 19628 
0
1
PART-1-1
14
-2147483647
0
48 1 16 5 0 1 0 -1 -1 36454 1 -1879048189 1 36454 
0
0
1
PART-1-1
1
FULLMESH
0
1
14
-2147483647
48 1 16 5 0 1 0 -1 -1 36454 1 -1879048189 1 36454 
0
0
0
0
1
PART-1-1
4
BOTTOM
0
1
17
1124 1125 14520 14563 15441 15447 15450 15842 15856 15862 15863 15865 15872 15887 15893 15894 16343 
0
0
LEFT
0
1
16
961 962 15653 15680 15681 15943 16153 16430 16450 16452 16454 16892 16910 16925 16926 16930 
0
0
RIGHT
0
1
16
1287 1288 17808 18090 18095 18099 18102 18111 18112 18132 18141 18145 18150 18175 18183 18224 
0
0
TOP
0
1
17
798 799 16638 17111 17158 17160 17162 17164 17190 17193 17196 17208 17460 17473 17479 17482 17489 
0
0
0
0
0
