0
1
0
Assembly-1
1
PART-1-1
PART-1
1
PART-1-1
14
-2147483647
0
48 1 16 5 0 1 0 -1 -1 18618 1 -1879048189 1 18618 
0
1
PART-1-1
14
-2147483647
0
48 1 16 5 0 1 0 -1 -1 35309 1 -1879048189 1 35309 
0
0
1
PART-1-1
1
FULLMESH
0
1
14
-2147483647
48 1 16 5 0 1 0 -1 -1 35309 1 -1879048189 1 35309 
0
0
0
0
1
PART-1-1
4
BOTTOM
0
1
17
1124 1125 15420 15462 16070 16077 16090 16098 16640 16660 16678 16679 16689 16731 16754 16760 16764 
0
0
LEFT
0
1
17
961 962 15699 15762 15786 15815 15817 15822 15828 15848 15856 15861 15887 16854 16860 16887 17099 
0
0
RIGHT
0
1
17
1287 1288 18088 18127 18165 18172 18174 18190 18193 18199 18229 18236 18241 18265 18393 18412 18609 
0
0
TOP
0
1
17
798 799 17027 17166 17183 17184 17187 17200 17233 17235 17251 17267 17357 17456 17619 17624 17628 
0
0
0
0
0
