0
1
0
Assembly-1
1
PART-1-1
PART-1
1
PART-1-1
14
-2147483647
0
48 1 16 5 0 1 0 -1 -1 15790 1 -1879048189 1 15790 
0
1
PART-1-1
14
-2147483647
0
48 1 16 5 0 1 0 -1 -1 28746 1 -1879048189 1 28746 
0
0
1
PART-1-1
1
FULLMESH
0
1
14
-2147483647
48 1 16 5 0 1 0 -1 -1 28746 1 -1879048189 1 28746 
0
0
0
0
1
PART-1-1
4
BOTTOM
0
1
17
1124 1125 11344 12544 12577 12588 12590 12592 12596 12606 12608 12614 12618 12677 12985 12986 12991 
0
0
LEFT
0
1
17
961 962 14131 14194 14205 14215 14230 14244 14246 14248 14259 14267 14268 14444 14448 14450 14571 
0
0
RIGHT
0
1
17
1287 1288 11726 13016 13167 13183 13190 13203 13205 13480 13501 13508 13775 13781 14066 14404 14551 
0
0
TOP
0
1
15
798 799 12912 13333 13348 13374 13730 13952 13957 13958 13960 14364 14368 14370 14544 
0
0
0
0
0
