0
1
0
Assembly-1
1
PART-1-1
PART-1
1
PART-1-1
14
-2147483647
0
48 1 16 5 0 1 0 -1 -1 17465 1 -1879048189 1 17465 
0
1
PART-1-1
14
-2147483647
0
48 1 16 5 0 1 0 -1 -1 32413 1 -1879048189 1 32413 
0
0
1
PART-1-1
1
FULLMESH
0
1
14
-2147483647
48 1 16 5 0 1 0 -1 -1 32413 1 -1879048189 1 32413 
0
0
0
0
1
PART-1-1
4
BOTTOM
0
1
15
1124 1125 13692 13695 14414 14444 14445 14456 14467 14495 14496 14508 15105 15138 15142 
0
0
LEFT
0
1
17
961 962 16203 16361 16373 16374 16396 16425 16436 16437 16441 16455 16487 16503 16833 16838 16842 
0
0
RIGHT
0
1
17
1287 1288 17008 17058 17066 17071 17082 17113 17118 17238 17242 17245 17246 17289 17302 17303 17338 
0
0
TOP
0
1
17
798 799 15012 15017 15683 15686 15688 16249 16254 16861 16868 16886 17127 17132 17136 17178 17460 
0
0
0
0
0
