0
1
0
Assembly-1
1
PART-1-1
PART-1
1
PART-1-1
14
-2147483647
0
48 1 16 5 0 1 0 -1 -1 17781 1 -1879048189 1 17781 
0
1
PART-1-1
14
-2147483647
0
48 1 16 5 0 1 0 -1 -1 32783 1 -1879048189 1 32783 
0
0
1
PART-1-1
1
FULLMESH
0
1
14
-2147483647
48 1 16 5 0 1 0 -1 -1 32783 1 -1879048189 1 32783 
0
0
0
0
1
PART-1-1
4
BOTTOM
0
1
9
1124 1125 17172 17295 17325 17327 17345 17379 17768 
0
0
LEFT
0
1
9
961 962 16540 16551 16566 16567 16573 16601 16606 
0
0
RIGHT
0
1
8
1287 1288 17658 17659 17702 17724 17725 17751 
0
0
TOP
0
1
9
798 799 16056 16066 16075 16086 16091 16103 16105 
0
0
0
0
0
