0
1
0
Assembly-1
1
PART-1-1
PART-1
1
PART-1-1
14
-2147483647
0
48 1 16 5 0 1 0 -1 -1 11002 1 -1879048189 1 11002 
0
1
PART-1-1
14
-2147483647
0
48 1 16 5 0 1 0 -1 -1 19674 1 -1879048189 1 19674 
0
0
1
PART-1-1
1
FULLMESH
0
1
14
-2147483647
48 1 16 5 0 1 0 -1 -1 19674 1 -1879048189 1 19674 
0
0
0
0
1
PART-1-1
4
BOTTOM
0
1
5
1124 1125 10941 10949 10956 
0
0
LEFT
0
1
9
961 962 10163 10188 10200 10204 10208 10226 10229 
0
0
RIGHT
0
1
7
1287 1288 8537 8539 8568 8570 8583 
0
0
TOP
0
1
9
798 799 8765 8768 8772 8792 8793 8796 8801 
0
0
0
0
0
