0
1
0
Assembly-1
1
PART-1-1
PART-1
1
PART-1-1
14
-2147483647
0
48 1 16 5 0 1 0 -1 -1 15887 1 -1879048189 1 15887 
0
1
PART-1-1
14
-2147483647
0
48 1 16 5 0 1 0 -1 -1 29489 1 -1879048189 1 29489 
0
0
1
PART-1-1
1
FULLMESH
0
1
14
-2147483647
48 1 16 5 0 1 0 -1 -1 29489 1 -1879048189 1 29489 
0
0
0
0
1
PART-1-1
4
BOTTOM
0
1
5
1124 1125 15266 15276 15287 
0
0
LEFT
0
1
6
961 962 14184 14205 14212 14213 
0
0
RIGHT
0
1
9
1287 1288 15773 15779 15810 15815 15853 15879 15883 
0
0
TOP
0
1
9
798 799 14701 14708 14715 14717 14720 14724 14751 
0
0
0
0
0
