0
1
0
Assembly-1
1
PART-1-1
PART-1
1
PART-1-1
14
-2147483647
0
48 1 16 5 0 1 0 -1 -1 19030 1 -1879048189 1 19030 
0
1
PART-1-1
14
-2147483647
0
48 1 16 5 0 1 0 -1 -1 35644 1 -1879048189 1 35644 
0
0
1
PART-1-1
1
FULLMESH
0
1
14
-2147483647
48 1 16 5 0 1 0 -1 -1 35644 1 -1879048189 1 35644 
0
0
0
0
1
PART-1-1
4
BOTTOM
0
1
8
1124 1125 17936 18137 18323 18338 18352 18391 
0
0
LEFT
0
1
9
961 962 18800 18818 18867 18881 18888 18891 19025 
0
0
RIGHT
0
1
9
1287 1288 18611 18631 18632 18635 18642 18647 18658 
0
0
TOP
0
1
9
798 799 17165 17166 17180 17189 17191 17200 17736 
0
0
0
0
0
