0
1
0
Assembly-1
1
PART-1-1
PART-1
1
PART-1-1
14
-2147483647
0
48 1 16 5 0 1 0 -1 -1 18724 1 -1879048189 1 18724 
0
1
PART-1-1
14
-2147483647
0
48 1 16 5 0 1 0 -1 -1 34797 1 -1879048189 1 34797 
0
0
1
PART-1-1
1
FULLMESH
0
1
14
-2147483647
48 1 16 5 0 1 0 -1 -1 34797 1 -1879048189 1 34797 
0
0
0
0
1
PART-1-1
4
BOTTOM
0
1
17
1124 1125 12426 13940 13969 13970 13976 13987 14672 14676 15488 15499 15504 15508 15742 16028 16297 
0
0
LEFT
0
1
17
961 962 13597 14442 14448 14577 14604 14609 14612 14613 15718 15724 16006 16008 16014 16018 16853 
0
0
RIGHT
0
1
17
1287 1288 15277 15630 15660 15911 15920 15925 15932 15933 15942 15944 15948 15956 15966 15972 18126 
0
0
TOP
0
1
17
798 799 16189 16863 16961 17010 17045 17063 17195 17196 17208 17213 17215 17218 17224 17250 17272 
0
0
0
0
0
