0
1
0
Assembly-1
1
PART-1-1
PART-1
1
PART-1-1
14
-2147483647
0
48 1 16 5 0 1 0 -1 -1 18908 1 -1879048189 1 18908 
0
1
PART-1-1
14
-2147483647
0
48 1 16 5 0 1 0 -1 -1 35445 1 -1879048189 1 35445 
0
0
1
PART-1-1
1
FULLMESH
0
1
14
-2147483647
48 1 16 5 0 1 0 -1 -1 35445 1 -1879048189 1 35445 
0
0
0
0
1
PART-1-1
4
BOTTOM
0
1
15
1124 1125 18399 18438 18441 18493 18508 18509 18510 18626 18628 18688 18692 18693 18700 
0
0
LEFT
0
1
14
961 962 17239 17255 17264 17342 17343 17658 17973 17985 17990 18327 18762 18778 
0
0
RIGHT
0
1
15
1287 1288 16560 16608 16639 16655 16665 16667 16669 17040 17057 17058 17071 17072 17076 
0
0
TOP
0
1
15
798 799 16955 16976 16979 17634 17638 17953 17954 17961 17965 18267 18273 18569 18895 
0
0
0
0
0
