0
1
0
Assembly-1
1
PART-1-1
PART-1
1
PART-1-1
14
-2147483647
0
48 1 16 5 0 1 0 -1 -1 11232 1 -1879048189 1 11232 
0
1
PART-1-1
14
-2147483647
0
48 1 16 5 0 1 0 -1 -1 20435 1 -1879048189 1 20435 
0
0
1
PART-1-1
1
FULLMESH
0
1
14
-2147483647
48 1 16 5 0 1 0 -1 -1 20435 1 -1879048189 1 20435 
0
0
0
0
1
PART-1-1
4
BOTTOM
0
1
9
1124 1125 10348 10359 10477 10480 10504 10822 10825 
0
0
LEFT
0
1
9
961 962 11002 11059 11064 11076 11085 11088 11149 
0
0
RIGHT
0
1
9
1287 1288 10070 10079 10087 10101 10856 10857 11102 
0
0
TOP
0
1
9
798 799 10892 10895 10908 10918 10919 10928 10937 
0
0
0
0
0
