0
1
0
Assembly-1
1
PART-1-1
PART-1
1
PART-1-1
14
-2147483647
0
48 1 16 5 0 1 0 -1 -1 18421 1 -1879048189 1 18421 
0
1
PART-1-1
14
-2147483647
0
48 1 16 5 0 1 0 -1 -1 34664 1 -1879048189 1 34664 
0
0
1
PART-1-1
1
FULLMESH
0
1
14
-2147483647
48 1 16 5 0 1 0 -1 -1 34664 1 -1879048189 1 34664 
0
0
0
0
1
PART-1-1
4
BOTTOM
0
1
17
1124 1125 17485 17517 18023 18039 18111 18112 18138 18144 18186 18187 18200 18219 18240 18251 18418 
0
0
LEFT
0
1
17
961 962 16476 16560 16613 16651 16675 17140 17141 17142 17144 17720 17728 17734 17738 17740 18413 
0
0
RIGHT
0
1
17
1287 1288 16934 17235 17595 17620 17629 17636 17917 17921 17938 18081 18165 18169 18176 18229 18293 
0
0
TOP
0
1
17
798 799 12322 13593 13596 13599 13607 14729 14730 14747 14751 14754 14755 15568 15570 15576 15589 
0
0
0
0
0
