0
1
0
Assembly-1
1
PART-1-1
PART-1
1
PART-1-1
14
-2147483647
0
48 1 16 5 0 1 0 -1 -1 26860 1 -1879048189 1 26860 
0
1
PART-1-1
14
-2147483647
0
48 1 16 5 0 1 0 -1 -1 50884 1 -1879048189 1 50884 
0
0
1
PART-1-1
1
FULLMESH
0
1
14
-2147483647
48 1 16 5 0 1 0 -1 -1 50884 1 -1879048189 1 50884 
0
0
0
0
1
PART-1-1
4
BOTTOM
0
1
17
1124 1125 22155 22205 22209 22215 22220 24351 24356 24363 24627 24630 25166 25187 25189 26816 26824 
0
0
LEFT
0
1
17
961 962 25125 25160 26393 26396 26405 26437 26438 26440 26441 26448 26474 26481 26489 26623 26627 
0
0
RIGHT
0
1
16
1287 1288 25827 26104 26218 26234 26249 26269 26273 26282 26303 26306 26515 26529 26530 26573 
0
0
TOP
0
1
17
798 799 19107 19233 19317 19359 21051 21064 21070 21073 21089 21096 21105 21113 21114 22312 23608 
0
0
0
0
0
