0
1
0
Assembly-1
1
PART-1-1
PART-1
1
PART-1-1
14
-2147483647
0
48 1 16 5 0 1 0 -1 -1 13564 1 -1879048189 1 13564 
0
1
PART-1-1
14
-2147483647
0
48 1 16 5 0 1 0 -1 -1 24782 1 -1879048189 1 24782 
0
0
1
PART-1-1
1
FULLMESH
0
1
14
-2147483647
48 1 16 5 0 1 0 -1 -1 24782 1 -1879048189 1 24782 
0
0
0
0
1
PART-1-1
4
BOTTOM
0
1
9
1124 1125 12442 12443 12647 12653 12656 12676 12683 
0
0
LEFT
0
1
8
961 962 12565 12620 12622 12671 12686 12800 
0
0
RIGHT
0
1
8
1287 1288 12732 12753 12764 12769 12814 13551 
0
0
TOP
0
1
9
798 799 13454 13495 13500 13503 13520 13533 13535 
0
0
0
0
0
