0
1
0
Assembly-1
1
PART-1-1
PART-1
1
PART-1-1
14
-2147483647
0
48 1 16 5 0 1 0 -1 -1 16858 1 -1879048189 1 16858 
0
1
PART-1-1
14
-2147483647
0
48 1 16 5 0 1 0 -1 -1 31378 1 -1879048189 1 31378 
0
0
1
PART-1-1
1
FULLMESH
0
1
14
-2147483647
48 1 16 5 0 1 0 -1 -1 31378 1 -1879048189 1 31378 
0
0
0
0
1
PART-1-1
4
BOTTOM
0
1
15
1124 1125 14249 14269 14316 14319 14321 14340 14346 14348 14350 14362 14365 14371 14857 
0
0
LEFT
0
1
14
961 962 14987 15268 15308 15325 15327 15331 15352 15464 15535 15537 15538 15543 
0
0
RIGHT
0
1
13
1287 1288 16634 16745 16757 16767 16770 16774 16780 16787 16797 16798 16802 
0
0
TOP
0
1
15
798 799 15832 15848 15849 15922 15929 15947 15953 15957 15991 15992 15993 15997 16001 
0
0
0
0
0
