0
1
0
Assembly-1
1
PART-1-1
PART-1
1
PART-1-1
14
-2147483647
0
48 1 16 5 0 1 0 -1 -1 11322 1 -1879048189 1 11322 
0
1
PART-1-1
14
-2147483647
0
48 1 16 5 0 1 0 -1 -1 20555 1 -1879048189 1 20555 
0
0
1
PART-1-1
1
FULLMESH
0
1
14
-2147483647
48 1 16 5 0 1 0 -1 -1 20555 1 -1879048189 1 20555 
0
0
0
0
1
PART-1-1
4
BOTTOM
0
1
9
1124 1125 10395 10545 10548 10662 10668 10672 10673 
0
0
LEFT
0
1
8
961 962 11023 11027 11039 11069 11071 11302 
0
0
RIGHT
0
1
9
1287 1288 10794 10799 10808 10839 10840 10843 11318 
0
0
TOP
0
1
9
798 799 10908 10914 10969 10990 10993 11000 11013 
0
0
0
0
0
