0
1
0
Assembly-1
1
PART-1-1
PART-1
1
PART-1-1
14
-2147483647
0
48 1 16 5 0 1 0 -1 -1 13681 1 -1879048189 1 13681 
0
1
PART-1-1
14
-2147483647
0
48 1 16 5 0 1 0 -1 -1 25300 1 -1879048189 1 25300 
0
0
1
PART-1-1
1
FULLMESH
0
1
14
-2147483647
48 1 16 5 0 1 0 -1 -1 25300 1 -1879048189 1 25300 
0
0
0
0
1
PART-1-1
4
BOTTOM
0
1
17
1124 1125 12726 13337 13407 13423 13428 13433 13462 13463 13465 13469 13471 13476 13508 13516 13526 
0
0
LEFT
0
1
17
961 962 11901 11932 11935 12214 12228 12237 12312 12317 12871 12903 13153 13158 13232 13236 13655 
0
0
RIGHT
0
1
17
1287 1288 10921 10923 10972 10989 10998 11016 11021 11024 11583 11980 11987 11994 12333 12907 12914 
0
0
TOP
0
1
16
798 799 11622 11725 11758 11762 11766 11772 12025 12039 12040 12046 12953 13173 13646 13649 
0
0
0
0
0
