0
1
0
Assembly-1
1
PART-1-1
PART-1
1
PART-1-1
14
-2147483647
0
48 1 16 5 0 1 0 -1 -1 12860 1 -1879048189 1 12860 
0
1
PART-1-1
14
-2147483647
0
48 1 16 5 0 1 0 -1 -1 23462 1 -1879048189 1 23462 
0
0
1
PART-1-1
1
FULLMESH
0
1
14
-2147483647
48 1 16 5 0 1 0 -1 -1 23462 1 -1879048189 1 23462 
0
0
0
0
1
PART-1-1
4
BOTTOM
0
1
13
1124 1125 11587 11682 11683 11687 11689 11697 11720 11736 11742 11746 11780 
0
0
LEFT
0
1
13
961 962 9970 10582 10595 10596 10611 10770 10773 10789 10797 10802 10807 
0
0
RIGHT
0
1
14
1287 1288 12636 12663 12726 12735 12749 12751 12754 12755 12769 12781 12788 12791 
0
0
TOP
0
1
10
798 799 10988 11037 11194 11207 11321 11322 11498 11505 
0
0
0
0
0
