0
1
0
Assembly-1
1
PART-1-1
PART-1
1
PART-1-1
14
-2147483647
0
48 1 16 5 0 1 0 -1 -1 11983 1 -1879048189 1 11983 
0
1
PART-1-1
14
-2147483647
0
48 1 16 5 0 1 0 -1 -1 21439 1 -1879048189 1 21439 
0
0
1
PART-1-1
1
FULLMESH
0
1
14
-2147483647
48 1 16 5 0 1 0 -1 -1 21439 1 -1879048189 1 21439 
0
0
0
0
1
PART-1-1
4
BOTTOM
0
1
14
1124 1125 10102 10178 10186 10218 10228 10229 10232 10237 10239 10245 10250 11545 
0
0
LEFT
0
1
10
961 962 6807 6995 7029 7086 7091 7094 7100 7110 
0
0
RIGHT
0
1
10
1287 1288 7756 7813 7816 7832 7862 7884 7901 7903 
0
0
TOP
0
1
11
798 799 11059 11118 11128 11130 11198 11248 11257 11268 11558 
0
0
0
0
0
