0
1
0
Assembly-1
1
PART-1-1
PART-1
1
PART-1-1
14
-2147483647
0
48 1 16 5 0 1 0 -1 -1 20379 1 -1879048189 1 20379 
0
1
PART-1-1
14
-2147483647
0
48 1 16 5 0 1 0 -1 -1 38106 1 -1879048189 1 38106 
0
0
1
PART-1-1
1
FULLMESH
0
1
14
-2147483647
48 1 16 5 0 1 0 -1 -1 38106 1 -1879048189 1 38106 
0
0
0
0
1
PART-1-1
4
BOTTOM
0
1
17
1124 1125 15724 16050 16333 16530 16535 16543 16577 16639 16641 16673 16677 16681 16687 16698 16703 
0
0
LEFT
0
1
17
961 962 15411 15902 15962 16392 16416 16421 16424 16450 16454 16469 16487 16494 16498 16589 16593 
0
0
RIGHT
0
1
17
1287 1288 12686 13097 13938 14391 15005 15018 15023 15026 15478 15481 15482 15489 15496 15505 15528 
0
0
TOP
0
1
17
798 799 17515 17612 17636 17637 17649 17672 17678 17735 17740 17744 17749 17799 17833 17843 20351 
0
0
0
0
0
