0
1
0
Assembly-1
1
PART-1-1
PART-1
1
PART-1-1
14
-2147483647
0
48 1 16 5 0 1 0 -1 -1 10596 1 -1879048189 1 10596 
0
1
PART-1-1
14
-2147483647
0
48 1 16 5 0 1 0 -1 -1 19255 1 -1879048189 1 19255 
0
0
1
PART-1-1
1
FULLMESH
0
1
14
-2147483647
48 1 16 5 0 1 0 -1 -1 19255 1 -1879048189 1 19255 
0
0
0
0
1
PART-1-1
4
BOTTOM
0
1
17
1124 1125 9901 10019 10023 10026 10079 10084 10360 10362 10368 10373 10459 10466 10468 10470 10558 
0
0
LEFT
0
1
16
961 962 8134 8425 8461 8488 8542 8548 9106 9107 9111 9112 9115 9118 9454 9460 
0
0
RIGHT
0
1
16
1287 1288 8783 8850 8946 8989 8993 9008 9010 9011 9014 9024 9025 10310 10311 10312 
0
0
TOP
0
1
17
798 799 9272 9487 10185 10186 10193 10206 10209 10223 10273 10274 10284 10402 10407 10409 10507 
0
0
0
0
0
