0
1
0
Assembly-1
1
PART-1-1
PART-1
1
PART-1-1
14
-2147483647
0
48 1 16 5 0 1 0 -1 -1 19763 1 -1879048189 1 19763 
0
1
PART-1-1
14
-2147483647
0
48 1 16 5 0 1 0 -1 -1 37086 1 -1879048189 1 37086 
0
0
1
PART-1-1
1
FULLMESH
0
1
14
-2147483647
48 1 16 5 0 1 0 -1 -1 37086 1 -1879048189 1 37086 
0
0
0
0
1
PART-1-1
4
BOTTOM
0
1
17
1124 1125 15519 16466 17030 17405 17409 17694 17704 18532 18536 18542 18543 18553 18567 18751 18766 
0
0
LEFT
0
1
17
961 962 16236 16265 16328 16330 16332 16343 16349 16351 16358 16361 16370 16393 16426 16965 16987 
0
0
RIGHT
0
1
17
1287 1288 18360 18442 18667 18801 18812 18832 18848 18863 18874 18877 19049 19052 19059 19070 19071 
0
0
TOP
0
1
17
798 799 17942 18712 18723 18882 18892 18904 18914 18927 18928 18931 18948 18999 19005 19009 19021 
0
0
0
0
0
