0
1
0
Assembly-1
1
PART-1-1
PART-1
1
PART-1-1
14
-2147483647
0
48 1 16 5 0 1 0 -1 -1 21271 1 -1879048189 1 21271 
0
1
PART-1-1
14
-2147483647
0
48 1 16 5 0 1 0 -1 -1 40169 1 -1879048189 1 40169 
0
0
1
PART-1-1
1
FULLMESH
0
1
14
-2147483647
48 1 16 5 0 1 0 -1 -1 40169 1 -1879048189 1 40169 
0
0
0
0
1
PART-1-1
4
BOTTOM
0
1
17
1124 1125 14469 15721 16732 17552 17555 17558 18083 18089 18110 18124 18129 18136 18137 18620 19137 
0
0
LEFT
0
1
16
961 962 18529 19044 19252 19257 19272 19317 19320 19321 19478 19481 19482 19489 19497 19500 
0
0
RIGHT
0
1
17
1287 1288 20428 20836 20856 20862 20876 20882 20884 20885 21035 21077 21091 21107 21118 21126 21257 
0
0
TOP
0
1
16
798 799 20552 20723 20738 20742 20752 20771 20959 20980 20984 20996 21005 21008 21017 21100 
0
0
0
0
0
