0
1
0
Assembly-1
1
PART-1-1
PART-1
1
PART-1-1
14
-2147483647
0
48 1 16 5 0 1 0 -1 -1 17717 1 -1879048189 1 17717 
0
1
PART-1-1
14
-2147483647
0
48 1 16 5 0 1 0 -1 -1 33241 1 -1879048189 1 33241 
0
0
1
PART-1-1
1
FULLMESH
0
1
14
-2147483647
48 1 16 5 0 1 0 -1 -1 33241 1 -1879048189 1 33241 
0
0
0
0
1
PART-1-1
4
BOTTOM
0
1
16
1124 1125 15282 15300 15317 15326 15329 15332 15680 16406 16410 16419 16585 16586 16590 17706 
0
0
LEFT
0
1
17
961 962 17313 17332 17382 17399 17413 17551 17558 17563 17566 17567 17573 17575 17582 17596 17601 
0
0
RIGHT
0
1
15
1287 1288 16039 16071 16073 16105 16120 16127 16138 16142 16451 16452 16453 16464 16473 
0
0
TOP
0
1
15
798 799 15207 15883 16319 16320 16341 16347 16348 16360 16362 16381 16386 16389 17698 
0
0
0
0
0
