0
1
0
Assembly-1
1
PART-1-1
PART-1
1
PART-1-1
14
-2147483647
0
48 1 16 5 0 1 0 -1 -1 13547 1 -1879048189 1 13547 
0
1
PART-1-1
14
-2147483647
0
48 1 16 5 0 1 0 -1 -1 24700 1 -1879048189 1 24700 
0
0
1
PART-1-1
1
FULLMESH
0
1
14
-2147483647
48 1 16 5 0 1 0 -1 -1 24700 1 -1879048189 1 24700 
0
0
0
0
1
PART-1-1
4
BOTTOM
0
1
9
1124 1125 13254 13261 13278 13333 13355 13357 13416 
0
0
LEFT
0
1
9
961 962 13067 13181 13286 13511 13515 13527 13533 
0
0
RIGHT
0
1
9
1287 1288 11980 12008 12013 12017 12399 12402 12693 
0
0
TOP
0
1
9
798 799 13204 13224 13239 13249 13308 13311 13321 
0
0
0
0
0
