0
1
0
Assembly-1
1
PART-1-1
PART-1
1
PART-1-1
14
-2147483647
0
48 1 16 5 0 1 0 -1 -1 16702 1 -1879048189 1 16702 
0
1
PART-1-1
14
-2147483647
0
48 1 16 5 0 1 0 -1 -1 30549 1 -1879048189 1 30549 
0
0
1
PART-1-1
1
FULLMESH
0
1
14
-2147483647
48 1 16 5 0 1 0 -1 -1 30549 1 -1879048189 1 30549 
0
0
0
0
1
PART-1-1
4
BOTTOM
0
1
9
1124 1125 13369 13385 13386 13388 13397 13408 13426 
0
0
LEFT
0
1
9
961 962 12322 12374 12390 12391 12496 12807 12908 
0
0
RIGHT
0
1
9
1287 1288 10393 10411 10428 10434 10437 11072 13127 
0
0
TOP
0
1
10
798 799 12867 12892 12893 12950 12951 12954 13468 13477 
0
0
0
0
0
