0
1
0
Assembly-1
1
PART-1-1
PART-1
1
PART-1-1
14
-2147483647
0
48 1 16 5 0 1 0 -1 -1 12123 1 -1879048189 1 12123 
0
1
PART-1-1
14
-2147483647
0
48 1 16 5 0 1 0 -1 -1 21981 1 -1879048189 1 21981 
0
0
1
PART-1-1
1
FULLMESH
0
1
14
-2147483647
48 1 16 5 0 1 0 -1 -1 21981 1 -1879048189 1 21981 
0
0
0
0
1
PART-1-1
4
BOTTOM
0
1
9
1124 1125 10658 10672 10986 10987 10989 10993 11002 
0
0
LEFT
0
1
9
961 962 10903 11049 11062 11216 11427 11480 11494 
0
0
RIGHT
0
1
9
1287 1288 11830 12066 12087 12091 12099 12114 12116 
0
0
TOP
0
1
9
798 799 11648 11652 11760 11762 11766 11767 11814 
0
0
0
0
0
