0
1
0
Assembly-1
1
PART-1-1
PART-1
1
PART-1-1
14
-2147483647
0
48 1 16 5 0 1 0 -1 -1 11098 1 -1879048189 1 11098 
0
1
PART-1-1
14
-2147483647
0
48 1 16 5 0 1 0 -1 -1 19473 1 -1879048189 1 19473 
0
0
1
PART-1-1
1
FULLMESH
0
1
14
-2147483647
48 1 16 5 0 1 0 -1 -1 19473 1 -1879048189 1 19473 
0
0
0
0
1
PART-1-1
4
BOTTOM
0
1
11
1124 1125 6746 6835 6848 6852 6876 6880 6882 7019 7148 
0
0
LEFT
0
1
10
961 962 7566 7595 7613 7627 7631 7641 7688 7705 
0
0
RIGHT
0
1
9
1287 1288 8671 8677 8682 8688 8703 8725 8729 
0
0
TOP
0
1
10
798 799 8156 8194 8302 8388 8448 9260 9263 9282 
0
0
0
0
0
