0
1
0
Assembly-1
1
PART-1-1
PART-1
1
PART-1-1
14
-2147483647
0
48 1 16 5 0 1 0 -1 -1 20937 1 -1879048189 1 20937 
0
1
PART-1-1
14
-2147483647
0
48 1 16 5 0 1 0 -1 -1 39799 1 -1879048189 1 39799 
0
0
1
PART-1-1
1
FULLMESH
0
1
14
-2147483647
48 1 16 5 0 1 0 -1 -1 39799 1 -1879048189 1 39799 
0
0
0
0
1
PART-1-1
4
BOTTOM
0
1
17
1124 1125 20406 20544 20557 20558 20618 20623 20636 20654 20720 20754 20769 20783 20789 20794 20799 
0
0
LEFT
0
1
17
961 962 18915 18948 19002 19008 19021 19029 19032 19033 19034 19039 19090 19092 19487 19506 19762 
0
0
RIGHT
0
1
17
1287 1288 16371 16409 16474 16475 16481 16502 17011 17012 17017 17031 17037 17040 17568 17580 17591 
0
0
TOP
0
1
17
798 799 18098 18119 18143 18549 18561 18568 18571 19116 19129 19132 19149 19151 19153 20318 20373 
0
0
0
0
0
