0
1
0
Assembly-1
1
PART-1-1
PART-1
1
PART-1-1
14
-2147483647
0
48 1 16 5 0 1 0 -1 -1 8966 1 -1879048189 1 8966 
0
1
PART-1-1
14
-2147483647
0
48 1 16 5 0 1 0 -1 -1 15609 1 -1879048189 1 15609 
0
0
1
PART-1-1
1
FULLMESH
0
1
14
-2147483647
48 1 16 5 0 1 0 -1 -1 15609 1 -1879048189 1 15609 
0
0
0
0
1
PART-1-1
4
BOTTOM
0
1
9
1124 1125 5893 5956 6004 6022 6026 6041 7412 
0
0
LEFT
0
1
7
961 962 8779 8801 8807 8822 8830 
0
0
RIGHT
0
1
9
1287 1288 6272 6297 6321 6322 6329 6333 7420 
0
0
TOP
0
1
9
798 799 7354 7360 7379 7383 7388 7389 7396 
0
0
0
0
0
