0
1
0
Assembly-1
1
PART-1-1
PART-1
1
PART-1-1
14
-2147483647
0
48 1 16 5 0 1 0 -1 -1 16156 1 -1879048189 1 16156 
0
1
PART-1-1
14
-2147483647
0
48 1 16 5 0 1 0 -1 -1 30127 1 -1879048189 1 30127 
0
0
1
PART-1-1
1
FULLMESH
0
1
14
-2147483647
48 1 16 5 0 1 0 -1 -1 30127 1 -1879048189 1 30127 
0
0
0
0
1
PART-1-1
4
BOTTOM
0
1
9
1124 1125 15108 15113 15177 15182 15194 15199 15373 
0
0
LEFT
0
1
8
961 962 15275 15277 15294 15304 15309 15412 
0
0
RIGHT
0
1
8
1287 1288 15735 15742 15773 15790 15810 15819 
0
0
TOP
0
1
9
798 799 14810 14829 14857 14863 14873 15330 15426 
0
0
0
0
0
