0
1
0
Assembly-1
1
PART-1-1
PART-1
1
PART-1-1
14
-2147483647
0
48 1 16 5 0 1 0 -1 -1 16609 1 -1879048189 1 16609 
0
1
PART-1-1
14
-2147483647
0
48 1 16 5 0 1 0 -1 -1 30421 1 -1879048189 1 30421 
0
0
1
PART-1-1
1
FULLMESH
0
1
14
-2147483647
48 1 16 5 0 1 0 -1 -1 30421 1 -1879048189 1 30421 
0
0
0
0
1
PART-1-1
4
BOTTOM
0
1
6
1124 1125 14536 14584 14595 14602 
0
0
LEFT
0
1
7
961 962 14284 14292 14328 14442 14448 
0
0
RIGHT
0
1
8
1287 1288 16544 16550 16552 16558 16579 16588 
0
0
TOP
0
1
7
798 799 16487 16525 16529 16597 16604 
0
0
0
0
0
