0
1
0
Assembly-1
1
PART-1-1
PART-1
1
PART-1-1
14
-2147483647
0
48 1 16 5 0 1 0 -1 -1 18395 1 -1879048189 1 18395 
0
1
PART-1-1
14
-2147483647
0
48 1 16 5 0 1 0 -1 -1 34744 1 -1879048189 1 34744 
0
0
1
PART-1-1
1
FULLMESH
0
1
14
-2147483647
48 1 16 5 0 1 0 -1 -1 34744 1 -1879048189 1 34744 
0
0
0
0
1
PART-1-1
4
BOTTOM
0
1
17
1124 1125 18075 18127 18145 18158 18171 18183 18184 18187 18196 18214 18217 18234 18236 18253 18254 
0
0
LEFT
0
1
17
961 962 14751 15475 15485 15490 15548 15551 15552 15565 15575 15586 15612 15633 16268 16273 16275 
0
0
RIGHT
0
1
16
1287 1288 17544 17747 17758 17759 17763 17764 17777 17790 17791 17792 17875 17881 17888 17915 
0
0
TOP
0
1
16
798 799 16185 16186 16217 16228 16231 16233 16254 16743 16746 16748 16750 16756 16761 16767 
0
0
0
0
0
