0
1
0
Assembly-1
1
PART-1-1
PART-1
1
PART-1-1
14
-2147483647
0
48 1 16 5 0 1 0 -1 -1 17533 1 -1879048189 1 17533 
0
1
PART-1-1
14
-2147483647
0
48 1 16 5 0 1 0 -1 -1 32732 1 -1879048189 1 32732 
0
0
1
PART-1-1
1
FULLMESH
0
1
14
-2147483647
48 1 16 5 0 1 0 -1 -1 32732 1 -1879048189 1 32732 
0
0
0
0
1
PART-1-1
4
BOTTOM
0
1
16
1124 1125 17203 17270 17307 17333 17349 17358 17359 17372 17378 17384 17387 17390 17430 17455 
0
0
LEFT
0
1
16
961 962 13627 13666 13684 14168 14179 14891 15268 15326 15329 15332 15338 15340 15346 15786 
0
0
RIGHT
0
1
16
1287 1288 14773 15687 15703 15708 15731 15740 15744 15745 15756 15762 15763 15856 16371 16376 
0
0
TOP
0
1
17
798 799 12594 12636 13250 13251 13261 13270 13272 13276 13729 15400 15404 15409 15410 15433 15444 
0
0
0
0
0
