0
1
0
Assembly-1
1
PART-1-1
PART-1
1
PART-1-1
14
-2147483647
0
48 1 16 5 0 1 0 -1 -1 11289 1 -1879048189 1 11289 
0
1
PART-1-1
14
-2147483647
0
48 1 16 5 0 1 0 -1 -1 20577 1 -1879048189 1 20577 
0
0
1
PART-1-1
1
FULLMESH
0
1
14
-2147483647
48 1 16 5 0 1 0 -1 -1 20577 1 -1879048189 1 20577 
0
0
0
0
1
PART-1-1
4
BOTTOM
0
1
13
1124 1125 10684 10716 10723 10759 10764 10770 10777 10784 10787 10793 10951 
0
0
LEFT
0
1
11
961 962 10885 10896 10903 10906 11007 11018 11027 11066 11285 
0
0
RIGHT
0
1
13
1287 1288 9983 10198 10322 10331 10334 10340 10346 10350 10394 10396 10461 
0
0
TOP
0
1
14
798 799 7001 7026 7060 7073 7079 7080 7084 7086 7088 7094 7096 7684 
0
0
0
0
0
