0
1
0
Assembly-1
1
PART-1-1
PART-1
1
PART-1-1
14
-2147483647
0
48 1 16 5 0 1 0 -1 -1 8717 1 -1879048189 1 8717 
0
1
PART-1-1
14
-2147483647
0
48 1 16 5 0 1 0 -1 -1 15591 1 -1879048189 1 15591 
0
0
1
PART-1-1
1
FULLMESH
0
1
14
-2147483647
48 1 16 5 0 1 0 -1 -1 15591 1 -1879048189 1 15591 
0
0
0
0
1
PART-1-1
4
BOTTOM
0
1
9
1124 1125 7834 7837 7844 7849 7857 7867 7870 
0
0
LEFT
0
1
8
961 962 7635 7647 7648 7651 7657 7667 
0
0
RIGHT
0
1
9
1287 1288 8607 8630 8641 8645 8650 8652 8672 
0
0
TOP
0
1
9
798 799 7110 7140 7143 7154 7155 7188 7192 
0
0
0
0
0
