0
1
0
Assembly-1
1
PART-1-1
PART-1
1
PART-1-1
14
-2147483647
0
48 1 16 5 0 1 0 -1 -1 7715 1 -1879048189 1 7715 
0
1
PART-1-1
14
-2147483647
0
48 1 16 5 0 1 0 -1 -1 13385 1 -1879048189 1 13385 
0
0
1
PART-1-1
1
FULLMESH
0
1
14
-2147483647
48 1 16 5 0 1 0 -1 -1 13385 1 -1879048189 1 13385 
0
0
0
0
1
PART-1-1
4
BOTTOM
0
1
8
1124 1125 5465 5470 5475 5477 5490 5819 
0
0
LEFT
0
1
6
961 962 5363 5442 5444 5451 
0
0
RIGHT
0
1
5
1287 1288 7561 7575 7596 
0
0
TOP
0
1
6
798 799 7648 7664 7677 7695 
0
0
0
0
0
