0
1
0
Assembly-1
1
PART-1-1
PART-1
1
PART-1-1
14
-2147483647
0
48 1 16 5 0 1 0 -1 -1 12555 1 -1879048189 1 12555 
0
1
PART-1-1
14
-2147483647
0
48 1 16 5 0 1 0 -1 -1 22649 1 -1879048189 1 22649 
0
0
1
PART-1-1
1
FULLMESH
0
1
14
-2147483647
48 1 16 5 0 1 0 -1 -1 22649 1 -1879048189 1 22649 
0
0
0
0
1
PART-1-1
4
BOTTOM
0
1
6
1124 1125 12005 12018 12037 12041 
0
0
LEFT
0
1
9
961 962 10032 10065 10068 10069 10072 10074 10077 
0
0
RIGHT
0
1
9
1287 1288 12474 12476 12477 12505 12506 12521 12531 
0
0
TOP
0
1
8
798 799 9732 9744 9749 9798 9813 9816 
0
0
0
0
0
