0
1
0
Assembly-1
1
PART-1-1
PART-1
1
PART-1-1
14
-2147483647
0
48 1 16 5 0 1 0 -1 -1 8297 1 -1879048189 1 8297 
0
1
PART-1-1
14
-2147483647
0
48 1 16 5 0 1 0 -1 -1 14689 1 -1879048189 1 14689 
0
0
1
PART-1-1
1
FULLMESH
0
1
14
-2147483647
48 1 16 5 0 1 0 -1 -1 14689 1 -1879048189 1 14689 
0
0
0
0
1
PART-1-1
4
BOTTOM
0
1
10
1124 1125 4902 5055 5087 5098 5100 5101 5153 5157 
0
0
LEFT
0
1
9
961 962 5232 5288 5292 5303 5308 5314 5349 
0
0
RIGHT
0
1
9
1287 1288 7354 7379 7380 7397 7406 7430 7448 
0
0
TOP
0
1
9
798 799 8120 8142 8163 8189 8199 8200 8270 
0
0
0
0
0
