0
1
0
Assembly-1
1
PART-1-1
PART-1
1
PART-1-1
14
-2147483647
0
48 1 16 5 0 1 0 -1 -1 16549 1 -1879048189 1 16549 
0
1
PART-1-1
14
-2147483647
0
48 1 16 5 0 1 0 -1 -1 30955 1 -1879048189 1 30955 
0
0
1
PART-1-1
1
FULLMESH
0
1
14
-2147483647
48 1 16 5 0 1 0 -1 -1 30955 1 -1879048189 1 30955 
0
0
0
0
1
PART-1-1
4
BOTTOM
0
1
9
1124 1125 14810 14882 14884 14890 14896 14976 14980 
0
0
LEFT
0
1
7
961 962 16460 16462 16467 16491 16508 
0
0
RIGHT
0
1
8
1287 1288 15104 15118 15137 15140 15144 15163 
0
0
TOP
0
1
8
798 799 15873 15907 15908 15943 15957 15962 
0
0
0
0
0
