0
1
0
Assembly-1
1
PART-1-1
PART-1
1
PART-1-1
14
-2147483647
0
48 1 16 5 0 1 0 -1 -1 17735 1 -1879048189 1 17735 
0
1
PART-1-1
14
-2147483647
0
48 1 16 5 0 1 0 -1 -1 32565 1 -1879048189 1 32565 
0
0
1
PART-1-1
1
FULLMESH
0
1
14
-2147483647
48 1 16 5 0 1 0 -1 -1 32565 1 -1879048189 1 32565 
0
0
0
0
1
PART-1-1
4
BOTTOM
0
1
16
1124 1125 15508 15556 15565 15569 15572 15579 15581 15676 15685 15697 15698 15738 15760 17648 
0
0
LEFT
0
1
16
961 962 14793 14831 14838 14853 14869 14874 14883 14906 14929 14952 14978 14979 15262 15304 
0
0
RIGHT
0
1
16
1287 1288 13870 14749 15169 15182 15188 15190 15194 15200 15201 15203 15212 15622 15706 15710 
0
0
TOP
0
1
16
798 799 15039 15095 15103 15114 15138 15140 15327 15332 15337 15345 15347 15349 15354 17638 
0
0
0
0
0
