0
1
0
Assembly-1
1
PART-1-1
PART-1
1
PART-1-1
14
-2147483647
0
48 1 16 5 0 1 0 -1 -1 10562 1 -1879048189 1 10562 
0
1
PART-1-1
14
-2147483647
0
48 1 16 5 0 1 0 -1 -1 18978 1 -1879048189 1 18978 
0
0
1
PART-1-1
1
FULLMESH
0
1
14
-2147483647
48 1 16 5 0 1 0 -1 -1 18978 1 -1879048189 1 18978 
0
0
0
0
1
PART-1-1
4
BOTTOM
0
1
16
1124 1125 10178 10304 10358 10363 10412 10421 10430 10433 10441 10445 10447 10457 10469 10480 
0
0
LEFT
0
1
14
961 962 7985 8404 8412 8414 8416 8424 8425 8447 8451 10523 10528 10536 
0
0
RIGHT
0
1
16
1287 1288 7427 7441 7816 7827 7828 7834 7837 7840 8025 8032 8034 8055 8206 10518 
0
0
TOP
0
1
16
798 799 8121 8468 8487 8489 8493 8496 8498 8502 8514 8518 8521 8565 8570 8609 
0
0
0
0
0
