0
1
0
Assembly-1
1
PART-1-1
PART-1
1
PART-1-1
14
-2147483647
0
48 1 16 5 0 1 0 -1 -1 12858 1 -1879048189 1 12858 
0
1
PART-1-1
14
-2147483647
0
48 1 16 5 0 1 0 -1 -1 23633 1 -1879048189 1 23633 
0
0
1
PART-1-1
1
FULLMESH
0
1
14
-2147483647
48 1 16 5 0 1 0 -1 -1 23633 1 -1879048189 1 23633 
0
0
0
0
1
PART-1-1
4
BOTTOM
0
1
11
1124 1125 11203 11698 11701 11719 11732 12446 12474 12520 12530 
0
0
LEFT
0
1
12
961 962 12292 12382 12388 12396 12399 12402 12406 12412 12432 12436 
0
0
RIGHT
0
1
13
1287 1288 12658 12675 12699 12700 12705 12714 12718 12720 12732 12737 12744 
0
0
TOP
0
1
13
798 799 11576 11593 11606 11642 11654 11664 11666 11669 12082 12093 12098 
0
0
0
0
0
