0
1
0
Assembly-1
1
PART-1-1
PART-1
1
PART-1-1
14
-2147483647
0
48 1 16 5 0 1 0 -1 -1 20317 1 -1879048189 1 20317 
0
1
PART-1-1
14
-2147483647
0
48 1 16 5 0 1 0 -1 -1 38402 1 -1879048189 1 38402 
0
0
1
PART-1-1
1
FULLMESH
0
1
14
-2147483647
48 1 16 5 0 1 0 -1 -1 38402 1 -1879048189 1 38402 
0
0
0
0
1
PART-1-1
4
BOTTOM
0
1
17
1124 1125 19480 19545 19562 19704 19707 19717 19722 19726 19728 19746 19748 19752 19753 19763 19834 
0
0
LEFT
0
1
14
961 962 17476 17874 17896 17909 17919 17921 17925 17941 17943 17946 17954 18546 
0
0
RIGHT
0
1
14
1287 1288 18663 18988 18990 19113 19144 19146 19148 19224 19225 19229 19231 19374 
0
0
TOP
0
1
14
798 799 19885 20013 20027 20033 20039 20047 20052 20053 20060 20096 20100 20135 
0
0
0
0
0
