0
1
0
Assembly-1
1
PART-1-1
PART-1
1
PART-1-1
14
-2147483647
0
48 1 16 5 0 1 0 -1 -1 18689 1 -1879048189 1 18689 
0
1
PART-1-1
14
-2147483647
0
48 1 16 5 0 1 0 -1 -1 35156 1 -1879048189 1 35156 
0
0
1
PART-1-1
1
FULLMESH
0
1
14
-2147483647
48 1 16 5 0 1 0 -1 -1 35156 1 -1879048189 1 35156 
0
0
0
0
1
PART-1-1
4
BOTTOM
0
1
15
1124 1125 15591 15902 15911 15913 15917 15919 15936 15950 15951 15966 15967 15971 16225 
0
0
LEFT
0
1
14
961 962 18298 18313 18351 18369 18412 18414 18430 18446 18449 18453 18456 18667 
0
0
RIGHT
0
1
15
1287 1288 16173 16277 16281 16290 16620 16624 16628 16635 16645 16651 16654 16667 16668 
0
0
TOP
0
1
15
798 799 17706 17832 17840 17845 17854 17857 17950 17955 17968 18037 18044 18048 18270 
0
0
0
0
0
