0
1
0
Assembly-1
1
PART-1-1
PART-1
1
PART-1-1
14
-2147483647
0
48 1 16 5 0 1 0 -1 -1 18076 1 -1879048189 1 18076 
0
1
PART-1-1
14
-2147483647
0
48 1 16 5 0 1 0 -1 -1 33773 1 -1879048189 1 33773 
0
0
1
PART-1-1
1
FULLMESH
0
1
14
-2147483647
48 1 16 5 0 1 0 -1 -1 33773 1 -1879048189 1 33773 
0
0
0
0
1
PART-1-1
4
BOTTOM
0
1
16
1124 1125 15641 15662 15668 15994 15995 16007 16032 16304 16309 16878 16890 16898 16939 16946 
0
0
LEFT
0
1
17
961 962 14293 14294 15494 15519 15788 15790 15794 16392 16398 16400 16686 17455 17461 17583 17603 
0
0
RIGHT
0
1
17
1287 1288 16774 16959 16963 17202 17219 17270 17271 17273 17289 17410 17411 17416 17443 17444 17534 
0
0
TOP
0
1
17
798 799 17526 17634 17674 17740 17757 17760 17767 17776 17783 17788 17794 17804 17833 17853 17870 
0
0
0
0
0
