0
1
0
Assembly-1
1
PART-1-1
PART-1
1
PART-1-1
14
-2147483647
0
48 1 16 5 0 1 0 -1 -1 16843 1 -1879048189 1 16843 
0
1
PART-1-1
14
-2147483647
0
48 1 16 5 0 1 0 -1 -1 31190 1 -1879048189 1 31190 
0
0
1
PART-1-1
1
FULLMESH
0
1
14
-2147483647
48 1 16 5 0 1 0 -1 -1 31190 1 -1879048189 1 31190 
0
0
0
0
1
PART-1-1
4
BOTTOM
0
1
9
1124 1125 16780 16789 16805 16810 16811 16819 16822 
0
0
LEFT
0
1
9
961 962 16280 16297 16298 16309 16824 16825 16830 
0
0
RIGHT
0
1
8
1287 1288 16074 16343 16349 16355 16359 16361 
0
0
TOP
0
1
7
798 799 15591 15613 15619 15633 15642 
0
0
0
0
0
