0
1
0
Assembly-1
1
PART-1-1
PART-1
1
PART-1-1
14
-2147483647
0
48 1 16 5 0 1 0 -1 -1 17481 1 -1879048189 1 17481 
0
1
PART-1-1
14
-2147483647
0
48 1 16 5 0 1 0 -1 -1 32877 1 -1879048189 1 32877 
0
0
1
PART-1-1
1
FULLMESH
0
1
14
-2147483647
48 1 16 5 0 1 0 -1 -1 32877 1 -1879048189 1 32877 
0
0
0
0
1
PART-1-1
4
BOTTOM
0
1
10
1124 1125 14838 14865 14902 14904 14910 15222 15230 15461 
0
0
LEFT
0
1
13
961 962 16210 16497 16746 16750 16762 16763 17050 17053 17057 17064 17071 
0
0
RIGHT
0
1
10
1287 1288 17209 17213 17222 17225 17310 17312 17329 17356 
0
0
TOP
0
1
13
798 799 16931 16962 16972 16976 16983 16995 16999 17002 17004 17007 17019 
0
0
0
0
0
