0
1
0
Assembly-1
1
PART-1-1
PART-1
1
PART-1-1
14
-2147483647
0
48 1 16 5 0 1 0 -1 -1 15692 1 -1879048189 1 15692 
0
1
PART-1-1
14
-2147483647
0
48 1 16 5 0 1 0 -1 -1 29069 1 -1879048189 1 29069 
0
0
1
PART-1-1
1
FULLMESH
0
1
14
-2147483647
48 1 16 5 0 1 0 -1 -1 29069 1 -1879048189 1 29069 
0
0
0
0
1
PART-1-1
4
BOTTOM
0
1
12
1124 1125 14787 14806 14816 14828 14838 14840 14844 14848 14856 14887 
0
0
LEFT
0
1
11
961 962 14400 14430 14435 14440 14449 14473 14648 14753 15670 
0
0
RIGHT
0
1
12
1287 1288 15528 15594 15610 15626 15630 15634 15639 15652 15680 15684 
0
0
TOP
0
1
11
798 799 15271 15301 15306 15307 15334 15336 15345 15352 15356 
0
0
0
0
0
