0
1
0
Assembly-1
1
PART-1-1
PART-1
1
PART-1-1
14
-2147483647
0
48 1 16 5 0 1 0 -1 -1 19119 1 -1879048189 1 19119 
0
1
PART-1-1
14
-2147483647
0
48 1 16 5 0 1 0 -1 -1 35492 1 -1879048189 1 35492 
0
0
1
PART-1-1
1
FULLMESH
0
1
14
-2147483647
48 1 16 5 0 1 0 -1 -1 35492 1 -1879048189 1 35492 
0
0
0
0
1
PART-1-1
4
BOTTOM
0
1
17
1124 1125 11254 12058 12063 12069 12078 12086 12093 12095 12106 12911 12913 13408 13426 13450 14247 
0
0
LEFT
0
1
15
961 962 14958 15594 16378 16610 16622 16640 16641 16643 16714 16720 16843 16849 16858 
0
0
RIGHT
0
1
17
1287 1288 15047 15612 15650 15696 15698 15710 15720 15722 15752 16220 16226 16242 16389 16672 16797 
0
0
TOP
0
1
17
798 799 16502 16506 16525 16534 16537 16555 16561 16574 16576 16581 16588 16783 16880 16905 16911 
0
0
0
0
0
