0
1
0
Assembly-1
1
PART-1-1
PART-1
1
PART-1-1
14
-2147483647
0
48 1 16 5 0 1 0 -1 -1 14260 1 -1879048189 1 14260 
0
1
PART-1-1
14
-2147483647
0
48 1 16 5 0 1 0 -1 -1 25686 1 -1879048189 1 25686 
0
0
1
PART-1-1
1
FULLMESH
0
1
14
-2147483647
48 1 16 5 0 1 0 -1 -1 25686 1 -1879048189 1 25686 
0
0
0
0
1
PART-1-1
4
BOTTOM
0
1
10
1124 1125 9665 9695 9709 9711 9723 9741 9758 9769 
0
0
LEFT
0
1
12
961 962 7333 7586 7610 7727 7731 7782 7789 8093 8094 8104 
0
0
RIGHT
0
1
12
1287 1288 9016 9061 9109 9110 9194 9200 9254 9255 9258 9263 
0
0
TOP
0
1
10
798 799 8487 8558 8575 8578 8587 8698 8699 8708 
0
0
0
0
0
