0
1
0
Assembly-1
1
PART-1-1
PART-1
1
PART-1-1
14
-2147483647
0
48 1 16 5 0 1 0 -1 -1 12851 1 -1879048189 1 12851 
0
1
PART-1-1
14
-2147483647
0
48 1 16 5 0 1 0 -1 -1 23615 1 -1879048189 1 23615 
0
0
1
PART-1-1
1
FULLMESH
0
1
14
-2147483647
48 1 16 5 0 1 0 -1 -1 23615 1 -1879048189 1 23615 
0
0
0
0
1
PART-1-1
4
BOTTOM
0
1
17
1124 1125 9498 9901 9930 9936 9937 9941 9942 10258 10267 10273 10276 10295 10305 10611 10792 
0
0
LEFT
0
1
17
961 962 9122 9135 9640 9651 9653 9665 9676 9681 10026 10054 10057 10062 10073 10074 10623 
0
0
RIGHT
0
1
17
1287 1288 11160 11265 11266 11271 11292 11297 11304 11313 11314 11316 11348 11360 11361 11372 12849 
0
0
TOP
0
1
17
798 799 11130 11437 11474 11497 11584 11585 11593 11608 11620 11622 11666 11680 11684 12813 12821 
0
0
0
0
0
