0
1
0
Assembly-1
1
PART-1-1
PART-1
1
PART-1-1
14
-2147483647
0
48 1 16 5 0 1 0 -1 -1 15208 1 -1879048189 1 15208 
0
1
PART-1-1
14
-2147483647
0
48 1 16 5 0 1 0 -1 -1 27930 1 -1879048189 1 27930 
0
0
1
PART-1-1
1
FULLMESH
0
1
14
-2147483647
48 1 16 5 0 1 0 -1 -1 27930 1 -1879048189 1 27930 
0
0
0
0
1
PART-1-1
4
BOTTOM
0
1
9
1124 1125 14391 14412 14423 14618 14768 14770 14782 
0
0
LEFT
0
1
9
961 962 12475 13055 15116 15128 15141 15147 15155 
0
0
RIGHT
0
1
9
1287 1288 14883 14911 14916 14948 14952 14969 15199 
0
0
TOP
0
1
9
798 799 14156 14157 14160 14582 14583 14749 14811 
0
0
0
0
0
