0
1
0
Assembly-1
1
PART-1-1
PART-1
1
PART-1-1
14
-2147483647
0
48 1 16 5 0 1 0 -1 -1 12764 1 -1879048189 1 12764 
0
1
PART-1-1
14
-2147483647
0
48 1 16 5 0 1 0 -1 -1 23480 1 -1879048189 1 23480 
0
0
1
PART-1-1
1
FULLMESH
0
1
14
-2147483647
48 1 16 5 0 1 0 -1 -1 23480 1 -1879048189 1 23480 
0
0
0
0
1
PART-1-1
4
BOTTOM
0
1
11
1124 1125 12622 12666 12670 12674 12681 12689 12692 12702 12707 
0
0
LEFT
0
1
9
961 962 11650 11711 12065 12085 12089 12096 12131 
0
0
RIGHT
0
1
9
1287 1288 11387 11444 11447 11449 11463 11556 12053 
0
0
TOP
0
1
10
798 799 12189 12209 12218 12230 12233 12236 12240 12249 
0
0
0
0
0
