0
1
0
Assembly-1
1
PART-1-1
PART-1
1
PART-1-1
14
-2147483647
0
48 1 16 5 0 1 0 -1 -1 12809 1 -1879048189 1 12809 
0
1
PART-1-1
14
-2147483647
0
48 1 16 5 0 1 0 -1 -1 23261 1 -1879048189 1 23261 
0
0
1
PART-1-1
1
FULLMESH
0
1
14
-2147483647
48 1 16 5 0 1 0 -1 -1 23261 1 -1879048189 1 23261 
0
0
0
0
1
PART-1-1
4
BOTTOM
0
1
17
1124 1125 12015 12091 12092 12264 12273 12290 12299 12307 12321 12327 12406 12424 12467 12652 12666 
0
0
LEFT
0
1
16
961 962 12445 12497 12507 12527 12532 12535 12566 12584 12610 12621 12623 12624 12630 12658 
0
0
RIGHT
0
1
16
1287 1288 11559 11576 11605 11610 11619 11627 11632 11633 11643 11647 11657 11660 11801 11805 
0
0
TOP
0
1
16
798 799 9569 9956 10240 10246 10258 10266 10272 10273 10278 10535 10541 10547 10554 11107 
0
0
0
0
0
