0
1
0
Assembly-1
1
PART-1-1
PART-1
1
PART-1-1
14
-2147483647
0
48 1 16 5 0 1 0 -1 -1 11615 1 -1879048189 1 11615 
0
1
PART-1-1
14
-2147483647
0
48 1 16 5 0 1 0 -1 -1 20844 1 -1879048189 1 20844 
0
0
1
PART-1-1
1
FULLMESH
0
1
14
-2147483647
48 1 16 5 0 1 0 -1 -1 20844 1 -1879048189 1 20844 
0
0
0
0
1
PART-1-1
4
BOTTOM
0
1
11
1124 1125 9177 9184 9602 9611 9896 9897 9906 9908 9929 
0
0
LEFT
0
1
11
961 962 9475 9656 9687 9719 9731 9738 9743 9744 9750 
0
0
RIGHT
0
1
12
1287 1288 10042 10084 10088 10095 10097 10101 10107 10110 10112 10137 
0
0
TOP
0
1
10
798 799 9789 9885 9888 9984 9988 9993 10024 10035 
0
0
0
0
0
