0
1
0
Assembly-1
1
PART-1-1
PART-1
1
PART-1-1
14
-2147483647
0
48 1 16 5 0 1 0 -1 -1 14737 1 -1879048189 1 14737 
0
1
PART-1-1
14
-2147483647
0
48 1 16 5 0 1 0 -1 -1 27224 1 -1879048189 1 27224 
0
0
1
PART-1-1
1
FULLMESH
0
1
14
-2147483647
48 1 16 5 0 1 0 -1 -1 27224 1 -1879048189 1 27224 
0
0
0
0
1
PART-1-1
4
BOTTOM
0
1
13
1124 1125 14359 14362 14377 14468 14469 14510 14522 14523 14524 14533 14541 
0
0
LEFT
0
1
13
961 962 13636 13645 13670 13958 13960 13969 13983 14014 14015 14018 14023 
0
0
RIGHT
0
1
13
1287 1288 14060 14232 14252 14254 14262 14402 14406 14408 14413 14421 14471 
0
0
TOP
0
1
11
798 799 12555 12679 12941 12942 12952 12962 12965 12967 13175 
0
0
0
0
0
