0
1
0
Assembly-1
1
PART-1-1
PART-1
1
PART-1-1
14
-2147483647
0
48 1 16 5 0 1 0 -1 -1 9179 1 -1879048189 1 9179 
0
1
PART-1-1
14
-2147483647
0
48 1 16 5 0 1 0 -1 -1 16323 1 -1879048189 1 16323 
0
0
1
PART-1-1
1
FULLMESH
0
1
14
-2147483647
48 1 16 5 0 1 0 -1 -1 16323 1 -1879048189 1 16323 
0
0
0
0
1
PART-1-1
4
BOTTOM
0
1
8
1124 1125 8565 8608 8609 8629 8632 8654 
0
0
LEFT
0
1
8
961 962 7594 7608 7623 7631 7644 7649 
0
0
RIGHT
0
1
9
1287 1288 7178 7257 7314 7435 7440 7443 8677 
0
0
TOP
0
1
9
798 799 9071 9098 9099 9121 9124 9144 9151 
0
0
0
0
0
