0
1
0
Assembly-1
1
PART-1-1
PART-1
1
PART-1-1
14
-2147483647
0
48 1 16 5 0 1 0 -1 -1 9342 1 -1879048189 1 9342 
0
1
PART-1-1
14
-2147483647
0
48 1 16 5 0 1 0 -1 -1 16288 1 -1879048189 1 16288 
0
0
1
PART-1-1
1
FULLMESH
0
1
14
-2147483647
48 1 16 5 0 1 0 -1 -1 16288 1 -1879048189 1 16288 
0
0
0
0
1
PART-1-1
4
BOTTOM
0
1
9
1124 1125 6733 6788 6839 6844 6850 6865 8496 
0
0
LEFT
0
1
8
961 962 8190 8217 8235 8238 8241 8247 
0
0
RIGHT
0
1
9
1287 1288 9255 9267 9285 9294 9296 9299 9307 
0
0
TOP
0
1
8
798 799 6129 6168 6172 6177 6180 8485 
0
0
0
0
0
