0
1
0
Assembly-1
1
PART-1-1
PART-1
1
PART-1-1
14
-2147483647
0
48 1 16 5 0 1 0 -1 -1 22798 1 -1879048189 1 22798 
0
1
PART-1-1
14
-2147483647
0
48 1 16 5 0 1 0 -1 -1 43192 1 -1879048189 1 43192 
0
0
1
PART-1-1
1
FULLMESH
0
1
14
-2147483647
48 1 16 5 0 1 0 -1 -1 43192 1 -1879048189 1 43192 
0
0
0
0
1
PART-1-1
4
BOTTOM
0
1
17
1124 1125 17235 17252 17258 17865 17891 17898 17901 17903 17905 17907 17925 18354 22696 22727 22737 
0
0
LEFT
0
1
17
961 962 18380 18468 18494 18519 18531 18542 18552 18557 19145 19150 19175 19176 19193 19202 19601 
0
0
RIGHT
0
1
18
1287 1288 18660 18862 18895 18896 19289 19295 19296 19302 19312 19674 19675 20021 20046 20277 20284 20291 
0
0
TOP
0
1
17
798 799 19331 19841 19857 19863 19874 19880 19882 20090 20091 20095 20106 20121 20180 20181 20239 
0
0
0
0
0
