0
1
0
Assembly-1
1
PART-1-1
PART-1
1
PART-1-1
14
-2147483647
0
48 1 16 5 0 1 0 -1 -1 12918 1 -1879048189 1 12918 
0
1
PART-1-1
14
-2147483647
0
48 1 16 5 0 1 0 -1 -1 23821 1 -1879048189 1 23821 
0
0
1
PART-1-1
1
FULLMESH
0
1
14
-2147483647
48 1 16 5 0 1 0 -1 -1 23821 1 -1879048189 1 23821 
0
0
0
0
1
PART-1-1
4
BOTTOM
0
1
9
1124 1125 11500 11554 11557 11563 11683 11809 11815 
0
0
LEFT
0
1
10
961 962 11756 11795 11851 11853 11862 11866 11869 11891 
0
0
RIGHT
0
1
10
1287 1288 10130 10131 10250 10252 10452 10584 10587 10819 
0
0
TOP
0
1
10
798 799 12643 12685 12703 12715 12729 12805 12848 12871 
0
0
0
0
0
