0
1
0
Assembly-1
1
PART-1-1
PART-1
1
PART-1-1
14
-2147483647
0
48 1 16 5 0 1 0 -1 -1 12710 1 -1879048189 1 12710 
0
1
PART-1-1
14
-2147483647
0
48 1 16 5 0 1 0 -1 -1 23482 1 -1879048189 1 23482 
0
0
1
PART-1-1
1
FULLMESH
0
1
14
-2147483647
48 1 16 5 0 1 0 -1 -1 23482 1 -1879048189 1 23482 
0
0
0
0
1
PART-1-1
4
BOTTOM
0
1
11
1124 1125 12048 12271 12287 12345 12374 12382 12384 12402 12408 
0
0
LEFT
0
1
13
961 962 11809 11819 11833 11839 11843 11847 11851 11870 11872 11901 12176 
0
0
RIGHT
0
1
13
1287 1288 12518 12563 12565 12580 12585 12591 12618 12619 12622 12632 12635 
0
0
TOP
0
1
11
798 799 11368 11382 11643 11651 11934 12198 12208 12215 12220 
0
0
0
0
0
