0
1
0
Assembly-1
1
PART-1-1
PART-1
1
PART-1-1
14
-2147483647
0
48 1 16 5 0 1 0 -1 -1 18238 1 -1879048189 1 18238 
0
1
PART-1-1
14
-2147483647
0
48 1 16 5 0 1 0 -1 -1 33977 1 -1879048189 1 33977 
0
0
1
PART-1-1
1
FULLMESH
0
1
14
-2147483647
48 1 16 5 0 1 0 -1 -1 33977 1 -1879048189 1 33977 
0
0
0
0
1
PART-1-1
4
BOTTOM
0
1
16
1124 1125 16043 16138 17011 17016 17475 17481 17483 17487 17531 17583 17594 17595 17604 17619 
0
0
LEFT
0
1
17
961 962 17750 17873 17889 17965 17974 17992 18000 18025 18031 18043 18048 18055 18074 18108 18112 
0
0
RIGHT
0
1
16
1287 1288 14817 14864 14876 15128 15129 15135 15137 15146 15157 15187 15208 18196 18201 18206 
0
0
TOP
0
1
17
798 799 16610 16871 16889 16892 16898 16908 16909 16927 16934 16946 16954 16958 17417 17427 17434 
0
0
0
0
0
