0
1
0
Assembly-1
1
PART-1-1
PART-1
1
PART-1-1
14
-2147483647
0
48 1 16 5 0 1 0 -1 -1 25679 1 -1879048189 1 25679 
0
1
PART-1-1
14
-2147483647
0
48 1 16 5 0 1 0 -1 -1 48713 1 -1879048189 1 48713 
0
0
1
PART-1-1
1
FULLMESH
0
1
14
-2147483647
48 1 16 5 0 1 0 -1 -1 48713 1 -1879048189 1 48713 
0
0
0
0
1
PART-1-1
4
BOTTOM
0
1
17
1124 1125 21987 22106 22123 22164 22175 22194 22196 22201 22214 22234 22278 22280 22313 22858 22859 
0
0
LEFT
0
1
17
961 962 24406 24464 24844 24856 24860 24864 24884 24890 24899 24915 24931 24953 24980 24995 25005 
0
0
RIGHT
0
1
17
1287 1288 19332 20919 22771 23406 23409 23412 23428 23440 23468 23483 23486 23496 24303 24304 24310 
0
0
TOP
0
1
17
798 799 24730 25223 25239 25261 25266 25284 25339 25341 25356 25433 25438 25445 25457 25461 25469 
0
0
0
0
0
