0
1
0
Assembly-1
1
PART-1-1
PART-1
1
PART-1-1
14
-2147483647
0
48 1 16 5 0 1 0 -1 -1 16714 1 -1879048189 1 16714 
0
1
PART-1-1
14
-2147483647
0
48 1 16 5 0 1 0 -1 -1 30887 1 -1879048189 1 30887 
0
0
1
PART-1-1
1
FULLMESH
0
1
14
-2147483647
48 1 16 5 0 1 0 -1 -1 30887 1 -1879048189 1 30887 
0
0
0
0
1
PART-1-1
4
BOTTOM
0
1
17
1124 1125 12918 12984 12992 13019 13024 13033 13053 13420 13649 13937 14163 14167 14183 14189 15614 
0
0
LEFT
0
1
17
961 962 11896 11928 11929 11970 11995 12014 12679 13089 13090 13096 13099 13424 13683 13688 14199 
0
0
RIGHT
0
1
17
1287 1288 13620 13853 13872 13884 13911 14091 14118 14130 14134 14139 14142 14235 14241 14269 14280 
0
0
TOP
0
1
17
798 799 12775 13179 13519 13743 13753 13775 13956 13963 13965 13966 13983 14008 14028 14029 14032 
0
0
0
0
0
