0
1
0
Assembly-1
1
PART-1-1
PART-1
1
PART-1-1
14
-2147483647
0
48 1 16 5 0 1 0 -1 -1 8244 1 -1879048189 1 8244 
0
1
PART-1-1
14
-2147483647
0
48 1 16 5 0 1 0 -1 -1 14560 1 -1879048189 1 14560 
0
0
1
PART-1-1
1
FULLMESH
0
1
14
-2147483647
48 1 16 5 0 1 0 -1 -1 14560 1 -1879048189 1 14560 
0
0
0
0
1
PART-1-1
4
BOTTOM
0
1
9
1124 1125 6322 6392 6399 6409 6680 6683 6724 
0
0
LEFT
0
1
9
961 962 6568 6610 6618 6623 6644 6658 6659 
0
0
RIGHT
0
1
10
1287 1288 7366 7378 7384 7419 7429 7455 7459 7476 
0
0
TOP
0
1
9
798 799 8062 8077 8080 8083 8149 8174 8179 
0
0
0
0
0
