0
1
0
Assembly-1
1
PART-1-1
PART-1
1
PART-1-1
14
-2147483647
0
48 1 16 5 0 1 0 -1 -1 10688 1 -1879048189 1 10688 
0
1
PART-1-1
14
-2147483647
0
48 1 16 5 0 1 0 -1 -1 19262 1 -1879048189 1 19262 
0
0
1
PART-1-1
1
FULLMESH
0
1
14
-2147483647
48 1 16 5 0 1 0 -1 -1 19262 1 -1879048189 1 19262 
0
0
0
0
1
PART-1-1
4
BOTTOM
0
1
14
1124 1125 10450 10491 10515 10520 10523 10530 10540 10550 10552 10553 10556 10558 
0
0
LEFT
0
1
15
961 962 9003 9534 9550 9615 9618 9620 9624 10053 10055 10060 10065 10068 10675 
0
0
RIGHT
0
1
12
1287 1288 7964 7991 7997 8019 8244 8256 8268 8269 8571 8572 
0
0
TOP
0
1
13
798 799 10184 10209 10238 10241 10244 10253 10266 10344 10421 10426 10572 
0
0
0
0
0
