0
1
0
Assembly-1
1
PART-1-1
PART-1
1
PART-1-1
14
-2147483647
0
48 1 16 5 0 1 0 -1 -1 6963 1 -1879048189 1 6963 
0
1
PART-1-1
14
-2147483647
0
48 1 16 5 0 1 0 -1 -1 12035 1 -1879048189 1 12035 
0
0
1
PART-1-1
1
FULLMESH
0
1
14
-2147483647
48 1 16 5 0 1 0 -1 -1 12035 1 -1879048189 1 12035 
0
0
0
0
1
PART-1-1
4
BOTTOM
0
1
8
1124 1125 6474 6483 6502 6517 6518 6528 
0
0
LEFT
0
1
8
961 962 6582 6612 6614 6628 6644 6648 
0
0
RIGHT
0
1
8
1287 1288 4701 4708 4709 4720 4726 4796 
0
0
TOP
0
1
8
798 799 6904 6923 6933 6934 6944 6946 
0
0
0
0
0
