0
1
0
Assembly-1
1
PART-1-1
PART-1
1
PART-1-1
14
-2147483647
0
48 1 16 5 0 1 0 -1 -1 19842 1 -1879048189 1 19842 
0
1
PART-1-1
14
-2147483647
0
48 1 16 5 0 1 0 -1 -1 36840 1 -1879048189 1 36840 
0
0
1
PART-1-1
1
FULLMESH
0
1
14
-2147483647
48 1 16 5 0 1 0 -1 -1 36840 1 -1879048189 1 36840 
0
0
0
0
1
PART-1-1
4
BOTTOM
0
1
9
1124 1125 15775 15809 15828 15829 15832 16195 16316 
0
0
LEFT
0
1
11
961 962 14123 14146 14152 14159 14160 14161 14191 15051 15059 
0
0
RIGHT
0
1
9
1287 1288 19537 19555 19561 19577 19579 19584 19598 
0
0
TOP
0
1
9
798 799 16374 16417 16418 16425 16437 16451 16461 
0
0
0
0
0
