0
1
0
Assembly-1
1
PART-1-1
PART-1
1
PART-1-1
14
-2147483647
0
48 1 16 5 0 1 0 -1 -1 14989 1 -1879048189 1 14989 
0
1
PART-1-1
14
-2147483647
0
48 1 16 5 0 1 0 -1 -1 27887 1 -1879048189 1 27887 
0
0
1
PART-1-1
1
FULLMESH
0
1
14
-2147483647
48 1 16 5 0 1 0 -1 -1 27887 1 -1879048189 1 27887 
0
0
0
0
1
PART-1-1
4
BOTTOM
0
1
13
1124 1125 14714 14773 14774 14785 14790 14813 14817 14820 14828 14871 14879 
0
0
LEFT
0
1
12
961 962 13710 13759 13763 13764 14051 14058 14064 14227 14258 14448 
0
0
RIGHT
0
1
15
1287 1288 13821 13837 13839 13866 13867 13874 13875 13880 13885 13889 13896 14091 14139 
0
0
TOP
0
1
11
798 799 13935 13990 14151 14153 14154 14155 14159 14163 14354 
0
0
0
0
0
