0
1
0
Assembly-1
1
PART-1-1
PART-1
1
PART-1-1
14
-2147483647
0
48 1 16 5 0 1 0 -1 -1 17407 1 -1879048189 1 17407 
0
1
PART-1-1
14
-2147483647
0
48 1 16 5 0 1 0 -1 -1 32268 1 -1879048189 1 32268 
0
0
1
PART-1-1
1
FULLMESH
0
1
14
-2147483647
48 1 16 5 0 1 0 -1 -1 32268 1 -1879048189 1 32268 
0
0
0
0
1
PART-1-1
4
BOTTOM
0
1
17
1124 1125 15212 15237 15243 15533 15542 15573 15574 15678 15685 15718 15720 15723 15729 15799 17132 
0
0
LEFT
0
1
17
961 962 11547 11580 11590 11592 12309 12310 12321 12327 12328 12348 12352 12381 12965 12976 13161 
0
0
RIGHT
0
1
17
1287 1288 14635 14643 15435 15603 15632 15633 15639 15644 15756 15771 15813 15819 15850 15854 15858 
0
0
TOP
0
1
16
798 799 14472 14485 14508 14513 14517 14523 14553 14557 14893 15253 15262 15288 15290 15294 
0
0
0
0
0
