0
1
0
Assembly-1
1
PART-1-1
PART-1
1
PART-1-1
14
-2147483647
0
48 1 16 5 0 1 0 -1 -1 15254 1 -1879048189 1 15254 
0
1
PART-1-1
14
-2147483647
0
48 1 16 5 0 1 0 -1 -1 27715 1 -1879048189 1 27715 
0
0
1
PART-1-1
1
FULLMESH
0
1
14
-2147483647
48 1 16 5 0 1 0 -1 -1 27715 1 -1879048189 1 27715 
0
0
0
0
1
PART-1-1
4
BOTTOM
0
1
13
1124 1125 10329 10358 10386 10390 10394 10438 10493 10502 10509 15132 15140 
0
0
LEFT
0
1
14
961 962 8931 8951 8966 8994 8999 9000 9018 9184 9192 9199 9203 15117 
0
0
RIGHT
0
1
13
1287 1288 9646 9647 9681 9723 9729 9733 9740 9751 9754 9762 9959 
0
0
TOP
0
1
15
798 799 12377 12378 12428 12429 12438 12459 12460 12465 12476 12579 12584 12586 15160 
0
0
0
0
0
