0
1
0
Assembly-1
1
PART-1-1
PART-1
1
PART-1-1
14
-2147483647
0
48 1 16 5 0 1 0 -1 -1 17062 1 -1879048189 1 17062 
0
1
PART-1-1
14
-2147483647
0
48 1 16 5 0 1 0 -1 -1 32022 1 -1879048189 1 32022 
0
0
1
PART-1-1
1
FULLMESH
0
1
14
-2147483647
48 1 16 5 0 1 0 -1 -1 32022 1 -1879048189 1 32022 
0
0
0
0
1
PART-1-1
4
BOTTOM
0
1
12
1124 1125 16799 16867 16918 16927 16940 16946 16968 16989 16996 16999 
0
0
LEFT
0
1
13
961 962 15481 15565 15575 15583 15584 15616 15621 15626 15647 15676 15678 
0
0
RIGHT
0
1
15
1287 1288 15337 15362 15366 15391 15402 15404 15410 15413 15417 15505 15507 15603 15654 
0
0
TOP
0
1
15
798 799 16021 16056 16081 16102 16104 16110 16115 16120 16121 16123 16130 16141 16143 
0
0
0
0
0
