0
1
0
Assembly-1
1
PART-1-1
PART-1
1
PART-1-1
14
-2147483647
0
48 1 16 5 0 1 0 -1 -1 18818 1 -1879048189 1 18818 
0
1
PART-1-1
14
-2147483647
0
48 1 16 5 0 1 0 -1 -1 35265 1 -1879048189 1 35265 
0
0
1
PART-1-1
1
FULLMESH
0
1
14
-2147483647
48 1 16 5 0 1 0 -1 -1 35265 1 -1879048189 1 35265 
0
0
0
0
1
PART-1-1
4
BOTTOM
0
1
17
1124 1125 18475 18502 18511 18513 18517 18522 18553 18556 18558 18563 18582 18607 18608 18614 18625 
0
0
LEFT
0
1
13
961 962 16683 16830 16848 16856 16862 16864 16876 16878 17134 17515 17850 
0
0
RIGHT
0
1
11
1287 1288 17765 17817 17837 17944 18103 18104 18116 18248 18300 
0
0
TOP
0
1
12
798 799 16437 16456 17217 17221 17848 18015 18016 18020 18029 18035 
0
0
0
0
0
