0
1
0
Assembly-1
1
PART-1-1
PART-1
1
PART-1-1
14
-2147483647
0
48 1 16 5 0 1 0 -1 -1 9138 1 -1879048189 1 9138 
0
1
PART-1-1
14
-2147483647
0
48 1 16 5 0 1 0 -1 -1 16093 1 -1879048189 1 16093 
0
0
1
PART-1-1
1
FULLMESH
0
1
14
-2147483647
48 1 16 5 0 1 0 -1 -1 16093 1 -1879048189 1 16093 
0
0
0
0
1
PART-1-1
4
BOTTOM
0
1
6
1124 1125 9074 9078 9110 9111 
0
0
LEFT
0
1
6
961 962 7817 7823 7846 8173 
0
0
RIGHT
0
1
7
1287 1288 8123 8128 8131 8139 8149 
0
0
TOP
0
1
9
798 799 7530 7540 7544 7545 7554 7576 7586 
0
0
0
0
0
