0
1
0
Assembly-1
1
PART-1-1
PART-1
1
PART-1-1
14
-2147483647
0
48 1 16 5 0 1 0 -1 -1 15025 1 -1879048189 1 15025 
0
1
PART-1-1
14
-2147483647
0
48 1 16 5 0 1 0 -1 -1 27942 1 -1879048189 1 27942 
0
0
1
PART-1-1
1
FULLMESH
0
1
14
-2147483647
48 1 16 5 0 1 0 -1 -1 27942 1 -1879048189 1 27942 
0
0
0
0
1
PART-1-1
4
BOTTOM
0
1
9
1124 1125 14453 14511 14514 14520 14529 14533 14559 
0
0
LEFT
0
1
9
961 962 13916 13972 13981 13985 13989 14157 14253 
0
0
RIGHT
0
1
9
1287 1288 13562 14075 14078 14081 14198 14202 14203 
0
0
TOP
0
1
9
798 799 14887 14932 14936 14949 14951 14987 14998 
0
0
0
0
0
