0
1
0
Assembly-1
1
PART-1-1
PART-1
1
PART-1-1
14
-2147483647
0
48 1 16 5 0 1 0 -1 -1 12228 1 -1879048189 1 12228 
0
1
PART-1-1
14
-2147483647
0
48 1 16 5 0 1 0 -1 -1 22275 1 -1879048189 1 22275 
0
0
1
PART-1-1
1
FULLMESH
0
1
14
-2147483647
48 1 16 5 0 1 0 -1 -1 22275 1 -1879048189 1 22275 
0
0
0
0
1
PART-1-1
4
BOTTOM
0
1
12
1124 1125 12002 12003 12105 12107 12111 12127 12130 12136 12149 12153 
0
0
LEFT
0
1
12
961 962 11492 11499 11506 11532 11546 11627 11821 11827 11830 12222 
0
0
RIGHT
0
1
13
1287 1288 10381 10384 10424 10701 10707 11101 11103 11108 11299 11304 11307 
0
0
TOP
0
1
12
798 799 10139 10310 10583 10585 10600 10628 10630 10635 10655 10656 
0
0
0
0
0
