0
1
0
Assembly-1
1
PART-1-1
PART-1
1
PART-1-1
14
-2147483647
0
48 1 16 5 0 1 0 -1 -1 17403 1 -1879048189 1 17403 
0
1
PART-1-1
14
-2147483647
0
48 1 16 5 0 1 0 -1 -1 32807 1 -1879048189 1 32807 
0
0
1
PART-1-1
1
FULLMESH
0
1
14
-2147483647
48 1 16 5 0 1 0 -1 -1 32807 1 -1879048189 1 32807 
0
0
0
0
1
PART-1-1
4
BOTTOM
0
1
17
1124 1125 13308 13981 14022 14061 14067 15014 15018 15022 15023 15030 15049 15051 15059 15061 15682 
0
0
LEFT
0
1
17
961 962 15732 16569 16735 16740 16754 16798 16808 16825 16829 16888 16896 16914 16918 17126 17255 
0
0
RIGHT
0
1
17
1287 1288 16411 16880 17016 17038 17046 17061 17066 17074 17089 17106 17112 17114 17118 17197 17397 
0
0
TOP
0
1
17
798 799 14729 14790 14804 14817 14821 14827 14841 14846 14848 14849 14875 14886 14892 15673 15675 
0
0
0
0
0
