0
1
0
Assembly-1
1
PART-1-1
PART-1
1
PART-1-1
14
-2147483647
0
48 1 16 5 0 1 0 -1 -1 19252 1 -1879048189 1 19252 
0
1
PART-1-1
14
-2147483647
0
48 1 16 5 0 1 0 -1 -1 36133 1 -1879048189 1 36133 
0
0
1
PART-1-1
1
FULLMESH
0
1
14
-2147483647
48 1 16 5 0 1 0 -1 -1 36133 1 -1879048189 1 36133 
0
0
0
0
1
PART-1-1
4
BOTTOM
0
1
16
1124 1125 16328 16471 16610 16631 16632 16654 16656 16662 16665 16668 16683 16690 16751 19210 
0
0
LEFT
0
1
17
961 962 11601 11616 11650 11654 11917 11924 11930 11977 12053 12066 12071 12076 12105 12114 12139 
0
0
RIGHT
0
1
17
1287 1288 18577 18820 18823 18824 18832 18841 18849 18854 18881 18985 18993 19064 19072 19103 19117 
0
0
TOP
0
1
17
798 799 14050 14100 14152 14288 14314 14318 14348 14357 14369 14378 14383 14391 14395 14414 14415 
0
0
0
0
0
