0
1
0
Assembly-1
1
PART-1-1
PART-1
1
PART-1-1
14
-2147483647
0
48 1 16 5 0 1 0 -1 -1 19958 1 -1879048189 1 19958 
0
1
PART-1-1
14
-2147483647
0
48 1 16 5 0 1 0 -1 -1 37356 1 -1879048189 1 37356 
0
0
1
PART-1-1
1
FULLMESH
0
1
14
-2147483647
48 1 16 5 0 1 0 -1 -1 37356 1 -1879048189 1 37356 
0
0
0
0
1
PART-1-1
4
BOTTOM
0
1
13
1124 1125 19352 19504 19536 19557 19559 19560 19586 19595 19614 19655 19659 
0
0
LEFT
0
1
15
961 962 9154 9570 9574 9587 9595 9596 9600 9605 10143 10145 10148 12792 14605 
0
0
RIGHT
0
1
14
1287 1288 19095 19222 19250 19254 19265 19269 19278 19280 19454 19455 19478 19678 
0
0
TOP
0
1
14
798 799 17356 17383 17703 17712 18137 18148 18490 18500 18502 18631 18632 19953 
0
0
0
0
0
