0
1
0
Assembly-1
1
PART-1-1
PART-1
1
PART-1-1
14
-2147483647
0
48 1 16 5 0 1 0 -1 -1 17405 1 -1879048189 1 17405 
0
1
PART-1-1
14
-2147483647
0
48 1 16 5 0 1 0 -1 -1 32814 1 -1879048189 1 32814 
0
0
1
PART-1-1
1
FULLMESH
0
1
14
-2147483647
48 1 16 5 0 1 0 -1 -1 32814 1 -1879048189 1 32814 
0
0
0
0
1
PART-1-1
4
BOTTOM
0
1
13
1124 1125 17156 17193 17208 17209 17216 17219 17239 17262 17263 17269 17271 
0
0
LEFT
0
1
14
961 962 16473 16687 16699 16708 16710 16711 16723 16746 16750 16812 16986 17094 
0
0
RIGHT
0
1
14
1287 1288 15145 15169 15177 15202 15204 15209 15220 15222 15226 16055 16057 16066 
0
0
TOP
0
1
13
798 799 15398 15444 15462 15474 15485 15933 15934 16373 16377 16753 17391 
0
0
0
0
0
