0
1
0
Assembly-1
1
PART-1-1
PART-1
1
PART-1-1
14
-2147483647
0
48 1 16 5 0 1 0 -1 -1 13783 1 -1879048189 1 13783 
0
1
PART-1-1
14
-2147483647
0
48 1 16 5 0 1 0 -1 -1 25471 1 -1879048189 1 25471 
0
0
1
PART-1-1
1
FULLMESH
0
1
14
-2147483647
48 1 16 5 0 1 0 -1 -1 25471 1 -1879048189 1 25471 
0
0
0
0
1
PART-1-1
4
BOTTOM
0
1
7
1124 1125 12695 12737 12744 12750 12753 
0
0
LEFT
0
1
7
961 962 13384 13395 13398 13405 13413 
0
0
RIGHT
0
1
8
1287 1288 12867 12876 12881 12889 12891 12894 
0
0
TOP
0
1
7
798 799 13726 13748 13751 13757 13768 
0
0
0
0
0
