0
1
0
Assembly-1
1
PART-1-1
PART-1
1
PART-1-1
14
-2147483647
0
48 1 16 5 0 1 0 -1 -1 12516 1 -1879048189 1 12516 
0
1
PART-1-1
14
-2147483647
0
48 1 16 5 0 1 0 -1 -1 22498 1 -1879048189 1 22498 
0
0
1
PART-1-1
1
FULLMESH
0
1
14
-2147483647
48 1 16 5 0 1 0 -1 -1 22498 1 -1879048189 1 22498 
0
0
0
0
1
PART-1-1
4
BOTTOM
0
1
8
1124 1125 11807 11837 11843 11846 11850 12498 
0
0
LEFT
0
1
6
961 962 11346 11352 12466 12477 
0
0
RIGHT
0
1
6
1287 1288 12104 12125 12127 12134 
0
0
TOP
0
1
7
798 799 12372 12394 12395 12403 12405 
0
0
0
0
0
