0
1
0
Assembly-1
1
PART-1-1
PART-1
1
PART-1-1
14
-2147483647
0
48 1 16 5 0 1 0 -1 -1 13937 1 -1879048189 1 13937 
0
1
PART-1-1
14
-2147483647
0
48 1 16 5 0 1 0 -1 -1 25715 1 -1879048189 1 25715 
0
0
1
PART-1-1
1
FULLMESH
0
1
14
-2147483647
48 1 16 5 0 1 0 -1 -1 25715 1 -1879048189 1 25715 
0
0
0
0
1
PART-1-1
4
BOTTOM
0
1
12
1124 1125 12993 13161 13169 13250 13253 13257 13261 13529 13532 13641 
0
0
LEFT
0
1
10
961 962 12306 12344 12346 12356 12545 12548 12552 12556 
0
0
RIGHT
0
1
14
1287 1288 13392 13403 13412 13413 13426 13439 13445 13449 13453 13460 13563 13664 
0
0
TOP
0
1
11
798 799 11542 11888 11890 11908 11912 12261 12608 12611 12623 
0
0
0
0
0
