0
1
0
Assembly-1
1
PART-1-1
PART-1
1
PART-1-1
14
-2147483647
0
48 1 16 5 0 1 0 -1 -1 11749 1 -1879048189 1 11749 
0
1
PART-1-1
14
-2147483647
0
48 1 16 5 0 1 0 -1 -1 21263 1 -1879048189 1 21263 
0
0
1
PART-1-1
1
FULLMESH
0
1
14
-2147483647
48 1 16 5 0 1 0 -1 -1 21263 1 -1879048189 1 21263 
0
0
0
0
1
PART-1-1
4
BOTTOM
0
1
13
1124 1125 9776 9793 9842 9849 9872 9880 9881 9885 9886 9894 9901 
0
0
LEFT
0
1
15
961 962 6810 6819 6838 6840 6842 6847 7134 7137 7163 7171 7179 7770 11645 
0
0
RIGHT
0
1
16
1287 1288 8667 8733 8736 8758 8763 8766 8779 8781 8785 8791 8794 8800 8804 8856 
0
0
TOP
0
1
13
798 799 11462 11503 11534 11569 11574 11590 11593 11613 11623 11626 11732 
0
0
0
0
0
