0
1
0
Assembly-1
1
PART-1-1
PART-1
1
PART-1-1
14
-2147483647
0
48 1 16 5 0 1 0 -1 -1 16015 1 -1879048189 1 16015 
0
1
PART-1-1
14
-2147483647
0
48 1 16 5 0 1 0 -1 -1 30025 1 -1879048189 1 30025 
0
0
1
PART-1-1
1
FULLMESH
0
1
14
-2147483647
48 1 16 5 0 1 0 -1 -1 30025 1 -1879048189 1 30025 
0
0
0
0
1
PART-1-1
4
BOTTOM
0
1
10
1124 1125 15166 15446 15453 15465 15582 15590 15595 15997 
0
0
LEFT
0
1
10
961 962 14381 14814 14829 14850 14864 14869 14999 15041 
0
0
RIGHT
0
1
11
1287 1288 15793 15872 15880 15889 15895 15901 15909 15918 15920 
0
0
TOP
0
1
13
798 799 15221 15226 15244 15249 15251 15262 15384 15393 15402 15988 16013 
0
0
0
0
0
