0
1
0
Assembly-1
1
PART-1-1
PART-1
1
PART-1-1
14
-2147483647
0
48 1 16 5 0 1 0 -1 -1 20964 1 -1879048189 1 20964 
0
1
PART-1-1
14
-2147483647
0
48 1 16 5 0 1 0 -1 -1 39201 1 -1879048189 1 39201 
0
0
1
PART-1-1
1
FULLMESH
0
1
14
-2147483647
48 1 16 5 0 1 0 -1 -1 39201 1 -1879048189 1 39201 
0
0
0
0
1
PART-1-1
4
BOTTOM
0
1
16
1124 1125 20036 20052 20061 20064 20086 20100 20101 20109 20506 20507 20919 20926 20932 20935 
0
0
LEFT
0
1
15
961 962 19835 19875 19888 19895 19896 19899 19907 19909 19914 19915 19923 19942 20494 
0
0
RIGHT
0
1
15
1287 1288 20175 20228 20249 20260 20275 20280 20287 20314 20533 20541 20545 20546 20677 
0
0
TOP
0
1
15
798 799 18522 18582 18593 18599 18605 18608 18618 19129 19130 19132 19133 19141 19997 
0
0
0
0
0
