0
1
0
Assembly-1
1
PART-1-1
PART-1
1
PART-1-1
14
-2147483647
0
48 1 16 5 0 1 0 -1 -1 13073 1 -1879048189 1 13073 
0
1
PART-1-1
14
-2147483647
0
48 1 16 5 0 1 0 -1 -1 24060 1 -1879048189 1 24060 
0
0
1
PART-1-1
1
FULLMESH
0
1
14
-2147483647
48 1 16 5 0 1 0 -1 -1 24060 1 -1879048189 1 24060 
0
0
0
0
1
PART-1-1
4
BOTTOM
0
1
9
1124 1125 12679 12720 12727 12730 12734 12737 12759 
0
0
LEFT
0
1
9
961 962 12545 12577 12585 12586 12588 12596 12703 
0
0
RIGHT
0
1
9
1287 1288 11760 11791 11797 11816 12000 12148 12155 
0
0
TOP
0
1
9
798 799 12785 12822 12825 12831 12869 12871 12877 
0
0
0
0
0
