0
1
0
Assembly-1
1
PART-1-1
PART-1
1
PART-1-1
14
-2147483647
0
48 1 16 5 0 1 0 -1 -1 17997 1 -1879048189 1 17997 
0
1
PART-1-1
14
-2147483647
0
48 1 16 5 0 1 0 -1 -1 33717 1 -1879048189 1 33717 
0
0
1
PART-1-1
1
FULLMESH
0
1
14
-2147483647
48 1 16 5 0 1 0 -1 -1 33717 1 -1879048189 1 33717 
0
0
0
0
1
PART-1-1
4
BOTTOM
0
1
10
1124 1125 17642 17731 17737 17738 17765 17766 17822 17827 
0
0
LEFT
0
1
10
961 962 16622 16626 16682 16696 16964 16976 16991 17995 
0
0
RIGHT
0
1
10
1287 1288 16563 17583 17791 17802 17809 17813 17816 17836 
0
0
TOP
0
1
10
798 799 16850 16882 16907 16917 16926 17010 17151 17157 
0
0
0
0
0
