0
1
0
Assembly-1
1
PART-1-1
PART-1
1
PART-1-1
14
-2147483647
0
48 1 16 5 0 1 0 -1 -1 15470 1 -1879048189 1 15470 
0
1
PART-1-1
14
-2147483647
0
48 1 16 5 0 1 0 -1 -1 28722 1 -1879048189 1 28722 
0
0
1
PART-1-1
1
FULLMESH
0
1
14
-2147483647
48 1 16 5 0 1 0 -1 -1 28722 1 -1879048189 1 28722 
0
0
0
0
1
PART-1-1
4
BOTTOM
0
1
17
1124 1125 13489 13608 13616 13687 13807 13810 13815 13821 13827 13829 13839 13842 13843 13981 13984 
0
0
LEFT
0
1
17
961 962 12592 12837 12839 12846 12848 13214 13223 13227 13233 13234 13403 13407 13557 13560 13561 
0
0
RIGHT
0
1
13
1287 1288 10008 11184 11201 11212 11223 11234 11239 11584 11585 11750 11754 
0
0
TOP
0
1
14
798 799 14514 14621 14639 14642 14645 14651 14657 14679 14689 14698 14706 14709 
0
0
0
0
0
