0
1
0
Assembly-1
1
PART-1-1
PART-1
1
PART-1-1
14
-2147483647
0
48 1 16 5 0 1 0 -1 -1 11384 1 -1879048189 1 11384 
0
1
PART-1-1
14
-2147483647
0
48 1 16 5 0 1 0 -1 -1 20688 1 -1879048189 1 20688 
0
0
1
PART-1-1
1
FULLMESH
0
1
14
-2147483647
48 1 16 5 0 1 0 -1 -1 20688 1 -1879048189 1 20688 
0
0
0
0
1
PART-1-1
4
BOTTOM
0
1
9
1124 1125 9393 9396 9397 9437 9453 9662 9793 
0
0
LEFT
0
1
9
961 962 9981 10031 10051 10064 10069 10071 10235 
0
0
RIGHT
0
1
9
1287 1288 11239 11273 11282 11300 11311 11312 11342 
0
0
TOP
0
1
9
798 799 10014 10247 10272 10282 10353 10466 10469 
0
0
0
0
0
