0
1
0
Assembly-1
1
PART-1-1
PART-1
1
PART-1-1
14
-2147483647
0
48 1 16 5 0 1 0 -1 -1 15091 1 -1879048189 1 15091 
0
1
PART-1-1
14
-2147483647
0
48 1 16 5 0 1 0 -1 -1 27803 1 -1879048189 1 27803 
0
0
1
PART-1-1
1
FULLMESH
0
1
14
-2147483647
48 1 16 5 0 1 0 -1 -1 27803 1 -1879048189 1 27803 
0
0
0
0
1
PART-1-1
4
BOTTOM
0
1
16
1124 1125 11487 11551 11613 11649 11694 11697 11728 12198 12201 12205 12212 12222 12566 12570 
0
0
LEFT
0
1
17
961 962 12900 13033 13141 13184 13230 13236 13240 13244 13248 13279 13280 13286 13294 13447 13455 
0
0
RIGHT
0
1
17
1287 1288 10667 10701 10758 10761 10765 10772 10788 10790 11282 11294 11331 11362 11363 12167 12552 
0
0
TOP
0
1
17
798 799 12947 12965 12986 13110 13119 13121 13131 13136 13330 13335 13337 13340 13414 13416 13425 
0
0
0
0
0
