0
1
0
Assembly-1
1
PART-1-1
PART-1
1
PART-1-1
14
-2147483647
0
48 1 16 5 0 1 0 -1 -1 13238 1 -1879048189 1 13238 
0
1
PART-1-1
14
-2147483647
0
48 1 16 5 0 1 0 -1 -1 24195 1 -1879048189 1 24195 
0
0
1
PART-1-1
1
FULLMESH
0
1
14
-2147483647
48 1 16 5 0 1 0 -1 -1 24195 1 -1879048189 1 24195 
0
0
0
0
1
PART-1-1
4
BOTTOM
0
1
13
1124 1125 9450 9874 9883 9893 9909 9916 9998 10002 10007 10114 10116 
0
0
LEFT
0
1
13
961 962 13002 13016 13083 13086 13088 13095 13099 13101 13106 13113 13116 
0
0
RIGHT
0
1
9
1287 1288 10139 10162 10169 10171 10179 10213 10287 
0
0
TOP
0
1
10
798 799 9393 10052 10058 10068 10233 10239 10254 10260 
0
0
0
0
0
