0
1
0
Assembly-1
1
PART-1-1
PART-1
1
PART-1-1
14
-2147483647
0
48 1 16 5 0 1 0 -1 -1 11610 1 -1879048189 1 11610 
0
1
PART-1-1
14
-2147483647
0
48 1 16 5 0 1 0 -1 -1 20644 1 -1879048189 1 20644 
0
0
1
PART-1-1
1
FULLMESH
0
1
14
-2147483647
48 1 16 5 0 1 0 -1 -1 20644 1 -1879048189 1 20644 
0
0
0
0
1
PART-1-1
4
BOTTOM
0
1
5
1124 1125 11574 11590 11593 
0
0
LEFT
0
1
6
961 962 10427 10439 10454 11373 
0
0
RIGHT
0
1
6
1287 1288 11323 11335 11339 11348 
0
0
TOP
0
1
5
798 799 10894 10899 10911 
0
0
0
0
0
