0
1
0
Assembly-1
1
PART-1-1
PART-1
1
PART-1-1
14
-2147483647
0
48 1 16 5 0 1 0 -1 -1 16182 1 -1879048189 1 16182 
0
1
PART-1-1
14
-2147483647
0
48 1 16 5 0 1 0 -1 -1 30047 1 -1879048189 1 30047 
0
0
1
PART-1-1
1
FULLMESH
0
1
14
-2147483647
48 1 16 5 0 1 0 -1 -1 30047 1 -1879048189 1 30047 
0
0
0
0
1
PART-1-1
4
BOTTOM
0
1
11
1124 1125 12910 12916 12964 12980 13006 13223 13224 13227 13421 
0
0
LEFT
0
1
13
961 962 15556 15608 15623 15635 15642 15703 15710 15728 15730 15768 16176 
0
0
RIGHT
0
1
13
1287 1288 15297 15314 15499 15649 15668 15723 15752 15753 15765 15774 15778 
0
0
TOP
0
1
13
798 799 13874 13897 13904 14408 14410 14522 14523 14535 14594 14598 14603 
0
0
0
0
0
