0
1
0
Assembly-1
1
PART-1-1
PART-1
1
PART-1-1
14
-2147483647
0
48 1 16 5 0 1 0 -1 -1 17625 1 -1879048189 1 17625 
0
1
PART-1-1
14
-2147483647
0
48 1 16 5 0 1 0 -1 -1 32457 1 -1879048189 1 32457 
0
0
1
PART-1-1
1
FULLMESH
0
1
14
-2147483647
48 1 16 5 0 1 0 -1 -1 32457 1 -1879048189 1 32457 
0
0
0
0
1
PART-1-1
4
BOTTOM
0
1
17
1124 1125 11853 11856 12015 12022 12025 12027 12029 12036 12039 12045 12395 12403 12409 12410 12412 
0
0
LEFT
0
1
15
961 962 14173 14190 14192 14226 14252 14260 14264 14272 14311 14315 14326 14341 14343 
0
0
RIGHT
0
1
13
1287 1288 13389 13494 13497 13515 13520 13812 13841 13847 13853 13870 14114 
0
0
TOP
0
1
13
798 799 12177 12179 12448 12469 12495 12506 12951 12954 12956 13248 13251 
0
0
0
0
0
