0
1
0
Assembly-1
1
PART-1-1
PART-1
1
PART-1-1
14
-2147483647
0
48 1 16 5 0 1 0 -1 -1 14077 1 -1879048189 1 14077 
0
1
PART-1-1
14
-2147483647
0
48 1 16 5 0 1 0 -1 -1 25719 1 -1879048189 1 25719 
0
0
1
PART-1-1
1
FULLMESH
0
1
14
-2147483647
48 1 16 5 0 1 0 -1 -1 25719 1 -1879048189 1 25719 
0
0
0
0
1
PART-1-1
4
BOTTOM
0
1
5
1124 1125 14028 14031 14044 
0
0
LEFT
0
1
5
961 962 13219 13231 13234 
0
0
RIGHT
0
1
6
1287 1288 13760 13767 13771 13777 
0
0
TOP
0
1
7
798 799 13870 13888 13897 13900 13902 
0
0
0
0
0
