0
1
0
Assembly-1
1
PART-1-1
PART-1
1
PART-1-1
14
-2147483647
0
48 1 16 5 0 1 0 -1 -1 10046 1 -1879048189 1 10046 
0
1
PART-1-1
14
-2147483647
0
48 1 16 5 0 1 0 -1 -1 17902 1 -1879048189 1 17902 
0
0
1
PART-1-1
1
FULLMESH
0
1
14
-2147483647
48 1 16 5 0 1 0 -1 -1 17902 1 -1879048189 1 17902 
0
0
0
0
1
PART-1-1
4
BOTTOM
0
1
7
1124 1125 6391 6405 6408 6410 6437 
0
0
LEFT
0
1
9
961 962 7543 7567 7573 7580 7590 7594 7596 
0
0
RIGHT
0
1
9
1287 1288 6555 6576 6578 6585 6588 6601 6607 
0
0
TOP
0
1
9
798 799 8416 8435 8438 8440 8443 8452 8455 
0
0
0
0
0
