0
1
0
Assembly-1
1
PART-1-1
PART-1
1
PART-1-1
14
-2147483647
0
48 1 16 5 0 1 0 -1 -1 16970 1 -1879048189 1 16970 
0
1
PART-1-1
14
-2147483647
0
48 1 16 5 0 1 0 -1 -1 31457 1 -1879048189 1 31457 
0
0
1
PART-1-1
1
FULLMESH
0
1
14
-2147483647
48 1 16 5 0 1 0 -1 -1 31457 1 -1879048189 1 31457 
0
0
0
0
1
PART-1-1
4
BOTTOM
0
1
14
1124 1125 14023 14534 14561 14578 14581 14596 14598 14648 15073 15076 15084 15085 
0
0
LEFT
0
1
14
961 962 15174 16287 16312 16321 16464 16465 16642 16652 16659 16669 16674 16682 
0
0
RIGHT
0
1
14
1287 1288 12769 13397 14035 14690 14695 15091 15092 15100 15104 15210 15225 15482 
0
0
TOP
0
1
16
798 799 13286 13315 14365 14375 14389 14398 14399 15025 15050 15053 15054 15190 15191 15364 
0
0
0
0
0
