0
1
0
Assembly-1
1
PART-1-1
PART-1
1
PART-1-1
14
-2147483647
0
48 1 16 5 0 1 0 -1 -1 11623 1 -1879048189 1 11623 
0
1
PART-1-1
14
-2147483647
0
48 1 16 5 0 1 0 -1 -1 20591 1 -1879048189 1 20591 
0
0
1
PART-1-1
1
FULLMESH
0
1
14
-2147483647
48 1 16 5 0 1 0 -1 -1 20591 1 -1879048189 1 20591 
0
0
0
0
1
PART-1-1
4
BOTTOM
0
1
6
1124 1125 11577 11583 11590 11600 
0
0
LEFT
0
1
6
961 962 7787 7797 7800 9734 
0
0
RIGHT
0
1
5
1287 1288 11105 11110 11112 
0
0
TOP
0
1
5
798 799 10375 10674 10688 
0
0
0
0
0
