0
1
0
Assembly-1
1
PART-1-1
PART-1
1
PART-1-1
14
-2147483647
0
48 1 16 5 0 1 0 -1 -1 19987 1 -1879048189 1 19987 
0
1
PART-1-1
14
-2147483647
0
48 1 16 5 0 1 0 -1 -1 37628 1 -1879048189 1 37628 
0
0
1
PART-1-1
1
FULLMESH
0
1
14
-2147483647
48 1 16 5 0 1 0 -1 -1 37628 1 -1879048189 1 37628 
0
0
0
0
1
PART-1-1
4
BOTTOM
0
1
17
1124 1125 17434 17438 17453 17476 17480 17518 17527 17545 17549 17556 17558 17568 17977 17979 17980 
0
0
LEFT
0
1
17
961 962 16356 16406 16428 17809 17834 17838 17840 17846 17854 17857 17872 17886 17900 18147 18947 
0
0
RIGHT
0
1
17
1287 1288 18494 18501 18584 18612 18613 18863 18882 18891 18901 18906 18908 19087 19097 19341 19980 
0
0
TOP
0
1
16
798 799 19458 19598 19624 19625 19669 19684 19692 19704 19705 19750 19757 19765 19778 19780 
0
0
0
0
0
