0
1
0
Assembly-1
1
PART-1-1
PART-1
1
PART-1-1
14
-2147483647
0
48 1 16 5 0 1 0 -1 -1 11044 1 -1879048189 1 11044 
0
1
PART-1-1
14
-2147483647
0
48 1 16 5 0 1 0 -1 -1 19921 1 -1879048189 1 19921 
0
0
1
PART-1-1
1
FULLMESH
0
1
14
-2147483647
48 1 16 5 0 1 0 -1 -1 19921 1 -1879048189 1 19921 
0
0
0
0
1
PART-1-1
4
BOTTOM
0
1
17
1124 1125 10141 10164 10166 10174 10175 10204 10223 10225 10227 10228 10231 10243 10247 10259 10271 
0
0
LEFT
0
1
15
961 962 7822 7862 7934 7937 7940 7945 7966 7967 7969 7981 8003 8047 10470 
0
0
RIGHT
0
1
16
1287 1288 6768 6789 6807 6833 6834 6851 6857 7136 7138 7139 7143 7385 7390 7531 
0
0
TOP
0
1
17
798 799 6992 7187 7188 7198 7416 7420 7423 7562 7573 10395 10401 10408 10413 10416 10466 
0
0
0
0
0
