0
1
0
Assembly-1
1
PART-1-1
PART-1
1
PART-1-1
14
-2147483647
0
48 1 16 5 0 1 0 -1 -1 13482 1 -1879048189 1 13482 
0
1
PART-1-1
14
-2147483647
0
48 1 16 5 0 1 0 -1 -1 24943 1 -1879048189 1 24943 
0
0
1
PART-1-1
1
FULLMESH
0
1
14
-2147483647
48 1 16 5 0 1 0 -1 -1 24943 1 -1879048189 1 24943 
0
0
0
0
1
PART-1-1
4
BOTTOM
0
1
17
1124 1125 10169 11597 11918 11958 11970 11983 12016 12027 12032 12038 12042 12058 12082 12764 12765 
0
0
LEFT
0
1
17
961 962 12175 12248 12276 12324 12336 12347 12385 12387 12388 12400 12408 12714 12729 12836 12988 
0
0
RIGHT
0
1
16
1287 1288 13039 13190 13235 13251 13260 13261 13262 13276 13352 13366 13380 13385 13404 13405 
0
0
TOP
0
1
17
798 799 11305 11396 11401 11405 11409 11410 11413 11433 11447 11485 11500 11512 11829 12429 12749 
0
0
0
0
0
