0
1
0
Assembly-1
1
PART-1-1
PART-1
1
PART-1-1
14
-2147483647
0
48 1 16 5 0 1 0 -1 -1 17637 1 -1879048189 1 17637 
0
1
PART-1-1
14
-2147483647
0
48 1 16 5 0 1 0 -1 -1 32487 1 -1879048189 1 32487 
0
0
1
PART-1-1
1
FULLMESH
0
1
14
-2147483647
48 1 16 5 0 1 0 -1 -1 32487 1 -1879048189 1 32487 
0
0
0
0
1
PART-1-1
4
BOTTOM
0
1
5
1124 1125 15159 16325 16579 
0
0
LEFT
0
1
6
961 962 17393 17396 17405 17420 
0
0
RIGHT
0
1
8
1287 1288 17576 17586 17588 17595 17612 17621 
0
0
TOP
0
1
7
798 799 17226 17245 17247 17249 17251 
0
0
0
0
0
