0
1
0
Assembly-1
1
PART-1-1
PART-1
1
PART-1-1
14
-2147483647
0
48 1 16 5 0 1 0 -1 -1 21318 1 -1879048189 1 21318 
0
1
PART-1-1
14
-2147483647
0
48 1 16 5 0 1 0 -1 -1 40137 1 -1879048189 1 40137 
0
0
1
PART-1-1
1
FULLMESH
0
1
14
-2147483647
48 1 16 5 0 1 0 -1 -1 40137 1 -1879048189 1 40137 
0
0
0
0
1
PART-1-1
4
BOTTOM
0
1
17
1124 1125 19553 20133 20137 20151 20159 20160 20163 20165 20283 20284 20311 20741 20745 20911 21301 
0
0
LEFT
0
1
16
961 962 17085 17194 17219 17243 17257 17275 17725 17747 17751 17770 17771 18540 18553 19087 
0
0
RIGHT
0
1
17
1287 1288 20980 21004 21011 21062 21084 21095 21111 21113 21124 21128 21138 21143 21145 21152 21169 
0
0
TOP
0
1
14
798 799 19183 19296 19317 19326 19327 19329 19361 19365 19373 19811 20005 20010 
0
0
0
0
0
