0
1
0
Assembly-1
1
PART-1-1
PART-1
1
PART-1-1
14
-2147483647
0
48 1 16 5 0 1 0 -1 -1 10293 1 -1879048189 1 10293 
0
1
PART-1-1
14
-2147483647
0
48 1 16 5 0 1 0 -1 -1 18252 1 -1879048189 1 18252 
0
0
1
PART-1-1
1
FULLMESH
0
1
14
-2147483647
48 1 16 5 0 1 0 -1 -1 18252 1 -1879048189 1 18252 
0
0
0
0
1
PART-1-1
4
BOTTOM
0
1
9
1124 1125 9976 10002 10008 10027 10047 10052 10056 
0
0
LEFT
0
1
9
961 962 6868 6921 6936 6961 6965 6968 6971 
0
0
RIGHT
0
1
9
1287 1288 5291 5302 5306 5312 5320 5337 6804 
0
0
TOP
0
1
9
798 799 8557 8576 8585 8599 8602 8613 8651 
0
0
0
0
0
