0
1
0
Assembly-1
1
PART-1-1
PART-1
1
PART-1-1
14
-2147483647
0
48 1 16 5 0 1 0 -1 -1 13149 1 -1879048189 1 13149 
0
1
PART-1-1
14
-2147483647
0
48 1 16 5 0 1 0 -1 -1 24041 1 -1879048189 1 24041 
0
0
1
PART-1-1
1
FULLMESH
0
1
14
-2147483647
48 1 16 5 0 1 0 -1 -1 24041 1 -1879048189 1 24041 
0
0
0
0
1
PART-1-1
4
BOTTOM
0
1
17
1124 1125 7516 7632 7644 7652 7715 7790 7794 7808 7830 7831 7849 7850 13128 13132 13142 
0
0
LEFT
0
1
17
961 962 9979 10310 10393 10435 10440 10446 10455 10476 10488 10501 10504 10515 10526 10560 13008 
0
0
RIGHT
0
1
17
1287 1288 6164 6199 6629 6649 6659 6668 6672 6692 7020 7063 7073 7077 7082 7130 7133 
0
0
TOP
0
1
17
798 799 12367 12483 12516 12546 12554 12563 12600 12631 12653 12654 12660 12666 12678 12697 12716 
0
0
0
0
0
