0
1
0
Assembly-1
1
PART-1-1
PART-1
1
PART-1-1
14
-2147483647
0
48 1 16 5 0 1 0 -1 -1 16672 1 -1879048189 1 16672 
0
1
PART-1-1
14
-2147483647
0
48 1 16 5 0 1 0 -1 -1 31039 1 -1879048189 1 31039 
0
0
1
PART-1-1
1
FULLMESH
0
1
14
-2147483647
48 1 16 5 0 1 0 -1 -1 31039 1 -1879048189 1 31039 
0
0
0
0
1
PART-1-1
4
BOTTOM
0
1
14
1124 1125 15791 15833 15846 15849 15851 15876 15902 15921 15922 15923 15930 16043 
0
0
LEFT
0
1
12
961 962 13078 13851 13866 13883 13885 13892 13899 16640 16653 16657 
0
0
RIGHT
0
1
15
1287 1288 16305 16404 16427 16439 16441 16451 16452 16456 16468 16481 16484 16501 16542 
0
0
TOP
0
1
12
798 799 15514 15526 15547 15570 15582 15585 15598 15613 15617 15755 
0
0
0
0
0
