0
1
0
Assembly-1
1
PART-1-1
PART-1
1
PART-1-1
14
-2147483647
0
48 1 16 5 0 1 0 -1 -1 12198 1 -1879048189 1 12198 
0
1
PART-1-1
14
-2147483647
0
48 1 16 5 0 1 0 -1 -1 22064 1 -1879048189 1 22064 
0
0
1
PART-1-1
1
FULLMESH
0
1
14
-2147483647
48 1 16 5 0 1 0 -1 -1 22064 1 -1879048189 1 22064 
0
0
0
0
1
PART-1-1
4
BOTTOM
0
1
11
1124 1125 10036 10187 10207 10218 10222 10236 10238 10271 10425 
0
0
LEFT
0
1
12
961 962 10997 11058 11073 11084 11093 11117 11126 11141 11158 11160 
0
0
RIGHT
0
1
12
1287 1288 10323 10465 10466 10483 10509 10519 10528 10529 10540 10766 
0
0
TOP
0
1
12
798 799 7306 7641 7659 7679 7690 7694 7703 7736 7739 7741 
0
0
0
0
0
