0
1
0
Assembly-1
1
PART-1-1
PART-1
1
PART-1-1
14
-2147483647
0
48 1 16 5 0 1 0 -1 -1 13964 1 -1879048189 1 13964 
0
1
PART-1-1
14
-2147483647
0
48 1 16 5 0 1 0 -1 -1 25740 1 -1879048189 1 25740 
0
0
1
PART-1-1
1
FULLMESH
0
1
14
-2147483647
48 1 16 5 0 1 0 -1 -1 25740 1 -1879048189 1 25740 
0
0
0
0
1
PART-1-1
4
BOTTOM
0
1
17
1124 1125 11246 11958 11972 11974 11978 11981 12007 12028 12035 12040 12059 12062 12090 12266 12270 
0
0
LEFT
0
1
17
961 962 13315 13638 13642 13722 13732 13737 13748 13750 13763 13770 13777 13832 13833 13834 13858 
0
0
RIGHT
0
1
17
1287 1288 12552 12553 12560 12598 12605 13177 13182 13194 13196 13356 13369 13375 13478 13484 13948 
0
0
TOP
0
1
17
798 799 13451 13533 13534 13540 13554 13562 13569 13570 13609 13619 13695 13702 13709 13811 13890 
0
0
0
0
0
