0
1
0
Assembly-1
1
PART-1-1
PART-1
1
PART-1-1
14
-2147483647
0
48 1 16 5 0 1 0 -1 -1 15267 1 -1879048189 1 15267 
0
1
PART-1-1
14
-2147483647
0
48 1 16 5 0 1 0 -1 -1 28258 1 -1879048189 1 28258 
0
0
1
PART-1-1
1
FULLMESH
0
1
14
-2147483647
48 1 16 5 0 1 0 -1 -1 28258 1 -1879048189 1 28258 
0
0
0
0
1
PART-1-1
4
BOTTOM
0
1
15
1124 1125 13801 13906 13923 13924 13974 13977 13978 14006 14014 14021 14039 14055 14124 
0
0
LEFT
0
1
17
961 962 12626 13057 13059 13367 13373 13374 13563 13567 13577 13595 13598 13612 13620 13630 13635 
0
0
RIGHT
0
1
16
1287 1288 11459 12734 12819 12827 12836 12839 12861 12880 12887 12979 13255 13258 13285 13334 
0
0
TOP
0
1
17
798 799 10094 10161 10191 11020 11034 11035 11043 11063 11071 11711 11714 11719 11726 11776 12422 
0
0
0
0
0
