0
1
0
Assembly-1
1
PART-1-1
PART-1
1
PART-1-1
14
-2147483647
0
48 1 16 5 0 1 0 -1 -1 14371 1 -1879048189 1 14371 
0
1
PART-1-1
14
-2147483647
0
48 1 16 5 0 1 0 -1 -1 26779 1 -1879048189 1 26779 
0
0
1
PART-1-1
1
FULLMESH
0
1
14
-2147483647
48 1 16 5 0 1 0 -1 -1 26779 1 -1879048189 1 26779 
0
0
0
0
1
PART-1-1
4
BOTTOM
0
1
14
1124 1125 13273 13294 13306 13311 13440 13442 13443 13446 13500 13520 13523 13534 
0
0
LEFT
0
1
14
961 962 13609 13619 13729 13749 13756 13760 13765 13838 13842 13878 13885 13893 
0
0
RIGHT
0
1
12
1287 1288 13960 14022 14072 14113 14118 14122 14126 14138 14162 14190 
0
0
TOP
0
1
14
798 799 12686 12717 12727 12729 12731 12732 13179 13183 13186 13366 13373 13717 
0
0
0
0
0
