0
1
0
Assembly-1
1
PART-1-1
PART-1
1
PART-1-1
14
-2147483647
0
48 1 16 5 0 1 0 -1 -1 11017 1 -1879048189 1 11017 
0
1
PART-1-1
14
-2147483647
0
48 1 16 5 0 1 0 -1 -1 19992 1 -1879048189 1 19992 
0
0
1
PART-1-1
1
FULLMESH
0
1
14
-2147483647
48 1 16 5 0 1 0 -1 -1 19992 1 -1879048189 1 19992 
0
0
0
0
1
PART-1-1
4
BOTTOM
0
1
15
1124 1125 10120 10258 10272 10276 10282 10283 10285 10293 10294 10488 10535 10663 10989 
0
0
LEFT
0
1
13
961 962 10228 10554 10567 10596 10620 10625 10627 10733 10746 10756 10792 
0
0
RIGHT
0
1
16
1287 1288 7896 8363 8366 8368 8370 8382 8385 8386 8391 8413 8414 8438 8459 8461 
0
0
TOP
0
1
15
798 799 10369 10690 10712 10718 10787 10799 10807 10830 10832 10833 10995 11000 11008 
0
0
0
0
0
