0
1
0
Assembly-1
1
PART-1-1
PART-1
1
PART-1-1
14
-2147483647
0
48 1 16 5 0 1 0 -1 -1 17484 1 -1879048189 1 17484 
0
1
PART-1-1
14
-2147483647
0
48 1 16 5 0 1 0 -1 -1 32402 1 -1879048189 1 32402 
0
0
1
PART-1-1
1
FULLMESH
0
1
14
-2147483647
48 1 16 5 0 1 0 -1 -1 32402 1 -1879048189 1 32402 
0
0
0
0
1
PART-1-1
4
BOTTOM
0
1
10
1124 1125 16417 16480 16539 16546 16547 16558 16574 16611 
0
0
LEFT
0
1
9
961 962 15082 15387 15394 15423 15426 15442 15444 
0
0
RIGHT
0
1
11
1287 1288 16515 16516 16640 16656 16671 16676 16681 16685 16704 
0
0
TOP
0
1
11
798 799 15616 15618 15623 15833 15857 15880 15882 15889 15901 
0
0
0
0
0
